[0.003s][info][gc] Using Serial
[0.145s][info][gc] GC(0) Pause Young (Allocation Failure) 5M->1M(15M) 1.789ms
[0.245s][info][gc] GC(1) Pause Young (Allocation Failure) 6M->2M(15M) 2.250ms
[0.350s][info][gc] GC(2) Pause Young (Allocation Failure) 6M->3M(15M) 1.895ms
[0.365s][info][gc] GC(3) Pause Young (Allocation Failure) 7M->3M(15M) 1.367ms
[0.481s][info][gc] GC(4) Pause Young (Allocation Failure) 7M->4M(15M) 1.362ms
[0.691s][info][gc] GC(5) Pause Young (Allocation Failure) 8M->4M(15M) 1.356ms
[0.802s][info][gc] GC(6) Pause Young (Allocation Failure) 8M->4M(15M) 1.046ms
[0.957s][info][gc] GC(7) Pause Young (Allocation Failure) 9M->5M(15M) 0.984ms
[1.095s][info][gc] GC(8) Pause Young (Allocation Failure) 9M->5M(15M) 1.401ms
[1.246s][info][gc] GC(9) Pause Young (Allocation Failure) 9M->5M(15M) 1.129ms
[1.361s][info][gc] GC(10) Pause Young (Allocation Failure) 9M->5M(15M) 1.153ms
[1.455s][info][gc] GC(11) Pause Young (Allocation Failure) 10M->6M(15M) 1.660ms
[1.535s][info][gc] GC(12) Pause Young (Allocation Failure) 10M->6M(15M) 1.240ms
[1.667s][info][gc] GC(13) Pause Young (Allocation Failure) 10M->6M(15M) 1.491ms
[1.746s][info][gc] GC(14) Pause Young (Allocation Failure) 11M->7M(15M) 2.069ms
[1.848s][info][gc] GC(15) Pause Young (Allocation Failure) 11M->7M(15M) 0.949ms
[1.980s][info][gc] GC(16) Pause Young (Allocation Failure) 11M->7M(15M) 1.780ms
[2.052s][info][gc] GC(17) Pause Young (Allocation Failure) 11M->7M(15M) 1.441ms
[2.158s][info][gc] GC(18) Pause Young (Allocation Failure) 11M->8M(15M) 1.961ms
[2.180s][info][gc] GC(19) Pause Young (Allocation Failure) 12M->8M(15M) 1.846ms
[2.213s][info][gc] GC(20) Pause Young (Allocation Failure) 12M->8M(15M) 0.785ms
[2.266s][info][gc] GC(21) Pause Young (Allocation Failure) 12M->8M(15M) 1.367ms
[2.375s][info][gc] GC(22) Pause Young (Allocation Failure) 13M->9M(15M) 1.537ms
[2.465s][info][gc] GC(23) Pause Young (Allocation Failure) 13M->9M(15M) 1.645ms
[2.548s][info][gc] GC(24) Pause Young (Allocation Failure) 13M->9M(15M) 1.344ms
[2.587s][info][gc] GC(25) Pause Young (Allocation Failure) 14M->10M(15M) 1.132ms
[2.694s][info][gc] GC(26) Pause Young (Allocation Failure) 14M->10M(15M) 1.069ms
[2.751s][info][gc] GC(27) Pause Young (Allocation Failure) 14M->10M(15M) 1.409ms
[2.858s][info][gc] GC(28) Pause Young (Allocation Failure) 14M->10M(15M) 1.627ms
[2.923s][info][gc] GC(29) Pause Young (Allocation Failure) 15M->11M(15M) 1.472ms
[2.956s][info][gc] GC(30) Pause Full (Allocation Failure) 11M->9M(23M) 32.813ms
[3.082s][info][gc] GC(31) Pause Young (Allocation Failure) 15M->9M(23M) 1.330ms
[3.250s][info][gc] GC(32) Pause Young (Allocation Failure) 16M->10M(23M) 1.675ms
[3.383s][info][gc] GC(33) Pause Young (Allocation Failure) 16M->10M(23M) 2.191ms
[3.483s][info][gc] GC(34) Pause Young (Allocation Failure) 17M->11M(23M) 2.186ms
[3.667s][info][gc] GC(35) Pause Young (Allocation Failure) 17M->11M(23M) 2.567ms
[3.848s][info][gc] GC(36) Pause Young (Allocation Failure) 18M->12M(23M) 2.586ms
[3.990s][info][gc] GC(37) Pause Young (Allocation Failure) 18M->13M(23M) 2.504ms
[4.179s][info][gc] GC(38) Pause Young (Allocation Failure) 19M->14M(23M) 3.609ms
[4.347s][info][gc] GC(39) Pause Young (Allocation Failure) 21M->15M(23M) 3.089ms
[4.491s][info][gc] GC(40) Pause Young (Allocation Failure) 21M->15M(23M) 3.338ms
[4.616s][info][gc] GC(41) Pause Young (Allocation Failure) 21M->15M(23M) 1.669ms
[4.716s][info][gc] GC(42) Pause Young (Allocation Failure) 22M->15M(23M) 1.001ms
[4.797s][info][gc] GC(43) Pause Young (Allocation Failure) 22M->15M(23M) 1.377ms
[4.867s][info][gc] GC(44) Pause Full (Metadata GC Threshold) 17M->15M(37M) 45.883ms
[5.077s][info][gc] GC(45) Pause Young (Allocation Failure) 26M->16M(37M) 3.497ms
[5.277s][info][gc] GC(46) Pause Young (Allocation Failure) 26M->17M(37M) 2.823ms
[5.566s][info][gc] GC(47) Pause Young (Allocation Failure) 27M->18M(37M) 3.858ms
[5.786s][info][gc] GC(48) Pause Young (Allocation Failure) 28M->19M(37M) 4.379ms
[6.079s][info][gc] GC(49) Pause Young (Allocation Failure) 30M->20M(37M) 4.458ms
[6.366s][info][gc] GC(50) Pause Young (Allocation Failure) 30M->21M(37M) 4.738ms
[8.853s][info][gc] GC(51) Pause Young (Allocation Failure) 32M->24M(37M) 5.484ms
[13.410s][info][gc] GC(52) Pause Young (Allocation Failure) 34M->26M(37M) 5.197ms
[13.512s][info][gc] GC(53) Pause Young (Allocation Failure) 37M->36M(47M) 9.451ms
[13.565s][info][gc] GC(54) Pause Full (Allocation Failure) 36M->35M(86M) 52.099ms
[13.754s][info][gc] GC(55) Pause Young (Allocation Failure) 59M->58M(86M) 23.896ms
[14.156s][info][gc] GC(56) Pause Young (Allocation Failure) 82M->76M(100M) 14.592ms
[14.213s][info][gc] GC(57) Pause Full (Allocation Failure) 76M->74M(177M) 55.786ms
[15.079s][info][gc] GC(58) Pause Young (Allocation Failure) 122M->104M(177M) 108.913ms
[15.456s][info][gc] GC(59) Pause Young (Allocation Failure) 153M->141M(190M) 98.809ms
[15.536s][info][gc] GC(60) Pause Full (Allocation Failure) 141M->141M(327M) 79.868ms
[16.058s][info][gc] GC(61) Pause Young (Allocation Failure) 225M->207M(327M) 106.768ms
[16.392s][info][gc] GC(62) Pause Young (Allocation Failure) 298M->278M(368M) 131.196ms
[16.557s][info][gc] GC(63) Pause Full (Allocation Failure) 278M->277M(494M) 164.961ms
[17.619s][info][gc] GC(64) Pause Young (Allocation Failure) 403M->494M(494M) 161.705ms
[17.807s][info][gc] GC(65) Pause Full (Allocation Failure) 494M->256M(494M) 179.804ms
[18.515s][info][gc] GC(66) Pause Young (Allocation Failure) 393M->494M(494M) 148.217ms
[18.700s][info][gc] GC(67) Pause Full (Allocation Failure) 494M->234M(494M) 184.125ms
[19.390s][info][gc] GC(68) Pause Young (Allocation Failure) 371M->332M(494M) 47.361ms
[20.046s][info][gc] GC(69) Pause Young (Allocation Failure) 468M->468M(494M) 0.041ms
[20.239s][info][gc] GC(70) Pause Full (Allocation Failure) 468M->232M(494M) 192.651ms
[20.603s][info][gc] GC(71) Pause Young (Allocation Failure) 368M->341M(494M) 51.388ms
[21.146s][info][gc] GC(72) Pause Young (Allocation Failure) 477M->477M(494M) 0.039ms
[21.316s][info][gc] GC(73) Pause Full (Allocation Failure) 477M->263M(494M) 170.372ms
[21.564s][info][gc] GC(74) Pause Young (Allocation Failure) 399M->399M(494M) 0.057ms
[21.783s][info][gc] GC(75) Pause Full (Allocation Failure) 399M->265M(494M) 218.743ms
[22.170s][info][gc] GC(76) Pause Young (Allocation Failure) 402M->402M(494M) 0.054ms
[22.433s][info][gc] GC(77) Pause Full (Allocation Failure) 402M->255M(494M) 263.212ms
[23.066s][info][gc] GC(78) Pause Young (Allocation Failure) 392M->392M(494M) 0.060ms
[23.301s][info][gc] GC(79) Pause Full (Allocation Failure) 392M->243M(494M) 232.570ms
[23.652s][info][gc] GC(80) Pause Young (Allocation Failure) 379M->379M(494M) 0.034ms
[23.845s][info][gc] GC(81) Pause Full (Allocation Failure) 379M->245M(494M) 192.299ms
[24.058s][info][gc] GC(82) Pause Young (Allocation Failure) 381M->381M(494M) 0.032ms
[24.269s][info][gc] GC(83) Pause Full (Allocation Failure) 381M->243M(494M) 210.001ms
[24.642s][info][gc] GC(84) Pause Young (Allocation Failure) 380M->380M(494M) 0.035ms
[24.782s][info][gc] GC(85) Pause Full (Allocation Failure) 380M->242M(494M) 139.728ms
[24.845s][info][gc] GC(86) Pause Young (Allocation Failure) 378M->378M(494M) 0.039ms
[25.029s][info][gc] GC(87) Pause Full (Allocation Failure) 378M->273M(494M) 184.481ms
[25.268s][info][gc] GC(88) Pause Young (Allocation Failure) 409M->409M(494M) 0.036ms
[25.500s][info][gc] GC(89) Pause Full (Allocation Failure) 409M->265M(494M) 231.972ms
[25.844s][info][gc] GC(90) Pause Young (Allocation Failure) 401M->401M(494M) 0.043ms
[26.001s][info][gc] GC(91) Pause Full (Allocation Failure) 401M->207M(494M) 157.191ms
[26.277s][info][gc] GC(92) Pause Young (Allocation Failure) 343M->321M(494M) 111.933ms
[26.558s][info][gc] GC(93) Pause Young (Allocation Failure) 457M->457M(494M) 0.032ms
[26.752s][info][gc] GC(94) Pause Full (Allocation Failure) 457M->244M(494M) 192.825ms
[26.777s][info][gc] GC(95) Pause Young (Allocation Failure) 380M->380M(494M) 0.040ms
[27.042s][info][gc] GC(96) Pause Full (Allocation Failure) 380M->278M(494M) 264.476ms
[27.544s][info][gc] GC(97) Pause Young (Allocation Failure) 414M->414M(494M) 0.039ms
[27.689s][info][gc] GC(98) Pause Full (Allocation Failure) 414M->239M(494M) 144.650ms
[27.943s][info][gc] GC(99) Pause Young (Allocation Failure) 376M->376M(494M) 0.037ms
[28.098s][info][gc] GC(100) Pause Full (Allocation Failure) 376M->240M(494M) 154.041ms
[28.342s][info][gc] GC(101) Pause Young (Allocation Failure) 376M->376M(494M) 0.047ms
[28.600s][info][gc] GC(102) Pause Full (Allocation Failure) 376M->237M(494M) 257.367ms
[28.942s][info][gc] GC(103) Pause Young (Allocation Failure) 373M->373M(494M) 0.044ms
[29.116s][info][gc] GC(104) Pause Full (Allocation Failure) 373M->250M(494M) 172.976ms
[29.444s][info][gc] GC(105) Pause Young (Allocation Failure) 386M->386M(494M) 0.036ms
[29.564s][info][gc] GC(106) Pause Full (Allocation Failure) 386M->227M(494M) 119.893ms
[29.671s][info][gc] GC(107) Pause Young (Allocation Failure) 363M->353M(494M) 87.249ms
[30.153s][info][gc] GC(108) Pause Young (Allocation Failure) 490M->490M(494M) 0.033ms
[30.315s][info][gc] GC(109) Pause Full (Allocation Failure) 490M->259M(494M) 161.834ms
[30.369s][info][gc] GC(110) Pause Young (Allocation Failure) 395M->395M(494M) 0.047ms
[30.596s][info][gc] GC(111) Pause Full (Allocation Failure) 395M->251M(494M) 227.094ms
[31.166s][info][gc] GC(112) Pause Young (Allocation Failure) 387M->387M(494M) 0.038ms
[31.433s][info][gc] GC(113) Pause Full (Allocation Failure) 387M->233M(494M) 266.776ms
[31.653s][info][gc] GC(114) Pause Young (Allocation Failure) 370M->370M(494M) 0.036ms
[31.804s][info][gc] GC(115) Pause Full (Allocation Failure) 370M->254M(494M) 151.667ms
[31.845s][info][gc] GC(116) Pause Young (Allocation Failure) 390M->390M(494M) 0.036ms
[32.015s][info][gc] GC(117) Pause Full (Allocation Failure) 390M->267M(494M) 169.466ms
[32.267s][info][gc] GC(118) Pause Young (Allocation Failure) 404M->404M(494M) 0.040ms
[32.450s][info][gc] GC(119) Pause Full (Allocation Failure) 404M->222M(494M) 182.936ms
[32.554s][info][gc] GC(120) Pause Young (Allocation Failure) 358M->358M(494M) 0.358ms
[32.768s][info][gc] GC(121) Pause Full (Allocation Failure) 358M->253M(494M) 212.820ms
[33.257s][info][gc] GC(122) Pause Young (Allocation Failure) 389M->389M(494M) 0.062ms
[33.456s][info][gc] GC(123) Pause Full (Allocation Failure) 389M->200M(494M) 198.929ms
[33.865s][info][gc] GC(124) Pause Young (Allocation Failure) 337M->301M(494M) 106.476ms
[34.246s][info][gc] GC(125) Pause Young (Allocation Failure) 438M->438M(494M) 0.034ms
[34.406s][info][gc] GC(126) Pause Full (Allocation Failure) 438M->232M(494M) 159.748ms
[34.560s][info][gc] GC(127) Pause Young (Allocation Failure) 368M->368M(494M) 0.034ms
[34.767s][info][gc] GC(128) Pause Full (Allocation Failure) 368M->242M(494M) 207.014ms
[34.947s][info][gc] GC(129) Pause Young (Allocation Failure) 378M->378M(494M) 0.061ms
[35.120s][info][gc] GC(130) Pause Full (Allocation Failure) 378M->256M(494M) 172.433ms
[35.343s][info][gc] GC(131) Pause Young (Allocation Failure) 392M->392M(494M) 0.040ms
[35.480s][info][gc] GC(132) Pause Full (Allocation Failure) 392M->254M(494M) 137.345ms
[35.497s][info][gc] GC(133) Pause Young (Allocation Failure) 391M->391M(494M) 0.034ms
[35.705s][info][gc] GC(134) Pause Full (Allocation Failure) 391M->253M(494M) 207.833ms
[36.152s][info][gc] GC(135) Pause Young (Allocation Failure) 390M->390M(494M) 0.076ms
[36.339s][info][gc] GC(136) Pause Full (Allocation Failure) 390M->213M(494M) 185.453ms
[36.655s][info][gc] GC(137) Pause Young (Allocation Failure) 350M->350M(494M) 0.035ms
[36.838s][info][gc] GC(138) Pause Full (Allocation Failure) 350M->229M(494M) 182.631ms
[37.049s][info][gc] GC(139) Pause Young (Allocation Failure) 365M->365M(494M) 0.110ms
[37.195s][info][gc] GC(140) Pause Full (Allocation Failure) 365M->238M(494M) 144.583ms
[37.251s][info][gc] GC(141) Pause Young (Allocation Failure) 374M->374M(494M) 0.039ms
[37.406s][info][gc] GC(142) Pause Full (Allocation Failure) 374M->256M(494M) 154.541ms
[37.548s][info][gc] GC(143) Pause Young (Allocation Failure) 392M->392M(494M) 0.043ms
[37.695s][info][gc] GC(144) Pause Full (Allocation Failure) 392M->223M(494M) 147.281ms
[37.770s][info][gc] GC(145) Pause Young (Allocation Failure) 360M->360M(494M) 0.036ms
[37.954s][info][gc] GC(146) Pause Full (Allocation Failure) 360M->221M(494M) 183.955ms
[38.065s][info][gc] GC(147) Pause Young (Allocation Failure) 357M->357M(494M) 0.071ms
[38.244s][info][gc] GC(148) Pause Full (Allocation Failure) 357M->233M(494M) 178.710ms
[38.443s][info][gc] GC(149) Pause Young (Allocation Failure) 370M->370M(494M) 0.047ms
[38.570s][info][gc] GC(150) Pause Full (Allocation Failure) 370M->251M(494M) 126.695ms
[38.651s][info][gc] GC(151) Pause Young (Allocation Failure) 387M->387M(494M) 0.037ms
[38.815s][info][gc] GC(152) Pause Full (Allocation Failure) 387M->234M(494M) 163.404ms
[38.948s][info][gc] GC(153) Pause Young (Allocation Failure) 370M->370M(494M) 0.038ms
[39.090s][info][gc] GC(154) Pause Full (Allocation Failure) 370M->237M(494M) 142.146ms
[39.161s][info][gc] GC(155) Pause Young (Allocation Failure) 373M->373M(494M) 0.035ms
[39.337s][info][gc] GC(156) Pause Full (Allocation Failure) 373M->235M(494M) 175.650ms
[39.469s][info][gc] GC(157) Pause Young (Allocation Failure) 371M->371M(494M) 0.039ms
[39.685s][info][gc] GC(158) Pause Full (Allocation Failure) 371M->260M(494M) 215.042ms
[39.773s][info][gc] GC(159) Pause Young (Allocation Failure) 397M->397M(494M) 0.033ms
[39.970s][info][gc] GC(160) Pause Full (Allocation Failure) 397M->213M(494M) 196.313ms
[40.107s][info][gc] GC(161) Pause Young (Allocation Failure) 349M->330M(494M) 49.860ms
[40.242s][info][gc] GC(162) Pause Young (Allocation Failure) 466M->466M(494M) 0.048ms
[40.382s][info][gc] GC(163) Pause Full (Allocation Failure) 466M->258M(494M) 139.554ms
[40.464s][info][gc] GC(164) Pause Young (Allocation Failure) 395M->395M(494M) 0.037ms
[40.660s][info][gc] GC(165) Pause Full (Allocation Failure) 395M->261M(494M) 195.789ms
[40.778s][info][gc] GC(166) Pause Young (Allocation Failure) 398M->398M(494M) 0.035ms
[40.963s][info][gc] GC(167) Pause Full (Allocation Failure) 398M->254M(494M) 180.560ms
[40.985s][info][gc] GC(168) Pause Young (Allocation Failure) 391M->391M(494M) 0.074ms
[41.144s][info][gc] GC(169) Pause Full (Allocation Failure) 391M->246M(494M) 159.033ms
[41.261s][info][gc] GC(170) Pause Young (Allocation Failure) 382M->382M(494M) 0.034ms
[41.442s][info][gc] GC(171) Pause Full (Allocation Failure) 382M->254M(494M) 180.188ms
[41.548s][info][gc] GC(172) Pause Young (Allocation Failure) 390M->390M(494M) 0.038ms
[41.688s][info][gc] GC(173) Pause Full (Allocation Failure) 390M->261M(494M) 139.407ms
[41.770s][info][gc] GC(174) Pause Young (Allocation Failure) 398M->398M(494M) 0.039ms
[41.935s][info][gc] GC(175) Pause Full (Allocation Failure) 398M->255M(494M) 164.772ms
[41.969s][info][gc] GC(176) Pause Young (Allocation Failure) 391M->391M(494M) 0.033ms
[42.152s][info][gc] GC(177) Pause Full (Allocation Failure) 391M->244M(494M) 181.902ms
[42.244s][info][gc] GC(178) Pause Young (Allocation Failure) 380M->380M(494M) 0.087ms
[42.392s][info][gc] GC(179) Pause Full (Allocation Failure) 380M->233M(494M) 147.459ms
[42.487s][info][gc] GC(180) Pause Young (Allocation Failure) 369M->369M(494M) 0.038ms
[42.667s][info][gc] GC(181) Pause Full (Allocation Failure) 369M->252M(494M) 179.306ms
[42.779s][info][gc] GC(182) Pause Young (Allocation Failure) 388M->388M(494M) 0.037ms
[42.894s][info][gc] GC(183) Pause Full (Allocation Failure) 388M->248M(494M) 114.669ms
[42.920s][info][gc] GC(184) Pause Young (Allocation Failure) 385M->385M(494M) 0.035ms
[43.053s][info][gc] GC(185) Pause Full (Allocation Failure) 385M->245M(494M) 132.280ms
[43.173s][info][gc] GC(186) Pause Young (Allocation Failure) 382M->382M(494M) 0.035ms
[43.297s][info][gc] GC(187) Pause Full (Allocation Failure) 382M->240M(494M) 123.193ms
[43.561s][info][gc] GC(188) Pause Young (Allocation Failure) 376M->376M(494M) 0.035ms
[43.698s][info][gc] GC(189) Pause Full (Allocation Failure) 376M->235M(494M) 137.252ms
[43.726s][info][gc] GC(190) Pause Young (Allocation Failure) 371M->371M(494M) 0.040ms
[43.878s][info][gc] GC(191) Pause Full (Allocation Failure) 371M->245M(494M) 152.148ms
[44.001s][info][gc] GC(192) Pause Young (Allocation Failure) 382M->382M(494M) 0.030ms
[44.151s][info][gc] GC(193) Pause Full (Allocation Failure) 382M->240M(494M) 149.422ms
[44.276s][info][gc] GC(194) Pause Young (Allocation Failure) 376M->376M(494M) 0.034ms
[44.385s][info][gc] GC(195) Pause Full (Allocation Failure) 376M->235M(494M) 108.551ms
[44.413s][info][gc] GC(196) Pause Young (Allocation Failure) 371M->371M(494M) 0.036ms
[44.552s][info][gc] GC(197) Pause Full (Allocation Failure) 371M->245M(494M) 136.434ms
[44.678s][info][gc] GC(198) Pause Young (Allocation Failure) 382M->382M(494M) 0.033ms
[44.804s][info][gc] GC(199) Pause Full (Allocation Failure) 382M->240M(494M) 125.789ms
[44.912s][info][gc] GC(200) Pause Young (Allocation Failure) 377M->377M(494M) 0.037ms
[45.043s][info][gc] GC(201) Pause Full (Allocation Failure) 377M->234M(494M) 130.571ms
[45.070s][info][gc] GC(202) Pause Young (Allocation Failure) 371M->371M(494M) 0.035ms
[45.201s][info][gc] GC(203) Pause Full (Allocation Failure) 371M->245M(494M) 129.599ms
[45.305s][info][gc] GC(204) Pause Young (Allocation Failure) 381M->381M(494M) 0.037ms
[45.445s][info][gc] GC(205) Pause Full (Allocation Failure) 381M->240M(494M) 139.470ms
[45.560s][info][gc] GC(206) Pause Young (Allocation Failure) 376M->376M(494M) 0.033ms
[45.665s][info][gc] GC(207) Pause Full (Allocation Failure) 376M->234M(494M) 104.989ms
[45.691s][info][gc] GC(208) Pause Young (Allocation Failure) 371M->371M(494M) 0.033ms
[45.827s][info][gc] GC(209) Pause Full (Allocation Failure) 371M->245M(494M) 135.604ms
[45.952s][info][gc] GC(210) Pause Young (Allocation Failure) 381M->381M(494M) 0.034ms
[46.069s][info][gc] GC(211) Pause Full (Allocation Failure) 381M->240M(494M) 116.194ms
[46.179s][info][gc] GC(212) Pause Young (Allocation Failure) 376M->376M(494M) 0.038ms
[46.288s][info][gc] GC(213) Pause Full (Allocation Failure) 376M->234M(494M) 109.428ms
[46.314s][info][gc] GC(214) Pause Young (Allocation Failure) 371M->371M(494M) 0.035ms
[46.449s][info][gc] GC(215) Pause Full (Allocation Failure) 371M->245M(494M) 134.473ms
[46.574s][info][gc] GC(216) Pause Young (Allocation Failure) 382M->382M(494M) 0.037ms
[46.698s][info][gc] GC(217) Pause Full (Allocation Failure) 382M->240M(494M) 123.429ms
[46.806s][info][gc] GC(218) Pause Young (Allocation Failure) 376M->376M(494M) 0.035ms
[46.929s][info][gc] GC(219) Pause Full (Allocation Failure) 376M->233M(494M) 123.343ms
[46.958s][info][gc] GC(220) Pause Young (Allocation Failure) 369M->369M(494M) 0.031ms
[47.093s][info][gc] GC(221) Pause Full (Allocation Failure) 369M->247M(494M) 134.782ms
[47.206s][info][gc] GC(222) Pause Young (Allocation Failure) 383M->383M(494M) 0.041ms
[47.336s][info][gc] GC(223) Pause Full (Allocation Failure) 383M->240M(494M) 130.586ms
[47.464s][info][gc] GC(224) Pause Young (Allocation Failure) 376M->376M(494M) 0.034ms
[47.565s][info][gc] GC(225) Pause Full (Allocation Failure) 376M->234M(494M) 100.182ms
[47.591s][info][gc] GC(226) Pause Young (Allocation Failure) 371M->371M(494M) 0.036ms
[47.725s][info][gc] GC(227) Pause Full (Allocation Failure) 371M->245M(494M) 134.263ms
[47.853s][info][gc] GC(228) Pause Young (Allocation Failure) 381M->381M(494M) 0.035ms
[47.969s][info][gc] GC(229) Pause Full (Allocation Failure) 381M->240M(494M) 115.682ms
[48.081s][info][gc] GC(230) Pause Young (Allocation Failure) 376M->376M(494M) 0.033ms
[48.188s][info][gc] GC(231) Pause Full (Allocation Failure) 376M->235M(494M) 107.066ms
[48.214s][info][gc] GC(232) Pause Young (Allocation Failure) 371M->371M(494M) 0.039ms
[48.351s][info][gc] GC(233) Pause Full (Allocation Failure) 371M->245M(494M) 136.791ms
[48.466s][info][gc] GC(234) Pause Young (Allocation Failure) 381M->381M(494M) 0.037ms
[48.585s][info][gc] GC(235) Pause Full (Allocation Failure) 381M->240M(494M) 118.630ms
[48.686s][info][gc] GC(236) Pause Young (Allocation Failure) 377M->377M(494M) 0.032ms
[48.803s][info][gc] GC(237) Pause Full (Allocation Failure) 377M->235M(494M) 116.779ms
[48.828s][info][gc] GC(238) Pause Young (Allocation Failure) 371M->371M(494M) 0.031ms
[48.962s][info][gc] GC(239) Pause Full (Allocation Failure) 371M->245M(494M) 133.327ms
[49.082s][info][gc] GC(240) Pause Young (Allocation Failure) 382M->382M(494M) 0.036ms
[49.205s][info][gc] GC(241) Pause Full (Allocation Failure) 382M->240M(494M) 123.193ms
[49.310s][info][gc] GC(242) Pause Young (Allocation Failure) 376M->376M(494M) 0.036ms
[49.428s][info][gc] GC(243) Pause Full (Allocation Failure) 376M->234M(494M) 117.352ms
[49.454s][info][gc] GC(244) Pause Young (Allocation Failure) 371M->371M(494M) 0.038ms
[49.590s][info][gc] GC(245) Pause Full (Allocation Failure) 371M->252M(494M) 136.002ms
[49.699s][info][gc] GC(246) Pause Young (Allocation Failure) 389M->389M(494M) 0.031ms
[49.839s][info][gc] GC(247) Pause Full (Allocation Failure) 389M->247M(494M) 139.520ms
[49.951s][info][gc] GC(248) Pause Young (Allocation Failure) 384M->384M(494M) 0.038ms
[50.054s][info][gc] GC(249) Pause Full (Allocation Failure) 384M->234M(494M) 102.589ms
[50.081s][info][gc] GC(250) Pause Young (Allocation Failure) 371M->371M(494M) 0.037ms
[50.212s][info][gc] GC(251) Pause Full (Allocation Failure) 371M->245M(494M) 130.546ms
[50.318s][info][gc] GC(252) Pause Young (Allocation Failure) 381M->381M(494M) 0.033ms
[50.456s][info][gc] GC(253) Pause Full (Allocation Failure) 381M->240M(494M) 138.014ms
[50.565s][info][gc] GC(254) Pause Young (Allocation Failure) 376M->376M(494M) 0.035ms
[50.670s][info][gc] GC(255) Pause Full (Allocation Failure) 376M->234M(494M) 104.575ms
[50.696s][info][gc] GC(256) Pause Young (Allocation Failure) 371M->371M(494M) 0.039ms
[50.828s][info][gc] GC(257) Pause Full (Allocation Failure) 371M->245M(494M) 129.453ms
[50.947s][info][gc] GC(258) Pause Young (Allocation Failure) 381M->381M(494M) 0.037ms
[51.068s][info][gc] GC(259) Pause Full (Allocation Failure) 381M->240M(494M) 121.432ms
[51.183s][info][gc] GC(260) Pause Young (Allocation Failure) 376M->376M(494M) 0.061ms
[51.289s][info][gc] GC(261) Pause Full (Allocation Failure) 376M->234M(494M) 105.737ms
[51.314s][info][gc] GC(262) Pause Young (Allocation Failure) 371M->371M(494M) 0.032ms
[51.456s][info][gc] GC(263) Pause Full (Allocation Failure) 371M->245M(494M) 141.160ms
[51.578s][info][gc] GC(264) Pause Young (Allocation Failure) 381M->381M(494M) 0.032ms
[51.703s][info][gc] GC(265) Pause Full (Allocation Failure) 381M->240M(494M) 124.213ms
[51.800s][info][gc] GC(266) Pause Young (Allocation Failure) 376M->376M(494M) 0.038ms
[51.918s][info][gc] GC(267) Pause Full (Allocation Failure) 376M->235M(494M) 117.562ms
[51.947s][info][gc] GC(268) Pause Young (Allocation Failure) 371M->371M(494M) 0.034ms
[52.078s][info][gc] GC(269) Pause Full (Allocation Failure) 371M->257M(494M) 130.773ms
[52.192s][info][gc] GC(270) Pause Young (Allocation Failure) 393M->393M(494M) 0.031ms
[52.319s][info][gc] GC(271) Pause Full (Allocation Failure) 393M->252M(494M) 126.221ms
[52.448s][info][gc] GC(272) Pause Young (Allocation Failure) 388M->388M(494M) 0.034ms
[52.552s][info][gc] GC(273) Pause Full (Allocation Failure) 388M->234M(494M) 103.057ms
[52.581s][info][gc] GC(274) Pause Young (Allocation Failure) 371M->371M(494M) 0.036ms
[52.726s][info][gc] GC(275) Pause Full (Allocation Failure) 371M->245M(494M) 143.112ms
[52.967s][info][gc] GC(276) Pause Young (Allocation Failure) 381M->381M(494M) 0.033ms
[53.096s][info][gc] GC(277) Pause Full (Allocation Failure) 381M->240M(494M) 129.093ms
[53.204s][info][gc] GC(278) Pause Young (Allocation Failure) 376M->376M(494M) 0.035ms
[53.324s][info][gc] GC(279) Pause Full (Allocation Failure) 376M->234M(494M) 119.596ms
[53.353s][info][gc] GC(280) Pause Young (Allocation Failure) 371M->371M(494M) 0.034ms
[53.485s][info][gc] GC(281) Pause Full (Allocation Failure) 371M->245M(494M) 131.736ms
[53.599s][info][gc] GC(282) Pause Young (Allocation Failure) 381M->381M(494M) 0.042ms
[53.731s][info][gc] GC(283) Pause Full (Allocation Failure) 381M->240M(494M) 131.190ms
[53.853s][info][gc] GC(284) Pause Young (Allocation Failure) 376M->376M(494M) 0.036ms
[53.953s][info][gc] GC(285) Pause Full (Allocation Failure) 376M->234M(494M) 98.845ms
[53.981s][info][gc] GC(286) Pause Young (Allocation Failure) 371M->371M(494M) 0.034ms
[54.115s][info][gc] GC(287) Pause Full (Allocation Failure) 371M->245M(494M) 133.529ms
[54.244s][info][gc] GC(288) Pause Young (Allocation Failure) 381M->381M(494M) 0.032ms
[54.366s][info][gc] GC(289) Pause Full (Allocation Failure) 381M->240M(494M) 121.912ms
[54.476s][info][gc] GC(290) Pause Young (Allocation Failure) 376M->376M(494M) 0.034ms
[54.589s][info][gc] GC(291) Pause Full (Allocation Failure) 376M->234M(494M) 112.161ms
[54.615s][info][gc] GC(292) Pause Young (Allocation Failure) 371M->371M(494M) 0.034ms
[54.750s][info][gc] GC(293) Pause Full (Allocation Failure) 371M->245M(494M) 135.452ms
[54.869s][info][gc] GC(294) Pause Young (Allocation Failure) 382M->382M(494M) 0.040ms
[54.989s][info][gc] GC(295) Pause Full (Allocation Failure) 382M->240M(494M) 120.135ms
[55.093s][info][gc] GC(296) Pause Young (Allocation Failure) 376M->376M(494M) 0.035ms
[55.210s][info][gc] GC(297) Pause Full (Allocation Failure) 376M->233M(494M) 116.230ms
[55.256s][info][gc] GC(298) Pause Young (Allocation Failure) 369M->369M(494M) 0.033ms
[55.391s][info][gc] GC(299) Pause Full (Allocation Failure) 369M->252M(494M) 134.028ms
[55.509s][info][gc] GC(300) Pause Young (Allocation Failure) 388M->388M(494M) 0.038ms
[55.639s][info][gc] GC(301) Pause Full (Allocation Failure) 388M->247M(494M) 129.762ms
[55.762s][info][gc] GC(302) Pause Young (Allocation Failure) 383M->383M(494M) 0.056ms
[55.888s][info][gc] GC(303) Pause Full (Allocation Failure) 383M->242M(494M) 125.212ms
[55.955s][info][gc] GC(304) Pause Young (Allocation Failure) 379M->379M(494M) 0.043ms
[56.109s][info][gc] GC(305) Pause Full (Allocation Failure) 379M->245M(494M) 153.683ms
[56.354s][info][gc] GC(306) Pause Young (Allocation Failure) 382M->382M(494M) 0.038ms
[56.487s][info][gc] GC(307) Pause Full (Allocation Failure) 382M->236M(494M) 131.780ms
[56.642s][info][gc] GC(308) Pause Young (Allocation Failure) 372M->372M(494M) 0.031ms
[56.770s][info][gc] GC(309) Pause Full (Allocation Failure) 372M->237M(494M) 127.633ms
[56.870s][info][gc] GC(310) Pause Young (Allocation Failure) 374M->374M(494M) 0.029ms
[57.013s][info][gc] GC(311) Pause Full (Allocation Failure) 374M->240M(494M) 142.122ms
[57.254s][info][gc] GC(312) Pause Young (Allocation Failure) 376M->376M(494M) 0.037ms
[57.383s][info][gc] GC(313) Pause Full (Allocation Failure) 376M->208M(494M) 127.333ms
[57.409s][info][gc] GC(314) Pause Young (Allocation Failure) 345M->345M(494M) 0.043ms
[57.587s][info][gc] GC(315) Pause Full (Allocation Failure) 345M->260M(494M) 177.182ms
[57.709s][info][gc] GC(316) Pause Young (Allocation Failure) 397M->397M(494M) 0.034ms
[57.866s][info][gc] GC(317) Pause Full (Allocation Failure) 397M->242M(494M) 156.915ms
[57.985s][info][gc] GC(318) Pause Young (Allocation Failure) 378M->378M(494M) 0.036ms
[58.113s][info][gc] GC(319) Pause Full (Allocation Failure) 378M->213M(494M) 126.863ms
[58.145s][info][gc] GC(320) Pause Young (Allocation Failure) 350M->350M(494M) 0.046ms
[58.294s][info][gc] GC(321) Pause Full (Allocation Failure) 350M->242M(494M) 147.985ms
[58.403s][info][gc] GC(322) Pause Young (Allocation Failure) 379M->379M(494M) 0.039ms
[58.573s][info][gc] GC(323) Pause Full (Allocation Failure) 379M->245M(494M) 168.979ms
[58.699s][info][gc] GC(324) Pause Young (Allocation Failure) 382M->382M(494M) 0.039ms
[58.835s][info][gc] GC(325) Pause Full (Allocation Failure) 382M->238M(494M) 135.924ms
[58.863s][info][gc] GC(326) Pause Young (Allocation Failure) 374M->374M(494M) 0.038ms
[58.993s][info][gc] GC(327) Pause Full (Allocation Failure) 374M->255M(494M) 130.325ms
[59.110s][info][gc] GC(328) Pause Young (Allocation Failure) 392M->392M(494M) 0.037ms
[59.254s][info][gc] GC(329) Pause Full (Allocation Failure) 392M->241M(494M) 143.297ms
[59.374s][info][gc] GC(330) Pause Young (Allocation Failure) 378M->378M(494M) 0.036ms
[59.489s][info][gc] GC(331) Pause Full (Allocation Failure) 378M->236M(494M) 114.799ms
[59.517s][info][gc] GC(332) Pause Young (Allocation Failure) 373M->373M(494M) 0.038ms
[59.650s][info][gc] GC(333) Pause Full (Allocation Failure) 373M->247M(494M) 132.995ms
[59.783s][info][gc] GC(334) Pause Young (Allocation Failure) 383M->383M(494M) 0.044ms
[59.911s][info][gc] GC(335) Pause Full (Allocation Failure) 383M->242M(494M) 127.364ms
[60.010s][info][gc] GC(336) Pause Young (Allocation Failure) 378M->378M(494M) 0.036ms
[60.134s][info][gc] GC(337) Pause Full (Allocation Failure) 378M->236M(494M) 123.906ms
[60.163s][info][gc] GC(338) Pause Young (Allocation Failure) 373M->373M(494M) 0.035ms
[60.299s][info][gc] GC(339) Pause Full (Allocation Failure) 373M->247M(494M) 136.564ms
[60.406s][info][gc] GC(340) Pause Young (Allocation Failure) 383M->383M(494M) 0.034ms
[60.544s][info][gc] GC(341) Pause Full (Allocation Failure) 383M->242M(494M) 137.878ms
[60.658s][info][gc] GC(342) Pause Young (Allocation Failure) 378M->378M(494M) 0.032ms
[60.762s][info][gc] GC(343) Pause Full (Allocation Failure) 378M->237M(494M) 103.860ms
[60.788s][info][gc] GC(344) Pause Young (Allocation Failure) 373M->373M(494M) 0.035ms
[60.927s][info][gc] GC(345) Pause Full (Allocation Failure) 373M->247M(494M) 139.186ms
[61.050s][info][gc] GC(346) Pause Young (Allocation Failure) 383M->383M(494M) 0.039ms
[61.175s][info][gc] GC(347) Pause Full (Allocation Failure) 383M->241M(494M) 123.978ms
[61.295s][info][gc] GC(348) Pause Young (Allocation Failure) 378M->378M(494M) 0.034ms
[61.416s][info][gc] GC(349) Pause Full (Allocation Failure) 378M->237M(494M) 120.090ms
[61.448s][info][gc] GC(350) Pause Young (Allocation Failure) 373M->373M(494M) 0.053ms
[61.585s][info][gc] GC(351) Pause Full (Allocation Failure) 373M->247M(494M) 136.863ms
[61.698s][info][gc] GC(352) Pause Young (Allocation Failure) 383M->383M(494M) 0.034ms
[61.837s][info][gc] GC(353) Pause Full (Allocation Failure) 383M->242M(494M) 138.714ms
[61.956s][info][gc] GC(354) Pause Young (Allocation Failure) 378M->378M(494M) 0.037ms
[62.070s][info][gc] GC(355) Pause Full (Allocation Failure) 378M->236M(494M) 112.922ms
[62.095s][info][gc] GC(356) Pause Young (Allocation Failure) 373M->373M(494M) 0.036ms
[62.235s][info][gc] GC(357) Pause Full (Allocation Failure) 373M->247M(494M) 140.145ms
[62.356s][info][gc] GC(358) Pause Young (Allocation Failure) 383M->383M(494M) 0.035ms
[62.486s][info][gc] GC(359) Pause Full (Allocation Failure) 383M->242M(494M) 129.801ms
[62.595s][info][gc] GC(360) Pause Young (Allocation Failure) 378M->378M(494M) 0.033ms
[62.713s][info][gc] GC(361) Pause Full (Allocation Failure) 378M->236M(494M) 116.875ms
[62.742s][info][gc] GC(362) Pause Young (Allocation Failure) 373M->373M(494M) 0.038ms
[62.880s][info][gc] GC(363) Pause Full (Allocation Failure) 373M->256M(494M) 137.802ms
[62.988s][info][gc] GC(364) Pause Young (Allocation Failure) 393M->393M(494M) 0.040ms
[63.121s][info][gc] GC(365) Pause Full (Allocation Failure) 393M->256M(494M) 133.038ms
[63.245s][info][gc] GC(366) Pause Young (Allocation Failure) 393M->393M(494M) 0.032ms
[63.349s][info][gc] GC(367) Pause Full (Allocation Failure) 393M->251M(494M) 103.438ms
[63.375s][info][gc] GC(368) Pause Young (Allocation Failure) 387M->387M(494M) 0.036ms
[63.516s][info][gc] GC(369) Pause Full (Allocation Failure) 387M->247M(494M) 140.930ms
[63.649s][info][gc] GC(370) Pause Young (Allocation Failure) 383M->383M(494M) 0.032ms
[63.773s][info][gc] GC(371) Pause Full (Allocation Failure) 383M->242M(494M) 124.009ms
[63.880s][info][gc] GC(372) Pause Young (Allocation Failure) 378M->378M(494M) 0.039ms
[63.997s][info][gc] GC(373) Pause Full (Allocation Failure) 378M->237M(494M) 116.858ms
[64.023s][info][gc] GC(374) Pause Young (Allocation Failure) 373M->373M(494M) 0.034ms
[64.158s][info][gc] GC(375) Pause Full (Allocation Failure) 373M->247M(494M) 134.736ms
[64.273s][info][gc] GC(376) Pause Young (Allocation Failure) 384M->384M(494M) 0.035ms
[64.401s][info][gc] GC(377) Pause Full (Allocation Failure) 384M->242M(494M) 127.991ms
[64.510s][info][gc] GC(378) Pause Young (Allocation Failure) 378M->378M(494M) 0.050ms
[64.640s][info][gc] GC(379) Pause Full (Allocation Failure) 378M->236M(494M) 130.565ms
[64.668s][info][gc] GC(380) Pause Young (Allocation Failure) 373M->373M(494M) 0.039ms
[64.805s][info][gc] GC(381) Pause Full (Allocation Failure) 373M->247M(494M) 136.736ms
[64.921s][info][gc] GC(382) Pause Young (Allocation Failure) 383M->383M(494M) 0.039ms
[65.064s][info][gc] GC(383) Pause Full (Allocation Failure) 383M->242M(494M) 142.446ms
[65.173s][info][gc] GC(384) Pause Young (Allocation Failure) 378M->378M(494M) 0.032ms
[65.289s][info][gc] GC(385) Pause Full (Allocation Failure) 378M->237M(494M) 116.312ms
[65.316s][info][gc] GC(386) Pause Young (Allocation Failure) 373M->373M(494M) 0.036ms
[65.470s][info][gc] GC(387) Pause Full (Allocation Failure) 373M->247M(494M) 144.838ms
[65.584s][info][gc] GC(388) Pause Young (Allocation Failure) 383M->383M(494M) 0.045ms
[65.716s][info][gc] GC(389) Pause Full (Allocation Failure) 383M->259M(494M) 131.181ms
[65.848s][info][gc] GC(390) Pause Young (Allocation Failure) 395M->395M(494M) 0.037ms
[65.951s][info][gc] GC(391) Pause Full (Allocation Failure) 395M->253M(494M) 102.394ms
[65.977s][info][gc] GC(392) Pause Young (Allocation Failure) 390M->390M(494M) 0.034ms
[66.115s][info][gc] GC(393) Pause Full (Allocation Failure) 390M->247M(494M) 137.829ms
[66.224s][info][gc] GC(394) Pause Young (Allocation Failure) 383M->383M(494M) 0.032ms
[66.362s][info][gc] GC(395) Pause Full (Allocation Failure) 383M->258M(494M) 137.933ms
[66.476s][info][gc] GC(396) Pause Young (Allocation Failure) 395M->395M(494M) 0.034ms
[66.589s][info][gc] GC(397) Pause Full (Allocation Failure) 395M->253M(494M) 112.500ms
[66.615s][info][gc] GC(398) Pause Young (Allocation Failure) 390M->390M(494M) 0.035ms
[66.756s][info][gc] GC(399) Pause Full (Allocation Failure) 390M->264M(494M) 140.666ms
[66.874s][info][gc] GC(400) Pause Young (Allocation Failure) 400M->400M(494M) 0.035ms
[67.005s][info][gc] GC(401) Pause Full (Allocation Failure) 400M->242M(494M) 130.857ms
[67.107s][info][gc] GC(402) Pause Young (Allocation Failure) 378M->378M(494M) 0.033ms
[67.229s][info][gc] GC(403) Pause Full (Allocation Failure) 378M->237M(494M) 121.817ms
[67.259s][info][gc] GC(404) Pause Young (Allocation Failure) 373M->373M(494M) 0.034ms
[67.390s][info][gc] GC(405) Pause Full (Allocation Failure) 373M->247M(494M) 131.554ms
[67.504s][info][gc] GC(406) Pause Young (Allocation Failure) 384M->384M(494M) 0.035ms
[67.638s][info][gc] GC(407) Pause Full (Allocation Failure) 384M->257M(494M) 134.272ms
[67.754s][info][gc] GC(408) Pause Young (Allocation Failure) 394M->394M(494M) 0.038ms
[67.870s][info][gc] GC(409) Pause Full (Allocation Failure) 394M->237M(494M) 116.479ms
[67.898s][info][gc] GC(410) Pause Young (Allocation Failure) 373M->373M(494M) 0.040ms
[68.036s][info][gc] GC(411) Pause Full (Allocation Failure) 373M->247M(494M) 137.693ms
[68.163s][info][gc] GC(412) Pause Young (Allocation Failure) 384M->384M(494M) 0.034ms
[68.288s][info][gc] GC(413) Pause Full (Allocation Failure) 384M->259M(494M) 125.400ms
[68.401s][info][gc] GC(414) Pause Young (Allocation Failure) 395M->395M(494M) 0.043ms
[68.529s][info][gc] GC(415) Pause Full (Allocation Failure) 395M->254M(494M) 127.250ms
[68.555s][info][gc] GC(416) Pause Young (Allocation Failure) 390M->390M(494M) 0.033ms
[68.688s][info][gc] GC(417) Pause Full (Allocation Failure) 390M->247M(494M) 131.669ms
[68.803s][info][gc] GC(418) Pause Young (Allocation Failure) 384M->384M(494M) 0.034ms
[68.935s][info][gc] GC(419) Pause Full (Allocation Failure) 384M->258M(494M) 131.825ms
[69.053s][info][gc] GC(420) Pause Young (Allocation Failure) 395M->395M(494M) 0.036ms
[69.157s][info][gc] GC(421) Pause Full (Allocation Failure) 395M->253M(494M) 104.091ms
[69.183s][info][gc] GC(422) Pause Young (Allocation Failure) 390M->390M(494M) 0.044ms
[69.325s][info][gc] GC(423) Pause Full (Allocation Failure) 390M->263M(494M) 142.286ms
[69.424s][info][gc] GC(424) Pause Young (Allocation Failure) 400M->400M(494M) 0.034ms
[69.572s][info][gc] GC(425) Pause Full (Allocation Failure) 400M->242M(494M) 147.634ms
[69.677s][info][gc] GC(426) Pause Young (Allocation Failure) 378M->378M(494M) 0.031ms
[69.797s][info][gc] GC(427) Pause Full (Allocation Failure) 378M->237M(494M) 120.581ms
[69.824s][info][gc] GC(428) Pause Young (Allocation Failure) 373M->373M(494M) 0.027ms
[69.969s][info][gc] GC(429) Pause Full (Allocation Failure) 373M->247M(494M) 144.503ms
[70.086s][info][gc] GC(430) Pause Young (Allocation Failure) 384M->384M(494M) 0.036ms
[70.215s][info][gc] GC(431) Pause Full (Allocation Failure) 384M->257M(494M) 128.965ms
[70.314s][info][gc] GC(432) Pause Young (Allocation Failure) 393M->393M(494M) 0.036ms
[70.443s][info][gc] GC(433) Pause Full (Allocation Failure) 393M->237M(494M) 128.852ms
[70.468s][info][gc] GC(434) Pause Young (Allocation Failure) 374M->374M(494M) 0.037ms
[70.610s][info][gc] GC(435) Pause Full (Allocation Failure) 374M->247M(494M) 141.341ms
[70.721s][info][gc] GC(436) Pause Young (Allocation Failure) 384M->384M(494M) 0.036ms
[70.863s][info][gc] GC(437) Pause Full (Allocation Failure) 384M->256M(494M) 141.412ms
[70.982s][info][gc] GC(438) Pause Young (Allocation Failure) 392M->392M(494M) 0.032ms
[71.104s][info][gc] GC(439) Pause Full (Allocation Failure) 392M->251M(494M) 121.938ms
[71.130s][info][gc] GC(440) Pause Young (Allocation Failure) 387M->387M(494M) 0.033ms
[71.272s][info][gc] GC(441) Pause Full (Allocation Failure) 387M->247M(494M) 141.120ms
[71.386s][info][gc] GC(442) Pause Young (Allocation Failure) 384M->384M(494M) 0.038ms
[71.520s][info][gc] GC(443) Pause Full (Allocation Failure) 384M->253M(494M) 133.568ms
[71.622s][info][gc] GC(444) Pause Young (Allocation Failure) 390M->390M(494M) 0.036ms
[71.747s][info][gc] GC(445) Pause Full (Allocation Failure) 390M->248M(494M) 124.487ms
[71.776s][info][gc] GC(446) Pause Young (Allocation Failure) 384M->384M(494M) 0.038ms
[71.909s][info][gc] GC(447) Pause Full (Allocation Failure) 384M->258M(494M) 133.184ms
[72.017s][info][gc] GC(448) Pause Young (Allocation Failure) 395M->395M(494M) 0.030ms
[72.175s][info][gc] GC(449) Pause Full (Allocation Failure) 395M->242M(494M) 157.862ms
[72.288s][info][gc] GC(450) Pause Young (Allocation Failure) 379M->379M(494M) 0.032ms
[72.423s][info][gc] GC(451) Pause Full (Allocation Failure) 379M->246M(494M) 134.678ms
[72.451s][info][gc] GC(452) Pause Young (Allocation Failure) 383M->383M(494M) 0.034ms
[72.587s][info][gc] GC(453) Pause Full (Allocation Failure) 383M->257M(494M) 135.312ms
[72.702s][info][gc] GC(454) Pause Young (Allocation Failure) 393M->393M(494M) 0.036ms
[72.843s][info][gc] GC(455) Pause Full (Allocation Failure) 393M->252M(494M) 140.373ms
[72.985s][info][gc] GC(456) Pause Young (Allocation Failure) 388M->388M(494M) 0.062ms
[73.110s][info][gc] GC(457) Pause Full (Allocation Failure) 388M->237M(494M) 124.435ms
[73.136s][info][gc] GC(458) Pause Young (Allocation Failure) 374M->374M(494M) 0.032ms
[73.276s][info][gc] GC(459) Pause Full (Allocation Failure) 374M->248M(494M) 139.632ms
[73.385s][info][gc] GC(460) Pause Young (Allocation Failure) 384M->384M(494M) 0.039ms
[73.520s][info][gc] GC(461) Pause Full (Allocation Failure) 384M->250M(494M) 135.023ms
[73.645s][info][gc] GC(462) Pause Young (Allocation Failure) 387M->387M(494M) 0.038ms
[73.754s][info][gc] GC(463) Pause Full (Allocation Failure) 387M->245M(494M) 108.476ms
[73.782s][info][gc] GC(464) Pause Young (Allocation Failure) 382M->382M(494M) 0.035ms
[73.925s][info][gc] GC(465) Pause Full (Allocation Failure) 382M->248M(494M) 143.487ms
[74.070s][info][gc] GC(466) Pause Young (Allocation Failure) 384M->384M(494M) 0.037ms
[74.196s][info][gc] GC(467) Pause Full (Allocation Failure) 384M->253M(494M) 126.094ms
[74.306s][info][gc] GC(468) Pause Young (Allocation Failure) 389M->389M(494M) 0.033ms
[74.435s][info][gc] GC(469) Pause Full (Allocation Failure) 389M->248M(494M) 128.427ms
[74.462s][info][gc] GC(470) Pause Young (Allocation Failure) 385M->385M(494M) 0.036ms
[74.614s][info][gc] GC(471) Pause Full (Allocation Failure) 385M->259M(494M) 151.346ms
[74.746s][info][gc] GC(472) Pause Young (Allocation Failure) 395M->395M(494M) 0.035ms
[74.874s][info][gc] GC(473) Pause Full (Allocation Failure) 395M->243M(494M) 127.831ms
[74.993s][info][gc] GC(474) Pause Young (Allocation Failure) 379M->379M(494M) 0.037ms
[75.117s][info][gc] GC(475) Pause Full (Allocation Failure) 379M->238M(494M) 124.067ms
[75.147s][info][gc] GC(476) Pause Young (Allocation Failure) 374M->374M(494M) 0.036ms
[75.286s][info][gc] GC(477) Pause Full (Allocation Failure) 374M->264M(494M) 138.236ms
[75.395s][info][gc] GC(478) Pause Young (Allocation Failure) 400M->400M(494M) 0.038ms
[75.533s][info][gc] GC(479) Pause Full (Allocation Failure) 400M->259M(494M) 137.900ms
[75.696s][info][gc] GC(480) Pause Young (Allocation Failure) 395M->395M(494M) 0.039ms
[75.822s][info][gc] GC(481) Pause Full (Allocation Failure) 395M->238M(494M) 125.753ms
[75.850s][info][gc] GC(482) Pause Young (Allocation Failure) 374M->374M(494M) 0.052ms
[75.989s][info][gc] GC(483) Pause Full (Allocation Failure) 374M->248M(494M) 138.623ms
[76.100s][info][gc] GC(484) Pause Young (Allocation Failure) 384M->384M(494M) 0.043ms
[76.238s][info][gc] GC(485) Pause Full (Allocation Failure) 384M->249M(494M) 137.719ms
[76.363s][info][gc] GC(486) Pause Young (Allocation Failure) 386M->386M(494M) 0.039ms
[76.478s][info][gc] GC(487) Pause Full (Allocation Failure) 386M->244M(494M) 114.090ms
[76.504s][info][gc] GC(488) Pause Young (Allocation Failure) 381M->381M(494M) 0.034ms
[76.649s][info][gc] GC(489) Pause Full (Allocation Failure) 381M->248M(494M) 145.077ms
[76.770s][info][gc] GC(490) Pause Young (Allocation Failure) 384M->384M(494M) 0.036ms
[76.897s][info][gc] GC(491) Pause Full (Allocation Failure) 384M->247M(494M) 126.894ms
[77.010s][info][gc] GC(492) Pause Young (Allocation Failure) 384M->384M(494M) 0.034ms
[77.150s][info][gc] GC(493) Pause Full (Allocation Failure) 384M->242M(494M) 139.501ms
[77.176s][info][gc] GC(494) Pause Young (Allocation Failure) 379M->379M(494M) 0.035ms
[77.317s][info][gc] GC(495) Pause Full (Allocation Failure) 379M->253M(494M) 140.162ms
[77.423s][info][gc] GC(496) Pause Young (Allocation Failure) 389M->389M(494M) 0.038ms
[77.572s][info][gc] GC(497) Pause Full (Allocation Failure) 389M->243M(494M) 148.885ms
[77.692s][info][gc] GC(498) Pause Young (Allocation Failure) 379M->379M(494M) 0.035ms
[77.816s][info][gc] GC(499) Pause Full (Allocation Failure) 379M->238M(494M) 123.547ms
[77.844s][info][gc] GC(500) Pause Young (Allocation Failure) 374M->374M(494M) 0.036ms
[77.989s][info][gc] GC(501) Pause Full (Allocation Failure) 374M->248M(494M) 137.330ms
[78.097s][info][gc] GC(502) Pause Young (Allocation Failure) 385M->385M(494M) 0.034ms
[78.235s][info][gc] GC(503) Pause Full (Allocation Failure) 385M->245M(494M) 137.798ms
[78.359s][info][gc] GC(504) Pause Young (Allocation Failure) 382M->382M(494M) 0.033ms
[78.467s][info][gc] GC(505) Pause Full (Allocation Failure) 382M->238M(494M) 108.306ms
[78.493s][info][gc] GC(506) Pause Young (Allocation Failure) 374M->374M(494M) 0.036ms
[78.636s][info][gc] GC(507) Pause Full (Allocation Failure) 374M->248M(494M) 142.274ms
[78.757s][info][gc] GC(508) Pause Young (Allocation Failure) 385M->385M(494M) 0.038ms
[78.880s][info][gc] GC(509) Pause Full (Allocation Failure) 385M->246M(494M) 123.619ms
[78.990s][info][gc] GC(510) Pause Young (Allocation Failure) 382M->382M(494M) 0.036ms
[79.116s][info][gc] GC(511) Pause Full (Allocation Failure) 382M->241M(494M) 125.998ms
[79.143s][info][gc] GC(512) Pause Young (Allocation Failure) 377M->377M(494M) 0.036ms
[79.288s][info][gc] GC(513) Pause Full (Allocation Failure) 377M->248M(494M) 144.720ms
[79.396s][info][gc] GC(514) Pause Young (Allocation Failure) 385M->385M(494M) 0.040ms
[79.529s][info][gc] GC(515) Pause Full (Allocation Failure) 385M->252M(494M) 132.456ms
[79.646s][info][gc] GC(516) Pause Young (Allocation Failure) 388M->388M(494M) 0.033ms
[79.757s][info][gc] GC(517) Pause Full (Allocation Failure) 388M->247M(494M) 111.085ms
[79.784s][info][gc] GC(518) Pause Young (Allocation Failure) 383M->383M(494M) 0.071ms
[79.932s][info][gc] GC(519) Pause Full (Allocation Failure) 383M->257M(494M) 147.648ms
[80.057s][info][gc] GC(520) Pause Young (Allocation Failure) 394M->394M(494M) 0.064ms
[80.188s][info][gc] GC(521) Pause Full (Allocation Failure) 394M->243M(494M) 131.167ms
[80.295s][info][gc] GC(522) Pause Young (Allocation Failure) 380M->380M(494M) 0.036ms
[80.425s][info][gc] GC(523) Pause Full (Allocation Failure) 380M->238M(494M) 130.036ms
[80.452s][info][gc] GC(524) Pause Young (Allocation Failure) 375M->375M(494M) 0.045ms
[80.591s][info][gc] GC(525) Pause Full (Allocation Failure) 375M->248M(494M) 139.103ms
[80.701s][info][gc] GC(526) Pause Young (Allocation Failure) 385M->385M(494M) 0.040ms
[80.839s][info][gc] GC(527) Pause Full (Allocation Failure) 385M->256M(494M) 137.695ms
[80.973s][info][gc] GC(528) Pause Young (Allocation Failure) 393M->393M(494M) 0.037ms
[81.084s][info][gc] GC(529) Pause Full (Allocation Failure) 393M->238M(494M) 110.994ms
[81.111s][info][gc] GC(530) Pause Young (Allocation Failure) 374M->374M(494M) 0.035ms
[81.253s][info][gc] GC(531) Pause Full (Allocation Failure) 374M->248M(494M) 142.411ms
[81.373s][info][gc] GC(532) Pause Young (Allocation Failure) 385M->385M(494M) 0.037ms
[81.499s][info][gc] GC(533) Pause Full (Allocation Failure) 385M->244M(494M) 125.704ms
[81.607s][info][gc] GC(534) Pause Young (Allocation Failure) 380M->380M(494M) 0.034ms
[81.750s][info][gc] GC(535) Pause Full (Allocation Failure) 380M->239M(494M) 142.687ms
[81.776s][info][gc] GC(536) Pause Young (Allocation Failure) 375M->375M(494M) 0.039ms
[81.923s][info][gc] GC(537) Pause Full (Allocation Failure) 375M->248M(494M) 146.603ms
[82.048s][info][gc] GC(538) Pause Young (Allocation Failure) 385M->385M(494M) 0.036ms
[82.181s][info][gc] GC(539) Pause Full (Allocation Failure) 385M->260M(494M) 129.629ms
[82.279s][info][gc] GC(540) Pause Young (Allocation Failure) 397M->397M(494M) 0.035ms
[82.400s][info][gc] GC(541) Pause Full (Allocation Failure) 397M->240M(494M) 120.575ms
[82.426s][info][gc] GC(542) Pause Young (Allocation Failure) 377M->377M(494M) 0.033ms
[82.574s][info][gc] GC(543) Pause Full (Allocation Failure) 377M->251M(494M) 147.888ms
[82.686s][info][gc] GC(544) Pause Young (Allocation Failure) 387M->387M(494M) 0.049ms
[82.821s][info][gc] GC(545) Pause Full (Allocation Failure) 387M->243M(494M) 134.463ms
[82.949s][info][gc] GC(546) Pause Young (Allocation Failure) 380M->380M(494M) 0.045ms
[83.060s][info][gc] GC(547) Pause Full (Allocation Failure) 380M->247M(494M) 110.936ms
[83.087s][info][gc] GC(548) Pause Young (Allocation Failure) 383M->383M(494M) 0.042ms
[83.232s][info][gc] GC(549) Pause Full (Allocation Failure) 383M->257M(494M) 144.538ms
[83.356s][info][gc] GC(550) Pause Young (Allocation Failure) 394M->394M(494M) 0.036ms
[83.481s][info][gc] GC(551) Pause Full (Allocation Failure) 394M->255M(494M) 124.684ms
[83.591s][info][gc] GC(552) Pause Young (Allocation Failure) 391M->391M(494M) 0.040ms
[83.718s][info][gc] GC(553) Pause Full (Allocation Failure) 391M->238M(494M) 126.717ms
[83.748s][info][gc] GC(554) Pause Young (Allocation Failure) 374M->374M(494M) 0.037ms
[83.888s][info][gc] GC(555) Pause Full (Allocation Failure) 374M->248M(494M) 139.544ms
[83.995s][info][gc] GC(556) Pause Young (Allocation Failure) 385M->385M(494M) 0.036ms
[84.129s][info][gc] GC(557) Pause Full (Allocation Failure) 385M->244M(494M) 134.108ms
[84.255s][info][gc] GC(558) Pause Young (Allocation Failure) 380M->380M(494M) 0.035ms
[84.367s][info][gc] GC(559) Pause Full (Allocation Failure) 380M->239M(494M) 111.394ms
[84.393s][info][gc] GC(560) Pause Young (Allocation Failure) 375M->375M(494M) 0.039ms
[84.544s][info][gc] GC(561) Pause Full (Allocation Failure) 375M->248M(494M) 144.880ms
[84.688s][info][gc] GC(562) Pause Young (Allocation Failure) 385M->385M(494M) 0.034ms
[84.824s][info][gc] GC(563) Pause Full (Allocation Failure) 385M->244M(494M) 135.558ms
[84.947s][info][gc] GC(564) Pause Young (Allocation Failure) 381M->381M(494M) 0.037ms
[85.063s][info][gc] GC(565) Pause Full (Allocation Failure) 381M->248M(494M) 115.380ms
[85.090s][info][gc] GC(566) Pause Young (Allocation Failure) 385M->385M(494M) 0.037ms
[85.236s][info][gc] GC(567) Pause Full (Allocation Failure) 385M->258M(494M) 146.586ms
[85.355s][info][gc] GC(568) Pause Young (Allocation Failure) 395M->395M(494M) 0.057ms
[85.488s][info][gc] GC(569) Pause Full (Allocation Failure) 395M->243M(494M) 132.382ms
[85.599s][info][gc] GC(570) Pause Young (Allocation Failure) 380M->380M(494M) 0.033ms
[85.721s][info][gc] GC(571) Pause Full (Allocation Failure) 380M->238M(494M) 121.372ms
[85.754s][info][gc] GC(572) Pause Young (Allocation Failure) 375M->375M(494M) 0.040ms
[85.897s][info][gc] GC(573) Pause Full (Allocation Failure) 375M->248M(494M) 142.528ms
[86.010s][info][gc] GC(574) Pause Young (Allocation Failure) 385M->385M(494M) 0.039ms
[86.153s][info][gc] GC(575) Pause Full (Allocation Failure) 385M->244M(494M) 143.035ms
[86.272s][info][gc] GC(576) Pause Young (Allocation Failure) 381M->381M(494M) 0.057ms
[86.389s][info][gc] GC(577) Pause Full (Allocation Failure) 381M->238M(494M) 117.320ms
[86.418s][info][gc] GC(578) Pause Young (Allocation Failure) 374M->374M(494M) 0.038ms
[86.565s][info][gc] GC(579) Pause Full (Allocation Failure) 374M->248M(494M) 145.912ms
[86.680s][info][gc] GC(580) Pause Young (Allocation Failure) 385M->385M(494M) 0.036ms
[86.818s][info][gc] GC(581) Pause Full (Allocation Failure) 385M->246M(494M) 137.441ms
[86.920s][info][gc] GC(582) Pause Young (Allocation Failure) 382M->382M(494M) 0.039ms
[87.049s][info][gc] GC(583) Pause Full (Allocation Failure) 382M->241M(494M) 128.097ms
[87.076s][info][gc] GC(584) Pause Young (Allocation Failure) 377M->377M(494M) 0.038ms
[87.219s][info][gc] GC(585) Pause Full (Allocation Failure) 377M->248M(494M) 142.024ms
[87.324s][info][gc] GC(586) Pause Young (Allocation Failure) 385M->385M(494M) 0.044ms
[87.465s][info][gc] GC(587) Pause Full (Allocation Failure) 385M->246M(494M) 140.627ms
[87.579s][info][gc] GC(588) Pause Young (Allocation Failure) 382M->382M(494M) 0.037ms
[87.698s][info][gc] GC(589) Pause Full (Allocation Failure) 382M->241M(494M) 119.136ms
[87.726s][info][gc] GC(590) Pause Young (Allocation Failure) 377M->377M(494M) 0.041ms
[87.868s][info][gc] GC(591) Pause Full (Allocation Failure) 377M->251M(494M) 141.236ms
[87.983s][info][gc] GC(592) Pause Young (Allocation Failure) 387M->387M(494M) 0.039ms
[88.116s][info][gc] GC(593) Pause Full (Allocation Failure) 387M->243M(494M) 132.176ms
[88.253s][info][gc] GC(594) Pause Young (Allocation Failure) 380M->380M(494M) 0.043ms
[88.366s][info][gc] GC(595) Pause Full (Allocation Failure) 380M->238M(494M) 113.524ms
[88.396s][info][gc] GC(596) Pause Young (Allocation Failure) 375M->375M(494M) 0.037ms
[88.536s][info][gc] GC(597) Pause Full (Allocation Failure) 375M->248M(494M) 139.699ms
[88.661s][info][gc] GC(598) Pause Young (Allocation Failure) 385M->385M(494M) 0.038ms
[88.792s][info][gc] GC(599) Pause Full (Allocation Failure) 385M->245M(494M) 130.865ms
[88.902s][info][gc] GC(600) Pause Young (Allocation Failure) 382M->382M(494M) 0.039ms
[89.032s][info][gc] GC(601) Pause Full (Allocation Failure) 382M->238M(494M) 130.428ms
[89.063s][info][gc] GC(602) Pause Young (Allocation Failure) 374M->374M(494M) 0.036ms
[89.202s][info][gc] GC(603) Pause Full (Allocation Failure) 374M->248M(494M) 139.198ms
[89.306s][info][gc] GC(604) Pause Young (Allocation Failure) 384M->384M(494M) 0.032ms
[89.445s][info][gc] GC(605) Pause Full (Allocation Failure) 384M->245M(494M) 138.435ms
[89.566s][info][gc] GC(606) Pause Young (Allocation Failure) 382M->382M(494M) 0.035ms
[89.690s][info][gc] GC(607) Pause Full (Allocation Failure) 382M->236M(494M) 124.431ms
[89.724s][info][gc] GC(608) Pause Young (Allocation Failure) 373M->373M(494M) 0.036ms
[89.876s][info][gc] GC(609) Pause Full (Allocation Failure) 373M->248M(494M) 151.792ms
[89.994s][info][gc] GC(610) Pause Young (Allocation Failure) 384M->384M(494M) 0.033ms
[90.145s][info][gc] GC(611) Pause Full (Allocation Failure) 384M->246M(494M) 151.010ms
[90.265s][info][gc] GC(612) Pause Young (Allocation Failure) 383M->383M(494M) 0.031ms
[90.385s][info][gc] GC(613) Pause Full (Allocation Failure) 383M->224M(494M) 120.493ms
[90.412s][info][gc] GC(614) Pause Young (Allocation Failure) 360M->360M(494M) 0.043ms
[90.559s][info][gc] GC(615) Pause Full (Allocation Failure) 360M->260M(494M) 146.955ms
[90.682s][info][gc] GC(616) Pause Young (Allocation Failure) 396M->396M(494M) 0.034ms
[90.815s][info][gc] GC(617) Pause Full (Allocation Failure) 396M->234M(494M) 133.124ms
[90.978s][info][gc] GC(618) Pause Young (Allocation Failure) 371M->371M(494M) 0.078ms
[91.102s][info][gc] GC(619) Pause Full (Allocation Failure) 371M->208M(494M) 122.218ms
[91.128s][info][gc] GC(620) Pause Young (Allocation Failure) 345M->345M(494M) 0.031ms
[91.269s][info][gc] GC(621) Pause Full (Allocation Failure) 345M->249M(494M) 140.657ms
[91.402s][info][gc] GC(622) Pause Young (Allocation Failure) 386M->386M(494M) 0.037ms
[91.555s][info][gc] GC(623) Pause Full (Allocation Failure) 386M->242M(494M) 150.715ms
[91.676s][info][gc] GC(624) Pause Young (Allocation Failure) 378M->378M(494M) 0.036ms
[91.794s][info][gc] GC(625) Pause Full (Allocation Failure) 378M->228M(494M) 117.006ms
[91.820s][info][gc] GC(626) Pause Young (Allocation Failure) 364M->364M(494M) 0.036ms
[91.955s][info][gc] GC(627) Pause Full (Allocation Failure) 364M->246M(494M) 134.738ms
[92.074s][info][gc] GC(628) Pause Young (Allocation Failure) 382M->382M(494M) 0.037ms
[92.199s][info][gc] GC(629) Pause Full (Allocation Failure) 382M->241M(494M) 123.936ms
[92.298s][info][gc] GC(630) Pause Young (Allocation Failure) 377M->377M(494M) 0.032ms
[92.415s][info][gc] GC(631) Pause Full (Allocation Failure) 377M->236M(494M) 117.402ms
[92.441s][info][gc] GC(632) Pause Young (Allocation Failure) 372M->372M(494M) 0.033ms
[92.572s][info][gc] GC(633) Pause Full (Allocation Failure) 372M->246M(494M) 130.940ms
[92.679s][info][gc] GC(634) Pause Young (Allocation Failure) 382M->382M(494M) 0.033ms
[92.804s][info][gc] GC(635) Pause Full (Allocation Failure) 382M->241M(494M) 124.093ms
[92.904s][info][gc] GC(636) Pause Young (Allocation Failure) 377M->377M(494M) 0.040ms
[93.028s][info][gc] GC(637) Pause Full (Allocation Failure) 377M->236M(494M) 124.241ms
[93.058s][info][gc] GC(638) Pause Young (Allocation Failure) 372M->372M(494M) 0.033ms
[93.193s][info][gc] GC(639) Pause Full (Allocation Failure) 372M->247M(494M) 134.761ms
[93.315s][info][gc] GC(640) Pause Young (Allocation Failure) 384M->384M(494M) 0.037ms
[93.458s][info][gc] GC(641) Pause Full (Allocation Failure) 384M->241M(494M) 142.089ms
[93.567s][info][gc] GC(642) Pause Young (Allocation Failure) 377M->377M(494M) 0.032ms
[93.675s][info][gc] GC(643) Pause Full (Allocation Failure) 377M->236M(494M) 107.333ms
[93.701s][info][gc] GC(644) Pause Young (Allocation Failure) 372M->372M(494M) 0.033ms
[93.831s][info][gc] GC(645) Pause Full (Allocation Failure) 372M->246M(494M) 129.735ms
[93.968s][info][gc] GC(646) Pause Young (Allocation Failure) 382M->382M(494M) 0.035ms
[94.089s][info][gc] GC(647) Pause Full (Allocation Failure) 382M->241M(494M) 120.276ms
[94.186s][info][gc] GC(648) Pause Young (Allocation Failure) 377M->377M(494M) 0.034ms
[94.302s][info][gc] GC(649) Pause Full (Allocation Failure) 377M->236M(494M) 116.206ms
[94.329s][info][gc] GC(650) Pause Young (Allocation Failure) 372M->372M(494M) 0.035ms
[94.461s][info][gc] GC(651) Pause Full (Allocation Failure) 372M->246M(494M) 132.339ms
[94.575s][info][gc] GC(652) Pause Young (Allocation Failure) 382M->382M(494M) 0.038ms
[94.707s][info][gc] GC(653) Pause Full (Allocation Failure) 382M->241M(494M) 131.457ms
[94.803s][info][gc] GC(654) Pause Young (Allocation Failure) 378M->378M(494M) 0.033ms
[94.929s][info][gc] GC(655) Pause Full (Allocation Failure) 378M->236M(494M) 126.166ms
[94.958s][info][gc] GC(656) Pause Young (Allocation Failure) 373M->373M(494M) 0.126ms
[95.092s][info][gc] GC(657) Pause Full (Allocation Failure) 373M->246M(494M) 133.194ms
[95.194s][info][gc] GC(658) Pause Young (Allocation Failure) 382M->382M(494M) 0.031ms
[95.340s][info][gc] GC(659) Pause Full (Allocation Failure) 382M->241M(494M) 144.931ms
[95.467s][info][gc] GC(660) Pause Young (Allocation Failure) 377M->377M(494M) 0.033ms
[95.579s][info][gc] GC(661) Pause Full (Allocation Failure) 377M->236M(494M) 111.089ms
[95.606s][info][gc] GC(662) Pause Young (Allocation Failure) 372M->372M(494M) 0.033ms
[95.743s][info][gc] GC(663) Pause Full (Allocation Failure) 372M->246M(494M) 137.317ms
[95.865s][info][gc] GC(664) Pause Young (Allocation Failure) 383M->383M(494M) 0.036ms
[95.989s][info][gc] GC(665) Pause Full (Allocation Failure) 383M->241M(494M) 124.649ms
[96.093s][info][gc] GC(666) Pause Young (Allocation Failure) 377M->377M(494M) 0.032ms
[96.219s][info][gc] GC(667) Pause Full (Allocation Failure) 377M->236M(494M) 126.012ms
[96.248s][info][gc] GC(668) Pause Young (Allocation Failure) 372M->372M(494M) 0.033ms
[96.389s][info][gc] GC(669) Pause Full (Allocation Failure) 372M->246M(494M) 140.610ms
[96.509s][info][gc] GC(670) Pause Young (Allocation Failure) 383M->383M(494M) 0.038ms
[96.639s][info][gc] GC(671) Pause Full (Allocation Failure) 383M->241M(494M) 129.730ms
[96.755s][info][gc] GC(672) Pause Young (Allocation Failure) 378M->378M(494M) 0.037ms
[96.858s][info][gc] GC(673) Pause Full (Allocation Failure) 378M->236M(494M) 102.150ms
[96.884s][info][gc] GC(674) Pause Young (Allocation Failure) 372M->372M(494M) 0.031ms
[97.019s][info][gc] GC(675) Pause Full (Allocation Failure) 372M->246M(494M) 134.302ms
[97.156s][info][gc] GC(676) Pause Young (Allocation Failure) 383M->383M(494M) 0.036ms
[97.276s][info][gc] GC(677) Pause Full (Allocation Failure) 383M->243M(494M) 120.363ms
[97.388s][info][gc] GC(678) Pause Young (Allocation Failure) 379M->379M(494M) 0.036ms
[97.506s][info][gc] GC(679) Pause Full (Allocation Failure) 379M->238M(494M) 117.720ms
[97.532s][info][gc] GC(680) Pause Young (Allocation Failure) 374M->374M(494M) 0.035ms
[97.664s][info][gc] GC(681) Pause Full (Allocation Failure) 374M->246M(494M) 132.105ms
[97.786s][info][gc] GC(682) Pause Young (Allocation Failure) 383M->383M(494M) 0.036ms
[97.913s][info][gc] GC(683) Pause Full (Allocation Failure) 383M->241M(494M) 125.843ms
[98.017s][info][gc] GC(684) Pause Young (Allocation Failure) 378M->378M(494M) 0.031ms
[98.143s][info][gc] GC(685) Pause Full (Allocation Failure) 378M->236M(494M) 126.440ms
[98.169s][info][gc] GC(686) Pause Young (Allocation Failure) 373M->373M(494M) 0.031ms
[98.344s][info][gc] GC(687) Pause Full (Allocation Failure) 373M->247M(494M) 174.830ms
[98.463s][info][gc] GC(688) Pause Young (Allocation Failure) 383M->383M(494M) 0.034ms
[98.607s][info][gc] GC(689) Pause Full (Allocation Failure) 383M->241M(494M) 143.746ms
[98.743s][info][gc] GC(690) Pause Young (Allocation Failure) 378M->378M(494M) 0.035ms
[98.847s][info][gc] GC(691) Pause Full (Allocation Failure) 378M->236M(494M) 103.089ms
[98.875s][info][gc] GC(692) Pause Young (Allocation Failure) 373M->373M(494M) 0.041ms
[99.014s][info][gc] GC(693) Pause Full (Allocation Failure) 373M->246M(494M) 138.135ms
[99.117s][info][gc] GC(694) Pause Young (Allocation Failure) 383M->383M(494M) 0.041ms
[99.269s][info][gc] GC(695) Pause Full (Allocation Failure) 383M->242M(494M) 151.419ms
[99.378s][info][gc] GC(696) Pause Young (Allocation Failure) 378M->378M(494M) 0.035ms
[99.497s][info][gc] GC(697) Pause Full (Allocation Failure) 378M->236M(494M) 118.625ms
[99.525s][info][gc] GC(698) Pause Young (Allocation Failure) 373M->373M(494M) 0.035ms
[99.658s][info][gc] GC(699) Pause Full (Allocation Failure) 373M->247M(494M) 132.662ms
[99.774s][info][gc] GC(700) Pause Young (Allocation Failure) 383M->383M(494M) 0.035ms
[99.896s][info][gc] GC(701) Pause Full (Allocation Failure) 383M->241M(494M) 121.350ms
[99.999s][info][gc] GC(702) Pause Young (Allocation Failure) 378M->378M(494M) 0.035ms
[100.132s][info][gc] GC(703) Pause Full (Allocation Failure) 378M->236M(494M) 131.968ms
[100.163s][info][gc] GC(704) Pause Young (Allocation Failure) 373M->373M(494M) 0.031ms
[100.298s][info][gc] GC(705) Pause Full (Allocation Failure) 373M->247M(494M) 135.442ms
[100.404s][info][gc] GC(706) Pause Young (Allocation Failure) 383M->383M(494M) 0.037ms
[100.542s][info][gc] GC(707) Pause Full (Allocation Failure) 383M->242M(494M) 137.662ms
[100.659s][info][gc] GC(708) Pause Young (Allocation Failure) 378M->378M(494M) 0.033ms
[100.764s][info][gc] GC(709) Pause Full (Allocation Failure) 378M->237M(494M) 104.785ms
[100.791s][info][gc] GC(710) Pause Young (Allocation Failure) 373M->373M(494M) 0.038ms
[100.943s][info][gc] GC(711) Pause Full (Allocation Failure) 373M->252M(494M) 152.236ms
[101.065s][info][gc] GC(712) Pause Young (Allocation Failure) 388M->388M(494M) 0.033ms
[101.195s][info][gc] GC(713) Pause Full (Allocation Failure) 388M->242M(494M) 129.993ms
[101.301s][info][gc] GC(714) Pause Young (Allocation Failure) 378M->378M(494M) 0.042ms
[101.429s][info][gc] GC(715) Pause Full (Allocation Failure) 378M->237M(494M) 126.799ms
[101.459s][info][gc] GC(716) Pause Young (Allocation Failure) 373M->373M(494M) 0.039ms
[101.601s][info][gc] GC(717) Pause Full (Allocation Failure) 373M->247M(494M) 141.586ms
[101.711s][info][gc] GC(718) Pause Young (Allocation Failure) 383M->383M(494M) 0.034ms
[101.855s][info][gc] GC(719) Pause Full (Allocation Failure) 383M->242M(494M) 143.796ms
[101.977s][info][gc] GC(720) Pause Young (Allocation Failure) 378M->378M(494M) 0.063ms
[102.103s][info][gc] GC(721) Pause Full (Allocation Failure) 378M->236M(494M) 125.850ms
[102.131s][info][gc] GC(722) Pause Young (Allocation Failure) 373M->373M(494M) 0.033ms
[102.277s][info][gc] GC(723) Pause Full (Allocation Failure) 373M->247M(494M) 143.326ms
[102.398s][info][gc] GC(724) Pause Young (Allocation Failure) 383M->383M(494M) 0.036ms
[102.541s][info][gc] GC(725) Pause Full (Allocation Failure) 383M->242M(494M) 142.669ms
[102.658s][info][gc] GC(726) Pause Young (Allocation Failure) 378M->378M(494M) 0.036ms
[102.774s][info][gc] GC(727) Pause Full (Allocation Failure) 378M->237M(494M) 115.845ms
[102.802s][info][gc] GC(728) Pause Young (Allocation Failure) 373M->373M(494M) 0.039ms
[102.942s][info][gc] GC(729) Pause Full (Allocation Failure) 373M->247M(494M) 139.508ms
[103.068s][info][gc] GC(730) Pause Young (Allocation Failure) 383M->383M(494M) 0.039ms
[103.196s][info][gc] GC(731) Pause Full (Allocation Failure) 383M->259M(494M) 127.045ms
[103.302s][info][gc] GC(732) Pause Young (Allocation Failure) 395M->395M(494M) 0.035ms
[103.431s][info][gc] GC(733) Pause Full (Allocation Failure) 395M->254M(494M) 128.746ms
[103.466s][info][gc] GC(734) Pause Young (Allocation Failure) 390M->390M(494M) 0.030ms
[103.625s][info][gc] GC(735) Pause Full (Allocation Failure) 390M->264M(494M) 158.161ms
