[0.003s][info][gc] Using Serial
[0.094s][info][gc] GC(0) Pause Young (Allocation Failure) 5M->1M(15M) 1.739ms
[0.188s][info][gc] GC(1) Pause Young (Allocation Failure) 6M->2M(15M) 1.970ms
[0.373s][info][gc] GC(2) Pause Young (Allocation Failure) 6M->3M(15M) 2.254ms
[0.391s][info][gc] GC(3) Pause Young (Allocation Failure) 7M->3M(15M) 1.697ms
[0.571s][info][gc] GC(4) Pause Young (Allocation Failure) 7M->4M(15M) 1.558ms
[0.763s][info][gc] GC(5) Pause Young (Allocation Failure) 8M->4M(15M) 1.488ms
[0.875s][info][gc] GC(6) Pause Young (Allocation Failure) 8M->4M(15M) 1.020ms
[0.996s][info][gc] GC(7) Pause Young (Allocation Failure) 9M->5M(15M) 1.146ms
[1.170s][info][gc] GC(8) Pause Young (Allocation Failure) 9M->5M(15M) 1.156ms
[1.294s][info][gc] GC(9) Pause Young (Allocation Failure) 9M->5M(15M) 1.082ms
[1.410s][info][gc] GC(10) Pause Young (Allocation Failure) 9M->5M(15M) 1.244ms
[1.555s][info][gc] GC(11) Pause Young (Allocation Failure) 10M->6M(15M) 1.409ms
[1.635s][info][gc] GC(12) Pause Young (Allocation Failure) 10M->6M(15M) 1.690ms
[1.766s][info][gc] GC(13) Pause Young (Allocation Failure) 10M->6M(15M) 1.447ms
[1.847s][info][gc] GC(14) Pause Young (Allocation Failure) 11M->6M(15M) 2.225ms
[1.915s][info][gc] GC(15) Pause Young (Allocation Failure) 11M->7M(15M) 1.020ms
[2.003s][info][gc] GC(16) Pause Young (Allocation Failure) 11M->7M(15M) 1.399ms
[2.099s][info][gc] GC(17) Pause Young (Allocation Failure) 11M->7M(15M) 1.517ms
[2.191s][info][gc] GC(18) Pause Young (Allocation Failure) 11M->8M(15M) 1.949ms
[2.216s][info][gc] GC(19) Pause Young (Allocation Failure) 12M->8M(15M) 1.338ms
[2.287s][info][gc] GC(20) Pause Young (Allocation Failure) 12M->8M(15M) 0.603ms
[2.376s][info][gc] GC(21) Pause Young (Allocation Failure) 12M->8M(15M) 1.358ms
[2.475s][info][gc] GC(22) Pause Young (Allocation Failure) 13M->9M(15M) 1.624ms
[2.579s][info][gc] GC(23) Pause Young (Allocation Failure) 13M->9M(15M) 1.573ms
[2.686s][info][gc] GC(24) Pause Young (Allocation Failure) 13M->9M(15M) 1.408ms
[2.727s][info][gc] GC(25) Pause Young (Allocation Failure) 14M->10M(15M) 1.199ms
[2.819s][info][gc] GC(26) Pause Young (Allocation Failure) 14M->10M(15M) 1.046ms
[2.874s][info][gc] GC(27) Pause Young (Allocation Failure) 14M->10M(15M) 1.347ms
[2.982s][info][gc] GC(28) Pause Young (Allocation Failure) 14M->10M(15M) 1.637ms
[3.070s][info][gc] GC(29) Pause Young (Allocation Failure) 15M->10M(15M) 1.628ms
[3.089s][info][gc] GC(30) Pause Full (Allocation Failure) 10M->9M(22M) 18.888ms
[3.207s][info][gc] GC(31) Pause Young (Allocation Failure) 15M->9M(22M) 1.367ms
[3.385s][info][gc] GC(32) Pause Young (Allocation Failure) 16M->10M(22M) 1.544ms
[3.555s][info][gc] GC(33) Pause Young (Allocation Failure) 16M->10M(22M) 38.845ms
[3.693s][info][gc] GC(34) Pause Young (Allocation Failure) 17M->11M(22M) 2.585ms
[3.877s][info][gc] GC(35) Pause Young (Allocation Failure) 17M->11M(22M) 2.432ms
[4.003s][info][gc] GC(36) Pause Young (Allocation Failure) 18M->12M(22M) 2.586ms
[4.159s][info][gc] GC(37) Pause Young (Allocation Failure) 18M->13M(22M) 2.582ms
[4.280s][info][gc] GC(38) Pause Young (Allocation Failure) 19M->14M(22M) 3.418ms
[4.395s][info][gc] GC(39) Pause Young (Allocation Failure) 20M->14M(22M) 2.793ms
[4.508s][info][gc] GC(40) Pause Young (Allocation Failure) 21M->15M(22M) 2.255ms
[4.796s][info][gc] GC(41) Pause Young (Allocation Failure) 21M->15M(22M) 1.753ms
[4.874s][info][gc] GC(42) Pause Young (Allocation Failure) 21M->15M(22M) 1.104ms
[4.971s][info][gc] GC(43) Pause Young (Allocation Failure) 22M->15M(22M) 1.465ms
[5.007s][info][gc] GC(44) Pause Full (Metadata GC Threshold) 16M->15M(37M) 27.874ms
[5.269s][info][gc] GC(45) Pause Young (Allocation Failure) 25M->16M(37M) 2.753ms
[5.404s][info][gc] GC(46) Pause Young (Allocation Failure) 26M->17M(37M) 2.887ms
[5.693s][info][gc] GC(47) Pause Young (Allocation Failure) 27M->18M(37M) 3.477ms
[5.973s][info][gc] GC(48) Pause Young (Allocation Failure) 28M->19M(37M) 4.450ms
[6.203s][info][gc] GC(49) Pause Young (Allocation Failure) 29M->20M(37M) 3.920ms
[6.496s][info][gc] GC(50) Pause Young (Allocation Failure) 30M->21M(37M) 4.426ms
[7.533s][info][gc] GC(51) Pause Young (Allocation Failure) 32M->23M(37M) 15.499ms
[13.018s][info][gc] GC(52) Pause Young (Allocation Failure) 34M->24M(37M) 4.953ms
[13.159s][info][gc] GC(53) Pause Young (Allocation Failure) 35M->34M(45M) 54.320ms
[13.207s][info][gc] GC(54) Pause Full (Allocation Failure) 34M->33M(81M) 48.204ms
[13.780s][info][gc] GC(55) Pause Young (Allocation Failure) 56M->44M(81M) 17.896ms
[14.275s][info][gc] GC(56) Pause Young (Allocation Failure) 67M->57M(81M) 11.747ms
[14.559s][info][gc] GC(57) Pause Young (Allocation Failure) 80M->72M(95M) 83.239ms
[14.618s][info][gc] GC(58) Pause Full (Allocation Failure) 72M->68M(164M) 59.036ms
[15.087s][info][gc] GC(59) Pause Young (Allocation Failure) 113M->90M(164M) 17.470ms
[15.380s][info][gc] GC(60) Pause Young (Allocation Failure) 136M->103M(164M) 14.185ms
[15.697s][info][gc] GC(61) Pause Young (Allocation Failure) 149M->123M(169M) 21.947ms
[15.800s][info][gc] GC(62) Pause Full (Allocation Failure) 123M->84M(204M) 101.750ms
[16.079s][info][gc] GC(63) Pause Young (Allocation Failure) 140M->117M(204M) 16.111ms
[16.315s][info][gc] GC(64) Pause Young (Allocation Failure) 173M->147M(204M) 30.621ms
[16.428s][info][gc] GC(65) Pause Full (Allocation Failure) 147M->88M(213M) 73.718ms
[16.772s][info][gc] GC(66) Pause Young (Allocation Failure) 147M->116M(213M) 10.690ms
[16.983s][info][gc] GC(67) Pause Young (Allocation Failure) 175M->146M(213M) 12.984ms
[17.212s][info][gc] GC(68) Pause Young (Allocation Failure) 205M->177M(236M) 28.488ms
[17.318s][info][gc] GC(69) Pause Full (Allocation Failure) 177M->90M(217M) 105.868ms
[17.566s][info][gc] GC(70) Pause Young (Allocation Failure) 150M->124M(217M) 87.880ms
[17.982s][info][gc] GC(71) Pause Young (Allocation Failure) 184M->151M(217M) 12.882ms
[18.283s][info][gc] GC(72) Pause Young (Allocation Failure) 211M->181M(242M) 25.392ms
[18.371s][info][gc] GC(73) Pause Full (Allocation Failure) 181M->81M(217M) 86.860ms
[18.690s][info][gc] GC(74) Pause Young (Allocation Failure) 141M->110M(217M) 10.768ms
[18.887s][info][gc] GC(75) Pause Young (Allocation Failure) 170M->140M(217M) 14.276ms
[19.070s][info][gc] GC(76) Pause Young (Allocation Failure) 201M->172M(232M) 76.824ms
[19.141s][info][gc] GC(77) Pause Full (Allocation Failure) 172M->86M(217M) 70.660ms
[19.366s][info][gc] GC(78) Pause Young (Allocation Failure) 146M->122M(217M) 59.690ms
[19.600s][info][gc] GC(79) Pause Young (Allocation Failure) 182M->148M(217M) 14.514ms
[19.783s][info][gc] GC(80) Pause Young (Allocation Failure) 209M->179M(240M) 24.986ms
[19.862s][info][gc] GC(81) Pause Full (Allocation Failure) 179M->83M(217M) 79.650ms
[20.091s][info][gc] GC(82) Pause Young (Allocation Failure) 143M->114M(217M) 10.540ms
[20.379s][info][gc] GC(83) Pause Young (Allocation Failure) 174M->144M(217M) 12.808ms
[20.685s][info][gc] GC(84) Pause Young (Allocation Failure) 204M->168M(228M) 15.601ms
[20.772s][info][gc] GC(85) Pause Full (Allocation Failure) 168M->81M(217M) 86.119ms
[20.891s][info][gc] GC(86) Pause Young (Allocation Failure) 142M->113M(217M) 9.847ms
[21.067s][info][gc] GC(87) Pause Young (Allocation Failure) 173M->144M(217M) 35.060ms
[21.384s][info][gc] GC(88) Pause Young (Allocation Failure) 204M->168M(228M) 17.784ms
[21.528s][info][gc] GC(89) Pause Full (Allocation Failure) 168M->69M(217M) 144.138ms
[21.686s][info][gc] GC(90) Pause Young (Allocation Failure) 129M->98M(217M) 10.429ms
[21.794s][info][gc] GC(91) Pause Young (Allocation Failure) 158M->128M(217M) 14.594ms
[21.997s][info][gc] GC(92) Pause Young (Allocation Failure) 188M->154M(217M) 15.779ms
[22.165s][info][gc] GC(93) Pause Young (Allocation Failure) 215M->185M(245M) 77.558ms
[22.232s][info][gc] GC(94) Pause Full (Allocation Failure) 185M->88M(217M) 66.381ms
[22.455s][info][gc] GC(95) Pause Young (Allocation Failure) 148M->119M(217M) 69.013ms
[22.593s][info][gc] GC(96) Pause Young (Allocation Failure) 179M->159M(219M) 16.887ms
[22.677s][info][gc] GC(97) Pause Full (Allocation Failure) 159M->78M(217M) 82.753ms
[22.793s][info][gc] GC(98) Pause Young (Allocation Failure) 138M->120M(217M) 13.665ms
[22.973s][info][gc] GC(99) Pause Young (Allocation Failure) 180M->147M(217M) 11.679ms
[23.163s][info][gc] GC(100) Pause Young (Allocation Failure) 207M->176M(236M) 76.110ms
[23.226s][info][gc] GC(101) Pause Full (Allocation Failure) 176M->85M(217M) 62.241ms
[23.475s][info][gc] GC(102) Pause Young (Allocation Failure) 145M->115M(217M) 10.317ms
[23.669s][info][gc] GC(103) Pause Young (Allocation Failure) 175M->143M(217M) 48.533ms
[23.884s][info][gc] GC(104) Pause Young (Allocation Failure) 203M->172M(232M) 18.666ms
[23.964s][info][gc] GC(105) Pause Full (Allocation Failure) 172M->77M(217M) 79.611ms
[24.091s][info][gc] GC(106) Pause Young (Allocation Failure) 137M->120M(217M) 13.732ms
[24.275s][info][gc] GC(107) Pause Young (Allocation Failure) 180M->148M(217M) 11.578ms
[24.491s][info][gc] GC(108) Pause Young (Allocation Failure) 208M->174M(234M) 18.822ms
[24.572s][info][gc] GC(109) Pause Full (Allocation Failure) 174M->80M(217M) 80.137ms
[24.677s][info][gc] GC(110) Pause Young (Allocation Failure) 141M->110M(217M) 9.811ms
[24.819s][info][gc] GC(111) Pause Young (Allocation Failure) 170M->139M(217M) 12.880ms
[25.002s][info][gc] GC(112) Pause Young (Allocation Failure) 199M->154M(217M) 10.678ms
[25.191s][info][gc] GC(113) Pause Young (Allocation Failure) 214M->166M(226M) 12.319ms
[25.254s][info][gc] GC(114) Pause Full (Allocation Failure) 166M->81M(217M) 62.485ms
[25.353s][info][gc] GC(115) Pause Young (Allocation Failure) 141M->112M(217M) 11.951ms
[25.524s][info][gc] GC(116) Pause Young (Allocation Failure) 172M->132M(217M) 12.763ms
[25.631s][info][gc] GC(117) Pause Young (Allocation Failure) 192M->159M(219M) 14.444ms
[25.691s][info][gc] GC(118) Pause Full (Allocation Failure) 159M->81M(217M) 58.839ms
[25.791s][info][gc] GC(119) Pause Young (Allocation Failure) 141M->112M(217M) 11.569ms
[25.990s][info][gc] GC(120) Pause Young (Allocation Failure) 172M->120M(217M) 8.522ms
[26.242s][info][gc] GC(121) Pause Young (Allocation Failure) 180M->130M(217M) 8.511ms
[26.552s][info][gc] GC(122) Pause Young (Allocation Failure) 190M->132M(217M) 6.793ms
[26.862s][info][gc] GC(123) Pause Young (Allocation Failure) 192M->132M(217M) 5.443ms
[27.155s][info][gc] GC(124) Pause Young (Allocation Failure) 192M->151M(217M) 42.629ms
[27.286s][info][gc] GC(125) Pause Young (Allocation Failure) 212M->182M(242M) 25.729ms
[27.363s][info][gc] GC(126) Pause Full (Allocation Failure) 182M->71M(217M) 76.581ms
[27.470s][info][gc] GC(127) Pause Young (Allocation Failure) 131M->102M(217M) 12.610ms
[27.657s][info][gc] GC(128) Pause Young (Allocation Failure) 162M->121M(217M) 11.493ms
[27.880s][info][gc] GC(129) Pause Young (Allocation Failure) 181M->136M(217M) 10.535ms
[28.000s][info][gc] GC(130) Pause Young (Allocation Failure) 196M->163M(223M) 16.671ms
[28.107s][info][gc] GC(131) Pause Full (Allocation Failure) 163M->78M(217M) 106.954ms
[28.259s][info][gc] GC(132) Pause Young (Allocation Failure) 139M->108M(217M) 25.823ms
[28.394s][info][gc] GC(133) Pause Young (Allocation Failure) 168M->136M(217M) 15.709ms
[28.603s][info][gc] GC(134) Pause Young (Allocation Failure) 196M->147M(217M) 10.940ms
[28.801s][info][gc] GC(135) Pause Young (Allocation Failure) 207M->153M(217M) 7.528ms
[28.988s][info][gc] GC(136) Pause Young (Allocation Failure) 214M->157M(218M) 6.665ms
[29.042s][info][gc] GC(137) Pause Full (Allocation Failure) 157M->84M(217M) 53.656ms
[29.188s][info][gc] GC(138) Pause Young (Allocation Failure) 144M->101M(217M) 8.802ms
[29.336s][info][gc] GC(139) Pause Young (Allocation Failure) 161M->127M(217M) 13.003ms
[29.475s][info][gc] GC(140) Pause Young (Allocation Failure) 187M->155M(217M) 14.500ms
[29.616s][info][gc] GC(141) Pause Young (Allocation Failure) 215M->183M(243M) 27.046ms
[29.677s][info][gc] GC(142) Pause Full (Allocation Failure) 183M->86M(217M) 60.677ms
[29.831s][info][gc] GC(143) Pause Young (Allocation Failure) 146M->116M(217M) 11.878ms
[30.018s][info][gc] GC(144) Pause Young (Allocation Failure) 176M->143M(217M) 16.511ms
[30.183s][info][gc] GC(145) Pause Young (Allocation Failure) 204M->171M(231M) 18.272ms
[30.242s][info][gc] GC(146) Pause Full (Allocation Failure) 171M->77M(217M) 58.409ms
[30.363s][info][gc] GC(147) Pause Young (Allocation Failure) 137M->107M(217M) 11.450ms
[30.524s][info][gc] GC(148) Pause Young (Allocation Failure) 168M->121M(217M) 10.858ms
[30.708s][info][gc] GC(149) Pause Young (Allocation Failure) 181M->132M(217M) 9.308ms
[30.888s][info][gc] GC(150) Pause Young (Allocation Failure) 192M->154M(217M) 13.794ms
[31.089s][info][gc] GC(151) Pause Young (Allocation Failure) 214M->164M(224M) 13.378ms
[31.156s][info][gc] GC(152) Pause Full (Allocation Failure) 164M->78M(217M) 66.902ms
[31.259s][info][gc] GC(153) Pause Young (Allocation Failure) 138M->107M(217M) 13.461ms
[31.394s][info][gc] GC(154) Pause Young (Allocation Failure) 168M->135M(217M) 15.414ms
[31.531s][info][gc] GC(155) Pause Young (Allocation Failure) 195M->163M(223M) 19.792ms
[31.594s][info][gc] GC(156) Pause Full (Allocation Failure) 163M->77M(217M) 62.668ms
[31.695s][info][gc] GC(157) Pause Young (Allocation Failure) 137M->107M(217M) 12.968ms
[31.827s][info][gc] GC(158) Pause Young (Allocation Failure) 167M->135M(217M) 14.783ms
[31.970s][info][gc] GC(159) Pause Young (Allocation Failure) 195M->163M(223M) 18.120ms
[32.037s][info][gc] GC(160) Pause Full (Allocation Failure) 163M->85M(217M) 66.646ms
[32.140s][info][gc] GC(161) Pause Young (Allocation Failure) 145M->116M(217M) 13.501ms
[32.270s][info][gc] GC(162) Pause Young (Allocation Failure) 176M->137M(217M) 13.833ms
[32.406s][info][gc] GC(163) Pause Young (Allocation Failure) 197M->157M(217M) 13.460ms
[32.548s][info][gc] GC(164) Pause Young (Allocation Failure) 217M->184M(244M) 23.111ms
[32.611s][info][gc] GC(165) Pause Full (Allocation Failure) 184M->77M(217M) 63.069ms
[32.724s][info][gc] GC(166) Pause Young (Allocation Failure) 137M->108M(217M) 13.572ms
[32.896s][info][gc] GC(167) Pause Young (Allocation Failure) 168M->123M(217M) 11.275ms
[33.078s][info][gc] GC(168) Pause Young (Allocation Failure) 183M->136M(217M) 11.380ms
[33.260s][info][gc] GC(169) Pause Young (Allocation Failure) 196M->149M(217M) 10.440ms
[33.454s][info][gc] GC(170) Pause Young (Allocation Failure) 209M->162M(222M) 12.447ms
[33.515s][info][gc] GC(171) Pause Full (Allocation Failure) 162M->85M(217M) 60.783ms
[33.615s][info][gc] GC(172) Pause Young (Allocation Failure) 146M->116M(217M) 11.918ms
[33.749s][info][gc] GC(173) Pause Young (Allocation Failure) 176M->136M(217M) 12.121ms
[33.889s][info][gc] GC(174) Pause Young (Allocation Failure) 196M->163M(224M) 17.942ms
[33.948s][info][gc] GC(175) Pause Full (Allocation Failure) 163M->84M(217M) 59.535ms
[34.070s][info][gc] GC(176) Pause Young (Allocation Failure) 144M->115M(217M) 13.760ms
[34.236s][info][gc] GC(177) Pause Young (Allocation Failure) 175M->129M(217M) 11.304ms
[34.424s][info][gc] GC(178) Pause Young (Allocation Failure) 189M->147M(217M) 12.448ms
[34.614s][info][gc] GC(179) Pause Young (Allocation Failure) 207M->168M(228M) 20.673ms
[34.671s][info][gc] GC(180) Pause Full (Allocation Failure) 168M->81M(217M) 57.157ms
[34.813s][info][gc] GC(181) Pause Young (Allocation Failure) 141M->96M(217M) 6.732ms
[34.935s][info][gc] GC(182) Pause Young (Allocation Failure) 156M->121M(217M) 11.973ms
[35.041s][info][gc] GC(183) Pause Young (Allocation Failure) 181M->149M(217M) 14.161ms
[35.191s][info][gc] GC(184) Pause Young (Allocation Failure) 209M->177M(237M) 23.668ms
[35.252s][info][gc] GC(185) Pause Full (Allocation Failure) 177M->77M(217M) 60.239ms
[35.372s][info][gc] GC(186) Pause Young (Allocation Failure) 137M->108M(217M) 12.332ms
[35.533s][info][gc] GC(187) Pause Young (Allocation Failure) 168M->122M(217M) 11.023ms
[35.727s][info][gc] GC(188) Pause Young (Allocation Failure) 182M->133M(217M) 8.466ms
[35.872s][info][gc] GC(189) Pause Young (Allocation Failure) 193M->154M(217M) 10.798ms
[36.013s][info][gc] GC(190) Pause Young (Allocation Failure) 215M->184M(244M) 23.861ms
[36.083s][info][gc] GC(191) Pause Full (Allocation Failure) 184M->83M(217M) 69.324ms
[36.191s][info][gc] GC(192) Pause Young (Allocation Failure) 143M->113M(217M) 12.046ms
[36.402s][info][gc] GC(193) Pause Young (Allocation Failure) 173M->140M(217M) 12.276ms
[36.574s][info][gc] GC(194) Pause Young (Allocation Failure) 200M->167M(228M) 15.063ms
[36.628s][info][gc] GC(195) Pause Full (Allocation Failure) 167M->83M(217M) 53.722ms
[36.764s][info][gc] GC(196) Pause Young (Allocation Failure) 143M->113M(217M) 11.651ms
[36.966s][info][gc] GC(197) Pause Young (Allocation Failure) 173M->125M(217M) 10.375ms
[37.197s][info][gc] GC(198) Pause Young (Allocation Failure) 185M->131M(217M) 8.207ms
[37.386s][info][gc] GC(199) Pause Young (Allocation Failure) 191M->135M(217M) 6.936ms
[37.583s][info][gc] GC(200) Pause Young (Allocation Failure) 195M->141M(217M) 7.740ms
[37.811s][info][gc] GC(201) Pause Young (Allocation Failure) 201M->150M(217M) 8.654ms
[38.002s][info][gc] GC(202) Pause Young (Allocation Failure) 210M->155M(217M) 8.043ms
[38.193s][info][gc] GC(203) Pause Young (Allocation Failure) 215M->159M(220M) 8.082ms
[38.248s][info][gc] GC(204) Pause Full (Allocation Failure) 159M->82M(217M) 54.813ms
[38.398s][info][gc] GC(205) Pause Young (Allocation Failure) 142M->98M(217M) 8.635ms
[38.629s][info][gc] GC(206) Pause Young (Allocation Failure) 158M->107M(217M) 8.363ms
[38.776s][info][gc] GC(207) Pause Young (Allocation Failure) 167M->130M(217M) 11.437ms
[38.973s][info][gc] GC(208) Pause Young (Allocation Failure) 190M->158M(218M) 13.695ms
[39.033s][info][gc] GC(209) Pause Full (Allocation Failure) 158M->77M(217M) 59.140ms
[39.152s][info][gc] GC(210) Pause Young (Allocation Failure) 137M->108M(217M) 11.862ms
[39.320s][info][gc] GC(211) Pause Young (Allocation Failure) 168M->122M(217M) 10.630ms
[39.509s][info][gc] GC(212) Pause Young (Allocation Failure) 182M->135M(217M) 15.231ms
[39.734s][info][gc] GC(213) Pause Young (Allocation Failure) 196M->150M(217M) 10.387ms
[39.931s][info][gc] GC(214) Pause Young (Allocation Failure) 210M->158M(218M) 8.626ms
[39.989s][info][gc] GC(215) Pause Full (Allocation Failure) 158M->82M(217M) 57.852ms
[40.085s][info][gc] GC(216) Pause Young (Allocation Failure) 142M->112M(217M) 12.577ms
[40.217s][info][gc] GC(217) Pause Young (Allocation Failure) 172M->140M(217M) 13.377ms
[40.356s][info][gc] GC(218) Pause Young (Allocation Failure) 200M->168M(228M) 19.922ms
[40.420s][info][gc] GC(219) Pause Full (Allocation Failure) 168M->80M(217M) 64.569ms
[40.532s][info][gc] GC(220) Pause Young (Allocation Failure) 141M->110M(217M) 11.905ms
[40.664s][info][gc] GC(221) Pause Young (Allocation Failure) 171M->138M(217M) 13.545ms
[40.797s][info][gc] GC(222) Pause Young (Allocation Failure) 198M->167M(227M) 16.495ms
[40.855s][info][gc] GC(223) Pause Full (Allocation Failure) 167M->85M(217M) 57.485ms
[40.956s][info][gc] GC(224) Pause Young (Allocation Failure) 146M->115M(217M) 11.934ms
[41.091s][info][gc] GC(225) Pause Young (Allocation Failure) 175M->143M(217M) 14.476ms
[41.221s][info][gc] GC(226) Pause Young (Allocation Failure) 203M->172M(233M) 19.296ms
[41.287s][info][gc] GC(227) Pause Full (Allocation Failure) 172M->78M(217M) 64.744ms
[41.439s][info][gc] GC(228) Pause Young (Allocation Failure) 139M->106M(217M) 11.740ms
[41.604s][info][gc] GC(229) Pause Young (Allocation Failure) 166M->133M(217M) 14.744ms
[41.824s][info][gc] GC(230) Pause Young (Allocation Failure) 194M->157M(218M) 14.693ms
[41.888s][info][gc] GC(231) Pause Full (Allocation Failure) 157M->86M(217M) 63.600ms
[42.006s][info][gc] GC(232) Pause Young (Allocation Failure) 146M->120M(217M) 13.466ms
[42.140s][info][gc] GC(233) Pause Young (Allocation Failure) 180M->149M(217M) 15.401ms
[42.266s][info][gc] GC(234) Pause Young (Allocation Failure) 209M->171M(231M) 17.739ms
[42.328s][info][gc] GC(235) Pause Full (Allocation Failure) 171M->82M(217M) 61.704ms
[42.438s][info][gc] GC(236) Pause Young (Allocation Failure) 142M->113M(217M) 12.810ms
[42.566s][info][gc] GC(237) Pause Young (Allocation Failure) 173M->136M(217M) 12.553ms
[42.705s][info][gc] GC(238) Pause Young (Allocation Failure) 196M->157M(217M) 13.076ms
[42.764s][info][gc] GC(239) Pause Full (Allocation Failure) 157M->85M(217M) 58.817ms
[42.861s][info][gc] GC(240) Pause Young (Allocation Failure) 145M->116M(217M) 12.596ms
[43.036s][info][gc] GC(241) Pause Young (Allocation Failure) 176M->136M(217M) 13.669ms
[43.176s][info][gc] GC(242) Pause Young (Allocation Failure) 196M->163M(223M) 17.518ms
[43.242s][info][gc] GC(243) Pause Full (Allocation Failure) 163M->77M(217M) 64.909ms
[43.342s][info][gc] GC(244) Pause Young (Allocation Failure) 137M->108M(217M) 12.950ms
[43.523s][info][gc] GC(245) Pause Young (Allocation Failure) 168M->124M(217M) 12.343ms
[43.704s][info][gc] GC(246) Pause Young (Allocation Failure) 184M->134M(217M) 11.962ms
[43.884s][info][gc] GC(247) Pause Young (Allocation Failure) 195M->144M(217M) 9.427ms
[44.069s][info][gc] GC(248) Pause Young (Allocation Failure) 204M->153M(217M) 9.187ms
[44.253s][info][gc] GC(249) Pause Young (Allocation Failure) 213M->163M(223M) 11.717ms
[44.313s][info][gc] GC(250) Pause Full (Allocation Failure) 163M->86M(217M) 59.429ms
[44.424s][info][gc] GC(251) Pause Young (Allocation Failure) 146M->116M(217M) 11.788ms
[44.567s][info][gc] GC(252) Pause Young (Allocation Failure) 176M->143M(217M) 13.008ms
[44.708s][info][gc] GC(253) Pause Young (Allocation Failure) 203M->170M(231M) 18.098ms
[44.769s][info][gc] GC(254) Pause Full (Allocation Failure) 170M->82M(217M) 60.595ms
[44.897s][info][gc] GC(255) Pause Young (Allocation Failure) 143M->113M(217M) 11.882ms
[45.125s][info][gc] GC(256) Pause Young (Allocation Failure) 174M->128M(217M) 11.043ms
[45.408s][info][gc] GC(257) Pause Young (Allocation Failure) 188M->130M(217M) 7.552ms
[45.608s][info][gc] GC(258) Pause Young (Allocation Failure) 190M->137M(217M) 7.094ms
[45.893s][info][gc] GC(259) Pause Young (Allocation Failure) 197M->141M(217M) 7.527ms
[46.168s][info][gc] GC(260) Pause Young (Allocation Failure) 201M->149M(217M) 10.417ms
[46.357s][info][gc] GC(261) Pause Young (Allocation Failure) 209M->166M(226M) 13.932ms
[46.414s][info][gc] GC(262) Pause Full (Allocation Failure) 166M->85M(217M) 56.746ms
[46.567s][info][gc] GC(263) Pause Young (Allocation Failure) 145M->105M(217M) 9.510ms
[46.763s][info][gc] GC(264) Pause Young (Allocation Failure) 165M->115M(217M) 10.411ms
[46.951s][info][gc] GC(265) Pause Young (Allocation Failure) 175M->121M(217M) 7.635ms
[47.133s][info][gc] GC(266) Pause Young (Allocation Failure) 181M->126M(217M) 6.962ms
[47.399s][info][gc] GC(267) Pause Young (Allocation Failure) 186M->131M(217M) 7.238ms
[47.681s][info][gc] GC(268) Pause Young (Allocation Failure) 191M->138M(217M) 8.006ms
[47.878s][info][gc] GC(269) Pause Young (Allocation Failure) 198M->146M(217M) 8.480ms
[48.080s][info][gc] GC(270) Pause Young (Allocation Failure) 207M->154M(217M) 8.436ms
[48.266s][info][gc] GC(271) Pause Young (Allocation Failure) 214M->163M(223M) 11.255ms
[48.332s][info][gc] GC(272) Pause Full (Allocation Failure) 163M->78M(217M) 65.642ms
[48.485s][info][gc] GC(273) Pause Young (Allocation Failure) 138M->117M(217M) 13.501ms
[48.615s][info][gc] GC(274) Pause Young (Allocation Failure) 177M->147M(217M) 14.692ms
[48.837s][info][gc] GC(275) Pause Young (Allocation Failure) 207M->167M(227M) 14.853ms
[48.910s][info][gc] GC(276) Pause Full (Allocation Failure) 167M->84M(217M) 55.805ms
[49.044s][info][gc] GC(277) Pause Young (Allocation Failure) 144M->114M(217M) 12.396ms
[49.275s][info][gc] GC(278) Pause Young (Allocation Failure) 175M->125M(217M) 9.844ms
[49.508s][info][gc] GC(279) Pause Young (Allocation Failure) 185M->130M(217M) 12.691ms
[49.769s][info][gc] GC(280) Pause Young (Allocation Failure) 191M->133M(217M) 7.486ms
[49.960s][info][gc] GC(281) Pause Young (Allocation Failure) 193M->138M(217M) 7.250ms
[50.153s][info][gc] GC(282) Pause Young (Allocation Failure) 199M->144M(217M) 7.362ms
[50.344s][info][gc] GC(283) Pause Young (Allocation Failure) 204M->148M(217M) 7.091ms
[50.541s][info][gc] GC(284) Pause Young (Allocation Failure) 208M->152M(217M) 7.060ms
[50.763s][info][gc] GC(285) Pause Young (Allocation Failure) 212M->165M(225M) 12.501ms
[50.823s][info][gc] GC(286) Pause Full (Allocation Failure) 165M->85M(217M) 59.246ms
[50.945s][info][gc] GC(287) Pause Young (Allocation Failure) 145M->116M(217M) 12.459ms
[51.107s][info][gc] GC(288) Pause Young (Allocation Failure) 176M->142M(217M) 14.232ms
[51.240s][info][gc] GC(289) Pause Young (Allocation Failure) 202M->170M(231M) 19.586ms
[51.303s][info][gc] GC(290) Pause Full (Allocation Failure) 170M->85M(217M) 62.664ms
[51.441s][info][gc] GC(291) Pause Young (Allocation Failure) 145M->115M(217M) 11.488ms
[51.633s][info][gc] GC(292) Pause Young (Allocation Failure) 175M->142M(217M) 11.790ms
[51.774s][info][gc] GC(293) Pause Young (Allocation Failure) 202M->165M(225M) 15.368ms
[51.841s][info][gc] GC(294) Pause Full (Allocation Failure) 165M->78M(217M) 66.654ms
[51.945s][info][gc] GC(295) Pause Young (Allocation Failure) 138M->109M(217M) 13.040ms
[52.083s][info][gc] GC(296) Pause Young (Allocation Failure) 169M->131M(217M) 14.285ms
[52.223s][info][gc] GC(297) Pause Young (Allocation Failure) 191M->158M(219M) 17.835ms
[52.284s][info][gc] GC(298) Pause Full (Allocation Failure) 158M->84M(217M) 61.168ms
[52.406s][info][gc] GC(299) Pause Young (Allocation Failure) 144M->115M(217M) 14.492ms
[52.568s][info][gc] GC(300) Pause Young (Allocation Failure) 175M->129M(217M) 11.227ms
[52.752s][info][gc] GC(301) Pause Young (Allocation Failure) 189M->142M(217M) 11.132ms
[52.937s][info][gc] GC(302) Pause Young (Allocation Failure) 202M->154M(217M) 10.720ms
[53.128s][info][gc] GC(303) Pause Young (Allocation Failure) 214M->165M(225M) 12.095ms
[53.182s][info][gc] GC(304) Pause Full (Allocation Failure) 165M->84M(217M) 53.546ms
[53.315s][info][gc] GC(305) Pause Young (Allocation Failure) 144M->114M(217M) 10.925ms
[53.545s][info][gc] GC(306) Pause Young (Allocation Failure) 175M->125M(217M) 9.157ms
[53.828s][info][gc] GC(307) Pause Young (Allocation Failure) 185M->129M(217M) 7.770ms
[54.140s][info][gc] GC(308) Pause Young (Allocation Failure) 189M->130M(217M) 6.896ms
[54.462s][info][gc] GC(309) Pause Young (Allocation Failure) 190M->129M(217M) 5.517ms
[54.762s][info][gc] GC(310) Pause Young (Allocation Failure) 190M->130M(217M) 5.975ms
[55.035s][info][gc] GC(311) Pause Young (Allocation Failure) 190M->138M(217M) 9.528ms
[55.200s][info][gc] GC(312) Pause Young (Allocation Failure) 199M->153M(217M) 11.231ms
[55.423s][info][gc] GC(313) Pause Young (Allocation Failure) 213M->163M(223M) 16.184ms
[55.488s][info][gc] GC(314) Pause Full (Allocation Failure) 163M->85M(217M) 64.849ms
[55.591s][info][gc] GC(315) Pause Young (Allocation Failure) 146M->115M(217M) 11.699ms
[55.731s][info][gc] GC(316) Pause Young (Allocation Failure) 175M->143M(217M) 13.757ms
[55.877s][info][gc] GC(317) Pause Young (Allocation Failure) 203M->171M(231M) 23.779ms
[55.940s][info][gc] GC(318) Pause Full (Allocation Failure) 171M->77M(217M) 62.725ms
[56.062s][info][gc] GC(319) Pause Young (Allocation Failure) 137M->107M(217M) 11.748ms
[56.222s][info][gc] GC(320) Pause Young (Allocation Failure) 167M->121M(217M) 10.273ms
[56.418s][info][gc] GC(321) Pause Young (Allocation Failure) 181M->128M(217M) 8.749ms
[56.647s][info][gc] GC(322) Pause Young (Allocation Failure) 188M->139M(217M) 8.666ms
[56.933s][info][gc] GC(323) Pause Young (Allocation Failure) 199M->142M(217M) 7.687ms
[57.127s][info][gc] GC(324) Pause Young (Allocation Failure) 202M->149M(217M) 7.288ms
[57.318s][info][gc] GC(325) Pause Young (Allocation Failure) 209M->153M(217M) 6.724ms
[57.428s][info][gc] GC(326) Pause Young (Allocation Failure) 213M->176M(236M) 18.177ms
[57.490s][info][gc] GC(327) Pause Full (Allocation Failure) 176M->86M(217M) 61.447ms
[57.591s][info][gc] GC(328) Pause Young (Allocation Failure) 146M->117M(217M) 12.726ms
[57.777s][info][gc] GC(329) Pause Young (Allocation Failure) 177M->131M(217M) 9.879ms
[57.889s][info][gc] GC(330) Pause Young (Allocation Failure) 191M->156M(217M) 12.416ms
[58.057s][info][gc] GC(331) Pause Young (Allocation Failure) 216M->172M(232M) 18.220ms
[58.114s][info][gc] GC(332) Pause Full (Allocation Failure) 172M->85M(217M) 56.880ms
[58.244s][info][gc] GC(333) Pause Young (Allocation Failure) 145M->115M(217M) 11.370ms
[58.441s][info][gc] GC(334) Pause Young (Allocation Failure) 175M->124M(217M) 9.780ms
[58.607s][info][gc] GC(335) Pause Young (Allocation Failure) 184M->144M(217M) 11.724ms
[58.748s][info][gc] GC(336) Pause Young (Allocation Failure) 204M->173M(233M) 19.419ms
[58.813s][info][gc] GC(337) Pause Full (Allocation Failure) 173M->80M(217M) 64.494ms
[58.919s][info][gc] GC(338) Pause Young (Allocation Failure) 140M->110M(217M) 11.629ms
[59.049s][info][gc] GC(339) Pause Young (Allocation Failure) 170M->136M(217M) 14.208ms
[59.189s][info][gc] GC(340) Pause Young (Allocation Failure) 196M->161M(221M) 14.716ms
[59.251s][info][gc] GC(341) Pause Full (Allocation Failure) 161M->78M(217M) 61.081ms
[59.357s][info][gc] GC(342) Pause Young (Allocation Failure) 138M->108M(217M) 12.039ms
[59.495s][info][gc] GC(343) Pause Young (Allocation Failure) 169M->134M(217M) 14.488ms
[59.628s][info][gc] GC(344) Pause Young (Allocation Failure) 195M->163M(223M) 16.654ms
[59.689s][info][gc] GC(345) Pause Full (Allocation Failure) 163M->86M(217M) 60.174ms
[59.795s][info][gc] GC(346) Pause Young (Allocation Failure) 146M->116M(217M) 11.881ms
[59.927s][info][gc] GC(347) Pause Young (Allocation Failure) 176M->142M(217M) 13.279ms
[60.067s][info][gc] GC(348) Pause Young (Allocation Failure) 202M->169M(230M) 18.894ms
[60.132s][info][gc] GC(349) Pause Full (Allocation Failure) 169M->84M(217M) 64.026ms
[60.253s][info][gc] GC(350) Pause Young (Allocation Failure) 144M->115M(217M) 13.603ms
[60.430s][info][gc] GC(351) Pause Young (Allocation Failure) 175M->129M(217M) 11.898ms
[60.613s][info][gc] GC(352) Pause Young (Allocation Failure) 189M->142M(217M) 11.376ms
[60.797s][info][gc] GC(353) Pause Young (Allocation Failure) 202M->154M(217M) 10.965ms
[60.987s][info][gc] GC(354) Pause Young (Allocation Failure) 214M->165M(225M) 14.635ms
[61.052s][info][gc] GC(355) Pause Full (Allocation Failure) 165M->86M(217M) 64.500ms
[61.163s][info][gc] GC(356) Pause Young (Allocation Failure) 146M->115M(217M) 12.300ms
[61.297s][info][gc] GC(357) Pause Young (Allocation Failure) 175M->142M(217M) 13.606ms
[61.435s][info][gc] GC(358) Pause Young (Allocation Failure) 202M->171M(231M) 20.577ms
[61.500s][info][gc] GC(359) Pause Full (Allocation Failure) 171M->79M(217M) 64.863ms
[61.606s][info][gc] GC(360) Pause Young (Allocation Failure) 139M->108M(217M) 12.157ms
[61.741s][info][gc] GC(361) Pause Young (Allocation Failure) 169M->137M(217M) 15.157ms
[61.921s][info][gc] GC(362) Pause Young (Allocation Failure) 197M->158M(218M) 12.381ms
[61.978s][info][gc] GC(363) Pause Full (Allocation Failure) 158M->77M(217M) 56.078ms
[62.074s][info][gc] GC(364) Pause Young (Allocation Failure) 137M->114M(217M) 13.347ms
[62.207s][info][gc] GC(365) Pause Young (Allocation Failure) 174M->142M(217M) 14.568ms
[62.349s][info][gc] GC(366) Pause Young (Allocation Failure) 202M->170M(230M) 21.795ms
[62.415s][info][gc] GC(367) Pause Full (Allocation Failure) 170M->83M(217M) 65.507ms
[62.539s][info][gc] GC(368) Pause Young (Allocation Failure) 144M->114M(217M) 13.555ms
[62.722s][info][gc] GC(369) Pause Young (Allocation Failure) 174M->120M(217M) 8.408ms
[62.902s][info][gc] GC(370) Pause Young (Allocation Failure) 180M->130M(217M) 7.603ms
[63.095s][info][gc] GC(371) Pause Young (Allocation Failure) 190M->154M(217M) 11.788ms
[63.277s][info][gc] GC(372) Pause Young (Allocation Failure) 214M->181M(241M) 25.055ms
[63.338s][info][gc] GC(373) Pause Full (Allocation Failure) 181M->84M(217M) 61.107ms
[63.467s][info][gc] GC(374) Pause Young (Allocation Failure) 145M->115M(217M) 13.317ms
[63.627s][info][gc] GC(375) Pause Young (Allocation Failure) 175M->126M(217M) 10.801ms
[63.804s][info][gc] GC(376) Pause Young (Allocation Failure) 186M->135M(217M) 9.797ms
[63.989s][info][gc] GC(377) Pause Young (Allocation Failure) 196M->148M(217M) 9.604ms
[64.174s][info][gc] GC(378) Pause Young (Allocation Failure) 208M->161M(221M) 11.162ms
[64.237s][info][gc] GC(379) Pause Full (Allocation Failure) 161M->79M(217M) 62.779ms
[64.341s][info][gc] GC(380) Pause Young (Allocation Failure) 139M->108M(217M) 11.720ms
[64.473s][info][gc] GC(381) Pause Young (Allocation Failure) 168M->135M(217M) 13.120ms
[64.654s][info][gc] GC(382) Pause Young (Allocation Failure) 195M->149M(217M) 9.317ms
[64.750s][info][gc] GC(383) Pause Young (Allocation Failure) 209M->174M(234M) 20.065ms
[64.811s][info][gc] GC(384) Pause Full (Allocation Failure) 174M->86M(217M) 60.654ms
[64.916s][info][gc] GC(385) Pause Young (Allocation Failure) 146M->117M(217M) 11.731ms
[65.098s][info][gc] GC(386) Pause Young (Allocation Failure) 177M->141M(217M) 13.674ms
[65.294s][info][gc] GC(387) Pause Young (Allocation Failure) 201M->150M(217M) 9.343ms
[65.455s][info][gc] GC(388) Pause Young (Allocation Failure) 210M->162M(222M) 11.263ms
[65.515s][info][gc] GC(389) Pause Full (Allocation Failure) 162M->85M(217M) 59.387ms
[65.613s][info][gc] GC(390) Pause Young (Allocation Failure) 145M->116M(217M) 11.785ms
[65.796s][info][gc] GC(391) Pause Young (Allocation Failure) 176M->131M(217M) 11.117ms
[65.939s][info][gc] GC(392) Pause Young (Allocation Failure) 191M->153M(217M) 12.181ms
[66.098s][info][gc] GC(393) Pause Young (Allocation Failure) 213M->180M(240M) 21.141ms
[66.161s][info][gc] GC(394) Pause Full (Allocation Failure) 180M->83M(217M) 62.773ms
[66.260s][info][gc] GC(395) Pause Young (Allocation Failure) 143M->115M(217M) 12.345ms
[66.445s][info][gc] GC(396) Pause Young (Allocation Failure) 175M->129M(217M) 11.189ms
[66.675s][info][gc] GC(397) Pause Young (Allocation Failure) 189M->142M(217M) 10.585ms
[66.879s][info][gc] GC(398) Pause Young (Allocation Failure) 202M->152M(217M) 9.711ms
[67.090s][info][gc] GC(399) Pause Young (Allocation Failure) 212M->160M(220M) 9.761ms
[67.149s][info][gc] GC(400) Pause Full (Allocation Failure) 160M->78M(217M) 59.465ms
[67.267s][info][gc] GC(401) Pause Young (Allocation Failure) 138M->103M(217M) 11.416ms
[67.425s][info][gc] GC(402) Pause Young (Allocation Failure) 164M->123M(217M) 13.075ms
[67.576s][info][gc] GC(403) Pause Young (Allocation Failure) 183M->150M(217M) 13.874ms
[67.745s][info][gc] GC(404) Pause Young (Allocation Failure) 210M->178M(238M) 24.733ms
[67.804s][info][gc] GC(405) Pause Full (Allocation Failure) 178M->77M(217M) 59.381ms
[67.924s][info][gc] GC(406) Pause Young (Allocation Failure) 137M->108M(217M) 12.627ms
[68.084s][info][gc] GC(407) Pause Young (Allocation Failure) 168M->122M(217M) 10.627ms
[68.266s][info][gc] GC(408) Pause Young (Allocation Failure) 182M->134M(217M) 9.630ms
[68.422s][info][gc] GC(409) Pause Young (Allocation Failure) 194M->158M(218M) 12.792ms
[68.481s][info][gc] GC(410) Pause Full (Allocation Failure) 158M->82M(217M) 58.595ms
[68.616s][info][gc] GC(411) Pause Young (Allocation Failure) 143M->112M(217M) 11.357ms
[68.797s][info][gc] GC(412) Pause Young (Allocation Failure) 172M->140M(217M) 17.100ms
[68.969s][info][gc] GC(413) Pause Young (Allocation Failure) 200M->166M(227M) 15.362ms
[69.015s][info][gc] GC(414) Pause Full (Allocation Failure) 166M->73M(217M) 45.129ms
[69.177s][info][gc] GC(415) Pause Young (Allocation Failure) 133M->112M(217M) 12.519ms
[69.305s][info][gc] GC(416) Pause Young (Allocation Failure) 172M->146M(217M) 15.499ms
[69.487s][info][gc] GC(417) Pause Young (Allocation Failure) 206M->159M(219M) 12.536ms
[69.561s][info][gc] GC(418) Pause Full (Allocation Failure) 159M->78M(217M) 73.878ms
[69.661s][info][gc] GC(419) Pause Young (Allocation Failure) 138M->109M(217M) 12.789ms
[69.794s][info][gc] GC(420) Pause Young (Allocation Failure) 169M->129M(217M) 12.224ms
[69.929s][info][gc] GC(421) Pause Young (Allocation Failure) 190M->156M(217M) 13.132ms
[70.076s][info][gc] GC(422) Pause Young (Allocation Failure) 216M->185M(245M) 27.086ms
[70.138s][info][gc] GC(423) Pause Full (Allocation Failure) 185M->81M(217M) 61.005ms
[70.246s][info][gc] GC(424) Pause Young (Allocation Failure) 141M->110M(217M) 11.634ms
[70.384s][info][gc] GC(425) Pause Young (Allocation Failure) 170M->134M(217M) 13.286ms
[70.515s][info][gc] GC(426) Pause Young (Allocation Failure) 194M->161M(222M) 14.954ms
[70.574s][info][gc] GC(427) Pause Full (Allocation Failure) 161M->80M(217M) 58.461ms
[70.681s][info][gc] GC(428) Pause Young (Allocation Failure) 140M->124M(217M) 14.742ms
[70.889s][info][gc] GC(429) Pause Young (Allocation Failure) 184M->152M(217M) 13.491ms
[71.024s][info][gc] GC(430) Pause Young (Allocation Failure) 213M->181M(242M) 22.108ms
[71.099s][info][gc] GC(431) Pause Full (Allocation Failure) 181M->86M(217M) 74.875ms
[71.201s][info][gc] GC(432) Pause Young (Allocation Failure) 146M->116M(217M) 11.805ms
[71.364s][info][gc] GC(433) Pause Young (Allocation Failure) 177M->142M(217M) 12.914ms
[71.587s][info][gc] GC(434) Pause Young (Allocation Failure) 202M->169M(230M) 19.951ms
[71.644s][info][gc] GC(435) Pause Full (Allocation Failure) 169M->76M(217M) 56.552ms
[71.814s][info][gc] GC(436) Pause Young (Allocation Failure) 136M->104M(217M) 13.035ms
[71.935s][info][gc] GC(437) Pause Young (Allocation Failure) 164M->134M(217M) 12.759ms
[72.089s][info][gc] GC(438) Pause Young (Allocation Failure) 194M->148M(217M) 9.863ms
[72.277s][info][gc] GC(439) Pause Young (Allocation Failure) 208M->170M(230M) 17.588ms
[72.343s][info][gc] GC(440) Pause Full (Allocation Failure) 170M->81M(217M) 65.073ms
[72.453s][info][gc] GC(441) Pause Young (Allocation Failure) 142M->112M(217M) 14.346ms
[72.602s][info][gc] GC(442) Pause Young (Allocation Failure) 172M->136M(217M) 13.732ms
[72.758s][info][gc] GC(443) Pause Young (Allocation Failure) 196M->151M(217M) 12.169ms
[72.944s][info][gc] GC(444) Pause Young (Allocation Failure) 211M->165M(225M) 15.175ms
[73.011s][info][gc] GC(445) Pause Full (Allocation Failure) 165M->85M(217M) 66.975ms
[73.114s][info][gc] GC(446) Pause Young (Allocation Failure) 146M->116M(217M) 11.576ms
[73.250s][info][gc] GC(447) Pause Young (Allocation Failure) 176M->141M(217M) 12.698ms
[73.385s][info][gc] GC(448) Pause Young (Allocation Failure) 201M->169M(229M) 16.732ms
[73.443s][info][gc] GC(449) Pause Full (Allocation Failure) 169M->85M(217M) 57.462ms
[73.563s][info][gc] GC(450) Pause Young (Allocation Failure) 145M->116M(217M) 12.739ms
[73.724s][info][gc] GC(451) Pause Young (Allocation Failure) 176M->130M(217M) 10.738ms
[73.925s][info][gc] GC(452) Pause Young (Allocation Failure) 190M->138M(217M) 8.942ms
[74.122s][info][gc] GC(453) Pause Young (Allocation Failure) 198M->161M(221M) 13.216ms
[74.187s][info][gc] GC(454) Pause Full (Allocation Failure) 161M->78M(217M) 65.116ms
[74.290s][info][gc] GC(455) Pause Young (Allocation Failure) 138M->108M(217M) 11.641ms
[74.426s][info][gc] GC(456) Pause Young (Allocation Failure) 168M->135M(217M) 13.841ms
[74.560s][info][gc] GC(457) Pause Young (Allocation Failure) 195M->164M(225M) 19.114ms
[74.624s][info][gc] GC(458) Pause Full (Allocation Failure) 164M->86M(217M) 63.886ms
[74.730s][info][gc] GC(459) Pause Young (Allocation Failure) 146M->116M(217M) 12.147ms
[74.866s][info][gc] GC(460) Pause Young (Allocation Failure) 176M->144M(217M) 13.986ms
[74.999s][info][gc] GC(461) Pause Young (Allocation Failure) 204M->173M(233M) 22.262ms
[75.065s][info][gc] GC(462) Pause Full (Allocation Failure) 173M->87M(217M) 64.846ms
[75.170s][info][gc] GC(463) Pause Young (Allocation Failure) 147M->116M(217M) 12.892ms
[75.301s][info][gc] GC(464) Pause Young (Allocation Failure) 177M->146M(217M) 14.597ms
[75.491s][info][gc] GC(465) Pause Young (Allocation Failure) 206M->159M(219M) 10.605ms
[75.545s][info][gc] GC(466) Pause Full (Allocation Failure) 159M->80M(217M) 53.990ms
[75.677s][info][gc] GC(467) Pause Young (Allocation Failure) 140M->110M(217M) 11.004ms
[75.876s][info][gc] GC(468) Pause Young (Allocation Failure) 170M->125M(217M) 10.448ms
[76.062s][info][gc] GC(469) Pause Young (Allocation Failure) 185M->139M(217M) 10.139ms
[76.304s][info][gc] GC(470) Pause Young (Allocation Failure) 199M->155M(217M) 11.178ms
[76.556s][info][gc] GC(471) Pause Young (Allocation Failure) 215M->168M(229M) 12.538ms
[76.611s][info][gc] GC(472) Pause Full (Allocation Failure) 168M->68M(217M) 54.555ms
[76.762s][info][gc] GC(473) Pause Young (Allocation Failure) 128M->102M(217M) 16.655ms
[76.869s][info][gc] GC(474) Pause Young (Allocation Failure) 162M->130M(217M) 14.395ms
[77.000s][info][gc] GC(475) Pause Young (Allocation Failure) 190M->157M(217M) 13.577ms
[77.069s][info][gc] GC(476) Pause Full (Allocation Failure) 157M->81M(217M) 68.675ms
[77.191s][info][gc] GC(477) Pause Young (Allocation Failure) 141M->112M(217M) 13.629ms
[77.355s][info][gc] GC(478) Pause Young (Allocation Failure) 172M->125M(217M) 10.687ms
[77.538s][info][gc] GC(479) Pause Young (Allocation Failure) 185M->137M(217M) 10.271ms
[77.720s][info][gc] GC(480) Pause Young (Allocation Failure) 198M->150M(217M) 9.616ms
[77.920s][info][gc] GC(481) Pause Young (Allocation Failure) 210M->158M(219M) 8.225ms
[77.974s][info][gc] GC(482) Pause Full (Allocation Failure) 158M->81M(217M) 54.517ms
[78.125s][info][gc] GC(483) Pause Young (Allocation Failure) 141M->103M(217M) 9.960ms
[78.327s][info][gc] GC(484) Pause Young (Allocation Failure) 163M->114M(217M) 11.363ms
[78.513s][info][gc] GC(485) Pause Young (Allocation Failure) 174M->137M(217M) 12.171ms
[78.671s][info][gc] GC(486) Pause Young (Allocation Failure) 197M->166M(226M) 16.178ms
[78.731s][info][gc] GC(487) Pause Full (Allocation Failure) 166M->85M(217M) 59.740ms
[78.838s][info][gc] GC(488) Pause Young (Allocation Failure) 145M->116M(217M) 11.857ms
[78.982s][info][gc] GC(489) Pause Young (Allocation Failure) 176M->136M(217M) 14.075ms
[79.115s][info][gc] GC(490) Pause Young (Allocation Failure) 196M->163M(223M) 14.945ms
[79.176s][info][gc] GC(491) Pause Full (Allocation Failure) 163M->77M(217M) 61.228ms
[79.296s][info][gc] GC(492) Pause Young (Allocation Failure) 137M->108M(217M) 13.092ms
[79.459s][info][gc] GC(493) Pause Young (Allocation Failure) 168M->122M(217M) 11.348ms
[79.644s][info][gc] GC(494) Pause Young (Allocation Failure) 182M->135M(217M) 10.485ms
[79.826s][info][gc] GC(495) Pause Young (Allocation Failure) 195M->149M(217M) 10.771ms
[80.010s][info][gc] GC(496) Pause Young (Allocation Failure) 209M->161M(222M) 11.883ms
[80.067s][info][gc] GC(497) Pause Full (Allocation Failure) 161M->85M(217M) 56.931ms
[80.180s][info][gc] GC(498) Pause Young (Allocation Failure) 145M->116M(217M) 12.751ms
[80.361s][info][gc] GC(499) Pause Young (Allocation Failure) 176M->133M(217M) 12.739ms
[80.460s][info][gc] GC(500) Pause Young (Allocation Failure) 193M->161M(221M) 15.393ms
[80.517s][info][gc] GC(501) Pause Full (Allocation Failure) 161M->77M(217M) 56.983ms
[80.615s][info][gc] GC(502) Pause Young (Allocation Failure) 137M->108M(217M) 12.353ms
[80.860s][info][gc] GC(503) Pause Young (Allocation Failure) 169M->136M(217M) 33.900ms
[81.038s][info][gc] GC(504) Pause Young (Allocation Failure) 196M->161M(222M) 13.830ms
[81.088s][info][gc] GC(505) Pause Full (Allocation Failure) 161M->76M(217M) 49.133ms
[81.222s][info][gc] GC(506) Pause Young (Allocation Failure) 136M->106M(217M) 10.496ms
[81.419s][info][gc] GC(507) Pause Young (Allocation Failure) 166M->135M(217M) 13.851ms
[81.612s][info][gc] GC(508) Pause Young (Allocation Failure) 195M->163M(223M) 15.669ms
[81.670s][info][gc] GC(509) Pause Full (Allocation Failure) 163M->77M(217M) 57.269ms
[81.775s][info][gc] GC(510) Pause Young (Allocation Failure) 137M->107M(217M) 12.121ms
[81.919s][info][gc] GC(511) Pause Young (Allocation Failure) 167M->134M(217M) 13.466ms
[82.062s][info][gc] GC(512) Pause Young (Allocation Failure) 194M->163M(223M) 16.722ms
[82.130s][info][gc] GC(513) Pause Full (Allocation Failure) 163M->86M(217M) 68.148ms
[82.239s][info][gc] GC(514) Pause Young (Allocation Failure) 146M->116M(217M) 14.145ms
[82.383s][info][gc] GC(515) Pause Young (Allocation Failure) 176M->141M(217M) 14.752ms
[82.516s][info][gc] GC(516) Pause Young (Allocation Failure) 202M->167M(227M) 17.726ms
[82.575s][info][gc] GC(517) Pause Full (Allocation Failure) 167M->86M(217M) 58.655ms
[82.681s][info][gc] GC(518) Pause Young (Allocation Failure) 146M->116M(217M) 13.758ms
[82.857s][info][gc] GC(519) Pause Young (Allocation Failure) 176M->134M(217M) 10.974ms
[82.978s][info][gc] GC(520) Pause Young (Allocation Failure) 194M->162M(222M) 15.040ms
[83.035s][info][gc] GC(521) Pause Full (Allocation Failure) 162M->85M(217M) 56.181ms
[83.133s][info][gc] GC(522) Pause Young (Allocation Failure) 145M->116M(217M) 12.537ms
[83.317s][info][gc] GC(523) Pause Young (Allocation Failure) 176M->131M(217M) 10.440ms
[83.561s][info][gc] GC(524) Pause Young (Allocation Failure) 192M->148M(217M) 12.734ms
[83.875s][info][gc] GC(525) Pause Young (Allocation Failure) 208M->149M(217M) 9.734ms
[84.028s][info][gc] GC(526) Pause Young (Allocation Failure) 209M->173M(233M) 18.314ms
[84.082s][info][gc] GC(527) Pause Full (Allocation Failure) 173M->68M(217M) 53.382ms
[84.227s][info][gc] GC(528) Pause Young (Allocation Failure) 129M->102M(217M) 18.247ms
[84.367s][info][gc] GC(529) Pause Young (Allocation Failure) 162M->130M(217M) 12.145ms
[84.494s][info][gc] GC(530) Pause Young (Allocation Failure) 190M->158M(219M) 13.885ms
[84.556s][info][gc] GC(531) Pause Full (Allocation Failure) 158M->79M(217M) 61.477ms
[84.676s][info][gc] GC(532) Pause Young (Allocation Failure) 140M->104M(217M) 10.377ms
[84.813s][info][gc] GC(533) Pause Young (Allocation Failure) 164M->130M(217M) 13.996ms
[84.946s][info][gc] GC(534) Pause Young (Allocation Failure) 190M->156M(217M) 15.400ms
[85.091s][info][gc] GC(535) Pause Young (Allocation Failure) 216M->183M(243M) 23.445ms
[85.151s][info][gc] GC(536) Pause Full (Allocation Failure) 183M->86M(217M) 59.763ms
[85.276s][info][gc] GC(537) Pause Young (Allocation Failure) 146M->116M(217M) 13.543ms
[85.433s][info][gc] GC(538) Pause Young (Allocation Failure) 176M->130M(217M) 11.747ms
[85.615s][info][gc] GC(539) Pause Young (Allocation Failure) 190M->142M(217M) 10.589ms
[85.798s][info][gc] GC(540) Pause Young (Allocation Failure) 202M->154M(217M) 9.842ms
[86.028s][info][gc] GC(541) Pause Young (Allocation Failure) 215M->165M(225M) 11.124ms
[86.083s][info][gc] GC(542) Pause Full (Allocation Failure) 165M->82M(217M) 54.984ms
[86.197s][info][gc] GC(543) Pause Young (Allocation Failure) 142M->111M(217M) 10.977ms
[86.328s][info][gc] GC(544) Pause Young (Allocation Failure) 172M->139M(217M) 13.293ms
[86.506s][info][gc] GC(545) Pause Young (Allocation Failure) 199M->167M(227M) 16.881ms
[86.570s][info][gc] GC(546) Pause Full (Allocation Failure) 167M->77M(217M) 63.225ms
[86.693s][info][gc] GC(547) Pause Young (Allocation Failure) 137M->107M(217M) 10.746ms
[86.869s][info][gc] GC(548) Pause Young (Allocation Failure) 167M->121M(217M) 10.704ms
[87.049s][info][gc] GC(549) Pause Young (Allocation Failure) 181M->133M(217M) 10.312ms
[87.220s][info][gc] GC(550) Pause Young (Allocation Failure) 193M->145M(217M) 9.530ms
[87.440s][info][gc] GC(551) Pause Young (Allocation Failure) 205M->156M(217M) 8.259ms
[87.586s][info][gc] GC(552) Pause Young (Allocation Failure) 216M->179M(239M) 20.908ms
[87.647s][info][gc] GC(553) Pause Full (Allocation Failure) 179M->78M(217M) 61.140ms
[87.757s][info][gc] GC(554) Pause Young (Allocation Failure) 139M->109M(217M) 12.932ms
[87.894s][info][gc] GC(555) Pause Young (Allocation Failure) 169M->134M(217M) 14.194ms
[88.045s][info][gc] GC(556) Pause Young (Allocation Failure) 194M->161M(221M) 15.743ms
[88.107s][info][gc] GC(557) Pause Full (Allocation Failure) 161M->83M(217M) 61.461ms
[88.208s][info][gc] GC(558) Pause Young (Allocation Failure) 143M->114M(217M) 12.830ms
[88.389s][info][gc] GC(559) Pause Young (Allocation Failure) 174M->129M(217M) 11.971ms
[88.621s][info][gc] GC(560) Pause Young (Allocation Failure) 189M->144M(217M) 11.771ms
[88.824s][info][gc] GC(561) Pause Young (Allocation Failure) 205M->154M(217M) 9.531ms
[89.062s][info][gc] GC(562) Pause Young (Allocation Failure) 214M->158M(219M) 8.651ms
[89.119s][info][gc] GC(563) Pause Full (Allocation Failure) 158M->85M(217M) 56.071ms
[89.217s][info][gc] GC(564) Pause Young (Allocation Failure) 145M->116M(217M) 12.133ms
[89.399s][info][gc] GC(565) Pause Young (Allocation Failure) 176M->131M(217M) 10.654ms
[89.594s][info][gc] GC(566) Pause Young (Allocation Failure) 191M->151M(217M) 13.401ms
[89.801s][info][gc] GC(567) Pause Young (Allocation Failure) 211M->161M(221M) 10.279ms
[89.861s][info][gc] GC(568) Pause Full (Allocation Failure) 161M->77M(217M) 59.754ms
[89.962s][info][gc] GC(569) Pause Young (Allocation Failure) 137M->107M(217M) 11.042ms
[90.165s][info][gc] GC(570) Pause Young (Allocation Failure) 167M->134M(217M) 15.953ms
[90.287s][info][gc] GC(571) Pause Young (Allocation Failure) 194M->163M(223M) 14.494ms
[90.347s][info][gc] GC(572) Pause Full (Allocation Failure) 163M->86M(217M) 60.096ms
[90.459s][info][gc] GC(573) Pause Young (Allocation Failure) 146M->116M(217M) 12.492ms
[90.592s][info][gc] GC(574) Pause Young (Allocation Failure) 176M->138M(217M) 12.225ms
[90.774s][info][gc] GC(575) Pause Young (Allocation Failure) 198M->164M(225M) 15.783ms
[90.829s][info][gc] GC(576) Pause Full (Allocation Failure) 164M->84M(217M) 54.397ms
[90.963s][info][gc] GC(577) Pause Young (Allocation Failure) 144M->114M(217M) 11.367ms
[91.197s][info][gc] GC(578) Pause Young (Allocation Failure) 174M->126M(217M) 9.880ms
[91.392s][info][gc] GC(579) Pause Young (Allocation Failure) 186M->145M(217M) 13.585ms
[91.691s][info][gc] GC(580) Pause Young (Allocation Failure) 205M->150M(217M) 9.648ms
[91.860s][info][gc] GC(581) Pause Young (Allocation Failure) 210M->162M(222M) 9.096ms
[91.917s][info][gc] GC(582) Pause Full (Allocation Failure) 162M->82M(217M) 57.200ms
[92.050s][info][gc] GC(583) Pause Young (Allocation Failure) 142M->112M(217M) 11.252ms
[92.281s][info][gc] GC(584) Pause Young (Allocation Failure) 172M->123M(217M) 9.946ms
[92.468s][info][gc] GC(585) Pause Young (Allocation Failure) 183M->131M(217M) 8.555ms
[92.651s][info][gc] GC(586) Pause Young (Allocation Failure) 191M->138M(217M) 7.959ms
[92.837s][info][gc] GC(587) Pause Young (Allocation Failure) 198M->143M(217M) 8.536ms
[93.018s][info][gc] GC(588) Pause Young (Allocation Failure) 203M->149M(217M) 7.755ms
[93.278s][info][gc] GC(589) Pause Young (Allocation Failure) 209M->173M(233M) 18.734ms
[93.338s][info][gc] GC(590) Pause Full (Allocation Failure) 173M->77M(217M) 59.566ms
[93.436s][info][gc] GC(591) Pause Young (Allocation Failure) 137M->108M(217M) 11.599ms
[93.583s][info][gc] GC(592) Pause Young (Allocation Failure) 168M->133M(217M) 13.678ms
[93.718s][info][gc] GC(593) Pause Young (Allocation Failure) 193M->160M(220M) 15.344ms
[93.778s][info][gc] GC(594) Pause Full (Allocation Failure) 160M->77M(217M) 60.224ms
[93.884s][info][gc] GC(595) Pause Young (Allocation Failure) 137M->108M(217M) 14.665ms
[94.081s][info][gc] GC(596) Pause Young (Allocation Failure) 168M->121M(217M) 11.742ms
[94.218s][info][gc] GC(597) Pause Young (Allocation Failure) 181M->147M(217M) 14.197ms
[94.430s][info][gc] GC(598) Pause Young (Allocation Failure) 207M->158M(218M) 11.687ms
[94.501s][info][gc] GC(599) Pause Full (Allocation Failure) 158M->79M(217M) 70.335ms
[94.613s][info][gc] GC(600) Pause Young (Allocation Failure) 139M->108M(217M) 12.758ms
[94.743s][info][gc] GC(601) Pause Young (Allocation Failure) 168M->137M(217M) 16.178ms
[94.870s][info][gc] GC(602) Pause Young (Allocation Failure) 197M->160M(220M) 13.948ms
[94.934s][info][gc] GC(603) Pause Full (Allocation Failure) 160M->82M(217M) 63.503ms
[95.043s][info][gc] GC(604) Pause Young (Allocation Failure) 142M->112M(217M) 13.176ms
[95.180s][info][gc] GC(605) Pause Young (Allocation Failure) 172M->138M(217M) 15.746ms
[95.309s][info][gc] GC(606) Pause Young (Allocation Failure) 198M->167M(227M) 17.948ms
[95.377s][info][gc] GC(607) Pause Full (Allocation Failure) 167M->78M(217M) 67.767ms
[95.484s][info][gc] GC(608) Pause Young (Allocation Failure) 139M->109M(217M) 12.881ms
[95.619s][info][gc] GC(609) Pause Young (Allocation Failure) 169M->136M(217M) 15.256ms
[95.804s][info][gc] GC(610) Pause Young (Allocation Failure) 197M->151M(217M) 12.817ms
[96.040s][info][gc] GC(611) Pause Young (Allocation Failure) 211M->166M(226M) 14.100ms
[96.104s][info][gc] GC(612) Pause Full (Allocation Failure) 166M->86M(217M) 63.105ms
[96.217s][info][gc] GC(613) Pause Young (Allocation Failure) 146M->115M(217M) 11.797ms
[96.348s][info][gc] GC(614) Pause Young (Allocation Failure) 175M->138M(217M) 13.250ms
[96.532s][info][gc] GC(615) Pause Young (Allocation Failure) 198M->165M(225M) 14.332ms
[96.588s][info][gc] GC(616) Pause Full (Allocation Failure) 165M->81M(217M) 56.106ms
[96.691s][info][gc] GC(617) Pause Young (Allocation Failure) 141M->119M(217M) 14.015ms
[96.817s][info][gc] GC(618) Pause Young (Allocation Failure) 180M->149M(217M) 15.007ms
[96.997s][info][gc] GC(619) Pause Young (Allocation Failure) 209M->165M(225M) 12.170ms
[97.054s][info][gc] GC(620) Pause Full (Allocation Failure) 165M->81M(217M) 55.929ms
[97.193s][info][gc] GC(621) Pause Young (Allocation Failure) 141M->100M(217M) 9.254ms
[97.381s][info][gc] GC(622) Pause Young (Allocation Failure) 160M->117M(217M) 10.818ms
[97.485s][info][gc] GC(623) Pause Young (Allocation Failure) 177M->142M(217M) 13.834ms
[97.623s][info][gc] GC(624) Pause Young (Allocation Failure) 202M->169M(229M) 17.794ms
[97.682s][info][gc] GC(625) Pause Full (Allocation Failure) 169M->77M(217M) 58.753ms
[97.780s][info][gc] GC(626) Pause Young (Allocation Failure) 137M->108M(217M) 11.848ms
[97.965s][info][gc] GC(627) Pause Young (Allocation Failure) 169M->123M(217M) 11.217ms
[98.148s][info][gc] GC(628) Pause Young (Allocation Failure) 183M->138M(217M) 10.615ms
[98.333s][info][gc] GC(629) Pause Young (Allocation Failure) 198M->158M(218M) 11.407ms
[98.391s][info][gc] GC(630) Pause Full (Allocation Failure) 158M->79M(217M) 57.395ms
[98.539s][info][gc] GC(631) Pause Young (Allocation Failure) 139M->106M(217M) 10.250ms
[98.735s][info][gc] GC(632) Pause Young (Allocation Failure) 166M->117M(217M) 10.246ms
[98.838s][info][gc] GC(633) Pause Young (Allocation Failure) 177M->140M(217M) 11.077ms
[99.039s][info][gc] GC(634) Pause Young (Allocation Failure) 200M->168M(228M) 16.155ms
[99.098s][info][gc] GC(635) Pause Full (Allocation Failure) 168M->85M(217M) 59.054ms
[99.227s][info][gc] GC(636) Pause Young (Allocation Failure) 145M->116M(217M) 11.558ms
[99.423s][info][gc] GC(637) Pause Young (Allocation Failure) 176M->126M(217M) 9.687ms
[99.601s][info][gc] GC(638) Pause Young (Allocation Failure) 186M->146M(217M) 9.672ms
[99.698s][info][gc] GC(639) Pause Young (Allocation Failure) 206M->175M(235M) 21.258ms
[99.767s][info][gc] GC(640) Pause Full (Allocation Failure) 175M->86M(217M) 68.516ms
[99.871s][info][gc] GC(641) Pause Young (Allocation Failure) 146M->117M(217M) 13.500ms
[100.052s][info][gc] GC(642) Pause Young (Allocation Failure) 177M->135M(217M) 11.727ms
[100.292s][info][gc] GC(643) Pause Young (Allocation Failure) 195M->149M(217M) 11.035ms
[100.616s][info][gc] GC(644) Pause Young (Allocation Failure) 209M->150M(217M) 7.366ms
[100.728s][info][gc] GC(645) Pause Young (Allocation Failure) 210M->176M(236M) 16.518ms
[100.787s][info][gc] GC(646) Pause Full (Allocation Failure) 176M->77M(217M) 58.633ms
[100.895s][info][gc] GC(647) Pause Young (Allocation Failure) 137M->108M(217M) 12.551ms
[101.079s][info][gc] GC(648) Pause Young (Allocation Failure) 169M->124M(217M) 11.839ms
[101.272s][info][gc] GC(649) Pause Young (Allocation Failure) 184M->143M(217M) 10.819ms
[101.444s][info][gc] GC(650) Pause Young (Allocation Failure) 204M->170M(230M) 24.067ms
[101.500s][info][gc] GC(651) Pause Full (Allocation Failure) 170M->77M(217M) 55.104ms
[101.670s][info][gc] GC(652) Pause Young (Allocation Failure) 137M->107M(217M) 10.817ms
[101.862s][info][gc] GC(653) Pause Young (Allocation Failure) 168M->125M(217M) 11.631ms
[102.049s][info][gc] GC(654) Pause Young (Allocation Failure) 186M->139M(217M) 8.637ms
[102.140s][info][gc] GC(655) Pause Young (Allocation Failure) 199M->162M(222M) 11.884ms
[102.200s][info][gc] GC(656) Pause Full (Allocation Failure) 162M->85M(217M) 59.723ms
[102.316s][info][gc] GC(657) Pause Young (Allocation Failure) 145M->115M(217M) 12.070ms
[102.464s][info][gc] GC(658) Pause Young (Allocation Failure) 176M->137M(217M) 12.286ms
[102.610s][info][gc] GC(659) Pause Young (Allocation Failure) 197M->164M(225M) 15.419ms
[102.673s][info][gc] GC(660) Pause Full (Allocation Failure) 164M->84M(217M) 62.237ms
[102.770s][info][gc] GC(661) Pause Young (Allocation Failure) 144M->115M(217M) 12.618ms
[102.970s][info][gc] GC(662) Pause Young (Allocation Failure) 175M->130M(217M) 15.785ms
