[0.004s][info][gc] Using Serial
[0.145s][info][gc] GC(0) Pause Young (Allocation Failure) 5M->1M(15M) 1.707ms
[0.246s][info][gc] GC(1) Pause Young (Allocation Failure) 6M->2M(15M) 2.365ms
[0.352s][info][gc] GC(2) Pause Young (Allocation Failure) 6M->3M(15M) 2.052ms
[0.435s][info][gc] GC(3) Pause Young (Allocation Failure) 7M->3M(15M) 1.372ms
[0.553s][info][gc] GC(4) Pause Young (Allocation Failure) 7M->4M(15M) 1.452ms
[0.774s][info][gc] GC(5) Pause Young (Allocation Failure) 8M->4M(15M) 1.513ms
[0.885s][info][gc] GC(6) Pause Young (Allocation Failure) 8M->4M(15M) 1.076ms
[1.049s][info][gc] GC(7) Pause Young (Allocation Failure) 9M->5M(15M) 1.063ms
[1.192s][info][gc] GC(8) Pause Young (Allocation Failure) 9M->5M(15M) 1.123ms
[1.299s][info][gc] GC(9) Pause Young (Allocation Failure) 9M->5M(15M) 1.060ms
[1.436s][info][gc] GC(10) Pause Young (Allocation Failure) 9M->5M(15M) 1.099ms
[1.538s][info][gc] GC(11) Pause Young (Allocation Failure) 10M->6M(15M) 1.553ms
[1.634s][info][gc] GC(12) Pause Young (Allocation Failure) 10M->6M(15M) 1.229ms
[1.754s][info][gc] GC(13) Pause Young (Allocation Failure) 10M->6M(15M) 1.194ms
[1.841s][info][gc] GC(14) Pause Young (Allocation Failure) 11M->6M(15M) 1.436ms
[1.895s][info][gc] GC(15) Pause Young (Allocation Failure) 11M->7M(15M) 0.937ms
[2.086s][info][gc] GC(16) Pause Young (Allocation Failure) 11M->7M(15M) 1.369ms
[2.161s][info][gc] GC(17) Pause Young (Allocation Failure) 11M->7M(15M) 1.479ms
[2.325s][info][gc] GC(18) Pause Young (Allocation Failure) 11M->8M(15M) 1.894ms
[2.413s][info][gc] GC(19) Pause Young (Allocation Failure) 12M->8M(15M) 1.290ms
[2.561s][info][gc] GC(20) Pause Young (Allocation Failure) 12M->8M(15M) 0.549ms
[2.610s][info][gc] GC(21) Pause Young (Allocation Failure) 12M->8M(15M) 1.250ms
[2.851s][info][gc] GC(22) Pause Young (Allocation Failure) 13M->9M(15M) 1.603ms
[3.039s][info][gc] GC(23) Pause Young (Allocation Failure) 13M->9M(15M) 1.565ms
[3.155s][info][gc] GC(24) Pause Young (Allocation Failure) 13M->9M(15M) 1.304ms
[3.203s][info][gc] GC(25) Pause Young (Allocation Failure) 14M->10M(15M) 1.103ms
[3.288s][info][gc] GC(26) Pause Young (Allocation Failure) 14M->10M(15M) 1.020ms
[3.341s][info][gc] GC(27) Pause Young (Allocation Failure) 14M->10M(15M) 1.331ms
[3.454s][info][gc] GC(28) Pause Young (Allocation Failure) 14M->10M(15M) 1.482ms
[3.553s][info][gc] GC(29) Pause Young (Allocation Failure) 15M->10M(15M) 1.710ms
[3.572s][info][gc] GC(30) Pause Full (Allocation Failure) 10M->9M(22M) 18.614ms
[3.737s][info][gc] GC(31) Pause Young (Allocation Failure) 15M->9M(22M) 1.535ms
[3.866s][info][gc] GC(32) Pause Young (Allocation Failure) 16M->10M(22M) 1.869ms
[4.029s][info][gc] GC(33) Pause Young (Allocation Failure) 16M->10M(22M) 2.204ms
[4.157s][info][gc] GC(34) Pause Young (Allocation Failure) 16M->11M(22M) 2.042ms
[4.335s][info][gc] GC(35) Pause Young (Allocation Failure) 17M->11M(22M) 2.556ms
[4.471s][info][gc] GC(36) Pause Young (Allocation Failure) 18M->12M(22M) 2.373ms
[4.655s][info][gc] GC(37) Pause Young (Allocation Failure) 18M->13M(22M) 2.453ms
[4.832s][info][gc] GC(38) Pause Young (Allocation Failure) 19M->14M(22M) 3.872ms
[4.937s][info][gc] GC(39) Pause Young (Allocation Failure) 21M->14M(22M) 2.650ms
[5.046s][info][gc] GC(40) Pause Young (Allocation Failure) 21M->15M(22M) 1.961ms
[5.350s][info][gc] GC(41) Pause Young (Allocation Failure) 21M->15M(22M) 2.071ms
[5.575s][info][gc] GC(42) Pause Young (Allocation Failure) 21M->15M(22M) 0.942ms
[5.752s][info][gc] GC(43) Pause Young (Allocation Failure) 21M->15M(22M) 1.508ms
[5.779s][info][gc] GC(44) Pause Young (GCLocker Initiated GC) 17M->15M(22M) 1.375ms
[5.934s][info][gc] GC(45) Pause Full (Metadata GC Threshold) 19M->15M(37M) 79.720ms
[6.180s][info][gc] GC(46) Pause Young (Allocation Failure) 26M->16M(37M) 2.347ms
[6.358s][info][gc] GC(47) Pause Young (Allocation Failure) 26M->17M(37M) 2.586ms
[6.661s][info][gc] GC(48) Pause Young (Allocation Failure) 27M->18M(37M) 3.835ms
[6.878s][info][gc] GC(49) Pause Young (Allocation Failure) 28M->19M(37M) 4.352ms
[7.163s][info][gc] GC(50) Pause Young (Allocation Failure) 30M->20M(37M) 4.883ms
[7.458s][info][gc] GC(51) Pause Young (Allocation Failure) 31M->21M(37M) 4.915ms
[9.014s][info][gc] GC(52) Pause Young (Allocation Failure) 32M->23M(37M) 4.728ms
[13.516s][info][gc] GC(53) Pause Young (Allocation Failure) 34M->28M(39M) 7.092ms
[13.555s][info][gc] GC(54) Pause Full (Allocation Failure) 28M->27M(65M) 38.999ms
[14.148s][info][gc] GC(55) Pause Young (Allocation Failure) 45M->35M(65M) 19.598ms
[16.439s][info][gc] GC(56) Pause Young (Allocation Failure) 53M->36M(65M) 7.395ms
[17.572s][info][gc] GC(57) Pause Young (Allocation Failure) 54M->36M(65M) 4.816ms
[18.531s][info][gc] GC(58) Pause Young (Allocation Failure) 54M->36M(65M) 3.506ms
[19.332s][info][gc] GC(59) Pause Young (Allocation Failure) 54M->36M(65M) 3.250ms
[20.051s][info][gc] GC(60) Pause Young (Allocation Failure) 54M->36M(65M) 3.909ms
[20.939s][info][gc] GC(61) Pause Young (Allocation Failure) 54M->36M(65M) 10.591ms
[21.933s][info][gc] GC(62) Pause Young (Allocation Failure) 54M->36M(65M) 3.257ms
[22.639s][info][gc] GC(63) Pause Young (Allocation Failure) 54M->36M(65M) 3.256ms
[23.256s][info][gc] GC(64) Pause Young (Allocation Failure) 54M->36M(65M) 3.118ms
[24.132s][info][gc] GC(65) Pause Young (Allocation Failure) 54M->36M(65M) 3.998ms
[24.953s][info][gc] GC(66) Pause Young (Allocation Failure) 54M->36M(65M) 3.179ms
[25.632s][info][gc] GC(67) Pause Young (Allocation Failure) 54M->36M(65M) 3.834ms
[26.231s][info][gc] GC(68) Pause Young (Allocation Failure) 54M->36M(65M) 3.363ms
[26.830s][info][gc] GC(69) Pause Young (Allocation Failure) 54M->36M(65M) 3.110ms
[27.351s][info][gc] GC(70) Pause Young (Allocation Failure) 54M->36M(65M) 3.926ms
[28.032s][info][gc] GC(71) Pause Young (Allocation Failure) 54M->36M(65M) 3.271ms
[28.627s][info][gc] GC(72) Pause Young (Allocation Failure) 54M->36M(65M) 21.036ms
[29.143s][info][gc] GC(73) Pause Young (Allocation Failure) 54M->36M(65M) 3.480ms
[29.839s][info][gc] GC(74) Pause Young (Allocation Failure) 54M->36M(65M) 4.920ms
[30.530s][info][gc] GC(75) Pause Young (Allocation Failure) 54M->37M(65M) 3.862ms
[31.032s][info][gc] GC(76) Pause Young (Allocation Failure) 55M->38M(65M) 4.102ms
[31.631s][info][gc] GC(77) Pause Young (Allocation Failure) 56M->38M(65M) 4.020ms
[32.086s][info][gc] GC(78) Pause Young (Allocation Failure) 56M->38M(65M) 2.977ms
[32.605s][info][gc] GC(79) Pause Young (Allocation Failure) 56M->38M(65M) 2.606ms
[33.012s][info][gc] GC(80) Pause Young (Allocation Failure) 56M->38M(65M) 2.657ms
[33.435s][info][gc] GC(81) Pause Young (Allocation Failure) 56M->38M(65M) 2.814ms
[33.836s][info][gc] GC(82) Pause Young (Allocation Failure) 56M->38M(65M) 2.471ms
[34.215s][info][gc] GC(83) Pause Young (Allocation Failure) 56M->38M(65M) 2.941ms
[34.615s][info][gc] GC(84) Pause Young (Allocation Failure) 56M->38M(65M) 2.952ms
[34.996s][info][gc] GC(85) Pause Young (Allocation Failure) 56M->38M(65M) 2.822ms
[35.373s][info][gc] GC(86) Pause Young (Allocation Failure) 56M->38M(65M) 2.699ms
[35.775s][info][gc] GC(87) Pause Young (Allocation Failure) 56M->38M(65M) 2.611ms
[36.166s][info][gc] GC(88) Pause Young (Allocation Failure) 56M->38M(65M) 3.014ms
[36.551s][info][gc] GC(89) Pause Young (Allocation Failure) 56M->38M(65M) 3.242ms
[36.907s][info][gc] GC(90) Pause Young (Allocation Failure) 56M->38M(65M) 2.678ms
[37.299s][info][gc] GC(91) Pause Young (Allocation Failure) 56M->38M(65M) 3.210ms
[37.666s][info][gc] GC(92) Pause Young (Allocation Failure) 56M->38M(65M) 3.225ms
[38.021s][info][gc] GC(93) Pause Young (Allocation Failure) 56M->38M(65M) 2.588ms
[38.390s][info][gc] GC(94) Pause Young (Allocation Failure) 56M->39M(65M) 3.198ms
[38.773s][info][gc] GC(95) Pause Young (Allocation Failure) 57M->39M(65M) 3.868ms
[39.134s][info][gc] GC(96) Pause Young (Allocation Failure) 58M->39M(65M) 3.117ms
[39.489s][info][gc] GC(97) Pause Young (Allocation Failure) 58M->39M(65M) 2.361ms
[39.955s][info][gc] GC(98) Pause Young (Allocation Failure) 58M->40M(65M) 2.555ms
[40.339s][info][gc] GC(99) Pause Young (Allocation Failure) 58M->40M(65M) 2.770ms
[40.795s][info][gc] GC(100) Pause Young (Allocation Failure) 58M->40M(65M) 2.761ms
[41.187s][info][gc] GC(101) Pause Young (Allocation Failure) 58M->40M(65M) 2.929ms
[41.575s][info][gc] GC(102) Pause Young (Allocation Failure) 58M->40M(65M) 2.617ms
[42.045s][info][gc] GC(103) Pause Young (Allocation Failure) 58M->39M(65M) 2.449ms
[42.401s][info][gc] GC(104) Pause Young (Allocation Failure) 58M->40M(65M) 2.627ms
[42.857s][info][gc] GC(105) Pause Young (Allocation Failure) 58M->40M(65M) 2.665ms
[43.227s][info][gc] GC(106) Pause Young (Allocation Failure) 58M->39M(65M) 2.659ms
[43.640s][info][gc] GC(107) Pause Young (Allocation Failure) 58M->40M(65M) 3.188ms
[44.059s][info][gc] GC(108) Pause Young (Allocation Failure) 58M->40M(65M) 3.284ms
[44.430s][info][gc] GC(109) Pause Young (Allocation Failure) 58M->40M(65M) 2.790ms
[44.899s][info][gc] GC(110) Pause Young (Allocation Failure) 58M->40M(65M) 3.121ms
[45.300s][info][gc] GC(111) Pause Young (Allocation Failure) 58M->40M(65M) 3.065ms
[45.819s][info][gc] GC(112) Pause Young (Allocation Failure) 58M->40M(65M) 3.053ms
[46.233s][info][gc] GC(113) Pause Young (Allocation Failure) 58M->41M(65M) 3.343ms
[46.648s][info][gc] GC(114) Pause Young (Allocation Failure) 59M->41M(65M) 3.975ms
[47.031s][info][gc] GC(115) Pause Young (Allocation Failure) 59M->41M(65M) 3.095ms
[47.416s][info][gc] GC(116) Pause Young (Allocation Failure) 60M->41M(65M) 3.112ms
[47.853s][info][gc] GC(117) Pause Young (Allocation Failure) 60M->41M(65M) 2.904ms
[48.250s][info][gc] GC(118) Pause Young (Allocation Failure) 60M->41M(65M) 3.362ms
[48.639s][info][gc] GC(119) Pause Young (Allocation Failure) 60M->41M(65M) 2.457ms
[49.022s][info][gc] GC(120) Pause Young (Allocation Failure) 60M->41M(65M) 2.707ms
[49.395s][info][gc] GC(121) Pause Young (Allocation Failure) 60M->41M(65M) 2.481ms
[49.780s][info][gc] GC(122) Pause Young (Allocation Failure) 60M->41M(65M) 2.459ms
[50.133s][info][gc] GC(123) Pause Young (Allocation Failure) 60M->41M(65M) 2.463ms
[50.512s][info][gc] GC(124) Pause Young (Allocation Failure) 60M->41M(65M) 2.821ms
[50.906s][info][gc] GC(125) Pause Young (Allocation Failure) 60M->41M(65M) 3.036ms
[51.306s][info][gc] GC(126) Pause Young (Allocation Failure) 60M->41M(65M) 2.735ms
[51.694s][info][gc] GC(127) Pause Young (Allocation Failure) 60M->41M(65M) 2.670ms
[52.058s][info][gc] GC(128) Pause Young (Allocation Failure) 60M->41M(65M) 2.685ms
[52.416s][info][gc] GC(129) Pause Young (Allocation Failure) 60M->41M(65M) 2.631ms
[52.877s][info][gc] GC(130) Pause Young (Allocation Failure) 60M->41M(65M) 2.839ms
[53.248s][info][gc] GC(131) Pause Young (Allocation Failure) 60M->42M(65M) 2.493ms
[53.668s][info][gc] GC(132) Pause Young (Allocation Failure) 60M->42M(65M) 3.174ms
[54.076s][info][gc] GC(133) Pause Young (Allocation Failure) 60M->43M(65M) 3.190ms
[54.457s][info][gc] GC(134) Pause Young (Allocation Failure) 61M->43M(65M) 3.243ms
[54.891s][info][gc] GC(135) Pause Young (Allocation Failure) 61M->43M(65M) 2.526ms
[55.273s][info][gc] GC(136) Pause Young (Allocation Failure) 61M->43M(65M) 2.749ms
[55.730s][info][gc] GC(137) Pause Young (Allocation Failure) 61M->43M(65M) 2.660ms
[56.110s][info][gc] GC(138) Pause Young (Allocation Failure) 61M->43M(65M) 2.488ms
[56.466s][info][gc] GC(139) Pause Young (Allocation Failure) 61M->43M(65M) 2.846ms
[56.934s][info][gc] GC(140) Pause Young (Allocation Failure) 61M->43M(65M) 3.011ms
[57.323s][info][gc] GC(141) Pause Young (Allocation Failure) 61M->43M(65M) 2.628ms
[57.778s][info][gc] GC(142) Pause Young (Allocation Failure) 61M->43M(65M) 3.612ms
[58.145s][info][gc] GC(143) Pause Young (Allocation Failure) 61M->43M(65M) 2.895ms
[58.572s][info][gc] GC(144) Pause Young (Allocation Failure) 61M->43M(65M) 2.490ms
[59.007s][info][gc] GC(145) Pause Young (Allocation Failure) 61M->43M(65M) 2.708ms
[59.416s][info][gc] GC(146) Pause Young (Allocation Failure) 61M->43M(65M) 3.554ms
[59.862s][info][gc] GC(147) Pause Young (Allocation Failure) 61M->43M(65M) 2.613ms
[60.221s][info][gc] GC(148) Pause Young (Allocation Failure) 61M->43M(65M) 2.862ms
[60.632s][info][gc] GC(149) Pause Young (Allocation Failure) 61M->43M(65M) 2.915ms
[61.166s][info][gc] GC(150) Pause Young (Allocation Failure) 61M->43M(65M) 2.656ms
[61.516s][info][gc] GC(151) Pause Young (Allocation Failure) 61M->44M(65M) 3.026ms
[61.944s][info][gc] GC(152) Pause Young (Allocation Failure) 62M->45M(65M) 3.769ms
[62.326s][info][gc] GC(153) Pause Young (Allocation Failure) 63M->45M(65M) 3.033ms
[62.757s][info][gc] GC(154) Pause Young (Allocation Failure) 63M->45M(65M) 2.555ms
[63.133s][info][gc] GC(155) Pause Young (Allocation Failure) 63M->45M(65M) 2.897ms
[63.507s][info][gc] GC(156) Pause Young (Allocation Failure) 63M->45M(65M) 2.907ms
[63.877s][info][gc] GC(157) Pause Young (Allocation Failure) 63M->45M(65M) 2.563ms
[64.258s][info][gc] GC(158) Pause Young (Allocation Failure) 63M->45M(65M) 2.458ms
[64.651s][info][gc] GC(159) Pause Young (Allocation Failure) 63M->45M(65M) 2.548ms
[64.994s][info][gc] GC(160) Pause Young (Allocation Failure) 63M->45M(65M) 2.498ms
[65.398s][info][gc] GC(161) Pause Young (Allocation Failure) 63M->45M(65M) 2.720ms
[65.782s][info][gc] GC(162) Pause Young (Allocation Failure) 63M->45M(65M) 2.711ms
[66.164s][info][gc] GC(163) Pause Young (Allocation Failure) 63M->45M(65M) 2.561ms
[66.567s][info][gc] GC(164) Pause Young (Allocation Failure) 63M->45M(65M) 3.033ms
[66.985s][info][gc] GC(165) Pause Young (Allocation Failure) 63M->45M(65M) 2.823ms
[67.341s][info][gc] GC(166) Pause Young (Allocation Failure) 63M->45M(65M) 3.094ms
[67.768s][info][gc] GC(167) Pause Young (Allocation Failure) 63M->45M(65M) 2.848ms
[68.121s][info][gc] GC(168) Pause Young (Allocation Failure) 63M->45M(65M) 2.997ms
[68.508s][info][gc] GC(169) Pause Young (Allocation Failure) 63M->45M(65M) 2.715ms
[68.933s][info][gc] GC(170) Pause Young (Allocation Failure) 63M->46M(65M) 2.956ms
[69.305s][info][gc] GC(171) Pause Young (Allocation Failure) 64M->46M(66M) 3.827ms
[69.359s][info][gc] GC(172) Pause Full (Allocation Failure) 46M->34M(85M) 53.169ms
[69.896s][info][gc] GC(173) Pause Young (Allocation Failure) 58M->35M(85M) 3.233ms
[70.400s][info][gc] GC(174) Pause Young (Allocation Failure) 59M->35M(85M) 3.106ms
[70.929s][info][gc] GC(175) Pause Young (Allocation Failure) 59M->35M(85M) 2.462ms
[71.438s][info][gc] GC(176) Pause Young (Allocation Failure) 59M->35M(85M) 2.496ms
[71.947s][info][gc] GC(177) Pause Young (Allocation Failure) 59M->35M(85M) 2.681ms
[72.462s][info][gc] GC(178) Pause Young (Allocation Failure) 59M->35M(85M) 3.396ms
[73.018s][info][gc] GC(179) Pause Young (Allocation Failure) 59M->35M(85M) 2.581ms
[73.519s][info][gc] GC(180) Pause Young (Allocation Failure) 59M->35M(85M) 2.528ms
[74.097s][info][gc] GC(181) Pause Young (Allocation Failure) 59M->35M(85M) 2.601ms
[74.677s][info][gc] GC(182) Pause Young (Allocation Failure) 59M->35M(85M) 2.739ms
[75.184s][info][gc] GC(183) Pause Young (Allocation Failure) 59M->35M(85M) 2.332ms
[75.738s][info][gc] GC(184) Pause Young (Allocation Failure) 59M->35M(85M) 3.387ms
[76.214s][info][gc] GC(185) Pause Young (Allocation Failure) 59M->35M(85M) 2.821ms
[76.778s][info][gc] GC(186) Pause Young (Allocation Failure) 59M->36M(85M) 3.339ms
[77.273s][info][gc] GC(187) Pause Young (Allocation Failure) 60M->37M(85M) 3.348ms
[77.803s][info][gc] GC(188) Pause Young (Allocation Failure) 61M->37M(85M) 2.833ms
[78.321s][info][gc] GC(189) Pause Young (Allocation Failure) 61M->37M(85M) 2.875ms
[78.829s][info][gc] GC(190) Pause Young (Allocation Failure) 61M->37M(85M) 2.455ms
[79.322s][info][gc] GC(191) Pause Young (Allocation Failure) 61M->37M(85M) 2.895ms
[79.884s][info][gc] GC(192) Pause Young (Allocation Failure) 61M->37M(85M) 2.431ms
[80.380s][info][gc] GC(193) Pause Young (Allocation Failure) 61M->37M(85M) 2.578ms
[80.931s][info][gc] GC(194) Pause Young (Allocation Failure) 61M->37M(85M) 2.466ms
[81.446s][info][gc] GC(195) Pause Young (Allocation Failure) 61M->36M(85M) 2.271ms
[81.954s][info][gc] GC(196) Pause Young (Allocation Failure) 60M->37M(85M) 2.594ms
[82.453s][info][gc] GC(197) Pause Young (Allocation Failure) 61M->37M(85M) 2.777ms
[83.005s][info][gc] GC(198) Pause Young (Allocation Failure) 61M->37M(85M) 2.696ms
[83.517s][info][gc] GC(199) Pause Young (Allocation Failure) 61M->37M(85M) 3.016ms
[83.996s][info][gc] GC(200) Pause Young (Allocation Failure) 61M->38M(85M) 3.308ms
[84.496s][info][gc] GC(201) Pause Young (Allocation Failure) 62M->38M(85M) 3.352ms
[85.050s][info][gc] GC(202) Pause Young (Allocation Failure) 62M->38M(85M) 2.615ms
[85.530s][info][gc] GC(203) Pause Young (Allocation Failure) 62M->38M(85M) 2.361ms
[86.087s][info][gc] GC(204) Pause Young (Allocation Failure) 62M->38M(85M) 2.472ms
[86.612s][info][gc] GC(205) Pause Young (Allocation Failure) 62M->38M(85M) 2.750ms
[87.144s][info][gc] GC(206) Pause Young (Allocation Failure) 62M->38M(85M) 2.653ms
[87.707s][info][gc] GC(207) Pause Young (Allocation Failure) 62M->38M(85M) 3.338ms
[88.210s][info][gc] GC(208) Pause Young (Allocation Failure) 62M->38M(85M) 2.490ms
[88.729s][info][gc] GC(209) Pause Young (Allocation Failure) 62M->38M(85M) 2.513ms
[89.230s][info][gc] GC(210) Pause Young (Allocation Failure) 62M->38M(85M) 2.537ms
[90.098s][info][gc] GC(211) Pause Young (Allocation Failure) 62M->38M(85M) 2.746ms
[90.620s][info][gc] GC(212) Pause Young (Allocation Failure) 62M->38M(85M) 2.650ms
[91.161s][info][gc] GC(213) Pause Young (Allocation Failure) 62M->38M(85M) 2.710ms
[91.660s][info][gc] GC(214) Pause Young (Allocation Failure) 62M->39M(85M) 2.826ms
[92.153s][info][gc] GC(215) Pause Young (Allocation Failure) 63M->39M(85M) 3.214ms
[92.676s][info][gc] GC(216) Pause Young (Allocation Failure) 63M->39M(85M) 2.622ms
[93.176s][info][gc] GC(217) Pause Young (Allocation Failure) 63M->39M(85M) 2.820ms
[93.714s][info][gc] GC(218) Pause Young (Allocation Failure) 63M->39M(85M) 2.673ms
[94.213s][info][gc] GC(219) Pause Young (Allocation Failure) 63M->39M(85M) 2.587ms
[94.754s][info][gc] GC(220) Pause Young (Allocation Failure) 63M->39M(85M) 2.654ms
[95.244s][info][gc] GC(221) Pause Young (Allocation Failure) 63M->39M(85M) 2.678ms
[95.780s][info][gc] GC(222) Pause Young (Allocation Failure) 63M->39M(85M) 2.362ms
[96.274s][info][gc] GC(223) Pause Young (Allocation Failure) 63M->39M(85M) 2.851ms
[96.836s][info][gc] GC(224) Pause Young (Allocation Failure) 63M->39M(85M) 3.137ms
[97.329s][info][gc] GC(225) Pause Young (Allocation Failure) 63M->39M(85M) 2.878ms
[97.872s][info][gc] GC(226) Pause Young (Allocation Failure) 63M->39M(85M) 2.913ms
[98.359s][info][gc] GC(227) Pause Young (Allocation Failure) 63M->39M(85M) 2.628ms
[98.883s][info][gc] GC(228) Pause Young (Allocation Failure) 63M->40M(85M) 2.983ms
[99.377s][info][gc] GC(229) Pause Young (Allocation Failure) 64M->40M(85M) 3.027ms
[99.931s][info][gc] GC(230) Pause Young (Allocation Failure) 64M->40M(85M) 2.526ms
[100.444s][info][gc] GC(231) Pause Young (Allocation Failure) 64M->40M(85M) 2.662ms
[101.059s][info][gc] GC(232) Pause Young (Allocation Failure) 64M->40M(85M) 2.562ms
[101.550s][info][gc] GC(233) Pause Young (Allocation Failure) 64M->40M(85M) 2.490ms
[102.132s][info][gc] GC(234) Pause Young (Allocation Failure) 64M->40M(85M) 2.868ms
[102.652s][info][gc] GC(235) Pause Young (Allocation Failure) 64M->40M(85M) 2.785ms
[103.131s][info][gc] GC(236) Pause Young (Allocation Failure) 64M->40M(85M) 2.602ms
