[0.005s][info][gc] Using Serial
[0.104s][info][gc] GC(0) Pause Young (Allocation Failure) 5M->1M(15M) 2.256ms
[0.197s][info][gc] GC(1) Pause Young (Allocation Failure) 6M->2M(15M) 2.176ms
[0.365s][info][gc] GC(2) Pause Young (Allocation Failure) 6M->3M(15M) 1.971ms
[0.380s][info][gc] GC(3) Pause Young (Allocation Failure) 7M->3M(15M) 1.293ms
[0.497s][info][gc] GC(4) Pause Young (Allocation Failure) 7M->4M(15M) 1.469ms
[0.706s][info][gc] GC(5) Pause Young (Allocation Failure) 8M->4M(15M) 1.443ms
[0.821s][info][gc] GC(6) Pause Young (Allocation Failure) 8M->4M(15M) 1.073ms
[0.984s][info][gc] GC(7) Pause Young (Allocation Failure) 9M->5M(15M) 0.970ms
[1.129s][info][gc] GC(8) Pause Young (Allocation Failure) 9M->5M(15M) 1.185ms
[1.277s][info][gc] GC(9) Pause Young (Allocation Failure) 9M->5M(15M) 1.187ms
[1.388s][info][gc] GC(10) Pause Young (Allocation Failure) 9M->5M(15M) 1.235ms
[1.501s][info][gc] GC(11) Pause Young (Allocation Failure) 10M->6M(15M) 1.625ms
[1.622s][info][gc] GC(12) Pause Young (Allocation Failure) 10M->6M(15M) 2.005ms
[1.813s][info][gc] GC(13) Pause Young (Allocation Failure) 10M->6M(15M) 1.354ms
[1.889s][info][gc] GC(14) Pause Young (Allocation Failure) 11M->7M(15M) 1.512ms
[1.971s][info][gc] GC(15) Pause Young (Allocation Failure) 11M->7M(15M) 1.009ms
[2.086s][info][gc] GC(16) Pause Young (Allocation Failure) 11M->7M(15M) 1.338ms
[2.150s][info][gc] GC(17) Pause Young (Allocation Failure) 11M->7M(15M) 1.744ms
[2.226s][info][gc] GC(18) Pause Young (Allocation Failure) 11M->8M(15M) 1.909ms
[2.278s][info][gc] GC(19) Pause Young (Allocation Failure) 12M->8M(15M) 1.226ms
[2.325s][info][gc] GC(20) Pause Young (Allocation Failure) 12M->8M(15M) 0.562ms
[2.383s][info][gc] GC(21) Pause Young (Allocation Failure) 12M->8M(15M) 1.288ms
[2.504s][info][gc] GC(22) Pause Young (Allocation Failure) 13M->9M(15M) 1.749ms
[2.607s][info][gc] GC(23) Pause Young (Allocation Failure) 13M->9M(15M) 1.478ms
[2.686s][info][gc] GC(24) Pause Young (Allocation Failure) 13M->9M(15M) 1.425ms
[2.831s][info][gc] GC(25) Pause Young (Allocation Failure) 14M->10M(15M) 1.171ms
[2.975s][info][gc] GC(26) Pause Young (Allocation Failure) 14M->10M(15M) 1.006ms
[3.021s][info][gc] GC(27) Pause Young (Allocation Failure) 14M->10M(15M) 1.369ms
[3.098s][info][gc] GC(28) Pause Young (Allocation Failure) 14M->10M(15M) 1.534ms
[3.196s][info][gc] GC(29) Pause Young (Allocation Failure) 15M->11M(15M) 1.688ms
[3.215s][info][gc] GC(30) Pause Full (Allocation Failure) 11M->9M(23M) 18.532ms
[3.364s][info][gc] GC(31) Pause Young (Allocation Failure) 16M->9M(23M) 1.420ms
[3.490s][info][gc] GC(32) Pause Young (Allocation Failure) 16M->10M(23M) 1.597ms
[3.606s][info][gc] GC(33) Pause Young (Allocation Failure) 16M->10M(23M) 2.123ms
[3.774s][info][gc] GC(34) Pause Young (Allocation Failure) 17M->11M(23M) 2.374ms
[3.912s][info][gc] GC(35) Pause Young (Allocation Failure) 17M->11M(23M) 2.677ms
[4.109s][info][gc] GC(36) Pause Young (Allocation Failure) 18M->12M(23M) 2.599ms
[4.304s][info][gc] GC(37) Pause Young (Allocation Failure) 18M->13M(23M) 2.866ms
[4.480s][info][gc] GC(38) Pause Young (Allocation Failure) 19M->14M(23M) 3.712ms
[4.616s][info][gc] GC(39) Pause Young (Allocation Failure) 21M->14M(23M) 3.043ms
[4.815s][info][gc] GC(40) Pause Young (Allocation Failure) 21M->15M(23M) 2.249ms
[5.053s][info][gc] GC(41) Pause Young (Allocation Failure) 21M->15M(23M) 2.158ms
[5.148s][info][gc] GC(42) Pause Young (Allocation Failure) 21M->15M(23M) 0.989ms
[5.224s][info][gc] GC(43) Pause Young (Allocation Failure) 22M->15M(23M) 1.342ms
[5.276s][info][gc] GC(44) Pause Full (Metadata GC Threshold) 16M->15M(37M) 45.206ms
[5.506s][info][gc] GC(45) Pause Young (Allocation Failure) 25M->16M(37M) 2.736ms
[5.769s][info][gc] GC(46) Pause Young (Allocation Failure) 26M->17M(37M) 2.989ms
[5.999s][info][gc] GC(47) Pause Young (Allocation Failure) 27M->18M(37M) 3.547ms
[6.261s][info][gc] GC(48) Pause Young (Allocation Failure) 28M->19M(37M) 36.714ms
[6.484s][info][gc] GC(49) Pause Young (Allocation Failure) 29M->20M(37M) 3.876ms
[6.762s][info][gc] GC(50) Pause Young (Allocation Failure) 30M->21M(37M) 52.936ms
[8.879s][info][gc] GC(51) Pause Young (Allocation Failure) 31M->23M(37M) 6.230ms
[12.781s][info][gc] GC(52) Pause Young (Allocation Failure) 34M->25M(37M) 3.983ms
[12.915s][info][gc] GC(53) Pause Young (Allocation Failure) 36M->35M(46M) 9.254ms
[12.963s][info][gc] GC(54) Pause Full (Allocation Failure) 35M->34M(83M) 47.327ms
[13.066s][info][gc] GC(55) Pause Young (Allocation Failure) 57M->56M(83M) 20.946ms
[13.562s][info][gc] GC(56) Pause Young (Allocation Failure) 79M->73M(96M) 85.046ms
[13.615s][info][gc] GC(57) Pause Full (Allocation Failure) 73M->71M(170M) 53.411ms
[14.481s][info][gc] GC(58) Pause Young (Allocation Failure) 117M->97M(170M) 99.157ms
[14.875s][info][gc] GC(59) Pause Young (Allocation Failure) 144M->131M(178M) 99.011ms
[14.951s][info][gc] GC(60) Pause Full (Allocation Failure) 131M->131M(304M) 75.120ms
[15.433s][info][gc] GC(61) Pause Young (Allocation Failure) 209M->194M(304M) 73.988ms
[15.961s][info][gc] GC(62) Pause Young (Allocation Failure) 278M->266M(350M) 99.670ms
[16.112s][info][gc] GC(63) Pause Full (Allocation Failure) 266M->266M(494M) 150.138ms
[17.066s][info][gc] GC(64) Pause Young (Allocation Failure) 392M->339M(494M) 106.365ms
[17.360s][info][gc] GC(65) Pause Young (Allocation Failure) 475M->475M(494M) 0.123ms
[17.580s][info][gc] GC(66) Pause Full (Allocation Failure) 475M->275M(494M) 219.263ms
[18.884s][info][gc] GC(67) Pause Young (Allocation Failure) 412M->412M(494M) 0.031ms
[19.128s][info][gc] GC(68) Pause Full (Allocation Failure) 412M->216M(494M) 244.222ms
[19.670s][info][gc] GC(69) Pause Young (Allocation Failure) 353M->316M(494M) 99.595ms
[20.064s][info][gc] GC(70) Pause Young (Allocation Failure) 453M->453M(494M) 0.106ms
[20.246s][info][gc] GC(71) Pause Full (Allocation Failure) 453M->242M(494M) 181.749ms
[20.893s][info][gc] GC(72) Pause Young (Allocation Failure) 378M->334M(494M) 110.432ms
[21.963s][info][gc] GC(73) Pause Young (Allocation Failure) 471M->471M(494M) 0.041ms
[22.116s][info][gc] GC(74) Pause Full (Allocation Failure) 471M->200M(494M) 152.887ms
[22.418s][info][gc] GC(75) Pause Young (Allocation Failure) 337M->312M(494M) 50.507ms
[22.866s][info][gc] GC(76) Pause Young (Allocation Failure) 448M->448M(494M) 0.033ms
[23.040s][info][gc] GC(77) Pause Full (Allocation Failure) 448M->269M(494M) 173.145ms
[23.361s][info][gc] GC(78) Pause Young (Allocation Failure) 405M->405M(494M) 0.036ms
[23.534s][info][gc] GC(79) Pause Full (Allocation Failure) 405M->231M(494M) 173.073ms
[23.916s][info][gc] GC(80) Pause Young (Allocation Failure) 367M->317M(494M) 43.363ms
[24.084s][info][gc] GC(81) Pause Young (Allocation Failure) 453M->453M(494M) 0.053ms
[24.316s][info][gc] GC(82) Pause Full (Allocation Failure) 453M->238M(494M) 230.762ms
[24.576s][info][gc] GC(83) Pause Young (Allocation Failure) 375M->375M(494M) 0.041ms
[24.749s][info][gc] GC(84) Pause Full (Allocation Failure) 375M->263M(494M) 172.902ms
[24.980s][info][gc] GC(85) Pause Young (Allocation Failure) 399M->399M(494M) 0.063ms
[25.200s][info][gc] GC(86) Pause Full (Allocation Failure) 399M->262M(494M) 219.556ms
[25.369s][info][gc] GC(87) Pause Young (Allocation Failure) 399M->399M(494M) 0.119ms
[25.597s][info][gc] GC(88) Pause Full (Allocation Failure) 399M->252M(494M) 226.516ms
[26.376s][info][gc] GC(89) Pause Young (Allocation Failure) 389M->389M(494M) 0.030ms
[26.568s][info][gc] GC(90) Pause Full (Allocation Failure) 389M->239M(494M) 191.516ms
[26.590s][info][gc] GC(91) Pause Young (Allocation Failure) 375M->375M(494M) 0.041ms
[26.810s][info][gc] GC(92) Pause Full (Allocation Failure) 375M->271M(494M) 220.076ms
[27.078s][info][gc] GC(93) Pause Young (Allocation Failure) 408M->408M(494M) 0.062ms
[27.254s][info][gc] GC(94) Pause Full (Allocation Failure) 408M->248M(494M) 176.252ms
[27.275s][info][gc] GC(95) Pause Young (Allocation Failure) 385M->385M(494M) 0.041ms
[27.526s][info][gc] GC(96) Pause Full (Allocation Failure) 385M->260M(494M) 250.424ms
[27.778s][info][gc] GC(97) Pause Young (Allocation Failure) 397M->397M(494M) 0.036ms
[28.029s][info][gc] GC(98) Pause Full (Allocation Failure) 397M->259M(494M) 250.310ms
[28.278s][info][gc] GC(99) Pause Young (Allocation Failure) 395M->395M(494M) 0.042ms
[28.465s][info][gc] GC(100) Pause Full (Allocation Failure) 395M->255M(494M) 186.448ms
[28.484s][info][gc] GC(101) Pause Young (Allocation Failure) 391M->391M(494M) 0.042ms
[28.712s][info][gc] GC(102) Pause Full (Allocation Failure) 391M->259M(494M) 228.077ms
[29.481s][info][gc] GC(103) Pause Young (Allocation Failure) 395M->395M(494M) 0.049ms
[29.683s][info][gc] GC(104) Pause Full (Allocation Failure) 395M->232M(494M) 201.770ms
[29.908s][info][gc] GC(105) Pause Young (Allocation Failure) 369M->350M(494M) 123.443ms
[30.081s][info][gc] GC(106) Pause Young (Allocation Failure) 486M->486M(494M) 0.041ms
[30.310s][info][gc] GC(107) Pause Full (Allocation Failure) 486M->238M(494M) 228.647ms
[30.570s][info][gc] GC(108) Pause Young (Allocation Failure) 374M->374M(494M) 0.041ms
[30.734s][info][gc] GC(109) Pause Full (Allocation Failure) 374M->218M(494M) 163.392ms
[30.968s][info][gc] GC(110) Pause Young (Allocation Failure) 355M->337M(494M) 94.069ms
[31.171s][info][gc] GC(111) Pause Young (Allocation Failure) 473M->473M(494M) 0.064ms
[31.360s][info][gc] GC(112) Pause Full (Allocation Failure) 473M->249M(494M) 188.122ms
[31.870s][info][gc] GC(113) Pause Young (Allocation Failure) 385M->385M(494M) 0.038ms
[32.037s][info][gc] GC(114) Pause Full (Allocation Failure) 385M->236M(494M) 166.813ms
[32.260s][info][gc] GC(115) Pause Young (Allocation Failure) 372M->372M(494M) 0.044ms
[32.371s][info][gc] GC(116) Pause Full (Allocation Failure) 372M->251M(494M) 110.708ms
[32.398s][info][gc] GC(117) Pause Young (Allocation Failure) 387M->387M(494M) 0.031ms
[32.612s][info][gc] GC(118) Pause Full (Allocation Failure) 387M->266M(494M) 213.356ms
[32.978s][info][gc] GC(119) Pause Young (Allocation Failure) 403M->403M(494M) 0.034ms
[33.174s][info][gc] GC(120) Pause Full (Allocation Failure) 403M->230M(494M) 195.405ms
[33.362s][info][gc] GC(121) Pause Young (Allocation Failure) 366M->366M(494M) 0.062ms
[33.537s][info][gc] GC(122) Pause Full (Allocation Failure) 366M->240M(494M) 174.421ms
[33.679s][info][gc] GC(123) Pause Young (Allocation Failure) 377M->377M(494M) 0.033ms
[33.862s][info][gc] GC(124) Pause Full (Allocation Failure) 377M->257M(494M) 182.649ms
[33.967s][info][gc] GC(125) Pause Young (Allocation Failure) 394M->394M(494M) 0.045ms
[34.135s][info][gc] GC(126) Pause Full (Allocation Failure) 394M->248M(494M) 168.184ms
[34.264s][info][gc] GC(127) Pause Young (Allocation Failure) 384M->384M(494M) 0.040ms
[34.420s][info][gc] GC(128) Pause Full (Allocation Failure) 384M->237M(494M) 155.728ms
[34.561s][info][gc] GC(129) Pause Young (Allocation Failure) 374M->374M(494M) 0.124ms
[34.724s][info][gc] GC(130) Pause Full (Allocation Failure) 374M->245M(494M) 161.638ms
[35.374s][info][gc] GC(131) Pause Young (Allocation Failure) 382M->382M(494M) 0.119ms
[35.573s][info][gc] GC(132) Pause Full (Allocation Failure) 382M->221M(494M) 198.821ms
[36.059s][info][gc] GC(133) Pause Young (Allocation Failure) 357M->357M(494M) 0.046ms
[36.182s][info][gc] GC(134) Pause Full (Allocation Failure) 357M->231M(494M) 122.706ms
[36.361s][info][gc] GC(135) Pause Young (Allocation Failure) 368M->368M(494M) 0.039ms
[36.485s][info][gc] GC(136) Pause Full (Allocation Failure) 368M->245M(494M) 123.459ms
[36.569s][info][gc] GC(137) Pause Young (Allocation Failure) 382M->382M(494M) 0.034ms
[36.752s][info][gc] GC(138) Pause Full (Allocation Failure) 382M->236M(494M) 182.354ms
[36.892s][info][gc] GC(139) Pause Young (Allocation Failure) 373M->373M(494M) 0.033ms
[37.050s][info][gc] GC(140) Pause Full (Allocation Failure) 373M->237M(494M) 157.612ms
[37.083s][info][gc] GC(141) Pause Young (Allocation Failure) 373M->373M(494M) 0.036ms
[37.241s][info][gc] GC(142) Pause Full (Allocation Failure) 373M->246M(494M) 158.246ms
[37.380s][info][gc] GC(143) Pause Young (Allocation Failure) 383M->383M(494M) 0.041ms
[37.552s][info][gc] GC(144) Pause Full (Allocation Failure) 383M->256M(494M) 172.057ms
[37.769s][info][gc] GC(145) Pause Young (Allocation Failure) 393M->393M(494M) 0.033ms
[37.924s][info][gc] GC(146) Pause Full (Allocation Failure) 393M->240M(494M) 154.156ms
[38.083s][info][gc] GC(147) Pause Young (Allocation Failure) 377M->377M(494M) 0.057ms
[38.284s][info][gc] GC(148) Pause Full (Allocation Failure) 377M->234M(494M) 201.025ms
[38.389s][info][gc] GC(149) Pause Young (Allocation Failure) 371M->371M(494M) 0.059ms
[38.586s][info][gc] GC(150) Pause Full (Allocation Failure) 371M->255M(494M) 196.569ms
[38.672s][info][gc] GC(151) Pause Young (Allocation Failure) 392M->392M(494M) 0.035ms
[38.817s][info][gc] GC(152) Pause Full (Allocation Failure) 392M->254M(494M) 145.344ms
[38.891s][info][gc] GC(153) Pause Young (Allocation Failure) 390M->390M(494M) 0.042ms
[39.059s][info][gc] GC(154) Pause Full (Allocation Failure) 390M->238M(494M) 167.737ms
[39.097s][info][gc] GC(155) Pause Young (Allocation Failure) 375M->375M(494M) 0.039ms
[39.308s][info][gc] GC(156) Pause Full (Allocation Failure) 375M->240M(494M) 210.456ms
[39.394s][info][gc] GC(157) Pause Young (Allocation Failure) 376M->376M(494M) 0.034ms
[39.575s][info][gc] GC(158) Pause Full (Allocation Failure) 376M->254M(494M) 180.342ms
[39.671s][info][gc] GC(159) Pause Young (Allocation Failure) 391M->391M(494M) 0.039ms
[39.831s][info][gc] GC(160) Pause Full (Allocation Failure) 391M->225M(494M) 159.535ms
[39.889s][info][gc] GC(161) Pause Young (Allocation Failure) 362M->362M(494M) 0.034ms
[40.073s][info][gc] GC(162) Pause Full (Allocation Failure) 362M->245M(494M) 183.529ms
[40.184s][info][gc] GC(163) Pause Young (Allocation Failure) 382M->382M(494M) 0.039ms
[40.352s][info][gc] GC(164) Pause Full (Allocation Failure) 382M->239M(494M) 168.069ms
[40.389s][info][gc] GC(165) Pause Young (Allocation Failure) 375M->375M(494M) 0.057ms
[40.568s][info][gc] GC(166) Pause Full (Allocation Failure) 375M->241M(494M) 178.934ms
[40.669s][info][gc] GC(167) Pause Young (Allocation Failure) 377M->377M(494M) 0.037ms
[40.825s][info][gc] GC(168) Pause Full (Allocation Failure) 377M->259M(494M) 156.010ms
[40.886s][info][gc] GC(169) Pause Young (Allocation Failure) 396M->396M(494M) 0.055ms
[41.087s][info][gc] GC(170) Pause Full (Allocation Failure) 396M->247M(494M) 200.302ms
[41.392s][info][gc] GC(171) Pause Young (Allocation Failure) 383M->383M(494M) 0.031ms
[41.563s][info][gc] GC(172) Pause Full (Allocation Failure) 383M->254M(494M) 170.347ms
[41.591s][info][gc] GC(173) Pause Young (Allocation Failure) 391M->391M(494M) 0.033ms
[41.777s][info][gc] GC(174) Pause Full (Allocation Failure) 391M->259M(494M) 185.106ms
[41.877s][info][gc] GC(175) Pause Young (Allocation Failure) 395M->395M(494M) 0.035ms
[42.023s][info][gc] GC(176) Pause Full (Allocation Failure) 395M->219M(494M) 146.193ms
[42.201s][info][gc] GC(177) Pause Young (Allocation Failure) 355M->324M(494M) 107.638ms
[42.285s][info][gc] GC(178) Pause Young (Allocation Failure) 460M->460M(494M) 0.035ms
[42.436s][info][gc] GC(179) Pause Full (Allocation Failure) 460M->236M(494M) 151.170ms
[42.465s][info][gc] GC(180) Pause Young (Allocation Failure) 372M->372M(494M) 0.033ms
[42.611s][info][gc] GC(181) Pause Full (Allocation Failure) 372M->262M(494M) 145.879ms
[42.699s][info][gc] GC(182) Pause Young (Allocation Failure) 398M->398M(494M) 0.036ms
[42.878s][info][gc] GC(183) Pause Full (Allocation Failure) 398M->240M(494M) 179.545ms
[43.066s][info][gc] GC(184) Pause Young (Allocation Failure) 377M->377M(494M) 0.036ms
[43.190s][info][gc] GC(185) Pause Full (Allocation Failure) 377M->238M(494M) 123.517ms
[43.268s][info][gc] GC(186) Pause Young (Allocation Failure) 375M->375M(494M) 0.034ms
[43.446s][info][gc] GC(187) Pause Full (Allocation Failure) 375M->246M(494M) 175.357ms
[43.499s][info][gc] GC(188) Pause Young (Allocation Failure) 382M->382M(494M) 0.037ms
[43.698s][info][gc] GC(189) Pause Full (Allocation Failure) 382M->258M(494M) 199.157ms
[43.859s][info][gc] GC(190) Pause Young (Allocation Failure) 395M->395M(494M) 0.048ms
[43.995s][info][gc] GC(191) Pause Full (Allocation Failure) 395M->240M(494M) 135.106ms
[44.080s][info][gc] GC(192) Pause Young (Allocation Failure) 377M->377M(494M) 0.032ms
[44.259s][info][gc] GC(193) Pause Full (Allocation Failure) 377M->239M(494M) 178.513ms
[44.296s][info][gc] GC(194) Pause Young (Allocation Failure) 375M->375M(494M) 0.031ms
[44.497s][info][gc] GC(195) Pause Full (Allocation Failure) 375M->244M(494M) 200.788ms
[44.569s][info][gc] GC(196) Pause Young (Allocation Failure) 380M->380M(494M) 0.035ms
[44.718s][info][gc] GC(197) Pause Full (Allocation Failure) 380M->245M(494M) 148.794ms
[44.778s][info][gc] GC(198) Pause Young (Allocation Failure) 382M->382M(494M) 0.035ms
[44.953s][info][gc] GC(199) Pause Full (Allocation Failure) 382M->252M(494M) 174.666ms
[44.999s][info][gc] GC(200) Pause Young (Allocation Failure) 389M->389M(494M) 0.033ms
[45.199s][info][gc] GC(201) Pause Full (Allocation Failure) 389M->250M(494M) 199.892ms
[45.269s][info][gc] GC(202) Pause Young (Allocation Failure) 387M->387M(494M) 0.033ms
[45.413s][info][gc] GC(203) Pause Full (Allocation Failure) 387M->243M(494M) 144.196ms
[45.477s][info][gc] GC(204) Pause Young (Allocation Failure) 380M->380M(494M) 0.039ms
[45.636s][info][gc] GC(205) Pause Full (Allocation Failure) 380M->245M(494M) 159.153ms
[45.693s][info][gc] GC(206) Pause Young (Allocation Failure) 382M->382M(494M) 0.035ms
[45.879s][info][gc] GC(207) Pause Full (Allocation Failure) 382M->243M(494M) 185.572ms
[45.966s][info][gc] GC(208) Pause Young (Allocation Failure) 380M->380M(494M) 0.050ms
[46.107s][info][gc] GC(209) Pause Full (Allocation Failure) 380M->245M(494M) 135.276ms
[46.259s][info][gc] GC(210) Pause Young (Allocation Failure) 381M->381M(494M) 0.050ms
[46.379s][info][gc] GC(211) Pause Full (Allocation Failure) 381M->220M(494M) 107.706ms
[46.394s][info][gc] GC(212) Pause Young (Allocation Failure) 356M->356M(494M) 0.041ms
[46.540s][info][gc] GC(213) Pause Full (Allocation Failure) 356M->249M(494M) 145.392ms
[46.678s][info][gc] GC(214) Pause Young (Allocation Failure) 385M->385M(494M) 0.033ms
[46.855s][info][gc] GC(215) Pause Full (Allocation Failure) 385M->242M(494M) 176.402ms
[46.892s][info][gc] GC(216) Pause Young (Allocation Failure) 378M->378M(494M) 0.035ms
[47.079s][info][gc] GC(217) Pause Full (Allocation Failure) 378M->259M(494M) 186.689ms
[47.166s][info][gc] GC(218) Pause Young (Allocation Failure) 395M->395M(494M) 0.105ms
[47.316s][info][gc] GC(219) Pause Full (Allocation Failure) 395M->243M(494M) 148.573ms
[47.385s][info][gc] GC(220) Pause Young (Allocation Failure) 380M->380M(494M) 0.033ms
[47.562s][info][gc] GC(221) Pause Full (Allocation Failure) 380M->218M(494M) 176.342ms
[47.600s][info][gc] GC(222) Pause Young (Allocation Failure) 355M->355M(494M) 0.033ms
[47.781s][info][gc] GC(223) Pause Full (Allocation Failure) 355M->258M(494M) 180.558ms
[48.060s][info][gc] GC(224) Pause Young (Allocation Failure) 394M->394M(494M) 0.038ms
[48.208s][info][gc] GC(225) Pause Full (Allocation Failure) 394M->209M(494M) 147.483ms
[48.377s][info][gc] GC(226) Pause Young (Allocation Failure) 346M->311M(494M) 90.003ms
[48.404s][info][gc] GC(227) Pause Young (Allocation Failure) 448M->448M(494M) 0.059ms
[48.573s][info][gc] GC(228) Pause Full (Allocation Failure) 448M->244M(494M) 168.571ms
[48.665s][info][gc] GC(229) Pause Young (Allocation Failure) 380M->380M(494M) 0.036ms
[48.811s][info][gc] GC(230) Pause Full (Allocation Failure) 380M->238M(494M) 145.277ms
[48.888s][info][gc] GC(231) Pause Young (Allocation Failure) 375M->375M(494M) 0.080ms
[49.054s][info][gc] GC(232) Pause Full (Allocation Failure) 375M->252M(494M) 165.007ms
[49.085s][info][gc] GC(233) Pause Young (Allocation Failure) 389M->389M(494M) 0.059ms
[49.283s][info][gc] GC(234) Pause Full (Allocation Failure) 389M->248M(494M) 198.411ms
[49.387s][info][gc] GC(235) Pause Young (Allocation Failure) 385M->385M(494M) 0.034ms
[49.548s][info][gc] GC(236) Pause Full (Allocation Failure) 385M->242M(494M) 160.614ms
[49.595s][info][gc] GC(237) Pause Young (Allocation Failure) 378M->378M(494M) 0.033ms
[49.797s][info][gc] GC(238) Pause Full (Allocation Failure) 378M->248M(494M) 201.873ms
[49.983s][info][gc] GC(239) Pause Young (Allocation Failure) 384M->384M(494M) 0.062ms
[50.161s][info][gc] GC(240) Pause Full (Allocation Failure) 384M->245M(494M) 177.558ms
[50.195s][info][gc] GC(241) Pause Young (Allocation Failure) 382M->382M(494M) 0.040ms
[50.399s][info][gc] GC(242) Pause Full (Allocation Failure) 382M->250M(494M) 204.466ms
[50.487s][info][gc] GC(243) Pause Young (Allocation Failure) 387M->387M(494M) 0.049ms
[50.667s][info][gc] GC(244) Pause Full (Allocation Failure) 387M->208M(494M) 179.988ms
[50.765s][info][gc] GC(245) Pause Young (Allocation Failure) 345M->345M(494M) 0.035ms
[50.912s][info][gc] GC(246) Pause Full (Allocation Failure) 345M->246M(494M) 146.234ms
[50.983s][info][gc] GC(247) Pause Young (Allocation Failure) 383M->383M(494M) 0.036ms
[51.143s][info][gc] GC(248) Pause Full (Allocation Failure) 383M->247M(494M) 159.679ms
[51.281s][info][gc] GC(249) Pause Young (Allocation Failure) 384M->384M(494M) 0.075ms
[51.446s][info][gc] GC(250) Pause Full (Allocation Failure) 384M->246M(494M) 165.152ms
[51.623s][info][gc] GC(251) Pause Young (Allocation Failure) 383M->383M(494M) 0.056ms
[51.750s][info][gc] GC(252) Pause Full (Allocation Failure) 383M->237M(494M) 126.977ms
[51.799s][info][gc] GC(253) Pause Young (Allocation Failure) 373M->373M(494M) 0.038ms
[51.935s][info][gc] GC(254) Pause Full (Allocation Failure) 373M->259M(494M) 135.721ms
[52.071s][info][gc] GC(255) Pause Young (Allocation Failure) 395M->395M(494M) 0.042ms
[52.185s][info][gc] GC(256) Pause Full (Allocation Failure) 395M->244M(494M) 113.478ms
[52.284s][info][gc] GC(257) Pause Young (Allocation Failure) 380M->380M(494M) 0.034ms
[52.393s][info][gc] GC(258) Pause Full (Allocation Failure) 380M->240M(494M) 108.766ms
[52.440s][info][gc] GC(259) Pause Young (Allocation Failure) 376M->376M(494M) 0.036ms
[52.569s][info][gc] GC(260) Pause Full (Allocation Failure) 376M->244M(494M) 128.105ms
[52.683s][info][gc] GC(261) Pause Young (Allocation Failure) 381M->381M(494M) 0.033ms
[52.803s][info][gc] GC(262) Pause Full (Allocation Failure) 381M->239M(494M) 119.466ms
[52.893s][info][gc] GC(263) Pause Young (Allocation Failure) 376M->376M(494M) 0.037ms
[53.010s][info][gc] GC(264) Pause Full (Allocation Failure) 376M->252M(494M) 116.148ms
[53.059s][info][gc] GC(265) Pause Young (Allocation Failure) 389M->389M(494M) 0.039ms
[53.187s][info][gc] GC(266) Pause Full (Allocation Failure) 389M->261M(494M) 127.749ms
[53.305s][info][gc] GC(267) Pause Young (Allocation Failure) 398M->398M(494M) 0.037ms
[53.431s][info][gc] GC(268) Pause Full (Allocation Failure) 398M->239M(494M) 125.610ms
[53.515s][info][gc] GC(269) Pause Young (Allocation Failure) 376M->376M(494M) 0.036ms
[53.629s][info][gc] GC(270) Pause Full (Allocation Failure) 376M->236M(494M) 113.112ms
[53.680s][info][gc] GC(271) Pause Young (Allocation Failure) 372M->372M(494M) 0.032ms
[53.808s][info][gc] GC(272) Pause Full (Allocation Failure) 372M->244M(494M) 127.126ms
[53.921s][info][gc] GC(273) Pause Young (Allocation Failure) 381M->381M(494M) 0.032ms
[54.043s][info][gc] GC(274) Pause Full (Allocation Failure) 381M->251M(494M) 121.568ms
[54.126s][info][gc] GC(275) Pause Young (Allocation Failure) 388M->388M(494M) 0.035ms
[54.249s][info][gc] GC(276) Pause Full (Allocation Failure) 388M->237M(494M) 122.947ms
[54.296s][info][gc] GC(277) Pause Young (Allocation Failure) 374M->374M(494M) 0.037ms
[54.432s][info][gc] GC(278) Pause Full (Allocation Failure) 374M->244M(494M) 135.445ms
[54.567s][info][gc] GC(279) Pause Young (Allocation Failure) 381M->381M(494M) 0.035ms
[54.685s][info][gc] GC(280) Pause Full (Allocation Failure) 381M->239M(494M) 117.776ms
[54.784s][info][gc] GC(281) Pause Young (Allocation Failure) 376M->376M(494M) 0.067ms
[54.901s][info][gc] GC(282) Pause Full (Allocation Failure) 376M->236M(494M) 115.731ms
[54.948s][info][gc] GC(283) Pause Young (Allocation Failure) 373M->373M(494M) 0.031ms
[55.085s][info][gc] GC(284) Pause Full (Allocation Failure) 373M->244M(494M) 136.620ms
[55.203s][info][gc] GC(285) Pause Young (Allocation Failure) 381M->381M(494M) 0.040ms
[55.328s][info][gc] GC(286) Pause Full (Allocation Failure) 381M->239M(494M) 124.775ms
[55.406s][info][gc] GC(287) Pause Young (Allocation Failure) 376M->376M(494M) 0.032ms
[55.528s][info][gc] GC(288) Pause Full (Allocation Failure) 376M->238M(494M) 122.457ms
[55.592s][info][gc] GC(289) Pause Young (Allocation Failure) 375M->375M(494M) 0.036ms
[55.718s][info][gc] GC(290) Pause Full (Allocation Failure) 375M->256M(494M) 125.916ms
[55.831s][info][gc] GC(291) Pause Young (Allocation Failure) 392M->392M(494M) 0.031ms
[55.963s][info][gc] GC(292) Pause Full (Allocation Failure) 392M->239M(494M) 131.324ms
[56.064s][info][gc] GC(293) Pause Young (Allocation Failure) 375M->375M(494M) 0.041ms
[56.202s][info][gc] GC(294) Pause Full (Allocation Failure) 375M->252M(494M) 137.175ms
[56.287s][info][gc] GC(295) Pause Young (Allocation Failure) 388M->388M(494M) 0.035ms
[56.487s][info][gc] GC(296) Pause Full (Allocation Failure) 388M->255M(494M) 199.681ms
[56.979s][info][gc] GC(297) Pause Young (Allocation Failure) 392M->392M(494M) 0.036ms
[57.130s][info][gc] GC(298) Pause Full (Allocation Failure) 392M->245M(494M) 147.332ms
[57.185s][info][gc] GC(299) Pause Young (Allocation Failure) 381M->381M(494M) 0.059ms
[57.386s][info][gc] GC(300) Pause Full (Allocation Failure) 381M->248M(494M) 201.062ms
[57.603s][info][gc] GC(301) Pause Young (Allocation Failure) 385M->385M(494M) 0.063ms
[57.767s][info][gc] GC(302) Pause Full (Allocation Failure) 385M->223M(494M) 164.439ms
[57.993s][info][gc] GC(303) Pause Young (Allocation Failure) 359M->359M(494M) 0.033ms
[58.150s][info][gc] GC(304) Pause Full (Allocation Failure) 359M->200M(494M) 156.081ms
[58.222s][info][gc] GC(305) Pause Young (Allocation Failure) 336M->328M(494M) 40.136ms
[58.382s][info][gc] GC(306) Pause Young (Allocation Failure) 464M->464M(494M) 0.037ms
[58.509s][info][gc] GC(307) Pause Full (Allocation Failure) 464M->253M(494M) 126.552ms
[58.615s][info][gc] GC(308) Pause Young (Allocation Failure) 389M->389M(494M) 0.039ms
[58.747s][info][gc] GC(309) Pause Full (Allocation Failure) 389M->232M(494M) 131.523ms
[58.774s][info][gc] GC(310) Pause Young (Allocation Failure) 369M->369M(494M) 0.036ms
[58.903s][info][gc] GC(311) Pause Full (Allocation Failure) 369M->246M(494M) 128.737ms
[59.009s][info][gc] GC(312) Pause Young (Allocation Failure) 382M->382M(494M) 0.036ms
[59.140s][info][gc] GC(313) Pause Full (Allocation Failure) 382M->241M(494M) 130.375ms
[59.265s][info][gc] GC(314) Pause Young (Allocation Failure) 377M->377M(494M) 0.041ms
[59.373s][info][gc] GC(315) Pause Full (Allocation Failure) 377M->239M(494M) 107.798ms
[59.400s][info][gc] GC(316) Pause Young (Allocation Failure) 375M->375M(494M) 0.035ms
[59.542s][info][gc] GC(317) Pause Full (Allocation Failure) 375M->246M(494M) 142.007ms
[59.727s][info][gc] GC(318) Pause Young (Allocation Failure) 382M->382M(494M) 0.033ms
[59.862s][info][gc] GC(319) Pause Full (Allocation Failure) 382M->241M(494M) 134.416ms
[59.983s][info][gc] GC(320) Pause Young (Allocation Failure) 378M->378M(494M) 0.033ms
[60.090s][info][gc] GC(321) Pause Full (Allocation Failure) 378M->236M(494M) 107.271ms
[60.116s][info][gc] GC(322) Pause Young (Allocation Failure) 373M->373M(494M) 0.039ms
[60.258s][info][gc] GC(323) Pause Full (Allocation Failure) 373M->246M(494M) 142.266ms
[60.384s][info][gc] GC(324) Pause Young (Allocation Failure) 383M->383M(494M) 0.042ms
[60.510s][info][gc] GC(325) Pause Full (Allocation Failure) 383M->241M(494M) 126.032ms
[60.617s][info][gc] GC(326) Pause Young (Allocation Failure) 377M->377M(494M) 0.042ms
[60.748s][info][gc] GC(327) Pause Full (Allocation Failure) 377M->236M(494M) 131.096ms
[60.774s][info][gc] GC(328) Pause Young (Allocation Failure) 372M->372M(494M) 0.035ms
[60.909s][info][gc] GC(329) Pause Full (Allocation Failure) 372M->246M(494M) 134.799ms
[61.029s][info][gc] GC(330) Pause Young (Allocation Failure) 383M->383M(494M) 0.034ms
[61.168s][info][gc] GC(331) Pause Full (Allocation Failure) 383M->241M(494M) 138.834ms
[61.287s][info][gc] GC(332) Pause Young (Allocation Failure) 378M->378M(494M) 0.036ms
[61.400s][info][gc] GC(333) Pause Full (Allocation Failure) 378M->236M(494M) 112.721ms
[61.425s][info][gc] GC(334) Pause Young (Allocation Failure) 373M->373M(494M) 0.033ms
[61.551s][info][gc] GC(335) Pause Full (Allocation Failure) 373M->253M(494M) 125.813ms
[61.673s][info][gc] GC(336) Pause Young (Allocation Failure) 389M->389M(494M) 0.030ms
[61.795s][info][gc] GC(337) Pause Full (Allocation Failure) 389M->248M(494M) 121.535ms
[61.901s][info][gc] GC(338) Pause Young (Allocation Failure) 384M->384M(494M) 0.040ms
[62.018s][info][gc] GC(339) Pause Full (Allocation Failure) 384M->243M(494M) 117.463ms
[62.045s][info][gc] GC(340) Pause Young (Allocation Failure) 379M->379M(494M) 0.039ms
[62.174s][info][gc] GC(341) Pause Full (Allocation Failure) 379M->246M(494M) 128.582ms
[62.307s][info][gc] GC(342) Pause Young (Allocation Failure) 383M->383M(494M) 0.035ms
[62.438s][info][gc] GC(343) Pause Full (Allocation Failure) 383M->241M(494M) 131.181ms
[62.539s][info][gc] GC(344) Pause Young (Allocation Failure) 378M->378M(494M) 0.033ms
[62.662s][info][gc] GC(345) Pause Full (Allocation Failure) 378M->244M(494M) 123.035ms
[62.688s][info][gc] GC(346) Pause Young (Allocation Failure) 380M->380M(494M) 0.036ms
[62.830s][info][gc] GC(347) Pause Full (Allocation Failure) 380M->254M(494M) 141.729ms
[62.937s][info][gc] GC(348) Pause Young (Allocation Failure) 390M->390M(494M) 0.034ms
[63.081s][info][gc] GC(349) Pause Full (Allocation Failure) 390M->241M(494M) 143.915ms
[63.185s][info][gc] GC(350) Pause Young (Allocation Failure) 378M->378M(494M) 0.034ms
[63.297s][info][gc] GC(351) Pause Full (Allocation Failure) 378M->247M(494M) 111.028ms
[63.324s][info][gc] GC(352) Pause Young (Allocation Failure) 384M->384M(494M) 0.051ms
[63.465s][info][gc] GC(353) Pause Full (Allocation Failure) 384M->258M(494M) 140.843ms
[63.590s][info][gc] GC(354) Pause Young (Allocation Failure) 394M->394M(494M) 0.035ms
[63.716s][info][gc] GC(355) Pause Full (Allocation Failure) 394M->253M(494M) 126.366ms
[63.814s][info][gc] GC(356) Pause Young (Allocation Failure) 389M->389M(494M) 0.034ms
[63.944s][info][gc] GC(357) Pause Full (Allocation Failure) 389M->237M(494M) 129.072ms
[63.970s][info][gc] GC(358) Pause Young (Allocation Failure) 373M->373M(494M) 0.036ms
[64.098s][info][gc] GC(359) Pause Full (Allocation Failure) 373M->252M(494M) 127.741ms
[64.212s][info][gc] GC(360) Pause Young (Allocation Failure) 388M->388M(494M) 0.039ms
[64.347s][info][gc] GC(361) Pause Full (Allocation Failure) 388M->247M(494M) 135.354ms
[64.467s][info][gc] GC(362) Pause Young (Allocation Failure) 383M->383M(494M) 0.034ms
[64.573s][info][gc] GC(363) Pause Full (Allocation Failure) 383M->242M(494M) 105.928ms
[64.599s][info][gc] GC(364) Pause Young (Allocation Failure) 378M->378M(494M) 0.032ms
[64.738s][info][gc] GC(365) Pause Full (Allocation Failure) 378M->247M(494M) 132.208ms
[64.861s][info][gc] GC(366) Pause Young (Allocation Failure) 383M->383M(494M) 0.034ms
[64.991s][info][gc] GC(367) Pause Full (Allocation Failure) 383M->256M(494M) 130.229ms
[65.098s][info][gc] GC(368) Pause Young (Allocation Failure) 392M->392M(494M) 0.032ms
[65.223s][info][gc] GC(369) Pause Full (Allocation Failure) 392M->237M(494M) 123.826ms
[65.250s][info][gc] GC(370) Pause Young (Allocation Failure) 374M->374M(494M) 0.036ms
[65.386s][info][gc] GC(371) Pause Full (Allocation Failure) 374M->252M(494M) 135.656ms
[65.501s][info][gc] GC(372) Pause Young (Allocation Failure) 388M->388M(494M) 0.040ms
[65.637s][info][gc] GC(373) Pause Full (Allocation Failure) 388M->242M(494M) 135.219ms
[65.737s][info][gc] GC(374) Pause Young (Allocation Failure) 378M->378M(494M) 0.036ms
[65.865s][info][gc] GC(375) Pause Full (Allocation Failure) 378M->237M(494M) 127.361ms
[65.892s][info][gc] GC(376) Pause Young (Allocation Failure) 374M->374M(494M) 0.036ms
[66.027s][info][gc] GC(377) Pause Full (Allocation Failure) 374M->247M(494M) 135.223ms
[66.136s][info][gc] GC(378) Pause Young (Allocation Failure) 384M->384M(494M) 0.032ms
[66.280s][info][gc] GC(379) Pause Full (Allocation Failure) 384M->255M(494M) 143.291ms
[66.395s][info][gc] GC(380) Pause Young (Allocation Failure) 392M->392M(494M) 0.036ms
[66.514s][info][gc] GC(381) Pause Full (Allocation Failure) 392M->237M(494M) 118.482ms
[66.540s][info][gc] GC(382) Pause Young (Allocation Failure) 374M->374M(494M) 0.033ms
[66.683s][info][gc] GC(383) Pause Full (Allocation Failure) 374M->247M(494M) 143.521ms
[66.801s][info][gc] GC(384) Pause Young (Allocation Failure) 384M->384M(494M) 0.036ms
[66.928s][info][gc] GC(385) Pause Full (Allocation Failure) 384M->252M(494M) 126.596ms
[67.031s][info][gc] GC(386) Pause Young (Allocation Failure) 388M->388M(494M) 0.034ms
[67.159s][info][gc] GC(387) Pause Full (Allocation Failure) 388M->247M(494M) 127.486ms
[67.186s][info][gc] GC(388) Pause Young (Allocation Failure) 383M->383M(494M) 0.036ms
[67.326s][info][gc] GC(389) Pause Full (Allocation Failure) 383M->247M(494M) 135.002ms
[67.434s][info][gc] GC(390) Pause Young (Allocation Failure) 384M->384M(494M) 0.036ms
[67.571s][info][gc] GC(391) Pause Full (Allocation Failure) 384M->252M(494M) 136.662ms
[67.692s][info][gc] GC(392) Pause Young (Allocation Failure) 389M->389M(494M) 0.033ms
[67.810s][info][gc] GC(393) Pause Full (Allocation Failure) 389M->247M(494M) 117.959ms
[67.836s][info][gc] GC(394) Pause Young (Allocation Failure) 384M->384M(494M) 0.039ms
[67.984s][info][gc] GC(395) Pause Full (Allocation Failure) 384M->257M(494M) 147.615ms
[68.099s][info][gc] GC(396) Pause Young (Allocation Failure) 394M->394M(494M) 0.036ms
[68.232s][info][gc] GC(397) Pause Full (Allocation Failure) 394M->243M(494M) 132.114ms
[68.323s][info][gc] GC(398) Pause Young (Allocation Failure) 379M->379M(494M) 0.036ms
[68.453s][info][gc] GC(399) Pause Full (Allocation Failure) 379M->238M(494M) 129.419ms
[68.479s][info][gc] GC(400) Pause Young (Allocation Failure) 374M->374M(494M) 0.037ms
[68.617s][info][gc] GC(401) Pause Full (Allocation Failure) 374M->248M(494M) 138.177ms
[68.725s][info][gc] GC(402) Pause Young (Allocation Failure) 384M->384M(494M) 0.037ms
[68.865s][info][gc] GC(403) Pause Full (Allocation Failure) 384M->249M(494M) 140.049ms
[68.976s][info][gc] GC(404) Pause Young (Allocation Failure) 386M->386M(494M) 0.038ms
[69.087s][info][gc] GC(405) Pause Full (Allocation Failure) 386M->238M(494M) 110.744ms
[69.114s][info][gc] GC(406) Pause Young (Allocation Failure) 374M->374M(494M) 0.035ms
[69.254s][info][gc] GC(407) Pause Full (Allocation Failure) 374M->248M(494M) 139.708ms
[69.406s][info][gc] GC(408) Pause Young (Allocation Failure) 384M->384M(494M) 0.039ms
[69.540s][info][gc] GC(409) Pause Full (Allocation Failure) 384M->248M(494M) 133.499ms
[69.661s][info][gc] GC(410) Pause Young (Allocation Failure) 384M->384M(494M) 0.036ms
[69.775s][info][gc] GC(411) Pause Full (Allocation Failure) 384M->243M(494M) 113.647ms
[69.802s][info][gc] GC(412) Pause Young (Allocation Failure) 379M->379M(494M) 0.032ms
[69.948s][info][gc] GC(413) Pause Full (Allocation Failure) 379M->248M(494M) 144.931ms
[70.086s][info][gc] GC(414) Pause Young (Allocation Failure) 384M->384M(494M) 0.036ms
[70.215s][info][gc] GC(415) Pause Full (Allocation Failure) 384M->247M(494M) 128.738ms
[70.310s][info][gc] GC(416) Pause Young (Allocation Failure) 383M->383M(494M) 0.033ms
[70.435s][info][gc] GC(417) Pause Full (Allocation Failure) 383M->242M(494M) 124.493ms
[70.461s][info][gc] GC(418) Pause Young (Allocation Failure) 378M->378M(494M) 0.039ms
[70.596s][info][gc] GC(419) Pause Full (Allocation Failure) 378M->262M(494M) 134.292ms
[70.709s][info][gc] GC(420) Pause Young (Allocation Failure) 399M->399M(494M) 0.038ms
[70.849s][info][gc] GC(421) Pause Full (Allocation Failure) 399M->243M(494M) 139.242ms
[70.964s][info][gc] GC(422) Pause Young (Allocation Failure) 380M->380M(494M) 0.041ms
[71.072s][info][gc] GC(423) Pause Full (Allocation Failure) 380M->238M(494M) 108.209ms
[71.105s][info][gc] GC(424) Pause Young (Allocation Failure) 375M->375M(494M) 0.035ms
[71.244s][info][gc] GC(425) Pause Full (Allocation Failure) 375M->247M(494M) 138.619ms
[71.365s][info][gc] GC(426) Pause Young (Allocation Failure) 384M->384M(494M) 0.036ms
[71.492s][info][gc] GC(427) Pause Full (Allocation Failure) 384M->245M(494M) 126.676ms
[71.614s][info][gc] GC(428) Pause Young (Allocation Failure) 381M->381M(494M) 0.036ms
[71.745s][info][gc] GC(429) Pause Full (Allocation Failure) 381M->238M(494M) 130.146ms
[71.785s][info][gc] GC(430) Pause Young (Allocation Failure) 375M->375M(494M) 0.036ms
[71.924s][info][gc] GC(431) Pause Full (Allocation Failure) 375M->246M(494M) 138.925ms
[72.026s][info][gc] GC(432) Pause Young (Allocation Failure) 382M->382M(494M) 0.042ms
[72.163s][info][gc] GC(433) Pause Full (Allocation Failure) 382M->250M(494M) 136.155ms
[72.280s][info][gc] GC(434) Pause Young (Allocation Failure) 386M->386M(494M) 0.035ms
[72.391s][info][gc] GC(435) Pause Full (Allocation Failure) 386M->252M(494M) 110.899ms
[72.451s][info][gc] GC(436) Pause Young (Allocation Failure) 389M->389M(494M) 0.077ms
[72.589s][info][gc] GC(437) Pause Full (Allocation Failure) 389M->244M(494M) 138.218ms
[72.688s][info][gc] GC(438) Pause Young (Allocation Failure) 381M->381M(494M) 0.035ms
[72.820s][info][gc] GC(439) Pause Full (Allocation Failure) 381M->259M(494M) 131.889ms
[72.924s][info][gc] GC(440) Pause Young (Allocation Failure) 395M->395M(494M) 0.032ms
[73.049s][info][gc] GC(441) Pause Full (Allocation Failure) 395M->239M(494M) 124.459ms
[73.107s][info][gc] GC(442) Pause Young (Allocation Failure) 376M->376M(494M) 0.032ms
[73.233s][info][gc] GC(443) Pause Full (Allocation Failure) 376M->244M(494M) 125.910ms
[73.373s][info][gc] GC(444) Pause Young (Allocation Failure) 381M->381M(494M) 0.033ms
[73.506s][info][gc] GC(445) Pause Full (Allocation Failure) 381M->243M(494M) 132.685ms
[73.619s][info][gc] GC(446) Pause Young (Allocation Failure) 380M->380M(494M) 0.039ms
[73.743s][info][gc] GC(447) Pause Full (Allocation Failure) 380M->238M(494M) 123.883ms
[73.797s][info][gc] GC(448) Pause Young (Allocation Failure) 375M->375M(494M) 0.032ms
[73.926s][info][gc] GC(449) Pause Full (Allocation Failure) 375M->243M(494M) 126.338ms
[74.013s][info][gc] GC(450) Pause Young (Allocation Failure) 379M->379M(494M) 0.031ms
[74.175s][info][gc] GC(451) Pause Full (Allocation Failure) 379M->244M(494M) 161.593ms
[74.379s][info][gc] GC(452) Pause Young (Allocation Failure) 381M->381M(494M) 0.035ms
[74.499s][info][gc] GC(453) Pause Full (Allocation Failure) 381M->238M(494M) 119.626ms
[74.559s][info][gc] GC(454) Pause Young (Allocation Failure) 375M->375M(494M) 0.040ms
[74.683s][info][gc] GC(455) Pause Full (Allocation Failure) 375M->243M(494M) 123.646ms
[74.796s][info][gc] GC(456) Pause Young (Allocation Failure) 379M->379M(494M) 0.032ms
[74.913s][info][gc] GC(457) Pause Full (Allocation Failure) 379M->239M(494M) 117.597ms
[74.997s][info][gc] GC(458) Pause Young (Allocation Failure) 376M->376M(494M) 0.056ms
[75.120s][info][gc] GC(459) Pause Full (Allocation Failure) 376M->254M(494M) 122.087ms
[75.189s][info][gc] GC(460) Pause Young (Allocation Failure) 390M->390M(494M) 0.037ms
[75.318s][info][gc] GC(461) Pause Full (Allocation Failure) 390M->244M(494M) 128.843ms
[75.430s][info][gc] GC(462) Pause Young (Allocation Failure) 380M->380M(494M) 0.037ms
[75.557s][info][gc] GC(463) Pause Full (Allocation Failure) 380M->239M(494M) 126.671ms
[75.636s][info][gc] GC(464) Pause Young (Allocation Failure) 375M->375M(494M) 0.034ms
[75.759s][info][gc] GC(465) Pause Full (Allocation Failure) 375M->246M(494M) 123.068ms
[75.811s][info][gc] GC(466) Pause Young (Allocation Failure) 382M->382M(494M) 0.035ms
[75.948s][info][gc] GC(467) Pause Full (Allocation Failure) 382M->252M(494M) 136.680ms
[76.076s][info][gc] GC(468) Pause Young (Allocation Failure) 389M->389M(494M) 0.032ms
[76.192s][info][gc] GC(469) Pause Full (Allocation Failure) 389M->239M(494M) 115.648ms
[76.274s][info][gc] GC(470) Pause Young (Allocation Failure) 375M->375M(494M) 0.036ms
[76.386s][info][gc] GC(471) Pause Full (Allocation Failure) 375M->238M(494M) 111.848ms
[76.449s][info][gc] GC(472) Pause Young (Allocation Failure) 374M->374M(494M) 0.033ms
[76.583s][info][gc] GC(473) Pause Full (Allocation Failure) 374M->244M(494M) 133.781ms
[76.702s][info][gc] GC(474) Pause Young (Allocation Failure) 381M->381M(494M) 0.038ms
[76.821s][info][gc] GC(475) Pause Full (Allocation Failure) 381M->239M(494M) 118.187ms
[76.910s][info][gc] GC(476) Pause Young (Allocation Failure) 376M->376M(494M) 0.036ms
[77.028s][info][gc] GC(477) Pause Full (Allocation Failure) 376M->237M(494M) 117.124ms
[77.081s][info][gc] GC(478) Pause Young (Allocation Failure) 373M->373M(494M) 0.033ms
[77.211s][info][gc] GC(479) Pause Full (Allocation Failure) 373M->244M(494M) 129.292ms
[77.326s][info][gc] GC(480) Pause Young (Allocation Failure) 380M->380M(494M) 0.037ms
[77.449s][info][gc] GC(481) Pause Full (Allocation Failure) 380M->239M(494M) 123.011ms
[77.569s][info][gc] GC(482) Pause Young (Allocation Failure) 375M->375M(494M) 0.061ms
[77.679s][info][gc] GC(483) Pause Full (Allocation Failure) 375M->235M(494M) 109.607ms
[77.726s][info][gc] GC(484) Pause Young (Allocation Failure) 372M->372M(494M) 0.035ms
[77.857s][info][gc] GC(485) Pause Full (Allocation Failure) 372M->244M(494M) 131.163ms
[77.977s][info][gc] GC(486) Pause Young (Allocation Failure) 380M->380M(494M) 0.035ms
[78.092s][info][gc] GC(487) Pause Full (Allocation Failure) 380M->239M(494M) 114.736ms
[78.185s][info][gc] GC(488) Pause Young (Allocation Failure) 376M->376M(494M) 0.036ms
[78.293s][info][gc] GC(489) Pause Full (Allocation Failure) 376M->236M(494M) 107.555ms
[78.338s][info][gc] GC(490) Pause Young (Allocation Failure) 372M->372M(494M) 0.031ms
[78.469s][info][gc] GC(491) Pause Full (Allocation Failure) 372M->247M(494M) 130.526ms
[78.598s][info][gc] GC(492) Pause Young (Allocation Failure) 384M->384M(494M) 0.034ms
[78.715s][info][gc] GC(493) Pause Full (Allocation Failure) 384M->239M(494M) 116.169ms
[78.794s][info][gc] GC(494) Pause Young (Allocation Failure) 375M->375M(494M) 0.034ms
[78.912s][info][gc] GC(495) Pause Full (Allocation Failure) 375M->237M(494M) 116.981ms
[78.975s][info][gc] GC(496) Pause Young (Allocation Failure) 374M->374M(494M) 0.036ms
[79.102s][info][gc] GC(497) Pause Full (Allocation Failure) 374M->244M(494M) 126.736ms
[79.216s][info][gc] GC(498) Pause Young (Allocation Failure) 380M->380M(494M) 0.035ms
[79.346s][info][gc] GC(499) Pause Full (Allocation Failure) 380M->239M(494M) 130.074ms
[79.424s][info][gc] GC(500) Pause Young (Allocation Failure) 375M->375M(494M) 0.034ms
[79.552s][info][gc] GC(501) Pause Full (Allocation Failure) 375M->236M(494M) 128.051ms
[79.600s][info][gc] GC(502) Pause Young (Allocation Failure) 372M->372M(494M) 0.034ms
[79.726s][info][gc] GC(503) Pause Full (Allocation Failure) 372M->244M(494M) 124.963ms
[79.836s][info][gc] GC(504) Pause Young (Allocation Failure) 381M->381M(494M) 0.037ms
[79.971s][info][gc] GC(505) Pause Full (Allocation Failure) 381M->253M(494M) 134.627ms
[80.066s][info][gc] GC(506) Pause Young (Allocation Failure) 389M->389M(494M) 0.039ms
[80.174s][info][gc] GC(507) Pause Full (Allocation Failure) 389M->251M(494M) 107.863ms
[80.224s][info][gc] GC(508) Pause Young (Allocation Failure) 387M->387M(494M) 0.035ms
[80.361s][info][gc] GC(509) Pause Full (Allocation Failure) 387M->244M(494M) 136.798ms
[80.488s][info][gc] GC(510) Pause Young (Allocation Failure) 380M->380M(494M) 0.058ms
[80.617s][info][gc] GC(511) Pause Full (Allocation Failure) 380M->241M(494M) 128.992ms
[80.698s][info][gc] GC(512) Pause Young (Allocation Failure) 377M->377M(494M) 0.039ms
[80.823s][info][gc] GC(513) Pause Full (Allocation Failure) 377M->240M(494M) 124.442ms
[80.884s][info][gc] GC(514) Pause Young (Allocation Failure) 376M->376M(494M) 0.040ms
[81.016s][info][gc] GC(515) Pause Full (Allocation Failure) 376M->246M(494M) 131.544ms
[81.123s][info][gc] GC(516) Pause Young (Allocation Failure) 382M->382M(494M) 0.037ms
[81.252s][info][gc] GC(517) Pause Full (Allocation Failure) 382M->239M(494M) 128.682ms
[81.333s][info][gc] GC(518) Pause Young (Allocation Failure) 375M->375M(494M) 0.039ms
[81.454s][info][gc] GC(519) Pause Full (Allocation Failure) 375M->236M(494M) 120.352ms
[81.509s][info][gc] GC(520) Pause Young (Allocation Failure) 373M->373M(494M) 0.039ms
[81.636s][info][gc] GC(521) Pause Full (Allocation Failure) 373M->244M(494M) 127.356ms
[81.762s][info][gc] GC(522) Pause Young (Allocation Failure) 380M->380M(494M) 0.040ms
[81.880s][info][gc] GC(523) Pause Full (Allocation Failure) 380M->239M(494M) 117.552ms
[81.972s][info][gc] GC(524) Pause Young (Allocation Failure) 376M->376M(494M) 0.048ms
[82.074s][info][gc] GC(525) Pause Full (Allocation Failure) 376M->235M(494M) 101.228ms
[82.138s][info][gc] GC(526) Pause Young (Allocation Failure) 371M->371M(494M) 0.039ms
[82.277s][info][gc] GC(527) Pause Full (Allocation Failure) 371M->244M(494M) 138.796ms
[82.392s][info][gc] GC(528) Pause Young (Allocation Failure) 381M->381M(494M) 0.130ms
[82.505s][info][gc] GC(529) Pause Full (Allocation Failure) 381M->239M(494M) 112.817ms
[82.594s][info][gc] GC(530) Pause Young (Allocation Failure) 376M->376M(494M) 0.036ms
[82.708s][info][gc] GC(531) Pause Full (Allocation Failure) 376M->235M(494M) 113.902ms
[82.752s][info][gc] GC(532) Pause Young (Allocation Failure) 372M->372M(494M) 0.035ms
[82.883s][info][gc] GC(533) Pause Full (Allocation Failure) 372M->244M(494M) 130.406ms
[83.003s][info][gc] GC(534) Pause Young (Allocation Failure) 380M->380M(494M) 0.036ms
[83.127s][info][gc] GC(535) Pause Full (Allocation Failure) 380M->252M(494M) 123.655ms
[83.214s][info][gc] GC(536) Pause Young (Allocation Failure) 389M->389M(494M) 0.038ms
[83.333s][info][gc] GC(537) Pause Full (Allocation Failure) 389M->250M(494M) 118.743ms
[83.385s][info][gc] GC(538) Pause Young (Allocation Failure) 386M->386M(494M) 0.038ms
[83.514s][info][gc] GC(539) Pause Full (Allocation Failure) 386M->258M(494M) 128.622ms
[83.622s][info][gc] GC(540) Pause Young (Allocation Failure) 394M->394M(494M) 0.035ms
[83.752s][info][gc] GC(541) Pause Full (Allocation Failure) 394M->239M(494M) 130.170ms
[83.829s][info][gc] GC(542) Pause Young (Allocation Failure) 375M->375M(494M) 0.040ms
[83.951s][info][gc] GC(543) Pause Full (Allocation Failure) 375M->237M(494M) 121.793ms
[84.006s][info][gc] GC(544) Pause Young (Allocation Failure) 373M->373M(494M) 0.036ms
[84.135s][info][gc] GC(545) Pause Full (Allocation Failure) 373M->244M(494M) 129.068ms
[84.233s][info][gc] GC(546) Pause Young (Allocation Failure) 381M->381M(494M) 0.041ms
[84.362s][info][gc] GC(547) Pause Full (Allocation Failure) 381M->244M(494M) 128.646ms
[84.442s][info][gc] GC(548) Pause Young (Allocation Failure) 381M->381M(494M) 0.060ms
[84.553s][info][gc] GC(549) Pause Full (Allocation Failure) 381M->236M(494M) 110.960ms
[84.601s][info][gc] GC(550) Pause Young (Allocation Failure) 372M->372M(494M) 0.035ms
[84.731s][info][gc] GC(551) Pause Full (Allocation Failure) 372M->244M(494M) 129.642ms
[84.838s][info][gc] GC(552) Pause Young (Allocation Failure) 381M->381M(494M) 0.035ms
[84.977s][info][gc] GC(553) Pause Full (Allocation Failure) 381M->239M(494M) 139.030ms
[85.067s][info][gc] GC(554) Pause Young (Allocation Failure) 376M->376M(494M) 0.039ms
[85.175s][info][gc] GC(555) Pause Full (Allocation Failure) 376M->236M(494M) 108.209ms
[85.222s][info][gc] GC(556) Pause Young (Allocation Failure) 373M->373M(494M) 0.037ms
[85.356s][info][gc] GC(557) Pause Full (Allocation Failure) 373M->244M(494M) 133.662ms
[85.471s][info][gc] GC(558) Pause Young (Allocation Failure) 380M->380M(494M) 0.042ms
[85.586s][info][gc] GC(559) Pause Full (Allocation Failure) 380M->244M(494M) 114.366ms
[85.668s][info][gc] GC(560) Pause Young (Allocation Failure) 380M->380M(494M) 0.039ms
[85.777s][info][gc] GC(561) Pause Full (Allocation Failure) 380M->242M(494M) 108.887ms
[85.828s][info][gc] GC(562) Pause Young (Allocation Failure) 379M->379M(494M) 0.037ms
[85.980s][info][gc] GC(563) Pause Full (Allocation Failure) 379M->249M(494M) 151.572ms
[86.105s][info][gc] GC(564) Pause Young (Allocation Failure) 385M->385M(494M) 0.039ms
[86.226s][info][gc] GC(565) Pause Full (Allocation Failure) 385M->239M(494M) 120.846ms
[86.308s][info][gc] GC(566) Pause Young (Allocation Failure) 375M->375M(494M) 0.035ms
[86.434s][info][gc] GC(567) Pause Full (Allocation Failure) 375M->237M(494M) 125.546ms
[86.494s][info][gc] GC(568) Pause Young (Allocation Failure) 374M->374M(494M) 0.033ms
[86.616s][info][gc] GC(569) Pause Full (Allocation Failure) 374M->250M(494M) 121.904ms
[86.719s][info][gc] GC(570) Pause Young (Allocation Failure) 387M->387M(494M) 0.036ms
[86.845s][info][gc] GC(571) Pause Full (Allocation Failure) 387M->246M(494M) 126.262ms
[86.924s][info][gc] GC(572) Pause Young (Allocation Failure) 382M->382M(494M) 0.034ms
[87.052s][info][gc] GC(573) Pause Full (Allocation Failure) 382M->237M(494M) 127.959ms
[87.108s][info][gc] GC(574) Pause Young (Allocation Failure) 374M->374M(494M) 0.035ms
[87.238s][info][gc] GC(575) Pause Full (Allocation Failure) 374M->244M(494M) 129.869ms
[87.362s][info][gc] GC(576) Pause Young (Allocation Failure) 381M->381M(494M) 0.035ms
[87.472s][info][gc] GC(577) Pause Full (Allocation Failure) 381M->239M(494M) 109.701ms
[87.559s][info][gc] GC(578) Pause Young (Allocation Failure) 376M->376M(494M) 0.039ms
[87.668s][info][gc] GC(579) Pause Full (Allocation Failure) 376M->237M(494M) 108.540ms
[87.762s][info][gc] GC(580) Pause Young (Allocation Failure) 374M->374M(494M) 0.035ms
[87.888s][info][gc] GC(581) Pause Full (Allocation Failure) 374M->244M(494M) 125.265ms
[88.000s][info][gc] GC(582) Pause Young (Allocation Failure) 380M->380M(494M) 0.035ms
[88.121s][info][gc] GC(583) Pause Full (Allocation Failure) 380M->239M(494M) 120.456ms
[88.200s][info][gc] GC(584) Pause Young (Allocation Failure) 375M->375M(494M) 0.034ms
[88.316s][info][gc] GC(585) Pause Full (Allocation Failure) 375M->238M(494M) 116.186ms
[88.378s][info][gc] GC(586) Pause Young (Allocation Failure) 374M->374M(494M) 0.036ms
[88.503s][info][gc] GC(587) Pause Full (Allocation Failure) 374M->247M(494M) 124.323ms
[88.608s][info][gc] GC(588) Pause Young (Allocation Failure) 383M->383M(494M) 0.030ms
[88.732s][info][gc] GC(589) Pause Full (Allocation Failure) 383M->239M(494M) 123.922ms
[88.802s][info][gc] GC(590) Pause Young (Allocation Failure) 375M->375M(494M) 0.034ms
[88.932s][info][gc] GC(591) Pause Full (Allocation Failure) 375M->239M(494M) 129.549ms
[88.997s][info][gc] GC(592) Pause Young (Allocation Failure) 375M->375M(494M) 0.032ms
[89.126s][info][gc] GC(593) Pause Full (Allocation Failure) 375M->244M(494M) 129.574ms
[89.238s][info][gc] GC(594) Pause Young (Allocation Failure) 381M->381M(494M) 0.032ms
[89.383s][info][gc] GC(595) Pause Full (Allocation Failure) 381M->237M(494M) 144.879ms
[89.460s][info][gc] GC(596) Pause Young (Allocation Failure) 374M->374M(494M) 0.038ms
[89.585s][info][gc] GC(597) Pause Full (Allocation Failure) 374M->233M(494M) 125.372ms
[89.675s][info][gc] GC(598) Pause Young (Allocation Failure) 369M->369M(494M) 0.047ms
[89.812s][info][gc] GC(599) Pause Full (Allocation Failure) 369M->234M(494M) 136.300ms
[89.964s][info][gc] GC(600) Pause Young (Allocation Failure) 371M->371M(494M) 0.033ms
[90.072s][info][gc] GC(601) Pause Full (Allocation Failure) 371M->201M(494M) 107.995ms
[90.140s][info][gc] GC(602) Pause Young (Allocation Failure) 337M->328M(494M) 41.637ms
[90.303s][info][gc] GC(603) Pause Young (Allocation Failure) 465M->465M(494M) 0.036ms
[90.448s][info][gc] GC(604) Pause Full (Allocation Failure) 465M->239M(494M) 144.908ms
[90.579s][info][gc] GC(605) Pause Young (Allocation Failure) 375M->375M(494M) 0.031ms
[90.697s][info][gc] GC(606) Pause Full (Allocation Failure) 375M->226M(494M) 118.037ms
[90.722s][info][gc] GC(607) Pause Young (Allocation Failure) 363M->363M(494M) 0.042ms
[90.854s][info][gc] GC(608) Pause Full (Allocation Failure) 363M->245M(494M) 131.021ms
[90.982s][info][gc] GC(609) Pause Young (Allocation Failure) 382M->382M(494M) 0.036ms
[91.101s][info][gc] GC(610) Pause Full (Allocation Failure) 382M->241M(494M) 118.867ms
[91.210s][info][gc] GC(611) Pause Young (Allocation Failure) 378M->378M(494M) 0.035ms
[91.329s][info][gc] GC(612) Pause Full (Allocation Failure) 378M->237M(494M) 118.618ms
[91.355s][info][gc] GC(613) Pause Young (Allocation Failure) 373M->373M(494M) 0.030ms
[91.488s][info][gc] GC(614) Pause Full (Allocation Failure) 373M->246M(494M) 132.861ms
[91.602s][info][gc] GC(615) Pause Young (Allocation Failure) 383M->383M(494M) 0.035ms
[91.736s][info][gc] GC(616) Pause Full (Allocation Failure) 383M->241M(494M) 132.967ms
[91.866s][info][gc] GC(617) Pause Young (Allocation Failure) 378M->378M(494M) 0.040ms
[91.969s][info][gc] GC(618) Pause Full (Allocation Failure) 378M->236M(494M) 102.524ms
[91.996s][info][gc] GC(619) Pause Young (Allocation Failure) 373M->373M(494M) 0.038ms
[92.127s][info][gc] GC(620) Pause Full (Allocation Failure) 373M->247M(494M) 130.716ms
[92.262s][info][gc] GC(621) Pause Young (Allocation Failure) 383M->383M(494M) 0.046ms
[92.390s][info][gc] GC(622) Pause Full (Allocation Failure) 383M->242M(494M) 127.458ms
[92.495s][info][gc] GC(623) Pause Young (Allocation Failure) 378M->378M(494M) 0.034ms
[92.607s][info][gc] GC(624) Pause Full (Allocation Failure) 378M->237M(494M) 111.733ms
[92.635s][info][gc] GC(625) Pause Young (Allocation Failure) 373M->373M(494M) 0.035ms
[92.765s][info][gc] GC(626) Pause Full (Allocation Failure) 373M->247M(494M) 129.771ms
[92.881s][info][gc] GC(627) Pause Young (Allocation Failure) 383M->383M(494M) 0.040ms
[93.005s][info][gc] GC(628) Pause Full (Allocation Failure) 383M->258M(494M) 123.919ms
[93.099s][info][gc] GC(629) Pause Young (Allocation Failure) 394M->394M(494M) 0.034ms
[93.219s][info][gc] GC(630) Pause Full (Allocation Failure) 394M->237M(494M) 120.301ms
[93.246s][info][gc] GC(631) Pause Young (Allocation Failure) 373M->373M(494M) 0.037ms
[93.380s][info][gc] GC(632) Pause Full (Allocation Failure) 373M->247M(494M) 134.224ms
[93.490s][info][gc] GC(633) Pause Young (Allocation Failure) 383M->383M(494M) 0.036ms
[93.614s][info][gc] GC(634) Pause Full (Allocation Failure) 383M->258M(494M) 124.275ms
[93.721s][info][gc] GC(635) Pause Young (Allocation Failure) 394M->394M(494M) 0.036ms
[93.846s][info][gc] GC(636) Pause Full (Allocation Failure) 394M->253M(494M) 124.174ms
[93.875s][info][gc] GC(637) Pause Young (Allocation Failure) 389M->389M(494M) 0.036ms
[94.027s][info][gc] GC(638) Pause Full (Allocation Failure) 389M->247M(494M) 151.371ms
[94.136s][info][gc] GC(639) Pause Young (Allocation Failure) 383M->383M(494M) 0.036ms
[94.281s][info][gc] GC(640) Pause Full (Allocation Failure) 383M->256M(494M) 144.502ms
[94.398s][info][gc] GC(641) Pause Young (Allocation Failure) 393M->393M(494M) 0.039ms
[94.514s][info][gc] GC(642) Pause Full (Allocation Failure) 393M->251M(494M) 116.523ms
[94.541s][info][gc] GC(643) Pause Young (Allocation Failure) 388M->388M(494M) 0.032ms
[94.671s][info][gc] GC(644) Pause Full (Allocation Failure) 388M->262M(494M) 129.396ms
[94.789s][info][gc] GC(645) Pause Young (Allocation Failure) 398M->398M(494M) 0.034ms
[94.920s][info][gc] GC(646) Pause Full (Allocation Failure) 398M->242M(494M) 131.092ms
[95.026s][info][gc] GC(647) Pause Young (Allocation Failure) 379M->379M(494M) 0.039ms
[95.155s][info][gc] GC(648) Pause Full (Allocation Failure) 379M->237M(494M) 128.754ms
[95.180s][info][gc] GC(649) Pause Young (Allocation Failure) 374M->374M(494M) 0.038ms
[95.316s][info][gc] GC(650) Pause Full (Allocation Failure) 374M->247M(494M) 135.579ms
[95.422s][info][gc] GC(651) Pause Young (Allocation Failure) 384M->384M(494M) 0.035ms
[95.559s][info][gc] GC(652) Pause Full (Allocation Failure) 384M->253M(494M) 136.606ms
[95.681s][info][gc] GC(653) Pause Young (Allocation Failure) 390M->390M(494M) 0.032ms
[95.797s][info][gc] GC(654) Pause Full (Allocation Failure) 390M->237M(494M) 115.109ms
[95.823s][info][gc] GC(655) Pause Young (Allocation Failure) 374M->374M(494M) 0.032ms
[95.959s][info][gc] GC(656) Pause Full (Allocation Failure) 374M->247M(494M) 135.411ms
[96.080s][info][gc] GC(657) Pause Young (Allocation Failure) 384M->384M(494M) 0.033ms
[96.208s][info][gc] GC(658) Pause Full (Allocation Failure) 384M->251M(494M) 127.410ms
[96.334s][info][gc] GC(659) Pause Young (Allocation Failure) 388M->388M(494M) 0.036ms
[96.456s][info][gc] GC(660) Pause Full (Allocation Failure) 388M->246M(494M) 122.486ms
[96.486s][info][gc] GC(661) Pause Young (Allocation Failure) 383M->383M(494M) 0.035ms
[96.622s][info][gc] GC(662) Pause Full (Allocation Failure) 383M->248M(494M) 135.555ms
[96.726s][info][gc] GC(663) Pause Young (Allocation Failure) 384M->384M(494M) 0.032ms
[96.874s][info][gc] GC(664) Pause Full (Allocation Failure) 384M->250M(494M) 147.278ms
[96.984s][info][gc] GC(665) Pause Young (Allocation Failure) 387M->387M(494M) 0.034ms
[97.104s][info][gc] GC(666) Pause Full (Allocation Failure) 387M->246M(494M) 119.582ms
[97.131s][info][gc] GC(667) Pause Young (Allocation Failure) 382M->382M(494M) 0.035ms
[97.271s][info][gc] GC(668) Pause Full (Allocation Failure) 382M->256M(494M) 139.801ms
[97.407s][info][gc] GC(669) Pause Young (Allocation Failure) 392M->392M(494M) 0.033ms
[97.546s][info][gc] GC(670) Pause Full (Allocation Failure) 392M->243M(494M) 138.823ms
[97.672s][info][gc] GC(671) Pause Young (Allocation Failure) 379M->379M(494M) 0.033ms
[97.785s][info][gc] GC(672) Pause Full (Allocation Failure) 379M->238M(494M) 112.298ms
[97.811s][info][gc] GC(673) Pause Young (Allocation Failure) 374M->374M(494M) 0.034ms
[97.948s][info][gc] GC(674) Pause Full (Allocation Failure) 374M->248M(494M) 137.068ms
[98.066s][info][gc] GC(675) Pause Young (Allocation Failure) 384M->384M(494M) 0.033ms
[98.199s][info][gc] GC(676) Pause Full (Allocation Failure) 384M->247M(494M) 131.793ms
[98.298s][info][gc] GC(677) Pause Young (Allocation Failure) 384M->384M(494M) 0.033ms
[98.419s][info][gc] GC(678) Pause Full (Allocation Failure) 384M->238M(494M) 120.425ms
[98.448s][info][gc] GC(679) Pause Young (Allocation Failure) 374M->374M(494M) 0.035ms
[98.587s][info][gc] GC(680) Pause Full (Allocation Failure) 374M->248M(494M) 139.233ms
[98.711s][info][gc] GC(681) Pause Young (Allocation Failure) 385M->385M(494M) 0.036ms
[98.844s][info][gc] GC(682) Pause Full (Allocation Failure) 385M->244M(494M) 133.065ms
[98.968s][info][gc] GC(683) Pause Young (Allocation Failure) 381M->381M(494M) 0.034ms
[99.075s][info][gc] GC(684) Pause Full (Allocation Failure) 381M->239M(494M) 106.192ms
[99.104s][info][gc] GC(685) Pause Young (Allocation Failure) 376M->376M(494M) 0.044ms
[99.242s][info][gc] GC(686) Pause Full (Allocation Failure) 376M->247M(494M) 137.738ms
[99.382s][info][gc] GC(687) Pause Young (Allocation Failure) 384M->384M(494M) 0.039ms
[99.504s][info][gc] GC(688) Pause Full (Allocation Failure) 384M->245M(494M) 121.556ms
[99.607s][info][gc] GC(689) Pause Young (Allocation Failure) 381M->381M(494M) 0.032ms
[99.731s][info][gc] GC(690) Pause Full (Allocation Failure) 381M->240M(494M) 123.918ms
[99.770s][info][gc] GC(691) Pause Young (Allocation Failure) 376M->376M(494M) 0.031ms
[99.905s][info][gc] GC(692) Pause Full (Allocation Failure) 376M->252M(494M) 135.545ms
[100.007s][info][gc] GC(693) Pause Young (Allocation Failure) 388M->388M(494M) 0.032ms
[100.145s][info][gc] GC(694) Pause Full (Allocation Failure) 388M->243M(494M) 137.410ms
[100.276s][info][gc] GC(695) Pause Young (Allocation Failure) 380M->380M(494M) 0.037ms
[100.395s][info][gc] GC(696) Pause Full (Allocation Failure) 380M->240M(494M) 118.750ms
[100.436s][info][gc] GC(697) Pause Young (Allocation Failure) 377M->377M(494M) 0.034ms
[100.566s][info][gc] GC(698) Pause Full (Allocation Failure) 377M->247M(494M) 129.776ms
[100.672s][info][gc] GC(699) Pause Young (Allocation Failure) 384M->384M(494M) 0.035ms
[100.798s][info][gc] GC(700) Pause Full (Allocation Failure) 384M->246M(494M) 125.758ms
[100.914s][info][gc] GC(701) Pause Young (Allocation Failure) 383M->383M(494M) 0.037ms
[101.043s][info][gc] GC(702) Pause Full (Allocation Failure) 383M->238M(494M) 128.730ms
[101.102s][info][gc] GC(703) Pause Young (Allocation Failure) 375M->375M(494M) 0.039ms
[101.237s][info][gc] GC(704) Pause Full (Allocation Failure) 375M->244M(494M) 134.671ms
[101.325s][info][gc] GC(705) Pause Young (Allocation Failure) 380M->380M(494M) 0.033ms
[101.460s][info][gc] GC(706) Pause Full (Allocation Failure) 380M->244M(494M) 135.266ms
[101.596s][info][gc] GC(707) Pause Young (Allocation Failure) 380M->380M(494M) 0.039ms
[101.721s][info][gc] GC(708) Pause Full (Allocation Failure) 380M->239M(494M) 124.440ms
[101.782s][info][gc] GC(709) Pause Young (Allocation Failure) 376M->376M(494M) 0.037ms
[101.935s][info][gc] GC(710) Pause Full (Allocation Failure) 376M->243M(494M) 152.465ms
[102.018s][info][gc] GC(711) Pause Young (Allocation Failure) 379M->379M(494M) 0.034ms
[102.161s][info][gc] GC(712) Pause Full (Allocation Failure) 379M->244M(494M) 142.055ms
[102.293s][info][gc] GC(713) Pause Young (Allocation Failure) 380M->380M(494M) 0.064ms
[102.416s][info][gc] GC(714) Pause Full (Allocation Failure) 380M->239M(494M) 122.887ms
[102.484s][info][gc] GC(715) Pause Young (Allocation Failure) 376M->376M(494M) 0.038ms
[102.615s][info][gc] GC(716) Pause Full (Allocation Failure) 376M->242M(494M) 130.656ms
[102.695s][info][gc] GC(717) Pause Young (Allocation Failure) 378M->378M(494M) 0.036ms
[102.826s][info][gc] GC(718) Pause Full (Allocation Failure) 378M->244M(494M) 131.191ms
