[0.003s][info][gc] Using Serial
[0.091s][info][gc] GC(0) Pause Young (Allocation Failure) 5M->1M(15M) 1.549ms
[0.188s][info][gc] GC(1) Pause Young (Allocation Failure) 6M->2M(15M) 1.924ms
[0.361s][info][gc] GC(2) Pause Young (Allocation Failure) 6M->3M(15M) 2.056ms
[0.377s][info][gc] GC(3) Pause Young (Allocation Failure) 7M->3M(15M) 1.340ms
[0.572s][info][gc] GC(4) Pause Young (Allocation Failure) 7M->4M(15M) 1.410ms
[0.783s][info][gc] GC(5) Pause Young (Allocation Failure) 8M->4M(15M) 1.375ms
[0.898s][info][gc] GC(6) Pause Young (Allocation Failure) 8M->4M(15M) 0.991ms
[1.034s][info][gc] GC(7) Pause Young (Allocation Failure) 9M->5M(15M) 0.958ms
[1.199s][info][gc] GC(8) Pause Young (Allocation Failure) 9M->5M(15M) 1.152ms
[1.311s][info][gc] GC(9) Pause Young (Allocation Failure) 9M->5M(15M) 1.117ms
[1.469s][info][gc] GC(10) Pause Young (Allocation Failure) 9M->5M(15M) 1.119ms
[1.574s][info][gc] GC(11) Pause Young (Allocation Failure) 10M->6M(15M) 1.588ms
[1.717s][info][gc] GC(12) Pause Young (Allocation Failure) 10M->6M(15M) 1.341ms
[1.859s][info][gc] GC(13) Pause Young (Allocation Failure) 10M->6M(15M) 1.315ms
[1.929s][info][gc] GC(14) Pause Young (Allocation Failure) 11M->7M(15M) 1.591ms
[2.029s][info][gc] GC(15) Pause Young (Allocation Failure) 11M->7M(15M) 0.929ms
[2.103s][info][gc] GC(16) Pause Young (Allocation Failure) 11M->7M(15M) 1.333ms
[2.177s][info][gc] GC(17) Pause Young (Allocation Failure) 11M->7M(15M) 1.443ms
[2.489s][info][gc] GC(18) Pause Young (Allocation Failure) 11M->8M(15M) 2.219ms
[2.506s][info][gc] GC(19) Pause Young (Allocation Failure) 12M->8M(15M) 1.157ms
[2.534s][info][gc] GC(20) Pause Young (Allocation Failure) 12M->8M(15M) 0.569ms
[2.574s][info][gc] GC(21) Pause Young (Allocation Failure) 12M->8M(15M) 1.415ms
[2.813s][info][gc] GC(22) Pause Young (Allocation Failure) 13M->9M(15M) 1.717ms
[2.933s][info][gc] GC(23) Pause Young (Allocation Failure) 13M->9M(15M) 1.685ms
[3.032s][info][gc] GC(24) Pause Young (Allocation Failure) 13M->9M(15M) 1.352ms
[3.084s][info][gc] GC(25) Pause Young (Allocation Failure) 14M->10M(15M) 1.226ms
[3.180s][info][gc] GC(26) Pause Young (Allocation Failure) 14M->10M(15M) 0.997ms
[3.225s][info][gc] GC(27) Pause Young (Allocation Failure) 14M->10M(15M) 1.377ms
[3.361s][info][gc] GC(28) Pause Young (Allocation Failure) 14M->10M(15M) 1.594ms
[3.456s][info][gc] GC(29) Pause Young (Allocation Failure) 15M->11M(15M) 1.671ms
[3.476s][info][gc] GC(30) Pause Full (Allocation Failure) 11M->9M(23M) 19.309ms
[3.657s][info][gc] GC(31) Pause Young (Allocation Failure) 15M->9M(23M) 1.456ms
[3.791s][info][gc] GC(32) Pause Young (Allocation Failure) 16M->10M(23M) 1.730ms
[3.961s][info][gc] GC(33) Pause Young (Allocation Failure) 16M->10M(23M) 1.957ms
[4.051s][info][gc] GC(34) Pause Young (Allocation Failure) 17M->11M(23M) 14.368ms
[4.194s][info][gc] GC(35) Pause Young (Allocation Failure) 17M->11M(23M) 2.692ms
[4.384s][info][gc] GC(36) Pause Young (Allocation Failure) 18M->12M(23M) 2.470ms
[4.579s][info][gc] GC(37) Pause Young (Allocation Failure) 18M->13M(23M) 2.795ms
[4.755s][info][gc] GC(38) Pause Young (Allocation Failure) 19M->14M(23M) 3.695ms
[4.901s][info][gc] GC(39) Pause Young (Allocation Failure) 21M->14M(23M) 2.920ms
[5.081s][info][gc] GC(40) Pause Young (Allocation Failure) 21M->15M(23M) 2.313ms
[5.197s][info][gc] GC(41) Pause Young (Allocation Failure) 21M->15M(23M) 1.948ms
[5.273s][info][gc] GC(42) Pause Young (Allocation Failure) 22M->15M(23M) 0.977ms
[5.355s][info][gc] GC(43) Pause Young (Allocation Failure) 22M->15M(23M) 1.516ms
[5.398s][info][gc] GC(44) Pause Full (Metadata GC Threshold) 16M->15M(37M) 28.595ms
[5.604s][info][gc] GC(45) Pause Young (Allocation Failure) 26M->16M(37M) 2.985ms
[5.803s][info][gc] GC(46) Pause Young (Allocation Failure) 26M->17M(37M) 3.041ms
[6.088s][info][gc] GC(47) Pause Young (Allocation Failure) 27M->18M(37M) 4.225ms
[6.384s][info][gc] GC(48) Pause Young (Allocation Failure) 28M->19M(37M) 5.124ms
[6.696s][info][gc] GC(49) Pause Young (Allocation Failure) 29M->20M(37M) 4.650ms
[7.057s][info][gc] GC(50) Pause Young (Allocation Failure) 30M->21M(37M) 5.010ms
[9.031s][info][gc] GC(51) Pause Young (Allocation Failure) 32M->24M(37M) 7.070ms
[12.737s][info][gc] GC(52) Pause Young (Allocation Failure) 34M->25M(37M) 5.125ms
[12.895s][info][gc] GC(53) Pause Young (Allocation Failure) 36M->35M(46M) 38.399ms
[12.943s][info][gc] GC(54) Pause Full (Allocation Failure) 35M->34M(83M) 47.498ms
[13.106s][info][gc] GC(55) Pause Young (Allocation Failure) 57M->55M(83M) 22.795ms
[13.272s][info][gc] GC(56) Pause Young (Allocation Failure) 78M->76M(99M) 17.376ms
[13.333s][info][gc] GC(57) Pause Full (Allocation Failure) 76M->74M(177M) 60.728ms
[14.291s][info][gc] GC(58) Pause Young (Allocation Failure) 122M->98M(177M) 28.181ms
[14.876s][info][gc] GC(59) Pause Young (Allocation Failure) 147M->121M(177M) 103.556ms
[15.089s][info][gc] GC(60) Pause Young (Allocation Failure) 170M->151M(200M) 28.861ms
[15.208s][info][gc] GC(61) Pause Full (Allocation Failure) 151M->88M(213M) 118.548ms
[15.470s][info][gc] GC(62) Pause Young (Allocation Failure) 147M->120M(213M) 17.611ms
[15.771s][info][gc] GC(63) Pause Young (Allocation Failure) 179M->151M(213M) 18.762ms
[16.162s][info][gc] GC(64) Pause Young (Allocation Failure) 210M->173M(232M) 76.822ms
[16.220s][info][gc] GC(65) Pause Full (Allocation Failure) 173M->83M(213M) 57.674ms
[16.466s][info][gc] GC(66) Pause Young (Allocation Failure) 142M->115M(213M) 11.257ms
[16.674s][info][gc] GC(67) Pause Young (Allocation Failure) 174M->141M(213M) 12.776ms
[16.879s][info][gc] GC(68) Pause Young (Allocation Failure) 200M->172M(231M) 24.221ms
[16.986s][info][gc] GC(69) Pause Full (Allocation Failure) 172M->90M(219M) 106.570ms
[17.277s][info][gc] GC(70) Pause Young (Allocation Failure) 151M->122M(219M) 13.454ms
[17.481s][info][gc] GC(71) Pause Young (Allocation Failure) 182M->152M(219M) 15.894ms
[17.855s][info][gc] GC(72) Pause Young (Allocation Failure) 213M->176M(237M) 71.994ms
[17.920s][info][gc] GC(73) Pause Full (Allocation Failure) 176M->75M(219M) 61.381ms
[18.071s][info][gc] GC(74) Pause Young (Allocation Failure) 135M->106M(219M) 10.561ms
[18.272s][info][gc] GC(75) Pause Young (Allocation Failure) 167M->138M(219M) 15.561ms
[18.676s][info][gc] GC(76) Pause Young (Allocation Failure) 198M->165M(226M) 15.640ms
[18.762s][info][gc] GC(77) Pause Full (Allocation Failure) 165M->83M(219M) 85.715ms
[18.969s][info][gc] GC(78) Pause Young (Allocation Failure) 144M->122M(219M) 79.987ms
[19.267s][info][gc] GC(79) Pause Young (Allocation Failure) 183M->154M(219M) 65.683ms
[19.506s][info][gc] GC(80) Pause Young (Allocation Failure) 215M->182M(243M) 25.124ms
[19.617s][info][gc] GC(81) Pause Full (Allocation Failure) 182M->87M(219M) 110.846ms
[19.793s][info][gc] GC(82) Pause Young (Allocation Failure) 147M->117M(219M) 10.445ms
[19.960s][info][gc] GC(83) Pause Young (Allocation Failure) 177M->147M(219M) 70.079ms
[20.175s][info][gc] GC(84) Pause Young (Allocation Failure) 208M->180M(241M) 86.286ms
[20.261s][info][gc] GC(85) Pause Full (Allocation Failure) 180M->85M(219M) 84.486ms
[20.400s][info][gc] GC(86) Pause Young (Allocation Failure) 146M->126M(219M) 15.117ms
[20.595s][info][gc] GC(87) Pause Young (Allocation Failure) 187M->161M(222M) 15.716ms
[20.713s][info][gc] GC(88) Pause Full (Allocation Failure) 161M->77M(219M) 117.896ms
[20.985s][info][gc] GC(89) Pause Young (Allocation Failure) 138M->108M(219M) 11.537ms
[21.260s][info][gc] GC(90) Pause Young (Allocation Failure) 169M->135M(219M) 72.190ms
[21.566s][info][gc] GC(91) Pause Young (Allocation Failure) 195M->164M(225M) 74.135ms
[21.645s][info][gc] GC(92) Pause Full (Allocation Failure) 164M->88M(219M) 79.116ms
[21.986s][info][gc] GC(93) Pause Young (Allocation Failure) 148M->127M(219M) 21.235ms
[22.185s][info][gc] GC(94) Pause Young (Allocation Failure) 188M->158M(219M) 15.029ms
[22.293s][info][gc] GC(95) Pause Full (Allocation Failure) 158M->88M(219M) 107.047ms
[22.481s][info][gc] GC(96) Pause Young (Allocation Failure) 149M->119M(219M) 16.262ms
[22.656s][info][gc] GC(97) Pause Young (Allocation Failure) 179M->149M(219M) 72.454ms
[22.806s][info][gc] GC(98) Pause Young (Allocation Failure) 210M->181M(242M) 28.598ms
[22.914s][info][gc] GC(99) Pause Full (Allocation Failure) 181M->78M(219M) 64.434ms
[23.087s][info][gc] GC(100) Pause Young (Allocation Failure) 139M->109M(219M) 12.656ms
[23.195s][info][gc] GC(101) Pause Young (Allocation Failure) 169M->139M(219M) 15.080ms
[23.389s][info][gc] GC(102) Pause Young (Allocation Failure) 200M->167M(228M) 16.832ms
[23.502s][info][gc] GC(103) Pause Full (Allocation Failure) 167M->78M(219M) 112.779ms
[23.769s][info][gc] GC(104) Pause Young (Allocation Failure) 138M->108M(219M) 11.196ms
[23.893s][info][gc] GC(105) Pause Young (Allocation Failure) 168M->138M(219M) 12.900ms
[24.365s][info][gc] GC(106) Pause Young (Allocation Failure) 198M->165M(226M) 72.709ms
[24.424s][info][gc] GC(107) Pause Full (Allocation Failure) 165M->84M(219M) 58.016ms
[24.589s][info][gc] GC(108) Pause Young (Allocation Failure) 144M->126M(219M) 13.945ms
[24.778s][info][gc] GC(109) Pause Young (Allocation Failure) 187M->152M(219M) 10.978ms
[24.892s][info][gc] GC(110) Pause Young (Allocation Failure) 212M->181M(242M) 23.739ms
[24.984s][info][gc] GC(111) Pause Full (Allocation Failure) 181M->86M(219M) 91.215ms
[25.076s][info][gc] GC(112) Pause Young (Allocation Failure) 147M->116M(219M) 12.036ms
[25.262s][info][gc] GC(113) Pause Young (Allocation Failure) 176M->132M(219M) 11.064ms
[25.426s][info][gc] GC(114) Pause Young (Allocation Failure) 192M->151M(219M) 11.339ms
[25.574s][info][gc] GC(115) Pause Young (Allocation Failure) 212M->175M(236M) 23.431ms
[25.639s][info][gc] GC(116) Pause Full (Allocation Failure) 175M->80M(219M) 65.117ms
[25.746s][info][gc] GC(117) Pause Young (Allocation Failure) 140M->111M(219M) 15.868ms
[25.929s][info][gc] GC(118) Pause Young (Allocation Failure) 171M->127M(219M) 11.008ms
[26.170s][info][gc] GC(119) Pause Young (Allocation Failure) 187M->143M(219M) 12.906ms
[26.499s][info][gc] GC(120) Pause Young (Allocation Failure) 204M->144M(219M) 7.442ms
[26.695s][info][gc] GC(121) Pause Young (Allocation Failure) 204M->153M(219M) 7.725ms
[26.879s][info][gc] GC(122) Pause Young (Allocation Failure) 213M->163M(224M) 12.669ms
[26.946s][info][gc] GC(123) Pause Full (Allocation Failure) 163M->78M(219M) 67.466ms
[27.061s][info][gc] GC(124) Pause Young (Allocation Failure) 139M->108M(219M) 12.664ms
[27.195s][info][gc] GC(125) Pause Young (Allocation Failure) 169M->136M(219M) 13.860ms
[27.468s][info][gc] GC(126) Pause Young (Allocation Failure) 197M->172M(233M) 76.883ms
[27.528s][info][gc] GC(127) Pause Full (Allocation Failure) 172M->73M(219M) 59.721ms
[27.639s][info][gc] GC(128) Pause Young (Allocation Failure) 133M->109M(219M) 15.508ms
[27.797s][info][gc] GC(129) Pause Young (Allocation Failure) 170M->137M(219M) 16.471ms
[27.963s][info][gc] GC(130) Pause Young (Allocation Failure) 198M->165M(225M) 18.144ms
[28.026s][info][gc] GC(131) Pause Full (Allocation Failure) 165M->85M(219M) 63.578ms
[28.131s][info][gc] GC(132) Pause Young (Allocation Failure) 145M->120M(219M) 13.664ms
[28.320s][info][gc] GC(133) Pause Young (Allocation Failure) 180M->136M(219M) 11.405ms
[28.442s][info][gc] GC(134) Pause Young (Allocation Failure) 196M->163M(223M) 17.431ms
[28.508s][info][gc] GC(135) Pause Full (Allocation Failure) 163M->86M(219M) 66.199ms
[28.617s][info][gc] GC(136) Pause Young (Allocation Failure) 146M->116M(219M) 13.787ms
[28.756s][info][gc] GC(137) Pause Young (Allocation Failure) 176M->142M(219M) 16.744ms
[28.893s][info][gc] GC(138) Pause Young (Allocation Failure) 203M->171M(232M) 22.900ms
[28.965s][info][gc] GC(139) Pause Full (Allocation Failure) 171M->78M(219M) 71.825ms
[29.075s][info][gc] GC(140) Pause Young (Allocation Failure) 139M->108M(219M) 13.433ms
[29.211s][info][gc] GC(141) Pause Young (Allocation Failure) 169M->134M(219M) 14.575ms
[29.342s][info][gc] GC(142) Pause Young (Allocation Failure) 195M->163M(224M) 17.733ms
[29.409s][info][gc] GC(143) Pause Full (Allocation Failure) 163M->85M(219M) 67.035ms
[29.534s][info][gc] GC(144) Pause Young (Allocation Failure) 145M->115M(219M) 12.164ms
[29.668s][info][gc] GC(145) Pause Young (Allocation Failure) 175M->141M(219M) 14.011ms
[29.802s][info][gc] GC(146) Pause Young (Allocation Failure) 202M->170M(231M) 21.614ms
[29.864s][info][gc] GC(147) Pause Full (Allocation Failure) 170M->83M(219M) 62.292ms
[29.972s][info][gc] GC(148) Pause Young (Allocation Failure) 144M->113M(219M) 13.103ms
[30.112s][info][gc] GC(149) Pause Young (Allocation Failure) 174M->140M(219M) 13.266ms
[30.285s][info][gc] GC(150) Pause Young (Allocation Failure) 201M->167M(228M) 14.762ms
[30.342s][info][gc] GC(151) Pause Full (Allocation Failure) 167M->84M(219M) 56.155ms
[30.470s][info][gc] GC(152) Pause Young (Allocation Failure) 144M->121M(219M) 14.775ms
[30.599s][info][gc] GC(153) Pause Young (Allocation Failure) 181M->150M(219M) 14.678ms
[30.746s][info][gc] GC(154) Pause Young (Allocation Failure) 211M->173M(234M) 18.367ms
[30.811s][info][gc] GC(155) Pause Full (Allocation Failure) 173M->78M(219M) 65.439ms
[30.940s][info][gc] GC(156) Pause Young (Allocation Failure) 138M->107M(219M) 11.672ms
[31.117s][info][gc] GC(157) Pause Young (Allocation Failure) 168M->134M(219M) 12.379ms
[31.253s][info][gc] GC(158) Pause Young (Allocation Failure) 195M->162M(223M) 13.434ms
[31.307s][info][gc] GC(159) Pause Full (Allocation Failure) 162M->82M(219M) 53.980ms
[31.494s][info][gc] GC(160) Pause Young (Allocation Failure) 143M->104M(219M) 11.399ms
[31.699s][info][gc] GC(161) Pause Young (Allocation Failure) 164M->118M(219M) 12.307ms
[31.893s][info][gc] GC(162) Pause Young (Allocation Failure) 179M->135M(219M) 11.141ms
[32.073s][info][gc] GC(163) Pause Young (Allocation Failure) 196M->150M(219M) 10.391ms
[32.273s][info][gc] GC(164) Pause Young (Allocation Failure) 210M->164M(225M) 12.834ms
[32.333s][info][gc] GC(165) Pause Full (Allocation Failure) 164M->84M(219M) 59.115ms
[32.483s][info][gc] GC(166) Pause Young (Allocation Failure) 145M->115M(219M) 12.910ms
[32.678s][info][gc] GC(167) Pause Young (Allocation Failure) 176M->126M(219M) 9.336ms
[32.779s][info][gc] GC(168) Pause Young (Allocation Failure) 187M->149M(219M) 12.050ms
[32.981s][info][gc] GC(169) Pause Young (Allocation Failure) 209M->177M(238M) 30.863ms
[33.050s][info][gc] GC(170) Pause Full (Allocation Failure) 177M->78M(219M) 68.628ms
[33.167s][info][gc] GC(171) Pause Young (Allocation Failure) 138M->107M(219M) 13.209ms
[33.300s][info][gc] GC(172) Pause Young (Allocation Failure) 168M->135M(219M) 14.476ms
[33.430s][info][gc] GC(173) Pause Young (Allocation Failure) 196M->164M(225M) 17.206ms
[33.494s][info][gc] GC(174) Pause Full (Allocation Failure) 164M->78M(219M) 63.732ms
[33.605s][info][gc] GC(175) Pause Young (Allocation Failure) 139M->108M(219M) 11.780ms
[33.808s][info][gc] GC(176) Pause Young (Allocation Failure) 169M->135M(219M) 14.542ms
[33.945s][info][gc] GC(177) Pause Young (Allocation Failure) 196M->164M(225M) 16.344ms
[34.008s][info][gc] GC(178) Pause Full (Allocation Failure) 164M->85M(219M) 62.191ms
[34.108s][info][gc] GC(179) Pause Young (Allocation Failure) 145M->116M(219M) 12.694ms
[34.285s][info][gc] GC(180) Pause Young (Allocation Failure) 176M->139M(219M) 13.167ms
[34.423s][info][gc] GC(181) Pause Young (Allocation Failure) 200M->167M(228M) 18.197ms
[34.480s][info][gc] GC(182) Pause Full (Allocation Failure) 167M->84M(219M) 57.407ms
[34.601s][info][gc] GC(183) Pause Young (Allocation Failure) 145M->115M(219M) 13.503ms
[34.764s][info][gc] GC(184) Pause Young (Allocation Failure) 176M->130M(219M) 11.415ms
[35.004s][info][gc] GC(185) Pause Young (Allocation Failure) 191M->143M(219M) 12.603ms
[35.164s][info][gc] GC(186) Pause Young (Allocation Failure) 203M->162M(223M) 13.612ms
[35.227s][info][gc] GC(187) Pause Full (Allocation Failure) 162M->85M(219M) 63.180ms
[35.339s][info][gc] GC(188) Pause Young (Allocation Failure) 146M->114M(219M) 12.925ms
[35.472s][info][gc] GC(189) Pause Young (Allocation Failure) 175M->139M(219M) 13.595ms
[35.613s][info][gc] GC(190) Pause Young (Allocation Failure) 199M->166M(227M) 19.924ms
[35.675s][info][gc] GC(191) Pause Full (Allocation Failure) 166M->77M(219M) 61.223ms
[35.797s][info][gc] GC(192) Pause Young (Allocation Failure) 138M->108M(219M) 13.213ms
[35.906s][info][gc] GC(193) Pause Young (Allocation Failure) 169M->136M(219M) 13.222ms
[36.041s][info][gc] GC(194) Pause Young (Allocation Failure) 196M->163M(224M) 15.072ms
[36.102s][info][gc] GC(195) Pause Full (Allocation Failure) 163M->83M(219M) 60.561ms
[36.224s][info][gc] GC(196) Pause Young (Allocation Failure) 144M->114M(219M) 11.836ms
[36.384s][info][gc] GC(197) Pause Young (Allocation Failure) 174M->128M(219M) 10.733ms
[36.566s][info][gc] GC(198) Pause Young (Allocation Failure) 189M->142M(219M) 10.420ms
[36.754s][info][gc] GC(199) Pause Young (Allocation Failure) 202M->155M(219M) 11.534ms
[36.985s][info][gc] GC(200) Pause Young (Allocation Failure) 215M->166M(227M) 11.843ms
[37.038s][info][gc] GC(201) Pause Full (Allocation Failure) 166M->84M(219M) 52.654ms
[37.227s][info][gc] GC(202) Pause Young (Allocation Failure) 144M->114M(219M) 11.059ms
[37.432s][info][gc] GC(203) Pause Young (Allocation Failure) 175M->125M(219M) 12.795ms
[37.680s][info][gc] GC(204) Pause Young (Allocation Failure) 186M->133M(219M) 9.688ms
[37.868s][info][gc] GC(205) Pause Young (Allocation Failure) 193M->138M(219M) 8.441ms
[38.075s][info][gc] GC(206) Pause Young (Allocation Failure) 198M->142M(219M) 7.725ms
[38.309s][info][gc] GC(207) Pause Young (Allocation Failure) 203M->151M(219M) 8.414ms
[38.516s][info][gc] GC(208) Pause Young (Allocation Failure) 212M->165M(226M) 13.510ms
[38.573s][info][gc] GC(209) Pause Full (Allocation Failure) 165M->85M(219M) 56.814ms
[38.700s][info][gc] GC(210) Pause Young (Allocation Failure) 145M->115M(219M) 13.110ms
[38.823s][info][gc] GC(211) Pause Young (Allocation Failure) 175M->144M(219M) 14.697ms
[39.065s][info][gc] GC(212) Pause Young (Allocation Failure) 204M->158M(219M) 14.289ms
[39.122s][info][gc] GC(213) Pause Full (Allocation Failure) 158M->75M(219M) 56.603ms
[39.210s][info][gc] GC(214) Pause Young (Allocation Failure) 136M->105M(219M) 11.159ms
[39.346s][info][gc] GC(215) Pause Young (Allocation Failure) 166M->133M(219M) 13.486ms
[39.475s][info][gc] GC(216) Pause Young (Allocation Failure) 194M->162M(223M) 17.764ms
[39.538s][info][gc] GC(217) Pause Full (Allocation Failure) 162M->81M(219M) 63.216ms
[39.645s][info][gc] GC(218) Pause Young (Allocation Failure) 141M->111M(219M) 12.533ms
[39.773s][info][gc] GC(219) Pause Young (Allocation Failure) 171M->140M(219M) 15.453ms
[39.961s][info][gc] GC(220) Pause Young (Allocation Failure) 200M->154M(219M) 10.673ms
[40.111s][info][gc] GC(221) Pause Young (Allocation Failure) 214M->180M(240M) 26.521ms
[40.172s][info][gc] GC(222) Pause Full (Allocation Failure) 180M->86M(219M) 60.565ms
[40.274s][info][gc] GC(223) Pause Young (Allocation Failure) 146M->116M(219M) 12.046ms
[40.471s][info][gc] GC(224) Pause Young (Allocation Failure) 177M->136M(219M) 13.516ms
[40.684s][info][gc] GC(225) Pause Young (Allocation Failure) 197M->152M(219M) 10.939ms
[40.886s][info][gc] GC(226) Pause Young (Allocation Failure) 212M->160M(221M) 9.356ms
[40.945s][info][gc] GC(227) Pause Full (Allocation Failure) 160M->84M(219M) 58.883ms
[41.101s][info][gc] GC(228) Pause Young (Allocation Failure) 144M->114M(219M) 11.802ms
[41.246s][info][gc] GC(229) Pause Young (Allocation Failure) 174M->141M(219M) 13.086ms
[41.436s][info][gc] GC(230) Pause Young (Allocation Failure) 202M->168M(229M) 19.311ms
[41.492s][info][gc] GC(231) Pause Full (Allocation Failure) 168M->76M(219M) 55.697ms
[41.630s][info][gc] GC(232) Pause Young (Allocation Failure) 136M->105M(219M) 10.186ms
[41.906s][info][gc] GC(233) Pause Young (Allocation Failure) 166M->117M(219M) 9.827ms
[42.182s][info][gc] GC(234) Pause Young (Allocation Failure) 178M->126M(219M) 8.938ms
[42.381s][info][gc] GC(235) Pause Young (Allocation Failure) 186M->140M(219M) 11.935ms
[42.478s][info][gc] GC(236) Pause Young (Allocation Failure) 201M->168M(229M) 18.408ms
[42.543s][info][gc] GC(237) Pause Full (Allocation Failure) 168M->84M(219M) 65.351ms
[42.646s][info][gc] GC(238) Pause Young (Allocation Failure) 144M->115M(219M) 12.433ms
[42.780s][info][gc] GC(239) Pause Young (Allocation Failure) 175M->136M(219M) 12.945ms
[42.938s][info][gc] GC(240) Pause Young (Allocation Failure) 197M->163M(224M) 18.008ms
[43.004s][info][gc] GC(241) Pause Full (Allocation Failure) 163M->85M(219M) 66.243ms
[43.152s][info][gc] GC(242) Pause Young (Allocation Failure) 145M->116M(219M) 14.381ms
[43.349s][info][gc] GC(243) Pause Young (Allocation Failure) 176M->126M(219M) 10.864ms
[43.459s][info][gc] GC(244) Pause Young (Allocation Failure) 187M->149M(219M) 14.133ms
[43.603s][info][gc] GC(245) Pause Young (Allocation Failure) 210M->178M(239M) 28.841ms
[43.670s][info][gc] GC(246) Pause Full (Allocation Failure) 178M->87M(219M) 66.643ms
[43.779s][info][gc] GC(247) Pause Young (Allocation Failure) 147M->117M(219M) 12.954ms
[43.911s][info][gc] GC(248) Pause Young (Allocation Failure) 177M->142M(219M) 13.725ms
[44.045s][info][gc] GC(249) Pause Young (Allocation Failure) 202M->169M(230M) 17.750ms
[44.114s][info][gc] GC(250) Pause Full (Allocation Failure) 169M->77M(219M) 68.899ms
[44.235s][info][gc] GC(251) Pause Young (Allocation Failure) 138M->108M(219M) 13.396ms
[44.406s][info][gc] GC(252) Pause Young (Allocation Failure) 169M->122M(219M) 11.467ms
[44.588s][info][gc] GC(253) Pause Young (Allocation Failure) 183M->136M(219M) 11.211ms
[44.779s][info][gc] GC(254) Pause Young (Allocation Failure) 196M->147M(219M) 8.987ms
[44.924s][info][gc] GC(255) Pause Young (Allocation Failure) 208M->171M(232M) 17.826ms
[44.988s][info][gc] GC(256) Pause Full (Allocation Failure) 171M->84M(219M) 63.719ms
[45.091s][info][gc] GC(257) Pause Young (Allocation Failure) 144M->114M(219M) 13.671ms
[45.231s][info][gc] GC(258) Pause Young (Allocation Failure) 175M->140M(219M) 14.908ms
[45.363s][info][gc] GC(259) Pause Young (Allocation Failure) 200M->169M(229M) 19.694ms
[45.434s][info][gc] GC(260) Pause Full (Allocation Failure) 169M->84M(219M) 70.996ms
[45.541s][info][gc] GC(261) Pause Young (Allocation Failure) 145M->114M(219M) 13.825ms
[45.672s][info][gc] GC(262) Pause Young (Allocation Failure) 175M->139M(219M) 13.329ms
[45.806s][info][gc] GC(263) Pause Young (Allocation Failure) 199M->167M(227M) 17.411ms
[45.866s][info][gc] GC(264) Pause Full (Allocation Failure) 167M->85M(219M) 59.623ms
[45.996s][info][gc] GC(265) Pause Young (Allocation Failure) 146M->114M(219M) 12.733ms
[46.190s][info][gc] GC(266) Pause Young (Allocation Failure) 174M->124M(219M) 10.638ms
[46.375s][info][gc] GC(267) Pause Young (Allocation Failure) 185M->130M(219M) 7.904ms
[46.541s][info][gc] GC(268) Pause Young (Allocation Failure) 191M->140M(219M) 8.910ms
[46.734s][info][gc] GC(269) Pause Young (Allocation Failure) 201M->155M(219M) 10.275ms
[46.894s][info][gc] GC(270) Pause Young (Allocation Failure) 216M->182M(243M) 24.876ms
[46.958s][info][gc] GC(271) Pause Full (Allocation Failure) 182M->77M(219M) 63.923ms
[47.056s][info][gc] GC(272) Pause Young (Allocation Failure) 138M->108M(219M) 11.792ms
[47.262s][info][gc] GC(273) Pause Young (Allocation Failure) 169M->122M(219M) 9.365ms
[47.372s][info][gc] GC(274) Pause Young (Allocation Failure) 183M->145M(219M) 10.931ms
[47.599s][info][gc] GC(275) Pause Young (Allocation Failure) 205M->172M(233M) 15.478ms
[47.670s][info][gc] GC(276) Pause Full (Allocation Failure) 172M->77M(219M) 70.525ms
[47.864s][info][gc] GC(277) Pause Young (Allocation Failure) 137M->104M(219M) 9.562ms
[47.953s][info][gc] GC(278) Pause Young (Allocation Failure) 165M->134M(219M) 13.160ms
[48.088s][info][gc] GC(279) Pause Young (Allocation Failure) 195M->155M(219M) 11.478ms
[48.259s][info][gc] GC(280) Pause Young (Allocation Failure) 216M->182M(243M) 27.028ms
[48.321s][info][gc] GC(281) Pause Full (Allocation Failure) 182M->77M(219M) 61.554ms
[48.451s][info][gc] GC(282) Pause Young (Allocation Failure) 138M->108M(219M) 12.278ms
[48.634s][info][gc] GC(283) Pause Young (Allocation Failure) 168M->122M(219M) 11.373ms
[48.821s][info][gc] GC(284) Pause Young (Allocation Failure) 183M->135M(219M) 10.588ms
[49.011s][info][gc] GC(285) Pause Young (Allocation Failure) 196M->147M(219M) 9.949ms
[49.156s][info][gc] GC(286) Pause Young (Allocation Failure) 207M->171M(232M) 18.245ms
[49.221s][info][gc] GC(287) Pause Full (Allocation Failure) 171M->78M(219M) 65.135ms
[49.324s][info][gc] GC(288) Pause Young (Allocation Failure) 139M->108M(219M) 12.001ms
[49.456s][info][gc] GC(289) Pause Young (Allocation Failure) 169M->134M(219M) 13.023ms
[49.591s][info][gc] GC(290) Pause Young (Allocation Failure) 195M->170M(231M) 19.335ms
[49.661s][info][gc] GC(291) Pause Full (Allocation Failure) 170M->68M(219M) 69.297ms
[49.791s][info][gc] GC(292) Pause Young (Allocation Failure) 129M->101M(219M) 12.153ms
[49.989s][info][gc] GC(293) Pause Young (Allocation Failure) 162M->113M(219M) 10.623ms
[50.167s][info][gc] GC(294) Pause Young (Allocation Failure) 173M->134M(219M) 11.270ms
[50.302s][info][gc] GC(295) Pause Young (Allocation Failure) 195M->160M(220M) 14.491ms
[50.359s][info][gc] GC(296) Pause Full (Allocation Failure) 160M->81M(219M) 57.150ms
[50.496s][info][gc] GC(297) Pause Young (Allocation Failure) 142M->112M(219M) 18.157ms
[50.679s][info][gc] GC(298) Pause Young (Allocation Failure) 172M->128M(219M) 9.771ms
[50.771s][info][gc] GC(299) Pause Young (Allocation Failure) 188M->155M(219M) 12.372ms
[50.960s][info][gc] GC(300) Pause Young (Allocation Failure) 216M->183M(243M) 26.954ms
[51.015s][info][gc] GC(301) Pause Full (Allocation Failure) 183M->84M(219M) 54.302ms
[51.194s][info][gc] GC(302) Pause Young (Allocation Failure) 145M->115M(219M) 12.632ms
[51.350s][info][gc] GC(303) Pause Young (Allocation Failure) 176M->144M(219M) 16.012ms
[51.471s][info][gc] GC(304) Pause Young (Allocation Failure) 204M->172M(233M) 19.885ms
[51.535s][info][gc] GC(305) Pause Full (Allocation Failure) 172M->80M(219M) 63.891ms
[51.637s][info][gc] GC(306) Pause Young (Allocation Failure) 141M->111M(219M) 13.132ms
[51.828s][info][gc] GC(307) Pause Young (Allocation Failure) 172M->125M(219M) 10.061ms
[51.964s][info][gc] GC(308) Pause Young (Allocation Failure) 186M->151M(219M) 13.061ms
[52.151s][info][gc] GC(309) Pause Young (Allocation Failure) 212M->166M(227M) 12.865ms
[52.219s][info][gc] GC(310) Pause Full (Allocation Failure) 166M->78M(219M) 67.720ms
[52.324s][info][gc] GC(311) Pause Young (Allocation Failure) 138M->108M(219M) 13.323ms
[52.498s][info][gc] GC(312) Pause Young (Allocation Failure) 169M->128M(219M) 12.363ms
[52.604s][info][gc] GC(313) Pause Young (Allocation Failure) 188M->155M(219M) 13.811ms
[52.745s][info][gc] GC(314) Pause Young (Allocation Failure) 215M->183M(243M) 21.250ms
[52.803s][info][gc] GC(315) Pause Full (Allocation Failure) 183M->86M(219M) 58.308ms
[52.924s][info][gc] GC(316) Pause Young (Allocation Failure) 146M->117M(219M) 13.264ms
[53.094s][info][gc] GC(317) Pause Young (Allocation Failure) 177M->131M(219M) 11.384ms
[53.279s][info][gc] GC(318) Pause Young (Allocation Failure) 192M->144M(219M) 10.453ms
[53.487s][info][gc] GC(319) Pause Young (Allocation Failure) 205M->166M(227M) 15.913ms
[53.544s][info][gc] GC(320) Pause Full (Allocation Failure) 166M->84M(219M) 56.371ms
[53.647s][info][gc] GC(321) Pause Young (Allocation Failure) 144M->115M(219M) 12.245ms
[53.838s][info][gc] GC(322) Pause Young (Allocation Failure) 175M->136M(219M) 18.078ms
[53.960s][info][gc] GC(323) Pause Young (Allocation Failure) 197M->164M(225M) 16.676ms
[54.020s][info][gc] GC(324) Pause Full (Allocation Failure) 164M->84M(219M) 59.663ms
[54.122s][info][gc] GC(325) Pause Young (Allocation Failure) 144M->115M(219M) 13.017ms
[54.306s][info][gc] GC(326) Pause Young (Allocation Failure) 175M->131M(219M) 11.118ms
[54.546s][info][gc] GC(327) Pause Young (Allocation Failure) 191M->145M(219M) 11.080ms
[54.741s][info][gc] GC(328) Pause Young (Allocation Failure) 206M->155M(219M) 8.978ms
[54.997s][info][gc] GC(329) Pause Young (Allocation Failure) 216M->161M(222M) 10.462ms
[55.060s][info][gc] GC(330) Pause Full (Allocation Failure) 161M->79M(219M) 62.324ms
[55.172s][info][gc] GC(331) Pause Young (Allocation Failure) 139M->108M(219M) 13.484ms
[55.296s][info][gc] GC(332) Pause Young (Allocation Failure) 169M->137M(219M) 15.200ms
[55.477s][info][gc] GC(333) Pause Young (Allocation Failure) 197M->152M(219M) 10.636ms
[55.687s][info][gc] GC(334) Pause Young (Allocation Failure) 213M->174M(234M) 22.360ms
[55.747s][info][gc] GC(335) Pause Full (Allocation Failure) 174M->75M(219M) 59.806ms
[55.854s][info][gc] GC(336) Pause Young (Allocation Failure) 135M->105M(219M) 14.234ms
[56.014s][info][gc] GC(337) Pause Young (Allocation Failure) 166M->127M(219M) 12.500ms
[56.256s][info][gc] GC(338) Pause Young (Allocation Failure) 188M->154M(219M) 34.868ms
[56.408s][info][gc] GC(339) Pause Young (Allocation Failure) 214M->183M(243M) 23.447ms
[56.471s][info][gc] GC(340) Pause Full (Allocation Failure) 183M->85M(219M) 62.493ms
[56.597s][info][gc] GC(341) Pause Young (Allocation Failure) 146M->115M(219M) 11.577ms
[56.861s][info][gc] GC(342) Pause Young (Allocation Failure) 175M->142M(219M) 39.992ms
[56.973s][info][gc] GC(343) Pause Young (Allocation Failure) 202M->178M(239M) 21.135ms
[57.032s][info][gc] GC(344) Pause Full (Allocation Failure) 178M->82M(219M) 59.101ms
[57.142s][info][gc] GC(345) Pause Young (Allocation Failure) 143M->121M(219M) 17.316ms
[57.322s][info][gc] GC(346) Pause Young (Allocation Failure) 182M->141M(219M) 12.598ms
[57.428s][info][gc] GC(347) Pause Young (Allocation Failure) 202M->168M(229M) 20.873ms
[57.490s][info][gc] GC(348) Pause Full (Allocation Failure) 168M->77M(219M) 61.855ms
[57.588s][info][gc] GC(349) Pause Young (Allocation Failure) 138M->108M(219M) 13.707ms
[57.771s][info][gc] GC(350) Pause Young (Allocation Failure) 169M->124M(219M) 10.534ms
[57.910s][info][gc] GC(351) Pause Young (Allocation Failure) 185M->144M(219M) 11.357ms
[58.042s][info][gc] GC(352) Pause Young (Allocation Failure) 204M->164M(225M) 13.902ms
[58.104s][info][gc] GC(353) Pause Full (Allocation Failure) 164M->85M(219M) 61.872ms
[58.214s][info][gc] GC(354) Pause Young (Allocation Failure) 145M->115M(219M) 15.803ms
[58.338s][info][gc] GC(355) Pause Young (Allocation Failure) 175M->144M(219M) 14.710ms
[58.523s][info][gc] GC(356) Pause Young (Allocation Failure) 204M->158M(219M) 9.654ms
[58.675s][info][gc] GC(357) Pause Young (Allocation Failure) 218M->184M(244M) 28.137ms
[58.736s][info][gc] GC(358) Pause Full (Allocation Failure) 184M->85M(219M) 60.166ms
[58.905s][info][gc] GC(359) Pause Young (Allocation Failure) 146M->115M(219M) 15.682ms
[59.122s][info][gc] GC(360) Pause Young (Allocation Failure) 176M->142M(219M) 14.534ms
[59.316s][info][gc] GC(361) Pause Young (Allocation Failure) 202M->171M(232M) 18.089ms
[59.376s][info][gc] GC(362) Pause Full (Allocation Failure) 171M->86M(219M) 59.756ms
[59.529s][info][gc] GC(363) Pause Young (Allocation Failure) 146M->110M(219M) 10.791ms
[59.756s][info][gc] GC(364) Pause Young (Allocation Failure) 170M->137M(219M) 33.099ms
[59.941s][info][gc] GC(365) Pause Young (Allocation Failure) 197M->165M(226M) 16.076ms
[60.004s][info][gc] GC(366) Pause Full (Allocation Failure) 165M->78M(219M) 62.654ms
[60.107s][info][gc] GC(367) Pause Young (Allocation Failure) 138M->107M(219M) 11.973ms
[60.258s][info][gc] GC(368) Pause Young (Allocation Failure) 168M->134M(219M) 13.149ms
[60.393s][info][gc] GC(369) Pause Young (Allocation Failure) 195M->163M(224M) 14.886ms
[60.460s][info][gc] GC(370) Pause Full (Allocation Failure) 163M->85M(219M) 66.576ms
[60.609s][info][gc] GC(371) Pause Young (Allocation Failure) 146M->116M(219M) 14.361ms
[60.872s][info][gc] GC(372) Pause Young (Allocation Failure) 176M->127M(219M) 12.115ms
[60.977s][info][gc] GC(373) Pause Young (Allocation Failure) 188M->151M(219M) 12.724ms
[61.121s][info][gc] GC(374) Pause Young (Allocation Failure) 211M->179M(239M) 25.854ms
[61.183s][info][gc] GC(375) Pause Full (Allocation Failure) 179M->85M(219M) 61.453ms
[61.304s][info][gc] GC(376) Pause Young (Allocation Failure) 146M->116M(219M) 14.108ms
[61.470s][info][gc] GC(377) Pause Young (Allocation Failure) 177M->130M(219M) 11.034ms
[61.652s][info][gc] GC(378) Pause Young (Allocation Failure) 191M->144M(219M) 11.035ms
[61.835s][info][gc] GC(379) Pause Young (Allocation Failure) 204M->157M(219M) 10.424ms
[62.033s][info][gc] GC(380) Pause Young (Allocation Failure) 217M->168M(229M) 11.540ms
[62.089s][info][gc] GC(381) Pause Full (Allocation Failure) 168M->84M(219M) 55.149ms
[62.199s][info][gc] GC(382) Pause Young (Allocation Failure) 144M->123M(219M) 13.171ms
[62.374s][info][gc] GC(383) Pause Young (Allocation Failure) 183M->144M(219M) 11.940ms
[62.562s][info][gc] GC(384) Pause Young (Allocation Failure) 205M->154M(219M) 9.926ms
[62.750s][info][gc] GC(385) Pause Young (Allocation Failure) 215M->159M(220M) 8.475ms
[62.811s][info][gc] GC(386) Pause Full (Allocation Failure) 159M->77M(219M) 60.118ms
[62.998s][info][gc] GC(387) Pause Young (Allocation Failure) 138M->108M(219M) 17.177ms
[63.102s][info][gc] GC(388) Pause Young (Allocation Failure) 168M->136M(219M) 13.863ms
[63.250s][info][gc] GC(389) Pause Young (Allocation Failure) 197M->163M(224M) 14.452ms
[63.305s][info][gc] GC(390) Pause Full (Allocation Failure) 163M->83M(219M) 55.434ms
[63.443s][info][gc] GC(391) Pause Young (Allocation Failure) 144M->114M(219M) 12.630ms
[63.643s][info][gc] GC(392) Pause Young (Allocation Failure) 174M->125M(219M) 11.065ms
[63.848s][info][gc] GC(393) Pause Young (Allocation Failure) 186M->132M(219M) 8.935ms
[63.951s][info][gc] GC(394) Pause Young (Allocation Failure) 193M->155M(219M) 11.999ms
[64.103s][info][gc] GC(395) Pause Young (Allocation Failure) 216M->183M(243M) 28.161ms
[64.174s][info][gc] GC(396) Pause Full (Allocation Failure) 183M->77M(219M) 69.926ms
[64.297s][info][gc] GC(397) Pause Young (Allocation Failure) 138M->107M(219M) 12.710ms
[64.517s][info][gc] GC(398) Pause Young (Allocation Failure) 168M->124M(219M) 13.143ms
[64.690s][info][gc] GC(399) Pause Young (Allocation Failure) 184M->142M(219M) 12.914ms
[64.897s][info][gc] GC(400) Pause Young (Allocation Failure) 203M->153M(219M) 9.524ms
[65.127s][info][gc] GC(401) Pause Young (Allocation Failure) 213M->159M(219M) 8.275ms
[65.191s][info][gc] GC(402) Pause Full (Allocation Failure) 159M->85M(219M) 63.291ms
[65.350s][info][gc] GC(403) Pause Young (Allocation Failure) 145M->114M(219M) 22.663ms
[65.469s][info][gc] GC(404) Pause Young (Allocation Failure) 175M->144M(219M) 14.370ms
[65.640s][info][gc] GC(405) Pause Young (Allocation Failure) 204M->168M(228M) 15.970ms
[65.707s][info][gc] GC(406) Pause Full (Allocation Failure) 168M->78M(219M) 66.640ms
[65.816s][info][gc] GC(407) Pause Young (Allocation Failure) 138M->108M(219M) 13.370ms
[65.950s][info][gc] GC(408) Pause Young (Allocation Failure) 169M->132M(219M) 13.909ms
[66.079s][info][gc] GC(409) Pause Young (Allocation Failure) 192M->160M(221M) 15.521ms
[66.141s][info][gc] GC(410) Pause Full (Allocation Failure) 160M->84M(219M) 60.734ms
[66.248s][info][gc] GC(411) Pause Young (Allocation Failure) 144M->114M(219M) 13.342ms
[66.381s][info][gc] GC(412) Pause Young (Allocation Failure) 174M->140M(219M) 13.457ms
[66.514s][info][gc] GC(413) Pause Young (Allocation Failure) 201M->169M(229M) 20.346ms
[66.579s][info][gc] GC(414) Pause Full (Allocation Failure) 169M->86M(219M) 64.567ms
[66.686s][info][gc] GC(415) Pause Young (Allocation Failure) 147M->116M(219M) 12.630ms
[66.813s][info][gc] GC(416) Pause Young (Allocation Failure) 177M->145M(219M) 14.319ms
[67.000s][info][gc] GC(417) Pause Young (Allocation Failure) 205M->159M(219M) 10.432ms
[67.058s][info][gc] GC(418) Pause Full (Allocation Failure) 159M->81M(219M) 57.500ms
[67.192s][info][gc] GC(419) Pause Young (Allocation Failure) 141M->111M(219M) 11.093ms
[67.427s][info][gc] GC(420) Pause Young (Allocation Failure) 172M->121M(219M) 8.235ms
[67.538s][info][gc] GC(421) Pause Young (Allocation Failure) 181M->143M(219M) 11.092ms
[67.677s][info][gc] GC(422) Pause Young (Allocation Failure) 203M->171M(231M) 17.068ms
[67.739s][info][gc] GC(423) Pause Full (Allocation Failure) 171M->77M(219M) 61.302ms
[67.858s][info][gc] GC(424) Pause Young (Allocation Failure) 138M->108M(219M) 12.708ms
[68.022s][info][gc] GC(425) Pause Young (Allocation Failure) 169M->122M(219M) 10.901ms
[68.206s][info][gc] GC(426) Pause Young (Allocation Failure) 183M->135M(219M) 12.013ms
[68.412s][info][gc] GC(427) Pause Young (Allocation Failure) 196M->148M(219M) 11.429ms
[68.623s][info][gc] GC(428) Pause Young (Allocation Failure) 209M->158M(219M) 10.304ms
[68.691s][info][gc] GC(429) Pause Full (Allocation Failure) 158M->85M(219M) 66.963ms
[68.797s][info][gc] GC(430) Pause Young (Allocation Failure) 146M->115M(219M) 11.771ms
[68.949s][info][gc] GC(431) Pause Young (Allocation Failure) 176M->142M(219M) 15.630ms
[69.078s][info][gc] GC(432) Pause Young (Allocation Failure) 203M->171M(232M) 21.487ms
[69.144s][info][gc] GC(433) Pause Full (Allocation Failure) 171M->82M(219M) 66.090ms
[69.255s][info][gc] GC(434) Pause Young (Allocation Failure) 143M->112M(219M) 12.436ms
[69.388s][info][gc] GC(435) Pause Young (Allocation Failure) 173M->140M(219M) 13.594ms
[69.520s][info][gc] GC(436) Pause Young (Allocation Failure) 200M->169M(230M) 18.696ms
[69.583s][info][gc] GC(437) Pause Full (Allocation Failure) 169M->86M(219M) 63.161ms
[69.705s][info][gc] GC(438) Pause Young (Allocation Failure) 146M->116M(219M) 11.654ms
[69.833s][info][gc] GC(439) Pause Young (Allocation Failure) 176M->145M(219M) 14.814ms
[70.021s][info][gc] GC(440) Pause Young (Allocation Failure) 205M->159M(219M) 10.408ms
[70.078s][info][gc] GC(441) Pause Full (Allocation Failure) 159M->76M(219M) 56.662ms
[70.205s][info][gc] GC(442) Pause Young (Allocation Failure) 137M->114M(219M) 13.320ms
[70.339s][info][gc] GC(443) Pause Young (Allocation Failure) 174M->142M(219M) 13.541ms
[70.480s][info][gc] GC(444) Pause Young (Allocation Failure) 203M->170M(231M) 18.162ms
[70.556s][info][gc] GC(445) Pause Full (Allocation Failure) 170M->80M(219M) 76.049ms
[70.676s][info][gc] GC(446) Pause Young (Allocation Failure) 141M->111M(219M) 13.073ms
[70.845s][info][gc] GC(447) Pause Young (Allocation Failure) 172M->126M(219M) 12.042ms
[71.072s][info][gc] GC(448) Pause Young (Allocation Failure) 186M->139M(219M) 12.867ms
[71.186s][info][gc] GC(449) Pause Young (Allocation Failure) 199M->165M(226M) 15.799ms
[71.250s][info][gc] GC(450) Pause Full (Allocation Failure) 165M->85M(219M) 60.479ms
[71.349s][info][gc] GC(451) Pause Young (Allocation Failure) 146M->116M(219M) 12.062ms
[71.539s][info][gc] GC(452) Pause Young (Allocation Failure) 177M->131M(219M) 9.653ms
[71.669s][info][gc] GC(453) Pause Young (Allocation Failure) 191M->156M(219M) 12.352ms
[71.883s][info][gc] GC(454) Pause Young (Allocation Failure) 217M->179M(239M) 23.868ms
[71.939s][info][gc] GC(455) Pause Full (Allocation Failure) 179M->74M(219M) 55.289ms
[72.081s][info][gc] GC(456) Pause Young (Allocation Failure) 134M->109M(219M) 23.826ms
[72.241s][info][gc] GC(457) Pause Young (Allocation Failure) 169M->137M(219M) 16.705ms
[72.378s][info][gc] GC(458) Pause Young (Allocation Failure) 197M->166M(226M) 18.038ms
[72.451s][info][gc] GC(459) Pause Full (Allocation Failure) 166M->78M(219M) 71.963ms
[72.557s][info][gc] GC(460) Pause Young (Allocation Failure) 139M->108M(219M) 12.718ms
[72.689s][info][gc] GC(461) Pause Young (Allocation Failure) 169M->134M(219M) 14.225ms
[72.822s][info][gc] GC(462) Pause Young (Allocation Failure) 195M->162M(223M) 16.081ms
[72.886s][info][gc] GC(463) Pause Full (Allocation Failure) 162M->82M(219M) 63.686ms
[73.009s][info][gc] GC(464) Pause Young (Allocation Failure) 143M->113M(219M) 13.716ms
[73.186s][info][gc] GC(465) Pause Young (Allocation Failure) 173M->126M(219M) 11.470ms
[73.370s][info][gc] GC(466) Pause Young (Allocation Failure) 187M->138M(219M) 11.041ms
[73.567s][info][gc] GC(467) Pause Young (Allocation Failure) 198M->147M(219M) 8.097ms
[73.698s][info][gc] GC(468) Pause Young (Allocation Failure) 208M->170M(231M) 15.981ms
[73.771s][info][gc] GC(469) Pause Full (Allocation Failure) 170M->85M(219M) 72.893ms
[73.958s][info][gc] GC(470) Pause Young (Allocation Failure) 146M->115M(219M) 34.300ms
[74.195s][info][gc] GC(471) Pause Young (Allocation Failure) 175M->142M(219M) 14.106ms
[74.356s][info][gc] GC(472) Pause Young (Allocation Failure) 203M->171M(231M) 40.958ms
[74.425s][info][gc] GC(473) Pause Full (Allocation Failure) 171M->86M(219M) 68.479ms
[74.581s][info][gc] GC(474) Pause Young (Allocation Failure) 146M->115M(219M) 11.759ms
[74.776s][info][gc] GC(475) Pause Young (Allocation Failure) 176M->142M(219M) 12.723ms
[74.911s][info][gc] GC(476) Pause Young (Allocation Failure) 202M->171M(232M) 18.442ms
[74.977s][info][gc] GC(477) Pause Full (Allocation Failure) 171M->78M(219M) 66.216ms
[75.091s][info][gc] GC(478) Pause Young (Allocation Failure) 138M->108M(219M) 14.219ms
[75.229s][info][gc] GC(479) Pause Young (Allocation Failure) 168M->136M(219M) 18.714ms
[75.356s][info][gc] GC(480) Pause Young (Allocation Failure) 196M->165M(226M) 17.864ms
[75.422s][info][gc] GC(481) Pause Full (Allocation Failure) 165M->86M(219M) 65.130ms
[75.538s][info][gc] GC(482) Pause Young (Allocation Failure) 147M->117M(219M) 13.677ms
[75.670s][info][gc] GC(483) Pause Young (Allocation Failure) 177M->138M(219M) 14.519ms
[75.806s][info][gc] GC(484) Pause Young (Allocation Failure) 199M->159M(219M) 13.857ms
[75.871s][info][gc] GC(485) Pause Full (Allocation Failure) 159M->84M(219M) 64.333ms
[75.973s][info][gc] GC(486) Pause Young (Allocation Failure) 144M->114M(219M) 13.171ms
[76.104s][info][gc] GC(487) Pause Young (Allocation Failure) 175M->135M(219M) 13.310ms
[76.254s][info][gc] GC(488) Pause Young (Allocation Failure) 196M->156M(219M) 12.749ms
[76.464s][info][gc] GC(489) Pause Young (Allocation Failure) 217M->183M(244M) 49.481ms
[76.527s][info][gc] GC(490) Pause Full (Allocation Failure) 183M->83M(219M) 62.284ms
[76.647s][info][gc] GC(491) Pause Young (Allocation Failure) 144M->114M(219M) 13.066ms
[76.816s][info][gc] GC(492) Pause Young (Allocation Failure) 175M->129M(219M) 10.850ms
[76.997s][info][gc] GC(493) Pause Young (Allocation Failure) 189M->143M(219M) 10.685ms
[77.181s][info][gc] GC(494) Pause Young (Allocation Failure) 203M->166M(227M) 17.357ms
[77.245s][info][gc] GC(495) Pause Full (Allocation Failure) 166M->78M(219M) 62.965ms
[77.352s][info][gc] GC(496) Pause Young (Allocation Failure) 138M->108M(219M) 12.174ms
[77.579s][info][gc] GC(497) Pause Young (Allocation Failure) 169M->135M(219M) 13.501ms
[77.681s][info][gc] GC(498) Pause Young (Allocation Failure) 196M->164M(225M) 15.278ms
[77.742s][info][gc] GC(499) Pause Full (Allocation Failure) 164M->81M(219M) 60.837ms
[77.855s][info][gc] GC(500) Pause Young (Allocation Failure) 142M->111M(219M) 13.184ms
[77.992s][info][gc] GC(501) Pause Young (Allocation Failure) 172M->136M(219M) 15.834ms
[78.126s][info][gc] GC(502) Pause Young (Allocation Failure) 197M->162M(223M) 15.719ms
[78.187s][info][gc] GC(503) Pause Full (Allocation Failure) 162M->83M(219M) 60.395ms
[78.291s][info][gc] GC(504) Pause Young (Allocation Failure) 143M->114M(219M) 14.630ms
[78.484s][info][gc] GC(505) Pause Young (Allocation Failure) 174M->128M(219M) 10.171ms
[78.622s][info][gc] GC(506) Pause Young (Allocation Failure) 188M->153M(219M) 13.618ms
[78.848s][info][gc] GC(507) Pause Young (Allocation Failure) 214M->163M(224M) 10.168ms
[78.906s][info][gc] GC(508) Pause Full (Allocation Failure) 163M->84M(219M) 57.887ms
[79.008s][info][gc] GC(509) Pause Young (Allocation Failure) 145M->114M(219M) 12.708ms
[79.141s][info][gc] GC(510) Pause Young (Allocation Failure) 175M->142M(219M) 14.195ms
[79.284s][info][gc] GC(511) Pause Young (Allocation Failure) 203M->170M(231M) 19.286ms
[79.345s][info][gc] GC(512) Pause Full (Allocation Failure) 170M->77M(219M) 60.036ms
[79.465s][info][gc] GC(513) Pause Young (Allocation Failure) 138M->108M(219M) 12.987ms
[79.626s][info][gc] GC(514) Pause Young (Allocation Failure) 168M->122M(219M) 11.400ms
[79.809s][info][gc] GC(515) Pause Young (Allocation Failure) 183M->137M(219M) 10.799ms
[79.992s][info][gc] GC(516) Pause Young (Allocation Failure) 198M->160M(221M) 12.196ms
[80.050s][info][gc] GC(517) Pause Full (Allocation Failure) 160M->75M(219M) 57.502ms
[80.205s][info][gc] GC(518) Pause Young (Allocation Failure) 135M->105M(219M) 15.240ms
[80.365s][info][gc] GC(519) Pause Young (Allocation Failure) 166M->133M(219M) 13.425ms
[80.520s][info][gc] GC(520) Pause Young (Allocation Failure) 193M->161M(221M) 16.370ms
[80.586s][info][gc] GC(521) Pause Full (Allocation Failure) 161M->77M(219M) 65.579ms
[80.711s][info][gc] GC(522) Pause Young (Allocation Failure) 138M->107M(219M) 13.384ms
[80.873s][info][gc] GC(523) Pause Young (Allocation Failure) 168M->122M(219M) 11.839ms
[81.065s][info][gc] GC(524) Pause Young (Allocation Failure) 182M->133M(219M) 8.805ms
[81.199s][info][gc] GC(525) Pause Young (Allocation Failure) 194M->156M(219M) 12.780ms
[81.423s][info][gc] GC(526) Pause Young (Allocation Failure) 217M->168M(228M) 15.578ms
[81.491s][info][gc] GC(527) Pause Full (Allocation Failure) 168M->83M(219M) 67.544ms
[81.596s][info][gc] GC(528) Pause Young (Allocation Failure) 144M->113M(219M) 11.457ms
[81.731s][info][gc] GC(529) Pause Young (Allocation Failure) 174M->139M(219M) 13.254ms
[81.875s][info][gc] GC(530) Pause Young (Allocation Failure) 200M->166M(227M) 15.031ms
[81.932s][info][gc] GC(531) Pause Full (Allocation Failure) 166M->76M(219M) 56.397ms
[82.065s][info][gc] GC(532) Pause Young (Allocation Failure) 137M->106M(219M) 11.103ms
[82.288s][info][gc] GC(533) Pause Young (Allocation Failure) 167M->117M(219M) 9.896ms
[82.491s][info][gc] GC(534) Pause Young (Allocation Failure) 178M->124M(219M) 12.608ms
[82.593s][info][gc] GC(535) Pause Young (Allocation Failure) 184M->146M(219M) 11.144ms
[82.759s][info][gc] GC(536) Pause Young (Allocation Failure) 207M->174M(234M) 19.429ms
[82.821s][info][gc] GC(537) Pause Full (Allocation Failure) 174M->77M(219M) 61.542ms
[83.008s][info][gc] GC(538) Pause Young (Allocation Failure) 138M->108M(219M) 16.757ms
[83.163s][info][gc] GC(539) Pause Young (Allocation Failure) 168M->122M(219M) 11.355ms
[83.344s][info][gc] GC(540) Pause Young (Allocation Failure) 183M->135M(219M) 10.137ms
[83.526s][info][gc] GC(541) Pause Young (Allocation Failure) 195M->148M(219M) 9.939ms
[83.763s][info][gc] GC(542) Pause Young (Allocation Failure) 208M->159M(220M) 9.075ms
[83.821s][info][gc] GC(543) Pause Full (Allocation Failure) 159M->84M(219M) 57.708ms
[83.977s][info][gc] GC(544) Pause Young (Allocation Failure) 144M->103M(219M) 9.051ms
[84.116s][info][gc] GC(545) Pause Young (Allocation Failure) 164M->122M(219M) 11.275ms
[84.247s][info][gc] GC(546) Pause Young (Allocation Failure) 183M->144M(219M) 13.650ms
[84.394s][info][gc] GC(547) Pause Young (Allocation Failure) 204M->171M(232M) 22.336ms
[84.458s][info][gc] GC(548) Pause Full (Allocation Failure) 171M->85M(219M) 63.952ms
[84.582s][info][gc] GC(549) Pause Young (Allocation Failure) 146M->116M(219M) 12.622ms
[84.742s][info][gc] GC(550) Pause Young (Allocation Failure) 177M->131M(219M) 11.094ms
[84.978s][info][gc] GC(551) Pause Young (Allocation Failure) 191M->143M(219M) 9.835ms
[85.159s][info][gc] GC(552) Pause Young (Allocation Failure) 203M->153M(219M) 9.200ms
[85.277s][info][gc] GC(553) Pause Young (Allocation Failure) 213M->180M(240M) 21.968ms
[85.338s][info][gc] GC(554) Pause Full (Allocation Failure) 180M->77M(219M) 60.666ms
[85.446s][info][gc] GC(555) Pause Young (Allocation Failure) 138M->108M(219M) 13.385ms
[85.631s][info][gc] GC(556) Pause Young (Allocation Failure) 169M->123M(219M) 9.613ms
[85.765s][info][gc] GC(557) Pause Young (Allocation Failure) 183M->147M(219M) 10.519ms
[85.908s][info][gc] GC(558) Pause Young (Allocation Failure) 207M->162M(223M) 11.303ms
[85.967s][info][gc] GC(559) Pause Full (Allocation Failure) 162M->86M(219M) 57.791ms
[86.115s][info][gc] GC(560) Pause Young (Allocation Failure) 146M->117M(219M) 13.424ms
[86.269s][info][gc] GC(561) Pause Young (Allocation Failure) 177M->132M(219M) 11.084ms
[86.454s][info][gc] GC(562) Pause Young (Allocation Failure) 193M->147M(219M) 11.712ms
[86.651s][info][gc] GC(563) Pause Young (Allocation Failure) 207M->159M(220M) 9.830ms
[86.710s][info][gc] GC(564) Pause Full (Allocation Failure) 159M->83M(219M) 58.332ms
[86.844s][info][gc] GC(565) Pause Young (Allocation Failure) 144M->115M(219M) 12.283ms
[87.079s][info][gc] GC(566) Pause Young (Allocation Failure) 175M->134M(219M) 13.827ms
[87.186s][info][gc] GC(567) Pause Young (Allocation Failure) 194M->158M(219M) 14.128ms
[87.336s][info][gc] GC(568) Pause Young (Allocation Failure) 218M->185M(246M) 29.459ms
[87.397s][info][gc] GC(569) Pause Full (Allocation Failure) 185M->86M(219M) 60.928ms
[87.495s][info][gc] GC(570) Pause Young (Allocation Failure) 146M->117M(219M) 11.945ms
[87.677s][info][gc] GC(571) Pause Young (Allocation Failure) 177M->133M(219M) 11.403ms
[87.896s][info][gc] GC(572) Pause Young (Allocation Failure) 193M->141M(219M) 8.606ms
[87.999s][info][gc] GC(573) Pause Young (Allocation Failure) 202M->164M(225M) 12.906ms
[88.078s][info][gc] GC(574) Pause Full (Allocation Failure) 164M->78M(219M) 78.529ms
[88.189s][info][gc] GC(575) Pause Young (Allocation Failure) 139M->108M(219M) 12.294ms
[88.330s][info][gc] GC(576) Pause Young (Allocation Failure) 169M->134M(219M) 13.906ms
[88.463s][info][gc] GC(577) Pause Young (Allocation Failure) 195M->162M(223M) 15.424ms
[88.522s][info][gc] GC(578) Pause Full (Allocation Failure) 162M->85M(219M) 59.507ms
[88.643s][info][gc] GC(579) Pause Young (Allocation Failure) 145M->116M(219M) 13.681ms
[88.812s][info][gc] GC(580) Pause Young (Allocation Failure) 176M->130M(219M) 11.939ms
[88.997s][info][gc] GC(581) Pause Young (Allocation Failure) 191M->143M(219M) 10.408ms
[89.230s][info][gc] GC(582) Pause Young (Allocation Failure) 204M->155M(219M) 9.125ms
[89.487s][info][gc] GC(583) Pause Young (Allocation Failure) 216M->167M(227M) 15.288ms
[89.547s][info][gc] GC(584) Pause Full (Allocation Failure) 167M->86M(219M) 59.116ms
[89.651s][info][gc] GC(585) Pause Young (Allocation Failure) 147M->113M(219M) 11.553ms
[89.784s][info][gc] GC(586) Pause Young (Allocation Failure) 174M->138M(219M) 13.274ms
[89.963s][info][gc] GC(587) Pause Young (Allocation Failure) 199M->166M(227M) 17.647ms
[90.026s][info][gc] GC(588) Pause Full (Allocation Failure) 166M->85M(219M) 63.020ms
[90.177s][info][gc] GC(589) Pause Young (Allocation Failure) 146M->115M(219M) 12.329ms
[90.307s][info][gc] GC(590) Pause Young (Allocation Failure) 176M->143M(219M) 14.039ms
[90.516s][info][gc] GC(591) Pause Young (Allocation Failure) 204M->170M(230M) 29.527ms
[90.589s][info][gc] GC(592) Pause Full (Allocation Failure) 170M->76M(219M) 72.737ms
[90.739s][info][gc] GC(593) Pause Young (Allocation Failure) 136M->103M(219M) 13.543ms
[90.891s][info][gc] GC(594) Pause Young (Allocation Failure) 164M->132M(219M) 14.907ms
[91.023s][info][gc] GC(595) Pause Young (Allocation Failure) 193M->160M(221M) 13.589ms
[91.086s][info][gc] GC(596) Pause Full (Allocation Failure) 160M->82M(219M) 62.866ms
[91.209s][info][gc] GC(597) Pause Young (Allocation Failure) 142M->112M(219M) 12.670ms
[91.371s][info][gc] GC(598) Pause Young (Allocation Failure) 173M->127M(219M) 11.718ms
[91.554s][info][gc] GC(599) Pause Young (Allocation Failure) 187M->140M(219M) 9.844ms
[91.740s][info][gc] GC(600) Pause Young (Allocation Failure) 200M->153M(219M) 10.170ms
[91.976s][info][gc] GC(601) Pause Young (Allocation Failure) 213M->166M(227M) 14.241ms
[92.038s][info][gc] GC(602) Pause Full (Allocation Failure) 166M->85M(219M) 61.797ms
[92.145s][info][gc] GC(603) Pause Young (Allocation Failure) 146M->114M(219M) 12.398ms
[92.323s][info][gc] GC(604) Pause Young (Allocation Failure) 174M->136M(219M) 12.648ms
[92.427s][info][gc] GC(605) Pause Young (Allocation Failure) 197M->164M(225M) 16.327ms
[92.487s][info][gc] GC(606) Pause Full (Allocation Failure) 164M->84M(219M) 59.945ms
[92.590s][info][gc] GC(607) Pause Young (Allocation Failure) 144M->115M(219M) 13.324ms
[92.772s][info][gc] GC(608) Pause Young (Allocation Failure) 175M->129M(219M) 9.182ms
[92.860s][info][gc] GC(609) Pause Young (Allocation Failure) 190M->152M(219M) 11.095ms
[93.006s][info][gc] GC(610) Pause Young (Allocation Failure) 213M->180M(241M) 22.623ms
[93.068s][info][gc] GC(611) Pause Full (Allocation Failure) 180M->77M(219M) 62.386ms
[93.189s][info][gc] GC(612) Pause Young (Allocation Failure) 138M->108M(219M) 12.514ms
[93.353s][info][gc] GC(613) Pause Young (Allocation Failure) 168M->123M(219M) 11.201ms
[93.535s][info][gc] GC(614) Pause Young (Allocation Failure) 183M->136M(219M) 10.584ms
[93.736s][info][gc] GC(615) Pause Young (Allocation Failure) 197M->148M(219M) 8.812ms
[93.874s][info][gc] GC(616) Pause Young (Allocation Failure) 209M->172M(233M) 15.567ms
[93.935s][info][gc] GC(617) Pause Full (Allocation Failure) 172M->82M(219M) 61.465ms
[94.046s][info][gc] GC(618) Pause Young (Allocation Failure) 143M->113M(219M) 12.368ms
[94.180s][info][gc] GC(619) Pause Young (Allocation Failure) 174M->145M(219M) 15.136ms
[94.359s][info][gc] GC(620) Pause Young (Allocation Failure) 205M->167M(227M) 14.792ms
[94.417s][info][gc] GC(621) Pause Full (Allocation Failure) 167M->84M(219M) 57.468ms
[94.572s][info][gc] GC(622) Pause Young (Allocation Failure) 144M->106M(219M) 11.071ms
[94.818s][info][gc] GC(623) Pause Young (Allocation Failure) 166M->113M(219M) 8.602ms
[94.900s][info][gc] GC(624) Pause Young (Allocation Failure) 174M->136M(219M) 11.033ms
[95.040s][info][gc] GC(625) Pause Young (Allocation Failure) 196M->160M(220M) 14.519ms
[95.101s][info][gc] GC(626) Pause Full (Allocation Failure) 160M->77M(219M) 61.422ms
[95.206s][info][gc] GC(627) Pause Young (Allocation Failure) 138M->108M(219M) 14.425ms
[95.384s][info][gc] GC(628) Pause Young (Allocation Failure) 169M->124M(219M) 10.300ms
[95.481s][info][gc] GC(629) Pause Young (Allocation Failure) 184M->150M(219M) 13.065ms
[95.644s][info][gc] GC(630) Pause Young (Allocation Failure) 211M->178M(238M) 23.947ms
[95.708s][info][gc] GC(631) Pause Full (Allocation Failure) 178M->77M(219M) 63.511ms
[95.832s][info][gc] GC(632) Pause Young (Allocation Failure) 138M->107M(219M) 12.107ms
[95.995s][info][gc] GC(633) Pause Young (Allocation Failure) 168M->122M(219M) 12.233ms
[96.177s][info][gc] GC(634) Pause Young (Allocation Failure) 182M->135M(219M) 11.735ms
[96.358s][info][gc] GC(635) Pause Young (Allocation Failure) 196M->148M(219M) 10.599ms
[96.555s][info][gc] GC(636) Pause Young (Allocation Failure) 209M->166M(226M) 13.890ms
[96.619s][info][gc] GC(637) Pause Full (Allocation Failure) 166M->86M(219M) 63.349ms
[96.739s][info][gc] GC(638) Pause Young (Allocation Failure) 146M->116M(219M) 11.896ms
[96.897s][info][gc] GC(639) Pause Young (Allocation Failure) 176M->143M(219M) 12.519ms
[97.042s][info][gc] GC(640) Pause Young (Allocation Failure) 203M->172M(232M) 20.404ms
[97.105s][info][gc] GC(641) Pause Full (Allocation Failure) 172M->86M(219M) 62.663ms
[97.211s][info][gc] GC(642) Pause Young (Allocation Failure) 146M->116M(219M) 12.713ms
[97.358s][info][gc] GC(643) Pause Young (Allocation Failure) 176M->138M(219M) 13.284ms
[97.493s][info][gc] GC(644) Pause Young (Allocation Failure) 199M->166M(226M) 15.576ms
[97.550s][info][gc] GC(645) Pause Full (Allocation Failure) 166M->85M(219M) 56.585ms
[97.670s][info][gc] GC(646) Pause Young (Allocation Failure) 145M->116M(219M) 13.098ms
[97.838s][info][gc] GC(647) Pause Young (Allocation Failure) 176M->130M(219M) 14.106ms
[98.034s][info][gc] GC(648) Pause Young (Allocation Failure) 191M->147M(219M) 14.638ms
[98.246s][info][gc] GC(649) Pause Young (Allocation Failure) 207M->156M(219M) 10.033ms
[98.473s][info][gc] GC(650) Pause Young (Allocation Failure) 216M->162M(222M) 10.566ms
[98.539s][info][gc] GC(651) Pause Full (Allocation Failure) 162M->79M(219M) 65.699ms
[98.648s][info][gc] GC(652) Pause Young (Allocation Failure) 139M->108M(219M) 12.933ms
[98.775s][info][gc] GC(653) Pause Young (Allocation Failure) 169M->137M(219M) 15.233ms
[98.956s][info][gc] GC(654) Pause Young (Allocation Failure) 198M->153M(219M) 11.356ms
[99.191s][info][gc] GC(655) Pause Young (Allocation Failure) 214M->169M(229M) 15.382ms
[99.254s][info][gc] GC(656) Pause Full (Allocation Failure) 169M->85M(219M) 63.401ms
[99.361s][info][gc] GC(657) Pause Young (Allocation Failure) 146M->115M(219M) 12.524ms
[99.502s][info][gc] GC(658) Pause Young (Allocation Failure) 175M->142M(219M) 13.277ms
[99.683s][info][gc] GC(659) Pause Young (Allocation Failure) 202M->170M(230M) 16.866ms
[99.744s][info][gc] GC(660) Pause Full (Allocation Failure) 170M->84M(219M) 60.312ms
[99.869s][info][gc] GC(661) Pause Young (Allocation Failure) 145M->115M(219M) 14.070ms
[100.031s][info][gc] GC(662) Pause Young (Allocation Failure) 176M->129M(219M) 10.587ms
[100.255s][info][gc] GC(663) Pause Young (Allocation Failure) 190M->141M(219M) 9.119ms
[100.418s][info][gc] GC(664) Pause Young (Allocation Failure) 202M->163M(224M) 12.277ms
[100.490s][info][gc] GC(665) Pause Full (Allocation Failure) 163M->84M(219M) 71.889ms
[100.622s][info][gc] GC(666) Pause Young (Allocation Failure) 144M->114M(219M) 12.079ms
[100.823s][info][gc] GC(667) Pause Young (Allocation Failure) 175M->125M(219M) 11.378ms
[101.041s][info][gc] GC(668) Pause Young (Allocation Failure) 186M->132M(219M) 9.560ms
[101.208s][info][gc] GC(669) Pause Young (Allocation Failure) 192M->145M(219M) 11.643ms
[101.386s][info][gc] GC(670) Pause Young (Allocation Failure) 205M->162M(223M) 13.701ms
[101.458s][info][gc] GC(671) Pause Full (Allocation Failure) 162M->78M(219M) 71.286ms
[101.562s][info][gc] GC(672) Pause Young (Allocation Failure) 139M->109M(219M) 12.540ms
[101.695s][info][gc] GC(673) Pause Young (Allocation Failure) 169M->135M(219M) 14.090ms
[101.827s][info][gc] GC(674) Pause Young (Allocation Failure) 196M->163M(223M) 14.946ms
[101.886s][info][gc] GC(675) Pause Full (Allocation Failure) 163M->77M(219M) 58.745ms
[102.008s][info][gc] GC(676) Pause Young (Allocation Failure) 138M->108M(219M) 13.268ms
[102.166s][info][gc] GC(677) Pause Young (Allocation Failure) 169M->122M(219M) 10.910ms
[102.350s][info][gc] GC(678) Pause Young (Allocation Failure) 183M->137M(219M) 8.939ms
[102.474s][info][gc] GC(679) Pause Young (Allocation Failure) 197M->164M(225M) 14.234ms
[102.538s][info][gc] GC(680) Pause Full (Allocation Failure) 164M->86M(219M) 63.069ms
[102.654s][info][gc] GC(681) Pause Young (Allocation Failure) 146M->115M(219M) 11.776ms
