[0.003s][info][gc] Using Serial
[0.132s][info][gc] GC(0) Pause Young (Allocation Failure) 5M->1M(15M) 1.569ms
[0.226s][info][gc] GC(1) Pause Young (Allocation Failure) 6M->2M(15M) 2.004ms
[0.327s][info][gc] GC(2) Pause Young (Allocation Failure) 6M->3M(15M) 2.112ms
[0.410s][info][gc] GC(3) Pause Young (Allocation Failure) 7M->3M(15M) 1.331ms
[0.526s][info][gc] GC(4) Pause Young (Allocation Failure) 7M->4M(15M) 1.392ms
[0.723s][info][gc] GC(5) Pause Young (Allocation Failure) 8M->4M(15M) 1.319ms
[0.837s][info][gc] GC(6) Pause Young (Allocation Failure) 8M->4M(15M) 1.111ms
[0.984s][info][gc] GC(7) Pause Young (Allocation Failure) 9M->5M(15M) 1.016ms
[1.137s][info][gc] GC(8) Pause Young (Allocation Failure) 9M->5M(15M) 1.170ms
[1.252s][info][gc] GC(9) Pause Young (Allocation Failure) 9M->5M(15M) 1.086ms
[1.357s][info][gc] GC(10) Pause Young (Allocation Failure) 9M->5M(15M) 1.111ms
[1.488s][info][gc] GC(11) Pause Young (Allocation Failure) 10M->6M(15M) 1.600ms
[1.580s][info][gc] GC(12) Pause Young (Allocation Failure) 10M->6M(15M) 1.232ms
[1.655s][info][gc] GC(13) Pause Young (Allocation Failure) 10M->6M(15M) 1.360ms
[1.780s][info][gc] GC(14) Pause Young (Allocation Failure) 11M->7M(15M) 1.530ms
[1.838s][info][gc] GC(15) Pause Young (Allocation Failure) 11M->7M(15M) 0.964ms
[1.954s][info][gc] GC(16) Pause Young (Allocation Failure) 11M->7M(15M) 1.391ms
[2.058s][info][gc] GC(17) Pause Young (Allocation Failure) 11M->7M(15M) 1.812ms
[2.224s][info][gc] GC(18) Pause Young (Allocation Failure) 11M->8M(15M) 1.861ms
[2.244s][info][gc] GC(19) Pause Young (Allocation Failure) 12M->8M(15M) 1.260ms
[2.314s][info][gc] GC(20) Pause Young (Allocation Failure) 12M->8M(15M) 0.620ms
[2.410s][info][gc] GC(21) Pause Young (Allocation Failure) 12M->8M(15M) 1.504ms
[2.521s][info][gc] GC(22) Pause Young (Allocation Failure) 13M->9M(15M) 1.731ms
[2.631s][info][gc] GC(23) Pause Young (Allocation Failure) 13M->9M(15M) 1.541ms
[2.718s][info][gc] GC(24) Pause Young (Allocation Failure) 13M->9M(15M) 1.449ms
[2.826s][info][gc] GC(25) Pause Young (Allocation Failure) 14M->10M(15M) 1.218ms
[2.918s][info][gc] GC(26) Pause Young (Allocation Failure) 14M->10M(15M) 1.075ms
[3.013s][info][gc] GC(27) Pause Young (Allocation Failure) 14M->10M(15M) 1.481ms
[3.111s][info][gc] GC(28) Pause Young (Allocation Failure) 14M->10M(15M) 1.701ms
[3.210s][info][gc] GC(29) Pause Young (Allocation Failure) 15M->11M(15M) 1.698ms
[3.228s][info][gc] GC(30) Pause Full (Allocation Failure) 11M->9M(23M) 17.632ms
[3.345s][info][gc] GC(31) Pause Young (Allocation Failure) 15M->9M(23M) 1.453ms
[3.540s][info][gc] GC(32) Pause Young (Allocation Failure) 16M->10M(23M) 1.645ms
[3.719s][info][gc] GC(33) Pause Young (Allocation Failure) 16M->10M(23M) 2.369ms
[3.849s][info][gc] GC(34) Pause Young (Allocation Failure) 17M->11M(23M) 2.465ms
[4.027s][info][gc] GC(35) Pause Young (Allocation Failure) 17M->11M(23M) 2.458ms
[4.150s][info][gc] GC(36) Pause Young (Allocation Failure) 18M->12M(23M) 2.617ms
[4.289s][info][gc] GC(37) Pause Young (Allocation Failure) 18M->13M(23M) 2.582ms
[4.426s][info][gc] GC(38) Pause Young (Allocation Failure) 19M->14M(23M) 3.821ms
[4.539s][info][gc] GC(39) Pause Young (Allocation Failure) 21M->15M(23M) 3.029ms
[4.737s][info][gc] GC(40) Pause Young (Allocation Failure) 21M->15M(23M) 2.387ms
[4.936s][info][gc] GC(41) Pause Young (Allocation Failure) 21M->15M(23M) 1.928ms
[5.017s][info][gc] GC(42) Pause Young (Allocation Failure) 22M->15M(23M) 1.048ms
[5.133s][info][gc] GC(43) Pause Young (Allocation Failure) 22M->15M(23M) 1.733ms
[5.219s][info][gc] GC(44) Pause Full (Metadata GC Threshold) 16M->15M(37M) 69.906ms
[5.436s][info][gc] GC(45) Pause Young (Allocation Failure) 26M->16M(37M) 3.100ms
[5.657s][info][gc] GC(46) Pause Young (Allocation Failure) 26M->17M(37M) 3.256ms
[5.939s][info][gc] GC(47) Pause Young (Allocation Failure) 27M->18M(37M) 4.134ms
[6.225s][info][gc] GC(48) Pause Young (Allocation Failure) 28M->19M(37M) 4.586ms
[6.522s][info][gc] GC(49) Pause Young (Allocation Failure) 29M->20M(37M) 4.154ms
[6.808s][info][gc] GC(50) Pause Young (Allocation Failure) 30M->21M(37M) 56.307ms
[8.876s][info][gc] GC(51) Pause Young (Allocation Failure) 32M->23M(37M) 5.657ms
[12.766s][info][gc] GC(52) Pause Young (Allocation Failure) 34M->25M(37M) 5.079ms
[12.819s][info][gc] GC(53) Pause Young (Allocation Failure) 36M->35M(46M) 10.113ms
[12.865s][info][gc] GC(54) Pause Full (Allocation Failure) 35M->34M(83M) 45.287ms
[13.035s][info][gc] GC(55) Pause Young (Allocation Failure) 57M->55M(83M) 24.178ms
[13.137s][info][gc] GC(56) Pause Young (Allocation Failure) 79M->77M(100M) 16.457ms
[13.225s][info][gc] GC(57) Pause Full (Allocation Failure) 77M->75M(181M) 88.122ms
[13.542s][info][gc] GC(58) Pause Young (Allocation Failure) 125M->120M(181M) 97.606ms
[13.737s][info][gc] GC(59) Pause Young (Allocation Failure) 170M->166M(216M) 83.542ms
[13.815s][info][gc] GC(60) Pause Full (Allocation Failure) 166M->166M(387M) 76.637ms
[14.270s][info][gc] GC(61) Pause Young (Allocation Failure) 267M->259M(387M) 141.143ms
[15.389s][info][gc] GC(62) Pause Young (Allocation Failure) 366M->335M(442M) 166.078ms
[15.568s][info][gc] GC(63) Pause Full (Allocation Failure) 335M->276M(494M) 178.529ms
[16.211s][info][gc] GC(64) Pause Young (Allocation Failure) 413M->413M(494M) 0.045ms
[16.435s][info][gc] GC(65) Pause Full (Allocation Failure) 413M->272M(494M) 224.060ms
[17.232s][info][gc] GC(66) Pause Young (Allocation Failure) 409M->409M(494M) 0.058ms
[17.490s][info][gc] GC(67) Pause Full (Allocation Failure) 409M->222M(494M) 257.648ms
[17.939s][info][gc] GC(68) Pause Young (Allocation Failure) 359M->328M(494M) 116.130ms
[18.417s][info][gc] GC(69) Pause Young (Allocation Failure) 465M->465M(494M) 0.038ms
[18.629s][info][gc] GC(70) Pause Full (Allocation Failure) 465M->263M(494M) 211.862ms
[19.224s][info][gc] GC(71) Pause Young (Allocation Failure) 399M->399M(494M) 0.178ms
[19.485s][info][gc] GC(72) Pause Full (Allocation Failure) 399M->253M(494M) 259.152ms
[20.219s][info][gc] GC(73) Pause Young (Allocation Failure) 390M->390M(494M) 0.034ms
[20.425s][info][gc] GC(74) Pause Full (Allocation Failure) 390M->235M(494M) 205.849ms
[20.862s][info][gc] GC(75) Pause Young (Allocation Failure) 371M->342M(494M) 133.880ms
[21.314s][info][gc] GC(76) Pause Young (Allocation Failure) 478M->478M(494M) 0.041ms
[21.483s][info][gc] GC(77) Pause Full (Allocation Failure) 478M->243M(494M) 168.511ms
[21.712s][info][gc] GC(78) Pause Young (Allocation Failure) 379M->379M(494M) 0.029ms
[21.915s][info][gc] GC(79) Pause Full (Allocation Failure) 379M->243M(494M) 202.899ms
[23.013s][info][gc] GC(80) Pause Young (Allocation Failure) 380M->380M(494M) 0.145ms
[23.182s][info][gc] GC(81) Pause Full (Allocation Failure) 380M->262M(494M) 168.683ms
[23.307s][info][gc] GC(82) Pause Young (Allocation Failure) 398M->398M(494M) 0.038ms
[23.492s][info][gc] GC(83) Pause Full (Allocation Failure) 398M->271M(494M) 185.380ms
[23.717s][info][gc] GC(84) Pause Young (Allocation Failure) 408M->408M(494M) 0.031ms
[23.905s][info][gc] GC(85) Pause Full (Allocation Failure) 408M->251M(494M) 187.491ms
[24.129s][info][gc] GC(86) Pause Young (Allocation Failure) 388M->388M(494M) 0.036ms
[24.309s][info][gc] GC(87) Pause Full (Allocation Failure) 388M->239M(494M) 180.196ms
[24.467s][info][gc] GC(88) Pause Young (Allocation Failure) 376M->494M(494M) 57.965ms
[24.644s][info][gc] GC(89) Pause Full (Allocation Failure) 494M->235M(494M) 177.036ms
[25.020s][info][gc] GC(90) Pause Young (Allocation Failure) 372M->372M(494M) 0.032ms
[25.268s][info][gc] GC(91) Pause Full (Allocation Failure) 372M->263M(494M) 246.921ms
[25.833s][info][gc] GC(92) Pause Young (Allocation Failure) 400M->400M(494M) 0.040ms
[26.114s][info][gc] GC(93) Pause Full (Allocation Failure) 400M->248M(494M) 281.425ms
[26.514s][info][gc] GC(94) Pause Young (Allocation Failure) 384M->384M(494M) 0.032ms
[26.657s][info][gc] GC(95) Pause Full (Allocation Failure) 384M->252M(494M) 142.374ms
[26.711s][info][gc] GC(96) Pause Young (Allocation Failure) 389M->389M(494M) 0.051ms
[26.899s][info][gc] GC(97) Pause Full (Allocation Failure) 389M->270M(494M) 186.854ms
[27.105s][info][gc] GC(98) Pause Young (Allocation Failure) 407M->407M(494M) 0.046ms
[27.293s][info][gc] GC(99) Pause Full (Allocation Failure) 407M->271M(494M) 187.717ms
[27.617s][info][gc] GC(100) Pause Young (Allocation Failure) 407M->407M(494M) 0.042ms
[27.828s][info][gc] GC(101) Pause Full (Allocation Failure) 407M->221M(494M) 210.926ms
[28.561s][info][gc] GC(102) Pause Young (Allocation Failure) 357M->315M(494M) 51.640ms
[28.704s][info][gc] GC(103) Pause Young (Allocation Failure) 452M->452M(494M) 0.134ms
[29.002s][info][gc] GC(104) Pause Full (Allocation Failure) 452M->273M(494M) 296.505ms
[29.704s][info][gc] GC(105) Pause Young (Allocation Failure) 409M->409M(494M) 0.032ms
[29.845s][info][gc] GC(106) Pause Full (Allocation Failure) 409M->251M(494M) 140.129ms
[29.926s][info][gc] GC(107) Pause Young (Allocation Failure) 387M->387M(494M) 0.032ms
[30.152s][info][gc] GC(108) Pause Full (Allocation Failure) 387M->249M(494M) 226.396ms
[30.419s][info][gc] GC(109) Pause Young (Allocation Failure) 386M->386M(494M) 0.061ms
[30.596s][info][gc] GC(110) Pause Full (Allocation Failure) 386M->210M(494M) 177.085ms
[30.925s][info][gc] GC(111) Pause Young (Allocation Failure) 347M->310M(494M) 101.201ms
[31.027s][info][gc] GC(112) Pause Young (Allocation Failure) 447M->447M(494M) 0.039ms
[31.244s][info][gc] GC(113) Pause Full (Allocation Failure) 447M->251M(494M) 216.893ms
[31.419s][info][gc] GC(114) Pause Young (Allocation Failure) 387M->387M(494M) 0.033ms
[31.603s][info][gc] GC(115) Pause Full (Allocation Failure) 387M->241M(494M) 183.280ms
[31.915s][info][gc] GC(116) Pause Young (Allocation Failure) 378M->378M(494M) 0.131ms
[32.125s][info][gc] GC(117) Pause Full (Allocation Failure) 378M->261M(494M) 209.240ms
[32.614s][info][gc] GC(118) Pause Young (Allocation Failure) 398M->398M(494M) 0.074ms
[32.818s][info][gc] GC(119) Pause Full (Allocation Failure) 398M->225M(494M) 204.008ms
[32.920s][info][gc] GC(120) Pause Young (Allocation Failure) 361M->361M(494M) 0.056ms
[33.122s][info][gc] GC(121) Pause Full (Allocation Failure) 361M->248M(494M) 202.134ms
[33.311s][info][gc] GC(122) Pause Young (Allocation Failure) 385M->385M(494M) 0.035ms
[33.492s][info][gc] GC(123) Pause Full (Allocation Failure) 385M->240M(494M) 181.202ms
[33.609s][info][gc] GC(124) Pause Young (Allocation Failure) 377M->377M(494M) 0.034ms
[33.774s][info][gc] GC(125) Pause Full (Allocation Failure) 377M->263M(494M) 164.204ms
[34.106s][info][gc] GC(126) Pause Young (Allocation Failure) 399M->399M(494M) 0.126ms
[34.279s][info][gc] GC(127) Pause Full (Allocation Failure) 399M->196M(494M) 172.348ms
[34.758s][info][gc] GC(128) Pause Young (Allocation Failure) 333M->307M(494M) 41.168ms
[35.015s][info][gc] GC(129) Pause Young (Allocation Failure) 444M->444M(494M) 0.040ms
[35.216s][info][gc] GC(130) Pause Full (Allocation Failure) 444M->267M(494M) 201.255ms
[35.518s][info][gc] GC(131) Pause Young (Allocation Failure) 403M->403M(494M) 0.042ms
[35.648s][info][gc] GC(132) Pause Full (Allocation Failure) 403M->222M(494M) 129.720ms
[35.678s][info][gc] GC(133) Pause Young (Allocation Failure) 358M->358M(494M) 0.033ms
[35.854s][info][gc] GC(134) Pause Full (Allocation Failure) 358M->261M(494M) 175.592ms
[36.105s][info][gc] GC(135) Pause Young (Allocation Failure) 398M->398M(494M) 0.034ms
[36.251s][info][gc] GC(136) Pause Full (Allocation Failure) 398M->241M(494M) 145.055ms
[36.438s][info][gc] GC(137) Pause Young (Allocation Failure) 377M->377M(494M) 0.043ms
[36.610s][info][gc] GC(138) Pause Full (Allocation Failure) 377M->235M(494M) 171.509ms
[36.639s][info][gc] GC(139) Pause Young (Allocation Failure) 372M->372M(494M) 0.036ms
[36.809s][info][gc] GC(140) Pause Full (Allocation Failure) 372M->246M(494M) 168.579ms
[36.964s][info][gc] GC(141) Pause Young (Allocation Failure) 383M->383M(494M) 0.033ms
[37.134s][info][gc] GC(142) Pause Full (Allocation Failure) 383M->241M(494M) 170.627ms
[37.266s][info][gc] GC(143) Pause Young (Allocation Failure) 377M->377M(494M) 0.032ms
[37.397s][info][gc] GC(144) Pause Full (Allocation Failure) 377M->235M(494M) 131.182ms
[37.429s][info][gc] GC(145) Pause Young (Allocation Failure) 372M->372M(494M) 0.032ms
[37.567s][info][gc] GC(146) Pause Full (Allocation Failure) 372M->260M(494M) 138.014ms
[37.776s][info][gc] GC(147) Pause Young (Allocation Failure) 397M->397M(494M) 0.031ms
[37.917s][info][gc] GC(148) Pause Full (Allocation Failure) 397M->255M(494M) 140.597ms
[38.031s][info][gc] GC(149) Pause Young (Allocation Failure) 391M->391M(494M) 0.031ms
[38.157s][info][gc] GC(150) Pause Full (Allocation Failure) 391M->250M(494M) 125.821ms
[38.188s][info][gc] GC(151) Pause Young (Allocation Failure) 386M->386M(494M) 0.037ms
[38.327s][info][gc] GC(152) Pause Full (Allocation Failure) 386M->246M(494M) 139.229ms
[38.449s][info][gc] GC(153) Pause Young (Allocation Failure) 383M->383M(494M) 0.038ms
[38.583s][info][gc] GC(154) Pause Full (Allocation Failure) 383M->241M(494M) 133.662ms
[38.709s][info][gc] GC(155) Pause Young (Allocation Failure) 378M->378M(494M) 0.033ms
[38.819s][info][gc] GC(156) Pause Full (Allocation Failure) 378M->236M(494M) 109.253ms
[38.845s][info][gc] GC(157) Pause Young (Allocation Failure) 372M->372M(494M) 0.034ms
[38.986s][info][gc] GC(158) Pause Full (Allocation Failure) 372M->247M(494M) 140.895ms
[39.123s][info][gc] GC(159) Pause Young (Allocation Failure) 383M->383M(494M) 0.042ms
[39.248s][info][gc] GC(160) Pause Full (Allocation Failure) 383M->241M(494M) 124.018ms
[39.367s][info][gc] GC(161) Pause Young (Allocation Failure) 377M->377M(494M) 0.064ms
[39.493s][info][gc] GC(162) Pause Full (Allocation Failure) 377M->235M(494M) 125.651ms
[39.524s][info][gc] GC(163) Pause Young (Allocation Failure) 372M->372M(494M) 0.042ms
[39.661s][info][gc] GC(164) Pause Full (Allocation Failure) 372M->259M(494M) 137.228ms
[39.778s][info][gc] GC(165) Pause Young (Allocation Failure) 396M->396M(494M) 0.032ms
[39.928s][info][gc] GC(166) Pause Full (Allocation Failure) 396M->254M(494M) 149.839ms
[40.039s][info][gc] GC(167) Pause Young (Allocation Failure) 391M->391M(494M) 0.036ms
[40.154s][info][gc] GC(168) Pause Full (Allocation Failure) 391M->236M(494M) 114.909ms
[40.179s][info][gc] GC(169) Pause Young (Allocation Failure) 372M->372M(494M) 0.032ms
[40.318s][info][gc] GC(170) Pause Full (Allocation Failure) 372M->246M(494M) 138.004ms
[40.438s][info][gc] GC(171) Pause Young (Allocation Failure) 383M->383M(494M) 0.040ms
[40.568s][info][gc] GC(172) Pause Full (Allocation Failure) 383M->241M(494M) 129.399ms
[40.708s][info][gc] GC(173) Pause Young (Allocation Failure) 377M->377M(494M) 0.034ms
[40.814s][info][gc] GC(174) Pause Full (Allocation Failure) 377M->236M(494M) 105.465ms
[40.843s][info][gc] GC(175) Pause Young (Allocation Failure) 372M->372M(494M) 0.038ms
[40.987s][info][gc] GC(176) Pause Full (Allocation Failure) 372M->246M(494M) 142.921ms
[41.118s][info][gc] GC(177) Pause Young (Allocation Failure) 383M->383M(494M) 0.037ms
[41.241s][info][gc] GC(178) Pause Full (Allocation Failure) 383M->241M(494M) 122.933ms
[41.351s][info][gc] GC(179) Pause Young (Allocation Failure) 377M->377M(494M) 0.036ms
[41.469s][info][gc] GC(180) Pause Full (Allocation Failure) 377M->236M(494M) 117.334ms
[41.497s][info][gc] GC(181) Pause Young (Allocation Failure) 372M->372M(494M) 0.038ms
[41.633s][info][gc] GC(182) Pause Full (Allocation Failure) 372M->247M(494M) 135.955ms
[41.753s][info][gc] GC(183) Pause Young (Allocation Failure) 383M->383M(494M) 0.034ms
[41.887s][info][gc] GC(184) Pause Full (Allocation Failure) 383M->241M(494M) 133.216ms
[42.010s][info][gc] GC(185) Pause Young (Allocation Failure) 378M->378M(494M) 0.032ms
[42.120s][info][gc] GC(186) Pause Full (Allocation Failure) 378M->244M(494M) 109.033ms
[42.146s][info][gc] GC(187) Pause Young (Allocation Failure) 381M->381M(494M) 0.034ms
[42.305s][info][gc] GC(188) Pause Full (Allocation Failure) 381M->255M(494M) 158.972ms
[42.428s][info][gc] GC(189) Pause Young (Allocation Failure) 391M->391M(494M) 0.037ms
[42.558s][info][gc] GC(190) Pause Full (Allocation Failure) 391M->250M(494M) 130.016ms
[42.674s][info][gc] GC(191) Pause Young (Allocation Failure) 386M->386M(494M) 0.064ms
[42.808s][info][gc] GC(192) Pause Full (Allocation Failure) 386M->236M(494M) 133.378ms
[42.836s][info][gc] GC(193) Pause Young (Allocation Failure) 372M->372M(494M) 0.036ms
[43.021s][info][gc] GC(194) Pause Full (Allocation Failure) 372M->256M(494M) 184.659ms
[43.167s][info][gc] GC(195) Pause Young (Allocation Failure) 392M->392M(494M) 0.041ms
[43.307s][info][gc] GC(196) Pause Full (Allocation Failure) 392M->241M(494M) 139.430ms
[43.435s][info][gc] GC(197) Pause Young (Allocation Failure) 378M->378M(494M) 0.042ms
[43.545s][info][gc] GC(198) Pause Full (Allocation Failure) 378M->236M(494M) 109.742ms
[43.571s][info][gc] GC(199) Pause Young (Allocation Failure) 372M->372M(494M) 0.034ms
[43.719s][info][gc] GC(200) Pause Full (Allocation Failure) 372M->247M(494M) 147.458ms
[43.930s][info][gc] GC(201) Pause Young (Allocation Failure) 383M->383M(494M) 0.034ms
[44.054s][info][gc] GC(202) Pause Full (Allocation Failure) 383M->241M(494M) 123.984ms
[44.161s][info][gc] GC(203) Pause Young (Allocation Failure) 378M->378M(494M) 0.031ms
[44.284s][info][gc] GC(204) Pause Full (Allocation Failure) 378M->236M(494M) 122.492ms
[44.314s][info][gc] GC(205) Pause Young (Allocation Failure) 372M->372M(494M) 0.038ms
[44.453s][info][gc] GC(206) Pause Full (Allocation Failure) 372M->260M(494M) 137.893ms
[44.566s][info][gc] GC(207) Pause Young (Allocation Failure) 397M->397M(494M) 0.032ms
[44.711s][info][gc] GC(208) Pause Full (Allocation Failure) 397M->241M(494M) 144.725ms
[44.830s][info][gc] GC(209) Pause Young (Allocation Failure) 378M->378M(494M) 0.035ms
[44.942s][info][gc] GC(210) Pause Full (Allocation Failure) 378M->236M(494M) 111.616ms
[44.968s][info][gc] GC(211) Pause Young (Allocation Failure) 373M->373M(494M) 0.036ms
[45.125s][info][gc] GC(212) Pause Full (Allocation Failure) 373M->247M(494M) 156.911ms
[45.242s][info][gc] GC(213) Pause Young (Allocation Failure) 383M->383M(494M) 0.037ms
[45.377s][info][gc] GC(214) Pause Full (Allocation Failure) 383M->242M(494M) 134.028ms
[45.473s][info][gc] GC(215) Pause Young (Allocation Failure) 378M->378M(494M) 0.031ms
[45.603s][info][gc] GC(216) Pause Full (Allocation Failure) 378M->236M(494M) 129.319ms
[45.630s][info][gc] GC(217) Pause Young (Allocation Failure) 372M->372M(494M) 0.032ms
[45.767s][info][gc] GC(218) Pause Full (Allocation Failure) 372M->247M(494M) 134.855ms
[45.905s][info][gc] GC(219) Pause Young (Allocation Failure) 383M->383M(494M) 0.034ms
[46.028s][info][gc] GC(220) Pause Full (Allocation Failure) 383M->241M(494M) 122.973ms
[46.153s][info][gc] GC(221) Pause Young (Allocation Failure) 378M->378M(494M) 0.048ms
[46.268s][info][gc] GC(222) Pause Full (Allocation Failure) 378M->236M(494M) 114.203ms
[46.295s][info][gc] GC(223) Pause Young (Allocation Failure) 372M->372M(494M) 0.035ms
[46.440s][info][gc] GC(224) Pause Full (Allocation Failure) 372M->247M(494M) 144.521ms
[46.553s][info][gc] GC(225) Pause Young (Allocation Failure) 383M->383M(494M) 0.035ms
[46.682s][info][gc] GC(226) Pause Full (Allocation Failure) 383M->241M(494M) 128.951ms
[46.807s][info][gc] GC(227) Pause Young (Allocation Failure) 378M->378M(494M) 0.038ms
[46.908s][info][gc] GC(228) Pause Full (Allocation Failure) 378M->236M(494M) 100.969ms
[46.935s][info][gc] GC(229) Pause Young (Allocation Failure) 372M->372M(494M) 0.034ms
[47.075s][info][gc] GC(230) Pause Full (Allocation Failure) 372M->247M(494M) 139.701ms
[47.185s][info][gc] GC(231) Pause Young (Allocation Failure) 383M->383M(494M) 0.034ms
[47.338s][info][gc] GC(232) Pause Full (Allocation Failure) 383M->241M(494M) 152.706ms
[47.450s][info][gc] GC(233) Pause Young (Allocation Failure) 378M->378M(494M) 0.050ms
[47.577s][info][gc] GC(234) Pause Full (Allocation Failure) 378M->236M(494M) 126.176ms
[47.607s][info][gc] GC(235) Pause Young (Allocation Failure) 373M->373M(494M) 0.036ms
[47.751s][info][gc] GC(236) Pause Full (Allocation Failure) 373M->247M(494M) 144.291ms
[47.871s][info][gc] GC(237) Pause Young (Allocation Failure) 383M->383M(494M) 0.038ms
[48.016s][info][gc] GC(238) Pause Full (Allocation Failure) 383M->241M(494M) 144.994ms
[48.130s][info][gc] GC(239) Pause Young (Allocation Failure) 378M->378M(494M) 0.033ms
[48.247s][info][gc] GC(240) Pause Full (Allocation Failure) 378M->236M(494M) 116.949ms
[48.279s][info][gc] GC(241) Pause Young (Allocation Failure) 372M->372M(494M) 0.036ms
[48.429s][info][gc] GC(242) Pause Full (Allocation Failure) 372M->247M(494M) 150.504ms
[48.552s][info][gc] GC(243) Pause Young (Allocation Failure) 383M->383M(494M) 0.038ms
[48.688s][info][gc] GC(244) Pause Full (Allocation Failure) 383M->241M(494M) 135.917ms
[48.807s][info][gc] GC(245) Pause Young (Allocation Failure) 378M->378M(494M) 0.035ms
[48.912s][info][gc] GC(246) Pause Full (Allocation Failure) 378M->236M(494M) 104.963ms
[48.938s][info][gc] GC(247) Pause Young (Allocation Failure) 373M->373M(494M) 0.032ms
[49.074s][info][gc] GC(248) Pause Full (Allocation Failure) 373M->247M(494M) 135.493ms
[49.179s][info][gc] GC(249) Pause Young (Allocation Failure) 383M->383M(494M) 0.031ms
[49.326s][info][gc] GC(250) Pause Full (Allocation Failure) 383M->241M(494M) 147.248ms
[49.435s][info][gc] GC(251) Pause Young (Allocation Failure) 378M->378M(494M) 0.038ms
[49.550s][info][gc] GC(252) Pause Full (Allocation Failure) 378M->236M(494M) 115.107ms
[49.577s][info][gc] GC(253) Pause Young (Allocation Failure) 373M->373M(494M) 0.036ms
[49.721s][info][gc] GC(254) Pause Full (Allocation Failure) 373M->262M(494M) 143.510ms
[49.852s][info][gc] GC(255) Pause Young (Allocation Failure) 399M->399M(494M) 0.042ms
[49.997s][info][gc] GC(256) Pause Full (Allocation Failure) 399M->242M(494M) 145.223ms
[50.122s][info][gc] GC(257) Pause Young (Allocation Failure) 378M->378M(494M) 0.033ms
[50.235s][info][gc] GC(258) Pause Full (Allocation Failure) 378M->236M(494M) 112.720ms
[50.261s][info][gc] GC(259) Pause Young (Allocation Failure) 373M->373M(494M) 0.034ms
[50.407s][info][gc] GC(260) Pause Full (Allocation Failure) 373M->247M(494M) 146.239ms
[50.532s][info][gc] GC(261) Pause Young (Allocation Failure) 383M->383M(494M) 0.033ms
[50.657s][info][gc] GC(262) Pause Full (Allocation Failure) 383M->242M(494M) 125.557ms
[50.773s][info][gc] GC(263) Pause Young (Allocation Failure) 378M->378M(494M) 0.063ms
[50.903s][info][gc] GC(264) Pause Full (Allocation Failure) 378M->236M(494M) 126.111ms
[50.932s][info][gc] GC(265) Pause Young (Allocation Failure) 373M->373M(494M) 0.031ms
[51.080s][info][gc] GC(266) Pause Full (Allocation Failure) 373M->247M(494M) 147.381ms
[51.183s][info][gc] GC(267) Pause Young (Allocation Failure) 383M->383M(494M) 0.032ms
[51.329s][info][gc] GC(268) Pause Full (Allocation Failure) 383M->242M(494M) 145.968ms
[51.442s][info][gc] GC(269) Pause Young (Allocation Failure) 378M->378M(494M) 0.031ms
[51.555s][info][gc] GC(270) Pause Full (Allocation Failure) 378M->236M(494M) 112.022ms
[51.583s][info][gc] GC(271) Pause Young (Allocation Failure) 373M->373M(494M) 0.176ms
[51.719s][info][gc] GC(272) Pause Full (Allocation Failure) 373M->247M(494M) 134.883ms
[51.838s][info][gc] GC(273) Pause Young (Allocation Failure) 383M->383M(494M) 0.040ms
[51.965s][info][gc] GC(274) Pause Full (Allocation Failure) 383M->241M(494M) 125.964ms
[52.105s][info][gc] GC(275) Pause Young (Allocation Failure) 378M->378M(494M) 0.036ms
[52.212s][info][gc] GC(276) Pause Full (Allocation Failure) 378M->236M(494M) 106.746ms
[52.240s][info][gc] GC(277) Pause Young (Allocation Failure) 373M->373M(494M) 0.033ms
[52.384s][info][gc] GC(278) Pause Full (Allocation Failure) 373M->247M(494M) 143.945ms
[52.523s][info][gc] GC(279) Pause Young (Allocation Failure) 383M->383M(494M) 0.037ms
[52.653s][info][gc] GC(280) Pause Full (Allocation Failure) 383M->241M(494M) 128.835ms
[52.755s][info][gc] GC(281) Pause Young (Allocation Failure) 378M->378M(494M) 0.031ms
[52.878s][info][gc] GC(282) Pause Full (Allocation Failure) 378M->236M(494M) 122.270ms
[52.909s][info][gc] GC(283) Pause Young (Allocation Failure) 373M->373M(494M) 0.037ms
[53.045s][info][gc] GC(284) Pause Full (Allocation Failure) 373M->247M(494M) 136.618ms
[53.163s][info][gc] GC(285) Pause Young (Allocation Failure) 384M->384M(494M) 0.033ms
[53.302s][info][gc] GC(286) Pause Full (Allocation Failure) 384M->242M(494M) 138.924ms
[53.428s][info][gc] GC(287) Pause Young (Allocation Failure) 378M->378M(494M) 0.035ms
[53.540s][info][gc] GC(288) Pause Full (Allocation Failure) 378M->236M(494M) 112.278ms
[53.567s][info][gc] GC(289) Pause Young (Allocation Failure) 373M->373M(494M) 0.043ms
[53.703s][info][gc] GC(290) Pause Full (Allocation Failure) 373M->247M(494M) 135.257ms
[53.828s][info][gc] GC(291) Pause Young (Allocation Failure) 383M->383M(494M) 0.037ms
[53.953s][info][gc] GC(292) Pause Full (Allocation Failure) 383M->242M(494M) 124.310ms
[54.058s][info][gc] GC(293) Pause Young (Allocation Failure) 378M->378M(494M) 0.032ms
[54.189s][info][gc] GC(294) Pause Full (Allocation Failure) 378M->249M(494M) 131.189ms
[54.215s][info][gc] GC(295) Pause Young (Allocation Failure) 385M->385M(494M) 0.039ms
[54.360s][info][gc] GC(296) Pause Full (Allocation Failure) 385M->247M(494M) 144.118ms
[54.475s][info][gc] GC(297) Pause Young (Allocation Failure) 383M->383M(494M) 0.034ms
[54.610s][info][gc] GC(298) Pause Full (Allocation Failure) 383M->242M(494M) 135.136ms
[54.732s][info][gc] GC(299) Pause Young (Allocation Failure) 378M->378M(494M) 0.031ms
[54.843s][info][gc] GC(300) Pause Full (Allocation Failure) 378M->237M(494M) 110.772ms
[54.870s][info][gc] GC(301) Pause Young (Allocation Failure) 373M->373M(494M) 0.033ms
[55.016s][info][gc] GC(302) Pause Full (Allocation Failure) 373M->247M(494M) 145.630ms
[55.137s][info][gc] GC(303) Pause Young (Allocation Failure) 384M->384M(494M) 0.033ms
[55.270s][info][gc] GC(304) Pause Full (Allocation Failure) 384M->242M(494M) 132.570ms
[55.369s][info][gc] GC(305) Pause Young (Allocation Failure) 378M->378M(494M) 0.036ms
[55.499s][info][gc] GC(306) Pause Full (Allocation Failure) 378M->239M(494M) 128.992ms
[55.528s][info][gc] GC(307) Pause Young (Allocation Failure) 376M->376M(494M) 0.030ms
[55.668s][info][gc] GC(308) Pause Full (Allocation Failure) 376M->250M(494M) 139.925ms
[55.805s][info][gc] GC(309) Pause Young (Allocation Failure) 386M->386M(494M) 0.036ms
[55.930s][info][gc] GC(310) Pause Full (Allocation Failure) 386M->245M(494M) 125.001ms
[56.050s][info][gc] GC(311) Pause Young (Allocation Failure) 381M->381M(494M) 0.061ms
[56.172s][info][gc] GC(312) Pause Full (Allocation Failure) 381M->236M(494M) 121.469ms
[56.206s][info][gc] GC(313) Pause Young (Allocation Failure) 373M->373M(494M) 0.040ms
[56.352s][info][gc] GC(314) Pause Full (Allocation Failure) 373M->247M(494M) 146.188ms
[56.467s][info][gc] GC(315) Pause Young (Allocation Failure) 384M->384M(494M) 0.037ms
[56.606s][info][gc] GC(316) Pause Full (Allocation Failure) 384M->242M(494M) 138.199ms
[56.745s][info][gc] GC(317) Pause Young (Allocation Failure) 378M->378M(494M) 0.031ms
[56.858s][info][gc] GC(318) Pause Full (Allocation Failure) 378M->236M(494M) 112.453ms
[56.884s][info][gc] GC(319) Pause Young (Allocation Failure) 373M->373M(494M) 0.035ms
[57.028s][info][gc] GC(320) Pause Full (Allocation Failure) 373M->247M(494M) 144.037ms
[57.144s][info][gc] GC(321) Pause Young (Allocation Failure) 384M->384M(494M) 0.035ms
[57.276s][info][gc] GC(322) Pause Full (Allocation Failure) 384M->242M(494M) 132.139ms
[57.408s][info][gc] GC(323) Pause Young (Allocation Failure) 378M->378M(494M) 0.038ms
[57.517s][info][gc] GC(324) Pause Full (Allocation Failure) 378M->237M(494M) 108.066ms
[57.543s][info][gc] GC(325) Pause Young (Allocation Failure) 373M->373M(494M) 0.034ms
[57.689s][info][gc] GC(326) Pause Full (Allocation Failure) 373M->247M(494M) 146.141ms
[57.818s][info][gc] GC(327) Pause Young (Allocation Failure) 384M->384M(494M) 0.033ms
[57.953s][info][gc] GC(328) Pause Full (Allocation Failure) 384M->242M(494M) 134.974ms
[58.138s][info][gc] GC(329) Pause Young (Allocation Failure) 379M->379M(494M) 0.034ms
[58.290s][info][gc] GC(330) Pause Full (Allocation Failure) 379M->235M(494M) 152.298ms
[58.322s][info][gc] GC(331) Pause Young (Allocation Failure) 371M->371M(494M) 0.033ms
[58.483s][info][gc] GC(332) Pause Full (Allocation Failure) 371M->248M(494M) 161.005ms
[58.807s][info][gc] GC(333) Pause Young (Allocation Failure) 385M->385M(494M) 0.037ms
[58.928s][info][gc] GC(334) Pause Full (Allocation Failure) 385M->200M(494M) 121.392ms
[59.156s][info][gc] GC(335) Pause Young (Allocation Failure) 336M->315M(494M) 43.543ms
[59.236s][info][gc] GC(336) Pause Young (Allocation Failure) 451M->451M(494M) 0.043ms
[59.424s][info][gc] GC(337) Pause Full (Allocation Failure) 451M->232M(494M) 187.521ms
[59.614s][info][gc] GC(338) Pause Young (Allocation Failure) 368M->368M(494M) 0.035ms
[59.739s][info][gc] GC(339) Pause Full (Allocation Failure) 368M->253M(494M) 121.980ms
[59.804s][info][gc] GC(340) Pause Young (Allocation Failure) 389M->389M(494M) 0.034ms
[59.937s][info][gc] GC(341) Pause Full (Allocation Failure) 389M->258M(494M) 128.172ms
[60.022s][info][gc] GC(342) Pause Young (Allocation Failure) 394M->394M(494M) 0.035ms
[60.150s][info][gc] GC(343) Pause Full (Allocation Failure) 394M->259M(494M) 127.756ms
[60.263s][info][gc] GC(344) Pause Young (Allocation Failure) 396M->396M(494M) 0.031ms
[60.396s][info][gc] GC(345) Pause Full (Allocation Failure) 396M->239M(494M) 132.535ms
[60.452s][info][gc] GC(346) Pause Young (Allocation Failure) 375M->375M(494M) 0.032ms
[60.583s][info][gc] GC(347) Pause Full (Allocation Failure) 375M->243M(494M) 130.167ms
[60.658s][info][gc] GC(348) Pause Young (Allocation Failure) 380M->380M(494M) 0.035ms
[60.794s][info][gc] GC(349) Pause Full (Allocation Failure) 380M->245M(494M) 135.254ms
[60.920s][info][gc] GC(350) Pause Young (Allocation Failure) 382M->382M(494M) 0.032ms
[61.036s][info][gc] GC(351) Pause Full (Allocation Failure) 382M->240M(494M) 115.698ms
[61.111s][info][gc] GC(352) Pause Young (Allocation Failure) 377M->377M(494M) 0.033ms
[61.241s][info][gc] GC(353) Pause Full (Allocation Failure) 377M->242M(494M) 130.282ms
[61.327s][info][gc] GC(354) Pause Young (Allocation Failure) 378M->378M(494M) 0.034ms
[61.462s][info][gc] GC(355) Pause Full (Allocation Failure) 378M->244M(494M) 135.086ms
[61.571s][info][gc] GC(356) Pause Young (Allocation Failure) 381M->381M(494M) 0.036ms
[61.699s][info][gc] GC(357) Pause Full (Allocation Failure) 381M->254M(494M) 127.688ms
[61.771s][info][gc] GC(358) Pause Young (Allocation Failure) 391M->391M(494M) 0.038ms
[61.910s][info][gc] GC(359) Pause Full (Allocation Failure) 391M->256M(494M) 139.194ms
[61.978s][info][gc] GC(360) Pause Young (Allocation Failure) 392M->392M(494M) 0.033ms
[62.122s][info][gc] GC(361) Pause Full (Allocation Failure) 392M->244M(494M) 143.341ms
[62.234s][info][gc] GC(362) Pause Young (Allocation Failure) 381M->381M(494M) 0.036ms
[62.354s][info][gc] GC(363) Pause Full (Allocation Failure) 381M->239M(494M) 120.270ms
[62.426s][info][gc] GC(364) Pause Young (Allocation Failure) 375M->375M(494M) 0.040ms
[62.560s][info][gc] GC(365) Pause Full (Allocation Failure) 375M->242M(494M) 133.660ms
[62.638s][info][gc] GC(366) Pause Young (Allocation Failure) 378M->378M(494M) 0.036ms
[62.773s][info][gc] GC(367) Pause Full (Allocation Failure) 378M->244M(494M) 134.062ms
[62.876s][info][gc] GC(368) Pause Young (Allocation Failure) 381M->381M(494M) 0.035ms
[63.008s][info][gc] GC(369) Pause Full (Allocation Failure) 381M->239M(494M) 131.039ms
[63.071s][info][gc] GC(370) Pause Young (Allocation Failure) 375M->375M(494M) 0.037ms
[63.205s][info][gc] GC(371) Pause Full (Allocation Failure) 375M->240M(494M) 133.904ms
[63.267s][info][gc] GC(372) Pause Young (Allocation Failure) 377M->377M(494M) 0.032ms
[63.405s][info][gc] GC(373) Pause Full (Allocation Failure) 377M->244M(494M) 137.351ms
[63.526s][info][gc] GC(374) Pause Young (Allocation Failure) 381M->381M(494M) 0.032ms
[63.648s][info][gc] GC(375) Pause Full (Allocation Failure) 381M->239M(494M) 121.809ms
[63.725s][info][gc] GC(376) Pause Young (Allocation Failure) 375M->375M(494M) 0.033ms
[63.859s][info][gc] GC(377) Pause Full (Allocation Failure) 375M->239M(494M) 133.704ms
[63.926s][info][gc] GC(378) Pause Young (Allocation Failure) 376M->376M(494M) 0.036ms
[64.062s][info][gc] GC(379) Pause Full (Allocation Failure) 376M->244M(494M) 135.526ms
[64.171s][info][gc] GC(380) Pause Young (Allocation Failure) 381M->381M(494M) 0.037ms
[64.310s][info][gc] GC(381) Pause Full (Allocation Failure) 381M->239M(494M) 139.266ms
[64.386s][info][gc] GC(382) Pause Young (Allocation Failure) 376M->376M(494M) 0.037ms
[64.510s][info][gc] GC(383) Pause Full (Allocation Failure) 376M->253M(494M) 123.887ms
[64.567s][info][gc] GC(384) Pause Young (Allocation Failure) 390M->390M(494M) 0.036ms
[64.711s][info][gc] GC(385) Pause Full (Allocation Failure) 390M->244M(494M) 143.611ms
[64.826s][info][gc] GC(386) Pause Young (Allocation Failure) 381M->381M(494M) 0.037ms
[64.945s][info][gc] GC(387) Pause Full (Allocation Failure) 381M->253M(494M) 118.323ms
[65.042s][info][gc] GC(388) Pause Young (Allocation Failure) 389M->389M(494M) 0.046ms
[65.164s][info][gc] GC(389) Pause Full (Allocation Failure) 389M->249M(494M) 121.376ms
[65.210s][info][gc] GC(390) Pause Young (Allocation Failure) 385M->385M(494M) 0.034ms
[65.341s][info][gc] GC(391) Pause Full (Allocation Failure) 385M->258M(494M) 131.424ms
[65.446s][info][gc] GC(392) Pause Young (Allocation Failure) 395M->395M(494M) 0.034ms
[65.576s][info][gc] GC(393) Pause Full (Allocation Failure) 395M->239M(494M) 130.253ms
[65.660s][info][gc] GC(394) Pause Young (Allocation Failure) 376M->376M(494M) 0.031ms
[65.780s][info][gc] GC(395) Pause Full (Allocation Failure) 376M->236M(494M) 120.138ms
[65.827s][info][gc] GC(396) Pause Young (Allocation Failure) 373M->373M(494M) 0.032ms
[65.961s][info][gc] GC(397) Pause Full (Allocation Failure) 373M->251M(494M) 133.330ms
[66.069s][info][gc] GC(398) Pause Young (Allocation Failure) 388M->388M(494M) 0.034ms
[66.203s][info][gc] GC(399) Pause Full (Allocation Failure) 388M->253M(494M) 134.203ms
[66.313s][info][gc] GC(400) Pause Young (Allocation Failure) 390M->390M(494M) 0.056ms
[66.426s][info][gc] GC(401) Pause Full (Allocation Failure) 390M->235M(494M) 112.231ms
[66.464s][info][gc] GC(402) Pause Young (Allocation Failure) 372M->372M(494M) 0.033ms
[66.603s][info][gc] GC(403) Pause Full (Allocation Failure) 372M->245M(494M) 138.492ms
[66.734s][info][gc] GC(404) Pause Young (Allocation Failure) 381M->381M(494M) 0.034ms
[66.853s][info][gc] GC(405) Pause Full (Allocation Failure) 381M->239M(494M) 118.144ms
[66.934s][info][gc] GC(406) Pause Young (Allocation Failure) 376M->376M(494M) 0.035ms
[67.056s][info][gc] GC(407) Pause Full (Allocation Failure) 376M->237M(494M) 122.131ms
[67.110s][info][gc] GC(408) Pause Young (Allocation Failure) 373M->373M(494M) 0.033ms
[67.239s][info][gc] GC(409) Pause Full (Allocation Failure) 373M->244M(494M) 128.684ms
[67.367s][info][gc] GC(410) Pause Young (Allocation Failure) 381M->381M(494M) 0.035ms
[67.497s][info][gc] GC(411) Pause Full (Allocation Failure) 381M->245M(494M) 129.616ms
[67.583s][info][gc] GC(412) Pause Young (Allocation Failure) 381M->381M(494M) 0.045ms
[67.707s][info][gc] GC(413) Pause Full (Allocation Failure) 381M->243M(494M) 124.265ms
[67.748s][info][gc] GC(414) Pause Young (Allocation Failure) 379M->379M(494M) 0.033ms
[67.883s][info][gc] GC(415) Pause Full (Allocation Failure) 379M->253M(494M) 134.490ms
[68.016s][info][gc] GC(416) Pause Young (Allocation Failure) 389M->389M(494M) 0.037ms
[68.135s][info][gc] GC(417) Pause Full (Allocation Failure) 389M->239M(494M) 118.974ms
[68.247s][info][gc] GC(418) Pause Young (Allocation Failure) 376M->376M(494M) 0.063ms
[68.361s][info][gc] GC(419) Pause Full (Allocation Failure) 376M->237M(494M) 113.732ms
[68.389s][info][gc] GC(420) Pause Young (Allocation Failure) 374M->374M(494M) 0.040ms
[68.531s][info][gc] GC(421) Pause Full (Allocation Failure) 374M->249M(494M) 141.065ms
[68.643s][info][gc] GC(422) Pause Young (Allocation Failure) 386M->386M(494M) 0.033ms
[68.762s][info][gc] GC(423) Pause Full (Allocation Failure) 386M->244M(494M) 119.178ms
[68.867s][info][gc] GC(424) Pause Young (Allocation Failure) 381M->381M(494M) 0.037ms
[68.987s][info][gc] GC(425) Pause Full (Allocation Failure) 381M->233M(494M) 120.058ms
[69.021s][info][gc] GC(426) Pause Young (Allocation Failure) 370M->370M(494M) 0.037ms
[69.154s][info][gc] GC(427) Pause Full (Allocation Failure) 370M->254M(494M) 132.903ms
[69.266s][info][gc] GC(428) Pause Young (Allocation Failure) 391M->391M(494M) 0.032ms
[69.400s][info][gc] GC(429) Pause Full (Allocation Failure) 391M->240M(494M) 133.873ms
[69.511s][info][gc] GC(430) Pause Young (Allocation Failure) 376M->376M(494M) 0.039ms
[69.618s][info][gc] GC(431) Pause Full (Allocation Failure) 376M->234M(494M) 106.789ms
[69.655s][info][gc] GC(432) Pause Young (Allocation Failure) 371M->371M(494M) 0.036ms
[69.790s][info][gc] GC(433) Pause Full (Allocation Failure) 371M->245M(494M) 134.957ms
[69.922s][info][gc] GC(434) Pause Young (Allocation Failure) 381M->381M(494M) 0.043ms
[70.042s][info][gc] GC(435) Pause Full (Allocation Failure) 381M->239M(494M) 119.693ms
[70.140s][info][gc] GC(436) Pause Young (Allocation Failure) 376M->376M(494M) 0.038ms
[70.258s][info][gc] GC(437) Pause Full (Allocation Failure) 376M->234M(494M) 117.906ms
[70.295s][info][gc] GC(438) Pause Young (Allocation Failure) 371M->371M(494M) 0.032ms
[70.428s][info][gc] GC(439) Pause Full (Allocation Failure) 371M->245M(494M) 133.063ms
[70.541s][info][gc] GC(440) Pause Young (Allocation Failure) 381M->381M(494M) 0.036ms
[70.668s][info][gc] GC(441) Pause Full (Allocation Failure) 381M->239M(494M) 126.276ms
[70.757s][info][gc] GC(442) Pause Young (Allocation Failure) 376M->376M(494M) 0.033ms
[70.873s][info][gc] GC(443) Pause Full (Allocation Failure) 376M->235M(494M) 115.208ms
[70.915s][info][gc] GC(444) Pause Young (Allocation Failure) 372M->372M(494M) 0.032ms
[71.046s][info][gc] GC(445) Pause Full (Allocation Failure) 372M->257M(494M) 130.503ms
[71.168s][info][gc] GC(446) Pause Young (Allocation Failure) 393M->393M(494M) 0.033ms
[71.297s][info][gc] GC(447) Pause Full (Allocation Failure) 393M->239M(494M) 128.090ms
[71.405s][info][gc] GC(448) Pause Young (Allocation Failure) 376M->376M(494M) 0.042ms
[71.514s][info][gc] GC(449) Pause Full (Allocation Failure) 376M->235M(494M) 108.917ms
[71.558s][info][gc] GC(450) Pause Young (Allocation Failure) 372M->372M(494M) 0.033ms
[71.690s][info][gc] GC(451) Pause Full (Allocation Failure) 372M->244M(494M) 131.938ms
[71.832s][info][gc] GC(452) Pause Young (Allocation Failure) 381M->381M(494M) 0.036ms
[71.947s][info][gc] GC(453) Pause Full (Allocation Failure) 381M->239M(494M) 114.915ms
[72.039s][info][gc] GC(454) Pause Young (Allocation Failure) 376M->376M(494M) 0.039ms
[72.155s][info][gc] GC(455) Pause Full (Allocation Failure) 376M->235M(494M) 115.602ms
[72.195s][info][gc] GC(456) Pause Young (Allocation Failure) 372M->372M(494M) 0.032ms
[72.336s][info][gc] GC(457) Pause Full (Allocation Failure) 372M->244M(494M) 140.941ms
[72.449s][info][gc] GC(458) Pause Young (Allocation Failure) 381M->381M(494M) 0.042ms
[72.578s][info][gc] GC(459) Pause Full (Allocation Failure) 381M->256M(494M) 128.662ms
[72.673s][info][gc] GC(460) Pause Young (Allocation Failure) 392M->392M(494M) 0.100ms
[72.807s][info][gc] GC(461) Pause Full (Allocation Failure) 392M->253M(494M) 134.371ms
[72.853s][info][gc] GC(462) Pause Young (Allocation Failure) 390M->390M(494M) 0.034ms
[72.996s][info][gc] GC(463) Pause Full (Allocation Failure) 390M->261M(494M) 142.750ms
[73.116s][info][gc] GC(464) Pause Young (Allocation Failure) 398M->398M(494M) 0.039ms
[73.244s][info][gc] GC(465) Pause Full (Allocation Failure) 398M->239M(494M) 126.759ms
[73.348s][info][gc] GC(466) Pause Young (Allocation Failure) 376M->376M(494M) 0.031ms
[73.460s][info][gc] GC(467) Pause Full (Allocation Failure) 376M->235M(494M) 111.751ms
[73.501s][info][gc] GC(468) Pause Young (Allocation Failure) 371M->371M(494M) 0.036ms
[73.630s][info][gc] GC(469) Pause Full (Allocation Failure) 371M->245M(494M) 128.623ms
[73.745s][info][gc] GC(470) Pause Young (Allocation Failure) 381M->381M(494M) 0.034ms
[73.876s][info][gc] GC(471) Pause Full (Allocation Failure) 381M->240M(494M) 131.023ms
[73.961s][info][gc] GC(472) Pause Young (Allocation Failure) 376M->376M(494M) 0.033ms
[74.086s][info][gc] GC(473) Pause Full (Allocation Failure) 376M->235M(494M) 124.030ms
[74.129s][info][gc] GC(474) Pause Young (Allocation Failure) 372M->372M(494M) 0.036ms
[74.262s][info][gc] GC(475) Pause Full (Allocation Failure) 372M->244M(494M) 133.128ms
[74.413s][info][gc] GC(476) Pause Young (Allocation Failure) 381M->381M(494M) 0.033ms
[74.532s][info][gc] GC(477) Pause Full (Allocation Failure) 381M->254M(494M) 119.202ms
[74.623s][info][gc] GC(478) Pause Young (Allocation Failure) 390M->390M(494M) 0.033ms
[74.737s][info][gc] GC(479) Pause Full (Allocation Failure) 390M->252M(494M) 114.174ms
[74.786s][info][gc] GC(480) Pause Young (Allocation Failure) 388M->388M(494M) 0.034ms
[74.925s][info][gc] GC(481) Pause Full (Allocation Failure) 388M->244M(494M) 139.348ms
[75.047s][info][gc] GC(482) Pause Young (Allocation Failure) 381M->381M(494M) 0.038ms
[75.285s][info][gc] GC(483) Pause Full (Allocation Failure) 381M->239M(494M) 235.924ms
[75.378s][info][gc] GC(484) Pause Young (Allocation Failure) 376M->376M(494M) 0.036ms
[75.501s][info][gc] GC(485) Pause Full (Allocation Failure) 376M->236M(494M) 122.262ms
[75.547s][info][gc] GC(486) Pause Young (Allocation Failure) 372M->372M(494M) 0.031ms
[75.680s][info][gc] GC(487) Pause Full (Allocation Failure) 372M->245M(494M) 132.806ms
[75.808s][info][gc] GC(488) Pause Young (Allocation Failure) 381M->381M(494M) 0.039ms
[75.932s][info][gc] GC(489) Pause Full (Allocation Failure) 381M->239M(494M) 123.831ms
[76.027s][info][gc] GC(490) Pause Young (Allocation Failure) 376M->376M(494M) 0.034ms
[76.147s][info][gc] GC(491) Pause Full (Allocation Failure) 376M->237M(494M) 120.520ms
[76.196s][info][gc] GC(492) Pause Young (Allocation Failure) 373M->373M(494M) 0.037ms
[76.332s][info][gc] GC(493) Pause Full (Allocation Failure) 373M->254M(494M) 135.033ms
[76.448s][info][gc] GC(494) Pause Young (Allocation Failure) 390M->390M(494M) 0.032ms
[76.576s][info][gc] GC(495) Pause Full (Allocation Failure) 390M->249M(494M) 127.486ms
[76.679s][info][gc] GC(496) Pause Young (Allocation Failure) 386M->386M(494M) 0.057ms
[76.810s][info][gc] GC(497) Pause Full (Allocation Failure) 386M->236M(494M) 130.420ms
[76.852s][info][gc] GC(498) Pause Young (Allocation Failure) 372M->372M(494M) 0.033ms
[76.993s][info][gc] GC(499) Pause Full (Allocation Failure) 372M->244M(494M) 140.539ms
[77.119s][info][gc] GC(500) Pause Young (Allocation Failure) 381M->381M(494M) 0.032ms
[77.236s][info][gc] GC(501) Pause Full (Allocation Failure) 381M->239M(494M) 116.798ms
[77.337s][info][gc] GC(502) Pause Young (Allocation Failure) 376M->376M(494M) 0.037ms
[77.459s][info][gc] GC(503) Pause Full (Allocation Failure) 376M->237M(494M) 121.298ms
[77.513s][info][gc] GC(504) Pause Young (Allocation Failure) 373M->373M(494M) 0.035ms
[77.652s][info][gc] GC(505) Pause Full (Allocation Failure) 373M->244M(494M) 138.599ms
[77.756s][info][gc] GC(506) Pause Young (Allocation Failure) 381M->381M(494M) 0.031ms
[77.887s][info][gc] GC(507) Pause Full (Allocation Failure) 381M->239M(494M) 130.457ms
[77.971s][info][gc] GC(508) Pause Young (Allocation Failure) 376M->376M(494M) 0.037ms
[78.101s][info][gc] GC(509) Pause Full (Allocation Failure) 376M->245M(494M) 129.927ms
[78.152s][info][gc] GC(510) Pause Young (Allocation Failure) 381M->381M(494M) 0.138ms
[78.290s][info][gc] GC(511) Pause Full (Allocation Failure) 381M->252M(494M) 137.389ms
[78.415s][info][gc] GC(512) Pause Young (Allocation Failure) 388M->388M(494M) 0.038ms
[78.534s][info][gc] GC(513) Pause Full (Allocation Failure) 388M->239M(494M) 118.857ms
[78.638s][info][gc] GC(514) Pause Young (Allocation Failure) 376M->376M(494M) 0.036ms
[78.750s][info][gc] GC(515) Pause Full (Allocation Failure) 376M->236M(494M) 112.003ms
[78.805s][info][gc] GC(516) Pause Young (Allocation Failure) 373M->373M(494M) 0.040ms
[78.936s][info][gc] GC(517) Pause Full (Allocation Failure) 373M->256M(494M) 129.988ms
[79.049s][info][gc] GC(518) Pause Young (Allocation Failure) 393M->393M(494M) 0.039ms
[79.177s][info][gc] GC(519) Pause Full (Allocation Failure) 393M->239M(494M) 127.757ms
[79.265s][info][gc] GC(520) Pause Young (Allocation Failure) 376M->376M(494M) 0.058ms
[79.393s][info][gc] GC(521) Pause Full (Allocation Failure) 376M->237M(494M) 127.505ms
[79.446s][info][gc] GC(522) Pause Young (Allocation Failure) 373M->373M(494M) 0.034ms
[79.580s][info][gc] GC(523) Pause Full (Allocation Failure) 373M->244M(494M) 133.186ms
[79.706s][info][gc] GC(524) Pause Young (Allocation Failure) 381M->381M(494M) 0.034ms
[79.819s][info][gc] GC(525) Pause Full (Allocation Failure) 381M->241M(494M) 113.475ms
[79.916s][info][gc] GC(526) Pause Young (Allocation Failure) 378M->378M(494M) 0.039ms
[80.026s][info][gc] GC(527) Pause Full (Allocation Failure) 378M->240M(494M) 109.990ms
[80.079s][info][gc] GC(528) Pause Young (Allocation Failure) 376M->376M(494M) 0.032ms
[80.213s][info][gc] GC(529) Pause Full (Allocation Failure) 376M->244M(494M) 133.748ms
[80.330s][info][gc] GC(530) Pause Young (Allocation Failure) 381M->381M(494M) 0.033ms
[80.447s][info][gc] GC(531) Pause Full (Allocation Failure) 381M->251M(494M) 116.909ms
[80.529s][info][gc] GC(532) Pause Young (Allocation Failure) 388M->388M(494M) 0.033ms
[80.645s][info][gc] GC(533) Pause Full (Allocation Failure) 388M->250M(494M) 115.931ms
[80.696s][info][gc] GC(534) Pause Young (Allocation Failure) 386M->386M(494M) 0.036ms
[80.836s][info][gc] GC(535) Pause Full (Allocation Failure) 386M->257M(494M) 138.961ms
[80.950s][info][gc] GC(536) Pause Young (Allocation Failure) 393M->393M(494M) 0.032ms
[81.080s][info][gc] GC(537) Pause Full (Allocation Failure) 393M->239M(494M) 130.057ms
[81.173s][info][gc] GC(538) Pause Young (Allocation Failure) 376M->376M(494M) 0.038ms
[81.299s][info][gc] GC(539) Pause Full (Allocation Failure) 376M->236M(494M) 125.808ms
[81.345s][info][gc] GC(540) Pause Young (Allocation Failure) 373M->373M(494M) 0.034ms
[81.489s][info][gc] GC(541) Pause Full (Allocation Failure) 373M->245M(494M) 143.362ms
[81.615s][info][gc] GC(542) Pause Young (Allocation Failure) 381M->381M(494M) 0.036ms
[81.736s][info][gc] GC(543) Pause Full (Allocation Failure) 381M->239M(494M) 120.248ms
[81.823s][info][gc] GC(544) Pause Young (Allocation Failure) 376M->376M(494M) 0.049ms
[81.944s][info][gc] GC(545) Pause Full (Allocation Failure) 376M->237M(494M) 120.216ms
[81.993s][info][gc] GC(546) Pause Young (Allocation Failure) 373M->373M(494M) 0.040ms
[82.136s][info][gc] GC(547) Pause Full (Allocation Failure) 373M->245M(494M) 142.610ms
[82.252s][info][gc] GC(548) Pause Young (Allocation Failure) 381M->381M(494M) 0.037ms
[82.384s][info][gc] GC(549) Pause Full (Allocation Failure) 381M->239M(494M) 131.377ms
[82.459s][info][gc] GC(550) Pause Young (Allocation Failure) 376M->376M(494M) 0.036ms
[82.584s][info][gc] GC(551) Pause Full (Allocation Failure) 376M->238M(494M) 124.442ms
[82.641s][info][gc] GC(552) Pause Young (Allocation Failure) 375M->375M(494M) 0.034ms
[82.775s][info][gc] GC(553) Pause Full (Allocation Failure) 375M->244M(494M) 134.442ms
[82.905s][info][gc] GC(554) Pause Young (Allocation Failure) 381M->381M(494M) 0.033ms
[83.020s][info][gc] GC(555) Pause Full (Allocation Failure) 381M->245M(494M) 114.542ms
[83.130s][info][gc] GC(556) Pause Young (Allocation Failure) 382M->382M(494M) 0.032ms
[83.240s][info][gc] GC(557) Pause Full (Allocation Failure) 382M->243M(494M) 109.763ms
[83.293s][info][gc] GC(558) Pause Young (Allocation Failure) 379M->379M(494M) 0.032ms
[83.428s][info][gc] GC(559) Pause Full (Allocation Failure) 379M->260M(494M) 134.492ms
[83.549s][info][gc] GC(560) Pause Young (Allocation Failure) 397M->397M(494M) 0.032ms
[83.674s][info][gc] GC(561) Pause Full (Allocation Failure) 397M->239M(494M) 124.504ms
[83.763s][info][gc] GC(562) Pause Young (Allocation Failure) 376M->376M(494M) 0.031ms
[83.888s][info][gc] GC(563) Pause Full (Allocation Failure) 376M->237M(494M) 124.913ms
[83.941s][info][gc] GC(564) Pause Young (Allocation Failure) 374M->374M(494M) 0.038ms
[84.076s][info][gc] GC(565) Pause Full (Allocation Failure) 374M->244M(494M) 134.673ms
[84.182s][info][gc] GC(566) Pause Young (Allocation Failure) 381M->381M(494M) 0.033ms
[84.318s][info][gc] GC(567) Pause Full (Allocation Failure) 381M->239M(494M) 135.600ms
[84.422s][info][gc] GC(568) Pause Young (Allocation Failure) 376M->376M(494M) 0.044ms
[84.542s][info][gc] GC(569) Pause Full (Allocation Failure) 376M->238M(494M) 118.935ms
[84.595s][info][gc] GC(570) Pause Young (Allocation Failure) 374M->374M(494M) 0.036ms
[84.735s][info][gc] GC(571) Pause Full (Allocation Failure) 374M->244M(494M) 139.591ms
[84.859s][info][gc] GC(572) Pause Young (Allocation Failure) 381M->381M(494M) 0.038ms
[84.986s][info][gc] GC(573) Pause Full (Allocation Failure) 381M->240M(494M) 126.351ms
[85.079s][info][gc] GC(574) Pause Young (Allocation Failure) 376M->376M(494M) 0.036ms
[85.206s][info][gc] GC(575) Pause Full (Allocation Failure) 376M->243M(494M) 126.426ms
[85.248s][info][gc] GC(576) Pause Young (Allocation Failure) 380M->380M(494M) 0.034ms
[85.392s][info][gc] GC(577) Pause Full (Allocation Failure) 380M->244M(494M) 143.562ms
[85.518s][info][gc] GC(578) Pause Young (Allocation Failure) 381M->381M(494M) 0.036ms
[85.637s][info][gc] GC(579) Pause Full (Allocation Failure) 381M->239M(494M) 118.476ms
[85.745s][info][gc] GC(580) Pause Young (Allocation Failure) 376M->376M(494M) 0.037ms
[85.864s][info][gc] GC(581) Pause Full (Allocation Failure) 376M->237M(494M) 118.924ms
[85.930s][info][gc] GC(582) Pause Young (Allocation Failure) 373M->373M(494M) 0.043ms
[86.061s][info][gc] GC(583) Pause Full (Allocation Failure) 373M->244M(494M) 130.540ms
[86.165s][info][gc] GC(584) Pause Young (Allocation Failure) 381M->381M(494M) 0.032ms
[86.300s][info][gc] GC(585) Pause Full (Allocation Failure) 381M->239M(494M) 135.294ms
[86.404s][info][gc] GC(586) Pause Young (Allocation Failure) 376M->376M(494M) 0.055ms
[86.503s][info][gc] GC(587) Pause Full (Allocation Failure) 376M->235M(494M) 98.366ms
[86.543s][info][gc] GC(588) Pause Young (Allocation Failure) 371M->371M(494M) 0.037ms
[86.676s][info][gc] GC(589) Pause Full (Allocation Failure) 371M->245M(494M) 132.450ms
[86.779s][info][gc] GC(590) Pause Young (Allocation Failure) 381M->381M(494M) 0.033ms
[86.918s][info][gc] GC(591) Pause Full (Allocation Failure) 381M->249M(494M) 138.214ms
[87.019s][info][gc] GC(592) Pause Young (Allocation Failure) 385M->385M(494M) 0.036ms
[87.131s][info][gc] GC(593) Pause Full (Allocation Failure) 385M->236M(494M) 112.530ms
[87.175s][info][gc] GC(594) Pause Young (Allocation Failure) 372M->372M(494M) 0.034ms
[87.315s][info][gc] GC(595) Pause Full (Allocation Failure) 372M->245M(494M) 139.668ms
[87.438s][info][gc] GC(596) Pause Young (Allocation Failure) 381M->381M(494M) 0.037ms
[87.559s][info][gc] GC(597) Pause Full (Allocation Failure) 381M->253M(494M) 120.800ms
[87.651s][info][gc] GC(598) Pause Young (Allocation Failure) 390M->390M(494M) 0.033ms
[87.766s][info][gc] GC(599) Pause Full (Allocation Failure) 390M->249M(494M) 114.729ms
[87.816s][info][gc] GC(600) Pause Young (Allocation Failure) 385M->385M(494M) 0.035ms
[87.948s][info][gc] GC(601) Pause Full (Allocation Failure) 385M->244M(494M) 132.040ms
[88.062s][info][gc] GC(602) Pause Young (Allocation Failure) 381M->381M(494M) 0.042ms
[88.195s][info][gc] GC(603) Pause Full (Allocation Failure) 381M->239M(494M) 132.284ms
[88.313s][info][gc] GC(604) Pause Young (Allocation Failure) 376M->376M(494M) 0.039ms
[88.426s][info][gc] GC(605) Pause Full (Allocation Failure) 376M->244M(494M) 113.661ms
[88.473s][info][gc] GC(606) Pause Young (Allocation Failure) 380M->380M(494M) 0.036ms
[88.605s][info][gc] GC(607) Pause Full (Allocation Failure) 380M->252M(494M) 131.301ms
[88.732s][info][gc] GC(608) Pause Young (Allocation Failure) 389M->389M(494M) 0.036ms
[88.855s][info][gc] GC(609) Pause Full (Allocation Failure) 389M->239M(494M) 122.048ms
[88.943s][info][gc] GC(610) Pause Young (Allocation Failure) 376M->376M(494M) 0.037ms
[89.062s][info][gc] GC(611) Pause Full (Allocation Failure) 376M->237M(494M) 119.374ms
[89.120s][info][gc] GC(612) Pause Young (Allocation Failure) 373M->373M(494M) 0.037ms
[89.250s][info][gc] GC(613) Pause Full (Allocation Failure) 373M->244M(494M) 129.306ms
[89.360s][info][gc] GC(614) Pause Young (Allocation Failure) 381M->381M(494M) 0.034ms
[89.494s][info][gc] GC(615) Pause Full (Allocation Failure) 381M->239M(494M) 133.899ms
[89.574s][info][gc] GC(616) Pause Young (Allocation Failure) 376M->376M(494M) 0.038ms
[89.704s][info][gc] GC(617) Pause Full (Allocation Failure) 376M->238M(494M) 129.503ms
[89.758s][info][gc] GC(618) Pause Young (Allocation Failure) 374M->374M(494M) 0.034ms
[89.892s][info][gc] GC(619) Pause Full (Allocation Failure) 374M->249M(494M) 133.404ms
[90.014s][info][gc] GC(620) Pause Young (Allocation Failure) 385M->385M(494M) 0.037ms
[90.127s][info][gc] GC(621) Pause Full (Allocation Failure) 385M->244M(494M) 112.335ms
[90.216s][info][gc] GC(622) Pause Young (Allocation Failure) 380M->380M(494M) 0.033ms
[90.329s][info][gc] GC(623) Pause Full (Allocation Failure) 380M->241M(494M) 113.225ms
[90.375s][info][gc] GC(624) Pause Young (Allocation Failure) 378M->378M(494M) 0.036ms
[90.510s][info][gc] GC(625) Pause Full (Allocation Failure) 378M->244M(494M) 134.333ms
[90.626s][info][gc] GC(626) Pause Young (Allocation Failure) 381M->381M(494M) 0.036ms
[90.748s][info][gc] GC(627) Pause Full (Allocation Failure) 381M->239M(494M) 121.132ms
[90.840s][info][gc] GC(628) Pause Young (Allocation Failure) 375M->375M(494M) 0.037ms
[90.973s][info][gc] GC(629) Pause Full (Allocation Failure) 375M->236M(494M) 132.584ms
[91.045s][info][gc] GC(630) Pause Young (Allocation Failure) 373M->373M(494M) 0.040ms
[91.186s][info][gc] GC(631) Pause Full (Allocation Failure) 373M->242M(494M) 140.682ms
[91.338s][info][gc] GC(632) Pause Young (Allocation Failure) 379M->379M(494M) 0.042ms
[91.464s][info][gc] GC(633) Pause Full (Allocation Failure) 379M->168M(494M) 125.574ms
[91.536s][info][gc] GC(634) Pause Young (Allocation Failure) 304M->295M(494M) 46.028ms
[91.711s][info][gc] GC(635) Pause Young (Allocation Failure) 432M->432M(494M) 0.032ms
[91.839s][info][gc] GC(636) Pause Full (Allocation Failure) 432M->230M(494M) 127.929ms
[91.965s][info][gc] GC(637) Pause Young (Allocation Failure) 367M->367M(494M) 0.051ms
[92.091s][info][gc] GC(638) Pause Full (Allocation Failure) 367M->251M(494M) 125.912ms
[92.119s][info][gc] GC(639) Pause Young (Allocation Failure) 387M->387M(494M) 0.036ms
[92.253s][info][gc] GC(640) Pause Full (Allocation Failure) 387M->263M(494M) 133.594ms
[92.373s][info][gc] GC(641) Pause Young (Allocation Failure) 399M->399M(494M) 0.033ms
[92.527s][info][gc] GC(642) Pause Full (Allocation Failure) 399M->242M(494M) 153.457ms
[92.635s][info][gc] GC(643) Pause Young (Allocation Failure) 378M->378M(494M) 0.031ms
[92.752s][info][gc] GC(644) Pause Full (Allocation Failure) 378M->237M(494M) 116.515ms
[92.778s][info][gc] GC(645) Pause Young (Allocation Failure) 373M->373M(494M) 0.037ms
[92.914s][info][gc] GC(646) Pause Full (Allocation Failure) 373M->247M(494M) 135.379ms
[93.026s][info][gc] GC(647) Pause Young (Allocation Failure) 384M->384M(494M) 0.042ms
[93.155s][info][gc] GC(648) Pause Full (Allocation Failure) 384M->242M(494M) 129.103ms
[93.261s][info][gc] GC(649) Pause Young (Allocation Failure) 379M->379M(494M) 0.035ms
[93.390s][info][gc] GC(650) Pause Full (Allocation Failure) 379M->237M(494M) 128.910ms
[93.417s][info][gc] GC(651) Pause Young (Allocation Failure) 373M->373M(494M) 0.033ms
[93.556s][info][gc] GC(652) Pause Full (Allocation Failure) 373M->247M(494M) 138.881ms
[93.663s][info][gc] GC(653) Pause Young (Allocation Failure) 384M->384M(494M) 0.034ms
[93.809s][info][gc] GC(654) Pause Full (Allocation Failure) 384M->259M(494M) 146.400ms
[93.927s][info][gc] GC(655) Pause Young (Allocation Failure) 395M->395M(494M) 0.034ms
[94.044s][info][gc] GC(656) Pause Full (Allocation Failure) 395M->253M(494M) 116.794ms
[94.074s][info][gc] GC(657) Pause Young (Allocation Failure) 390M->390M(494M) 0.036ms
[94.217s][info][gc] GC(658) Pause Full (Allocation Failure) 390M->247M(494M) 143.196ms
[94.340s][info][gc] GC(659) Pause Young (Allocation Failure) 384M->384M(494M) 0.036ms
[94.469s][info][gc] GC(660) Pause Full (Allocation Failure) 384M->259M(494M) 128.382ms
[94.571s][info][gc] GC(661) Pause Young (Allocation Failure) 395M->395M(494M) 0.032ms
[94.700s][info][gc] GC(662) Pause Full (Allocation Failure) 395M->254M(494M) 129.085ms
[94.732s][info][gc] GC(663) Pause Young (Allocation Failure) 390M->390M(494M) 0.034ms
[94.865s][info][gc] GC(664) Pause Full (Allocation Failure) 390M->264M(494M) 132.066ms
[94.969s][info][gc] GC(665) Pause Young (Allocation Failure) 401M->401M(494M) 0.033ms
[95.111s][info][gc] GC(666) Pause Full (Allocation Failure) 401M->242M(494M) 142.006ms
[95.221s][info][gc] GC(667) Pause Young (Allocation Failure) 379M->379M(494M) 0.030ms
[95.339s][info][gc] GC(668) Pause Full (Allocation Failure) 379M->237M(494M) 117.533ms
[95.366s][info][gc] GC(669) Pause Young (Allocation Failure) 374M->374M(494M) 0.033ms
[95.503s][info][gc] GC(670) Pause Full (Allocation Failure) 374M->248M(494M) 136.660ms
[95.625s][info][gc] GC(671) Pause Young (Allocation Failure) 384M->384M(494M) 0.034ms
[95.758s][info][gc] GC(672) Pause Full (Allocation Failure) 384M->256M(494M) 132.343ms
[95.866s][info][gc] GC(673) Pause Young (Allocation Failure) 392M->392M(494M) 0.035ms
[95.995s][info][gc] GC(674) Pause Full (Allocation Failure) 392M->237M(494M) 128.857ms
[96.030s][info][gc] GC(675) Pause Young (Allocation Failure) 374M->374M(494M) 0.038ms
[96.172s][info][gc] GC(676) Pause Full (Allocation Failure) 374M->251M(494M) 141.876ms
[96.276s][info][gc] GC(677) Pause Young (Allocation Failure) 388M->388M(494M) 0.039ms
[96.428s][info][gc] GC(678) Pause Full (Allocation Failure) 388M->258M(494M) 151.452ms
[96.542s][info][gc] GC(679) Pause Young (Allocation Failure) 395M->395M(494M) 0.037ms
[96.660s][info][gc] GC(680) Pause Full (Allocation Failure) 395M->253M(494M) 117.553ms
[96.688s][info][gc] GC(681) Pause Young (Allocation Failure) 390M->390M(494M) 0.036ms
[96.832s][info][gc] GC(682) Pause Full (Allocation Failure) 390M->248M(494M) 143.829ms
[96.952s][info][gc] GC(683) Pause Young (Allocation Failure) 384M->384M(494M) 0.042ms
[97.092s][info][gc] GC(684) Pause Full (Allocation Failure) 384M->253M(494M) 140.070ms
[97.226s][info][gc] GC(685) Pause Young (Allocation Failure) 390M->390M(494M) 0.033ms
[97.346s][info][gc] GC(686) Pause Full (Allocation Failure) 390M->248M(494M) 120.013ms
[97.375s][info][gc] GC(687) Pause Young (Allocation Failure) 385M->385M(494M) 0.054ms
[97.527s][info][gc] GC(688) Pause Full (Allocation Failure) 385M->259M(494M) 151.256ms
[97.657s][info][gc] GC(689) Pause Young (Allocation Failure) 395M->395M(494M) 0.037ms
[97.807s][info][gc] GC(690) Pause Full (Allocation Failure) 395M->243M(494M) 149.036ms
[97.930s][info][gc] GC(691) Pause Young (Allocation Failure) 379M->379M(494M) 0.034ms
[98.056s][info][gc] GC(692) Pause Full (Allocation Failure) 379M->244M(494M) 125.809ms
[98.084s][info][gc] GC(693) Pause Young (Allocation Failure) 381M->381M(494M) 0.029ms
[98.236s][info][gc] GC(694) Pause Full (Allocation Failure) 381M->255M(494M) 152.436ms
[98.364s][info][gc] GC(695) Pause Young (Allocation Failure) 391M->391M(494M) 0.037ms
[98.528s][info][gc] GC(696) Pause Full (Allocation Failure) 391M->257M(494M) 163.611ms
[98.645s][info][gc] GC(697) Pause Young (Allocation Failure) 393M->393M(494M) 0.035ms
[98.775s][info][gc] GC(698) Pause Full (Allocation Failure) 393M->238M(494M) 130.254ms
[98.802s][info][gc] GC(699) Pause Young (Allocation Failure) 374M->374M(494M) 0.035ms
[98.945s][info][gc] GC(700) Pause Full (Allocation Failure) 374M->248M(494M) 141.933ms
[99.067s][info][gc] GC(701) Pause Young (Allocation Failure) 385M->385M(494M) 0.034ms
[99.213s][info][gc] GC(702) Pause Full (Allocation Failure) 385M->247M(494M) 145.710ms
[99.334s][info][gc] GC(703) Pause Young (Allocation Failure) 384M->384M(494M) 0.037ms
[99.456s][info][gc] GC(704) Pause Full (Allocation Failure) 384M->242M(494M) 121.589ms
[99.483s][info][gc] GC(705) Pause Young (Allocation Failure) 379M->379M(494M) 0.036ms
[99.631s][info][gc] GC(706) Pause Full (Allocation Failure) 379M->248M(494M) 147.036ms
[99.752s][info][gc] GC(707) Pause Young (Allocation Failure) 385M->385M(494M) 0.035ms
[99.897s][info][gc] GC(708) Pause Full (Allocation Failure) 385M->248M(494M) 145.003ms
[100.029s][info][gc] GC(709) Pause Young (Allocation Failure) 384M->384M(494M) 0.041ms
[100.152s][info][gc] GC(710) Pause Full (Allocation Failure) 384M->242M(494M) 123.684ms
[100.182s][info][gc] GC(711) Pause Young (Allocation Failure) 379M->379M(494M) 0.038ms
[100.336s][info][gc] GC(712) Pause Full (Allocation Failure) 379M->253M(494M) 153.711ms
[100.452s][info][gc] GC(713) Pause Young (Allocation Failure) 389M->389M(494M) 0.036ms
[100.592s][info][gc] GC(714) Pause Full (Allocation Failure) 389M->243M(494M) 139.392ms
[100.723s][info][gc] GC(715) Pause Young (Allocation Failure) 380M->380M(494M) 0.038ms
[100.840s][info][gc] GC(716) Pause Full (Allocation Failure) 380M->238M(494M) 116.014ms
[100.871s][info][gc] GC(717) Pause Young (Allocation Failure) 375M->375M(494M) 0.038ms
[101.012s][info][gc] GC(718) Pause Full (Allocation Failure) 375M->248M(494M) 140.439ms
[101.131s][info][gc] GC(719) Pause Young (Allocation Failure) 384M->384M(494M) 0.034ms
[101.265s][info][gc] GC(720) Pause Full (Allocation Failure) 384M->244M(494M) 133.342ms
[101.364s][info][gc] GC(721) Pause Young (Allocation Failure) 381M->381M(494M) 0.033ms
[101.514s][info][gc] GC(722) Pause Full (Allocation Failure) 381M->238M(494M) 149.680ms
[101.552s][info][gc] GC(723) Pause Young (Allocation Failure) 375M->375M(494M) 0.033ms
[101.687s][info][gc] GC(724) Pause Full (Allocation Failure) 375M->246M(494M) 134.368ms
[101.786s][info][gc] GC(725) Pause Young (Allocation Failure) 383M->383M(494M) 0.032ms
[101.934s][info][gc] GC(726) Pause Full (Allocation Failure) 383M->250M(494M) 147.529ms
[102.052s][info][gc] GC(727) Pause Young (Allocation Failure) 386M->386M(494M) 0.036ms
[102.186s][info][gc] GC(728) Pause Full (Allocation Failure) 386M->245M(494M) 133.418ms
[102.233s][info][gc] GC(729) Pause Young (Allocation Failure) 381M->381M(494M) 0.061ms
[102.370s][info][gc] GC(730) Pause Full (Allocation Failure) 381M->245M(494M) 137.007ms
[102.467s][info][gc] GC(731) Pause Young (Allocation Failure) 382M->382M(494M) 0.033ms
[102.613s][info][gc] GC(732) Pause Full (Allocation Failure) 382M->247M(494M) 144.977ms
[102.735s][info][gc] GC(733) Pause Young (Allocation Failure) 384M->384M(494M) 0.028ms
[102.877s][info][gc] GC(734) Pause Full (Allocation Failure) 384M->239M(494M) 141.323ms
[102.945s][info][gc] GC(735) Pause Young (Allocation Failure) 375M->375M(494M) 0.031ms
[103.084s][info][gc] GC(736) Pause Full (Allocation Failure) 375M->245M(494M) 137.264ms
