[0.003s][info][gc] Using Serial
[0.098s][info][gc] GC(0) Pause Young (Allocation Failure) 5M->1M(15M) 2.056ms
[0.193s][info][gc] GC(1) Pause Young (Allocation Failure) 6M->2M(15M) 1.959ms
[0.298s][info][gc] GC(2) Pause Young (Allocation Failure) 6M->3M(15M) 2.025ms
[0.379s][info][gc] GC(3) Pause Young (Allocation Failure) 7M->3M(15M) 1.277ms
[0.497s][info][gc] GC(4) Pause Young (Allocation Failure) 7M->4M(15M) 1.657ms
[0.699s][info][gc] GC(5) Pause Young (Allocation Failure) 8M->4M(15M) 1.333ms
[0.805s][info][gc] GC(6) Pause Young (Allocation Failure) 8M->4M(15M) 1.017ms
[0.944s][info][gc] GC(7) Pause Young (Allocation Failure) 9M->5M(15M) 1.007ms
[1.109s][info][gc] GC(8) Pause Young (Allocation Failure) 9M->5M(15M) 1.214ms
[1.227s][info][gc] GC(9) Pause Young (Allocation Failure) 9M->5M(15M) 1.168ms
[1.391s][info][gc] GC(10) Pause Young (Allocation Failure) 9M->5M(15M) 1.096ms
[1.506s][info][gc] GC(11) Pause Young (Allocation Failure) 10M->6M(15M) 1.796ms
[1.622s][info][gc] GC(12) Pause Young (Allocation Failure) 10M->6M(15M) 1.471ms
[1.711s][info][gc] GC(13) Pause Young (Allocation Failure) 10M->6M(15M) 1.252ms
[1.808s][info][gc] GC(14) Pause Young (Allocation Failure) 11M->7M(15M) 1.504ms
[1.899s][info][gc] GC(15) Pause Young (Allocation Failure) 11M->7M(15M) 1.018ms
[2.010s][info][gc] GC(16) Pause Young (Allocation Failure) 11M->7M(15M) 1.250ms
[2.101s][info][gc] GC(17) Pause Young (Allocation Failure) 11M->7M(15M) 1.530ms
[2.179s][info][gc] GC(18) Pause Young (Allocation Failure) 11M->8M(15M) 1.927ms
[2.198s][info][gc] GC(19) Pause Young (Allocation Failure) 12M->8M(15M) 1.218ms
[2.239s][info][gc] GC(20) Pause Young (Allocation Failure) 12M->8M(15M) 0.563ms
[2.306s][info][gc] GC(21) Pause Young (Allocation Failure) 12M->8M(15M) 1.347ms
[2.404s][info][gc] GC(22) Pause Young (Allocation Failure) 13M->9M(15M) 1.543ms
[2.514s][info][gc] GC(23) Pause Young (Allocation Failure) 13M->9M(15M) 1.597ms
[2.715s][info][gc] GC(24) Pause Young (Allocation Failure) 13M->9M(15M) 1.426ms
[2.900s][info][gc] GC(25) Pause Young (Allocation Failure) 14M->10M(15M) 1.271ms
[2.946s][info][gc] GC(26) Pause Young (Allocation Failure) 14M->10M(15M) 1.054ms
[2.987s][info][gc] GC(27) Pause Young (Allocation Failure) 14M->10M(15M) 1.061ms
[3.094s][info][gc] GC(28) Pause Young (Allocation Failure) 14M->10M(15M) 1.830ms
[3.180s][info][gc] GC(29) Pause Young (Allocation Failure) 15M->11M(15M) 2.704ms
[3.201s][info][gc] GC(30) Pause Full (Allocation Failure) 11M->9M(23M) 21.241ms
[3.317s][info][gc] GC(31) Pause Young (Allocation Failure) 15M->9M(23M) 1.272ms
[3.482s][info][gc] GC(32) Pause Young (Allocation Failure) 16M->10M(23M) 1.793ms
[3.636s][info][gc] GC(33) Pause Young (Allocation Failure) 16M->10M(23M) 2.240ms
[3.784s][info][gc] GC(34) Pause Young (Allocation Failure) 17M->11M(23M) 2.125ms
[3.906s][info][gc] GC(35) Pause Young (Allocation Failure) 17M->11M(23M) 2.598ms
[4.090s][info][gc] GC(36) Pause Young (Allocation Failure) 18M->12M(23M) 2.784ms
[4.290s][info][gc] GC(37) Pause Young (Allocation Failure) 18M->13M(23M) 2.842ms
[4.473s][info][gc] GC(38) Pause Young (Allocation Failure) 19M->14M(23M) 4.896ms
[4.603s][info][gc] GC(39) Pause Young (Allocation Failure) 20M->15M(23M) 3.122ms
[4.784s][info][gc] GC(40) Pause Young (Allocation Failure) 21M->15M(23M) 2.487ms
[4.904s][info][gc] GC(41) Pause Young (Allocation Failure) 21M->15M(23M) 1.731ms
[4.982s][info][gc] GC(42) Pause Young (Allocation Failure) 21M->15M(23M) 1.215ms
[5.121s][info][gc] GC(43) Pause Young (Allocation Failure) 22M->15M(23M) 1.408ms
[5.202s][info][gc] GC(44) Pause Full (Metadata GC Threshold) 17M->15M(37M) 28.369ms
[5.420s][info][gc] GC(45) Pause Young (Allocation Failure) 26M->16M(37M) 3.088ms
[5.643s][info][gc] GC(46) Pause Young (Allocation Failure) 26M->17M(37M) 3.252ms
[5.895s][info][gc] GC(47) Pause Young (Allocation Failure) 27M->18M(37M) 3.845ms
[6.185s][info][gc] GC(48) Pause Young (Allocation Failure) 28M->19M(37M) 4.610ms
[6.479s][info][gc] GC(49) Pause Young (Allocation Failure) 29M->20M(37M) 4.614ms
[6.783s][info][gc] GC(50) Pause Young (Allocation Failure) 30M->21M(37M) 4.549ms
[8.896s][info][gc] GC(51) Pause Young (Allocation Failure) 32M->24M(37M) 5.383ms
[13.521s][info][gc] GC(52) Pause Young (Allocation Failure) 34M->25M(37M) 5.687ms
[13.679s][info][gc] GC(53) Pause Young (Allocation Failure) 36M->35M(46M) 9.157ms
[13.732s][info][gc] GC(54) Pause Full (Allocation Failure) 35M->34M(82M) 52.612ms
[13.896s][info][gc] GC(55) Pause Young (Allocation Failure) 57M->55M(82M) 23.759ms
[14.009s][info][gc] GC(56) Pause Young (Allocation Failure) 78M->77M(100M) 15.107ms
[14.117s][info][gc] GC(57) Pause Full (Allocation Failure) 77M->75M(180M) 107.342ms
[14.470s][info][gc] GC(58) Pause Young (Allocation Failure) 124M->120M(180M) 76.930ms
[14.707s][info][gc] GC(59) Pause Young (Allocation Failure) 170M->166M(216M) 91.467ms
[14.779s][info][gc] GC(60) Pause Full (Allocation Failure) 166M->166M(386M) 71.004ms
[15.209s][info][gc] GC(61) Pause Young (Allocation Failure) 266M->258M(386M) 120.084ms
[16.340s][info][gc] GC(62) Pause Young (Allocation Failure) 364M->327M(434M) 156.161ms
[16.525s][info][gc] GC(63) Pause Full (Allocation Failure) 327M->276M(494M) 184.022ms
[17.269s][info][gc] GC(64) Pause Young (Allocation Failure) 413M->413M(494M) 0.043ms
[17.450s][info][gc] GC(65) Pause Full (Allocation Failure) 413M->249M(494M) 180.579ms
[18.723s][info][gc] GC(66) Pause Young (Allocation Failure) 385M->321M(494M) 51.517ms
[19.584s][info][gc] GC(67) Pause Young (Allocation Failure) 457M->457M(494M) 0.032ms
[19.827s][info][gc] GC(68) Pause Full (Allocation Failure) 457M->249M(494M) 242.804ms
[20.423s][info][gc] GC(69) Pause Young (Allocation Failure) 385M->342M(494M) 131.420ms
[20.782s][info][gc] GC(70) Pause Young (Allocation Failure) 479M->479M(494M) 0.034ms
[21.020s][info][gc] GC(71) Pause Full (Allocation Failure) 479M->245M(494M) 237.896ms
[22.080s][info][gc] GC(72) Pause Young (Allocation Failure) 381M->355M(494M) 98.482ms
[22.691s][info][gc] GC(73) Pause Young (Allocation Failure) 491M->491M(494M) 0.040ms
[22.915s][info][gc] GC(74) Pause Full (Allocation Failure) 491M->223M(494M) 223.597ms
[23.315s][info][gc] GC(75) Pause Young (Allocation Failure) 359M->331M(494M) 121.841ms
[23.581s][info][gc] GC(76) Pause Young (Allocation Failure) 467M->467M(494M) 0.031ms
[23.764s][info][gc] GC(77) Pause Full (Allocation Failure) 467M->268M(494M) 183.048ms
[24.081s][info][gc] GC(78) Pause Young (Allocation Failure) 404M->404M(494M) 0.053ms
[24.260s][info][gc] GC(79) Pause Full (Allocation Failure) 404M->246M(494M) 179.145ms
[24.473s][info][gc] GC(80) Pause Young (Allocation Failure) 383M->383M(494M) 0.035ms
[24.634s][info][gc] GC(81) Pause Full (Allocation Failure) 383M->252M(494M) 160.292ms
[25.289s][info][gc] GC(82) Pause Young (Allocation Failure) 389M->389M(494M) 0.038ms
[25.504s][info][gc] GC(83) Pause Full (Allocation Failure) 389M->238M(494M) 215.008ms
[25.573s][info][gc] GC(84) Pause Young (Allocation Failure) 374M->374M(494M) 0.063ms
[25.790s][info][gc] GC(85) Pause Full (Allocation Failure) 374M->268M(494M) 216.485ms
[26.074s][info][gc] GC(86) Pause Young (Allocation Failure) 405M->405M(494M) 0.036ms
[26.259s][info][gc] GC(87) Pause Full (Allocation Failure) 405M->220M(494M) 184.679ms
[26.575s][info][gc] GC(88) Pause Young (Allocation Failure) 356M->324M(494M) 91.603ms
[26.975s][info][gc] GC(89) Pause Young (Allocation Failure) 460M->460M(494M) 0.118ms
[27.159s][info][gc] GC(90) Pause Full (Allocation Failure) 460M->241M(494M) 183.196ms
[27.376s][info][gc] GC(91) Pause Young (Allocation Failure) 378M->378M(494M) 0.166ms
[27.575s][info][gc] GC(92) Pause Full (Allocation Failure) 378M->238M(494M) 198.740ms
[28.385s][info][gc] GC(93) Pause Young (Allocation Failure) 374M->374M(494M) 0.036ms
[28.562s][info][gc] GC(94) Pause Full (Allocation Failure) 374M->243M(494M) 176.931ms
[28.769s][info][gc] GC(95) Pause Young (Allocation Failure) 379M->379M(494M) 0.042ms
[28.968s][info][gc] GC(96) Pause Full (Allocation Failure) 379M->226M(494M) 198.628ms
[29.284s][info][gc] GC(97) Pause Young (Allocation Failure) 363M->331M(494M) 98.616ms
[29.574s][info][gc] GC(98) Pause Young (Allocation Failure) 467M->467M(494M) 0.036ms
[29.714s][info][gc] GC(99) Pause Full (Allocation Failure) 467M->255M(494M) 140.057ms
[29.798s][info][gc] GC(100) Pause Young (Allocation Failure) 392M->392M(494M) 0.032ms
[30.022s][info][gc] GC(101) Pause Full (Allocation Failure) 392M->233M(494M) 223.323ms
[30.673s][info][gc] GC(102) Pause Young (Allocation Failure) 369M->369M(494M) 0.126ms
[30.878s][info][gc] GC(103) Pause Full (Allocation Failure) 369M->230M(494M) 203.670ms
[31.470s][info][gc] GC(104) Pause Young (Allocation Failure) 367M->367M(494M) 0.065ms
[31.635s][info][gc] GC(105) Pause Full (Allocation Failure) 367M->224M(494M) 164.312ms
[31.771s][info][gc] GC(106) Pause Young (Allocation Failure) 360M->360M(494M) 0.061ms
[31.919s][info][gc] GC(107) Pause Full (Allocation Failure) 360M->245M(494M) 147.232ms
[32.091s][info][gc] GC(108) Pause Young (Allocation Failure) 381M->381M(494M) 0.061ms
[32.322s][info][gc] GC(109) Pause Full (Allocation Failure) 381M->259M(494M) 230.617ms
[32.486s][info][gc] GC(110) Pause Young (Allocation Failure) 395M->395M(494M) 0.031ms
[32.668s][info][gc] GC(111) Pause Full (Allocation Failure) 395M->262M(494M) 182.004ms
[32.783s][info][gc] GC(112) Pause Young (Allocation Failure) 398M->398M(494M) 0.042ms
[32.979s][info][gc] GC(113) Pause Full (Allocation Failure) 398M->226M(494M) 195.980ms
[33.376s][info][gc] GC(114) Pause Young (Allocation Failure) 362M->362M(494M) 0.091ms
[33.542s][info][gc] GC(115) Pause Full (Allocation Failure) 362M->245M(494M) 165.398ms
[34.085s][info][gc] GC(116) Pause Young (Allocation Failure) 381M->381M(494M) 0.028ms
[34.253s][info][gc] GC(117) Pause Full (Allocation Failure) 381M->229M(494M) 167.953ms
[34.292s][info][gc] GC(118) Pause Young (Allocation Failure) 365M->365M(494M) 0.036ms
[34.513s][info][gc] GC(119) Pause Full (Allocation Failure) 365M->258M(494M) 220.684ms
[34.679s][info][gc] GC(120) Pause Young (Allocation Failure) 394M->394M(494M) 0.061ms
[34.873s][info][gc] GC(121) Pause Full (Allocation Failure) 394M->241M(494M) 193.588ms
[35.075s][info][gc] GC(122) Pause Young (Allocation Failure) 377M->377M(494M) 0.036ms
[35.290s][info][gc] GC(123) Pause Full (Allocation Failure) 377M->231M(494M) 214.197ms
[35.481s][info][gc] GC(124) Pause Young (Allocation Failure) 367M->367M(494M) 0.034ms
[35.634s][info][gc] GC(125) Pause Full (Allocation Failure) 367M->257M(494M) 153.578ms
[35.699s][info][gc] GC(126) Pause Young (Allocation Failure) 394M->394M(494M) 0.035ms
[35.918s][info][gc] GC(127) Pause Full (Allocation Failure) 394M->259M(494M) 218.894ms
[36.182s][info][gc] GC(128) Pause Young (Allocation Failure) 395M->395M(494M) 0.100ms
[36.362s][info][gc] GC(129) Pause Full (Allocation Failure) 395M->244M(494M) 178.942ms
[36.668s][info][gc] GC(130) Pause Young (Allocation Failure) 380M->380M(494M) 0.079ms
[36.804s][info][gc] GC(131) Pause Full (Allocation Failure) 380M->229M(494M) 135.946ms
[37.170s][info][gc] GC(132) Pause Young (Allocation Failure) 366M->326M(494M) 88.096ms
[37.572s][info][gc] GC(133) Pause Young (Allocation Failure) 462M->462M(494M) 0.124ms
[37.735s][info][gc] GC(134) Pause Full (Allocation Failure) 462M->256M(494M) 161.612ms
[37.787s][info][gc] GC(135) Pause Young (Allocation Failure) 392M->392M(494M) 0.033ms
[37.971s][info][gc] GC(136) Pause Full (Allocation Failure) 392M->261M(494M) 184.166ms
[38.092s][info][gc] GC(137) Pause Young (Allocation Failure) 397M->397M(494M) 0.042ms
[38.284s][info][gc] GC(138) Pause Full (Allocation Failure) 397M->200M(494M) 191.805ms
[38.482s][info][gc] GC(139) Pause Young (Allocation Failure) 336M->314M(494M) 98.211ms
[38.678s][info][gc] GC(140) Pause Young (Allocation Failure) 451M->451M(494M) 0.029ms
[38.826s][info][gc] GC(141) Pause Full (Allocation Failure) 451M->254M(494M) 148.176ms
[38.871s][info][gc] GC(142) Pause Young (Allocation Failure) 391M->391M(494M) 0.035ms
[39.015s][info][gc] GC(143) Pause Full (Allocation Failure) 391M->263M(494M) 143.223ms
[39.381s][info][gc] GC(144) Pause Young (Allocation Failure) 400M->400M(494M) 0.080ms
[39.589s][info][gc] GC(145) Pause Full (Allocation Failure) 400M->261M(494M) 207.255ms
[39.789s][info][gc] GC(146) Pause Young (Allocation Failure) 397M->397M(494M) 0.036ms
[39.989s][info][gc] GC(147) Pause Full (Allocation Failure) 397M->207M(494M) 200.455ms
[40.296s][info][gc] GC(148) Pause Young (Allocation Failure) 343M->343M(494M) 0.063ms
[40.488s][info][gc] GC(149) Pause Full (Allocation Failure) 343M->250M(494M) 190.971ms
[40.503s][info][gc] GC(150) Pause Young (Allocation Failure) 387M->387M(494M) 0.039ms
[40.657s][info][gc] GC(151) Pause Full (Allocation Failure) 387M->263M(494M) 153.607ms
[40.769s][info][gc] GC(152) Pause Young (Allocation Failure) 399M->399M(494M) 0.041ms
[40.905s][info][gc] GC(153) Pause Full (Allocation Failure) 399M->260M(494M) 135.259ms
[40.990s][info][gc] GC(154) Pause Young (Allocation Failure) 397M->397M(494M) 0.067ms
[41.177s][info][gc] GC(155) Pause Full (Allocation Failure) 397M->230M(494M) 186.318ms
[41.214s][info][gc] GC(156) Pause Young (Allocation Failure) 366M->366M(494M) 0.037ms
[41.396s][info][gc] GC(157) Pause Full (Allocation Failure) 366M->248M(494M) 181.782ms
[41.491s][info][gc] GC(158) Pause Young (Allocation Failure) 384M->384M(494M) 0.031ms
[41.652s][info][gc] GC(159) Pause Full (Allocation Failure) 384M->251M(494M) 160.137ms
[41.691s][info][gc] GC(160) Pause Young (Allocation Failure) 388M->388M(494M) 0.037ms
[41.862s][info][gc] GC(161) Pause Full (Allocation Failure) 388M->252M(494M) 171.342ms
[41.909s][info][gc] GC(162) Pause Young (Allocation Failure) 389M->389M(494M) 0.061ms
[42.115s][info][gc] GC(163) Pause Full (Allocation Failure) 389M->249M(494M) 206.173ms
[42.297s][info][gc] GC(164) Pause Young (Allocation Failure) 385M->385M(494M) 0.033ms
[42.470s][info][gc] GC(165) Pause Full (Allocation Failure) 385M->240M(494M) 173.464ms
[42.571s][info][gc] GC(166) Pause Young (Allocation Failure) 377M->377M(494M) 0.054ms
[42.727s][info][gc] GC(167) Pause Full (Allocation Failure) 377M->247M(494M) 155.294ms
[42.803s][info][gc] GC(168) Pause Young (Allocation Failure) 384M->384M(494M) 0.030ms
[43.006s][info][gc] GC(169) Pause Full (Allocation Failure) 384M->249M(494M) 202.015ms
[43.089s][info][gc] GC(170) Pause Young (Allocation Failure) 385M->385M(494M) 0.036ms
[43.250s][info][gc] GC(171) Pause Full (Allocation Failure) 385M->238M(494M) 161.482ms
[43.288s][info][gc] GC(172) Pause Young (Allocation Failure) 374M->374M(494M) 0.075ms
[43.469s][info][gc] GC(173) Pause Full (Allocation Failure) 374M->254M(494M) 181.048ms
[43.772s][info][gc] GC(174) Pause Young (Allocation Failure) 390M->390M(494M) 0.043ms
[43.912s][info][gc] GC(175) Pause Full (Allocation Failure) 390M->243M(494M) 139.062ms
[43.974s][info][gc] GC(176) Pause Young (Allocation Failure) 380M->380M(494M) 0.056ms
[44.145s][info][gc] GC(177) Pause Full (Allocation Failure) 380M->253M(494M) 171.215ms
[44.270s][info][gc] GC(178) Pause Young (Allocation Failure) 390M->390M(494M) 0.030ms
[44.413s][info][gc] GC(179) Pause Full (Allocation Failure) 390M->243M(494M) 142.814ms
[44.502s][info][gc] GC(180) Pause Young (Allocation Failure) 380M->380M(494M) 0.032ms
[44.685s][info][gc] GC(181) Pause Full (Allocation Failure) 380M->193M(494M) 183.527ms
[44.815s][info][gc] GC(182) Pause Young (Allocation Failure) 330M->312M(494M) 45.366ms
[44.899s][info][gc] GC(183) Pause Young (Allocation Failure) 448M->448M(494M) 0.042ms
[45.065s][info][gc] GC(184) Pause Full (Allocation Failure) 448M->246M(494M) 165.668ms
[45.103s][info][gc] GC(185) Pause Young (Allocation Failure) 382M->382M(494M) 0.034ms
[45.278s][info][gc] GC(186) Pause Full (Allocation Failure) 382M->261M(494M) 173.584ms
[45.497s][info][gc] GC(187) Pause Young (Allocation Failure) 397M->397M(494M) 0.033ms
[45.678s][info][gc] GC(188) Pause Full (Allocation Failure) 397M->238M(494M) 180.930ms
[45.695s][info][gc] GC(189) Pause Young (Allocation Failure) 375M->375M(494M) 0.038ms
[45.867s][info][gc] GC(190) Pause Full (Allocation Failure) 375M->266M(494M) 171.187ms
[45.970s][info][gc] GC(191) Pause Young (Allocation Failure) 402M->402M(494M) 0.040ms
[46.115s][info][gc] GC(192) Pause Full (Allocation Failure) 402M->262M(494M) 144.437ms
[46.207s][info][gc] GC(193) Pause Young (Allocation Failure) 398M->398M(494M) 0.049ms
[46.390s][info][gc] GC(194) Pause Full (Allocation Failure) 398M->227M(494M) 182.687ms
[46.469s][info][gc] GC(195) Pause Young (Allocation Failure) 363M->363M(494M) 0.059ms
[46.622s][info][gc] GC(196) Pause Full (Allocation Failure) 363M->246M(494M) 152.400ms
[46.698s][info][gc] GC(197) Pause Young (Allocation Failure) 383M->383M(494M) 0.035ms
[46.897s][info][gc] GC(198) Pause Full (Allocation Failure) 383M->248M(494M) 198.680ms
[46.989s][info][gc] GC(199) Pause Young (Allocation Failure) 385M->385M(494M) 0.030ms
[47.142s][info][gc] GC(200) Pause Full (Allocation Failure) 385M->258M(494M) 153.066ms
[47.190s][info][gc] GC(201) Pause Young (Allocation Failure) 394M->394M(494M) 0.035ms
[47.364s][info][gc] GC(202) Pause Full (Allocation Failure) 394M->262M(494M) 174.126ms
[47.469s][info][gc] GC(203) Pause Young (Allocation Failure) 398M->398M(494M) 0.036ms
[47.615s][info][gc] GC(204) Pause Full (Allocation Failure) 398M->246M(494M) 145.169ms
[47.704s][info][gc] GC(205) Pause Young (Allocation Failure) 383M->383M(494M) 0.038ms
[47.873s][info][gc] GC(206) Pause Full (Allocation Failure) 383M->246M(494M) 169.369ms
[47.905s][info][gc] GC(207) Pause Young (Allocation Failure) 382M->382M(494M) 0.036ms
[48.078s][info][gc] GC(208) Pause Full (Allocation Failure) 382M->250M(494M) 172.952ms
[48.169s][info][gc] GC(209) Pause Young (Allocation Failure) 386M->386M(494M) 0.067ms
[48.320s][info][gc] GC(210) Pause Full (Allocation Failure) 386M->250M(494M) 150.452ms
[48.396s][info][gc] GC(211) Pause Young (Allocation Failure) 386M->386M(494M) 0.034ms
[48.575s][info][gc] GC(212) Pause Full (Allocation Failure) 386M->200M(494M) 179.050ms
[48.727s][info][gc] GC(213) Pause Young (Allocation Failure) 337M->317M(494M) 113.659ms
[48.904s][info][gc] GC(214) Pause Young (Allocation Failure) 454M->454M(494M) 0.109ms
[49.087s][info][gc] GC(215) Pause Full (Allocation Failure) 454M->250M(494M) 181.445ms
[49.116s][info][gc] GC(216) Pause Young (Allocation Failure) 386M->386M(494M) 0.037ms
[49.297s][info][gc] GC(217) Pause Full (Allocation Failure) 386M->262M(494M) 181.160ms
[49.494s][info][gc] GC(218) Pause Young (Allocation Failure) 398M->398M(494M) 0.110ms
[49.661s][info][gc] GC(219) Pause Full (Allocation Failure) 398M->223M(494M) 166.648ms
[49.717s][info][gc] GC(220) Pause Young (Allocation Failure) 359M->359M(494M) 0.033ms
[49.898s][info][gc] GC(221) Pause Full (Allocation Failure) 359M->249M(494M) 180.698ms
[50.022s][info][gc] GC(222) Pause Young (Allocation Failure) 385M->385M(494M) 0.038ms
[50.158s][info][gc] GC(223) Pause Full (Allocation Failure) 385M->254M(494M) 136.013ms
[50.237s][info][gc] GC(224) Pause Young (Allocation Failure) 391M->391M(494M) 0.036ms
[50.387s][info][gc] GC(225) Pause Full (Allocation Failure) 391M->237M(494M) 149.958ms
[50.517s][info][gc] GC(226) Pause Young (Allocation Failure) 373M->373M(494M) 0.034ms
[50.658s][info][gc] GC(227) Pause Full (Allocation Failure) 373M->238M(494M) 141.499ms
[50.782s][info][gc] GC(228) Pause Young (Allocation Failure) 374M->374M(494M) 0.037ms
[50.913s][info][gc] GC(229) Pause Full (Allocation Failure) 374M->220M(494M) 131.069ms
[51.006s][info][gc] GC(230) Pause Young (Allocation Failure) 356M->356M(494M) 0.036ms
[51.141s][info][gc] GC(231) Pause Full (Allocation Failure) 356M->242M(494M) 134.916ms
[51.224s][info][gc] GC(232) Pause Young (Allocation Failure) 379M->379M(494M) 0.030ms
[51.362s][info][gc] GC(233) Pause Full (Allocation Failure) 379M->236M(494M) 137.748ms
[51.447s][info][gc] GC(234) Pause Young (Allocation Failure) 373M->373M(494M) 0.035ms
[51.597s][info][gc] GC(235) Pause Full (Allocation Failure) 373M->259M(494M) 149.326ms
[51.721s][info][gc] GC(236) Pause Young (Allocation Failure) 395M->395M(494M) 0.031ms
[51.846s][info][gc] GC(237) Pause Full (Allocation Failure) 395M->238M(494M) 124.492ms
[51.876s][info][gc] GC(238) Pause Young (Allocation Failure) 375M->375M(494M) 0.036ms
[52.032s][info][gc] GC(239) Pause Full (Allocation Failure) 375M->249M(494M) 155.481ms
[52.151s][info][gc] GC(240) Pause Young (Allocation Failure) 385M->385M(494M) 0.031ms
[52.300s][info][gc] GC(241) Pause Full (Allocation Failure) 385M->258M(494M) 148.853ms
[52.413s][info][gc] GC(242) Pause Young (Allocation Failure) 394M->394M(494M) 0.037ms
[52.539s][info][gc] GC(243) Pause Full (Allocation Failure) 394M->253M(494M) 125.864ms
[52.566s][info][gc] GC(244) Pause Young (Allocation Failure) 389M->389M(494M) 0.032ms
[52.709s][info][gc] GC(245) Pause Full (Allocation Failure) 389M->249M(494M) 142.133ms
[52.828s][info][gc] GC(246) Pause Young (Allocation Failure) 385M->385M(494M) 0.042ms
[52.976s][info][gc] GC(247) Pause Full (Allocation Failure) 385M->246M(494M) 148.168ms
[53.102s][info][gc] GC(248) Pause Young (Allocation Failure) 383M->383M(494M) 0.039ms
[53.228s][info][gc] GC(249) Pause Full (Allocation Failure) 383M->241M(494M) 124.872ms
[53.254s][info][gc] GC(250) Pause Young (Allocation Failure) 378M->378M(494M) 0.033ms
[53.404s][info][gc] GC(251) Pause Full (Allocation Failure) 378M->258M(494M) 149.492ms
[53.528s][info][gc] GC(252) Pause Young (Allocation Failure) 394M->394M(494M) 0.036ms
[53.669s][info][gc] GC(253) Pause Full (Allocation Failure) 394M->243M(494M) 140.001ms
[53.790s][info][gc] GC(254) Pause Young (Allocation Failure) 380M->380M(494M) 0.036ms
[53.900s][info][gc] GC(255) Pause Full (Allocation Failure) 380M->238M(494M) 109.590ms
[53.927s][info][gc] GC(256) Pause Young (Allocation Failure) 374M->374M(494M) 0.034ms
[54.068s][info][gc] GC(257) Pause Full (Allocation Failure) 374M->249M(494M) 140.454ms
[54.194s][info][gc] GC(258) Pause Young (Allocation Failure) 385M->385M(494M) 0.032ms
[54.323s][info][gc] GC(259) Pause Full (Allocation Failure) 385M->249M(494M) 128.777ms
[54.425s][info][gc] GC(260) Pause Young (Allocation Failure) 385M->385M(494M) 0.036ms
[54.553s][info][gc] GC(261) Pause Full (Allocation Failure) 385M->238M(494M) 127.030ms
[54.592s][info][gc] GC(262) Pause Young (Allocation Failure) 374M->374M(494M) 0.034ms
[54.746s][info][gc] GC(263) Pause Full (Allocation Failure) 374M->257M(494M) 154.256ms
[54.872s][info][gc] GC(264) Pause Young (Allocation Failure) 393M->393M(494M) 0.035ms
[55.003s][info][gc] GC(265) Pause Full (Allocation Failure) 393M->260M(494M) 130.617ms
[55.116s][info][gc] GC(266) Pause Young (Allocation Failure) 396M->396M(494M) 0.035ms
[55.235s][info][gc] GC(267) Pause Full (Allocation Failure) 396M->254M(494M) 118.941ms
[55.262s][info][gc] GC(268) Pause Young (Allocation Failure) 391M->391M(494M) 0.032ms
[55.406s][info][gc] GC(269) Pause Full (Allocation Failure) 391M->248M(494M) 143.799ms
[55.521s][info][gc] GC(270) Pause Young (Allocation Failure) 385M->385M(494M) 0.036ms
[55.656s][info][gc] GC(271) Pause Full (Allocation Failure) 385M->251M(494M) 135.173ms
[55.781s][info][gc] GC(272) Pause Young (Allocation Failure) 387M->387M(494M) 0.037ms
[55.886s][info][gc] GC(273) Pause Full (Allocation Failure) 387M->245M(494M) 105.344ms
[55.915s][info][gc] GC(274) Pause Young (Allocation Failure) 382M->382M(494M) 0.037ms
[56.069s][info][gc] GC(275) Pause Full (Allocation Failure) 382M->258M(494M) 152.966ms
[56.206s][info][gc] GC(276) Pause Young (Allocation Failure) 394M->394M(494M) 0.035ms
[56.345s][info][gc] GC(277) Pause Full (Allocation Failure) 394M->243M(494M) 138.878ms
[56.474s][info][gc] GC(278) Pause Young (Allocation Failure) 379M->379M(494M) 0.040ms
[56.584s][info][gc] GC(279) Pause Full (Allocation Failure) 379M->237M(494M) 109.840ms
[56.612s][info][gc] GC(280) Pause Young (Allocation Failure) 374M->374M(494M) 0.034ms
[56.754s][info][gc] GC(281) Pause Full (Allocation Failure) 374M->248M(494M) 141.998ms
[56.890s][info][gc] GC(282) Pause Young (Allocation Failure) 385M->385M(494M) 0.036ms
[57.014s][info][gc] GC(283) Pause Full (Allocation Failure) 385M->253M(494M) 123.902ms
[57.139s][info][gc] GC(284) Pause Young (Allocation Failure) 390M->390M(494M) 0.032ms
[57.270s][info][gc] GC(285) Pause Full (Allocation Failure) 390M->237M(494M) 130.499ms
[57.297s][info][gc] GC(286) Pause Young (Allocation Failure) 374M->374M(494M) 0.035ms
[57.441s][info][gc] GC(287) Pause Full (Allocation Failure) 374M->248M(494M) 143.776ms
[57.551s][info][gc] GC(288) Pause Young (Allocation Failure) 385M->385M(494M) 0.034ms
[57.699s][info][gc] GC(289) Pause Full (Allocation Failure) 385M->256M(494M) 147.247ms
[57.809s][info][gc] GC(290) Pause Young (Allocation Failure) 393M->393M(494M) 0.032ms
[57.923s][info][gc] GC(291) Pause Full (Allocation Failure) 393M->251M(494M) 114.090ms
[57.951s][info][gc] GC(292) Pause Young (Allocation Failure) 388M->388M(494M) 0.040ms
[58.100s][info][gc] GC(293) Pause Full (Allocation Failure) 388M->248M(494M) 147.046ms
[58.283s][info][gc] GC(294) Pause Young (Allocation Failure) 385M->385M(494M) 0.053ms
[58.442s][info][gc] GC(295) Pause Full (Allocation Failure) 385M->259M(494M) 158.268ms
[58.702s][info][gc] GC(296) Pause Young (Allocation Failure) 395M->395M(494M) 0.038ms
[58.874s][info][gc] GC(297) Pause Full (Allocation Failure) 395M->252M(494M) 171.636ms
[58.902s][info][gc] GC(298) Pause Young (Allocation Failure) 388M->388M(494M) 0.033ms
[59.077s][info][gc] GC(299) Pause Full (Allocation Failure) 388M->265M(494M) 175.449ms
[59.225s][info][gc] GC(300) Pause Young (Allocation Failure) 401M->401M(494M) 0.031ms
[59.379s][info][gc] GC(301) Pause Full (Allocation Failure) 401M->241M(494M) 153.984ms
[59.583s][info][gc] GC(302) Pause Young (Allocation Failure) 377M->377M(494M) 0.038ms
[59.712s][info][gc] GC(303) Pause Full (Allocation Failure) 377M->230M(494M) 128.474ms
[59.740s][info][gc] GC(304) Pause Young (Allocation Failure) 367M->367M(494M) 0.032ms
[59.895s][info][gc] GC(305) Pause Full (Allocation Failure) 367M->250M(494M) 151.713ms
[60.085s][info][gc] GC(306) Pause Young (Allocation Failure) 387M->387M(494M) 0.035ms
[60.208s][info][gc] GC(307) Pause Full (Allocation Failure) 387M->236M(494M) 122.894ms
[60.313s][info][gc] GC(308) Pause Young (Allocation Failure) 372M->372M(494M) 0.032ms
[60.456s][info][gc] GC(309) Pause Full (Allocation Failure) 372M->221M(494M) 142.944ms
[60.487s][info][gc] GC(310) Pause Young (Allocation Failure) 357M->357M(494M) 0.033ms
[60.617s][info][gc] GC(311) Pause Full (Allocation Failure) 357M->245M(494M) 129.811ms
[60.730s][info][gc] GC(312) Pause Young (Allocation Failure) 381M->381M(494M) 0.032ms
[60.880s][info][gc] GC(313) Pause Full (Allocation Failure) 381M->226M(494M) 149.412ms
[61.015s][info][gc] GC(314) Pause Young (Allocation Failure) 362M->362M(494M) 0.061ms
[61.120s][info][gc] GC(315) Pause Full (Allocation Failure) 362M->213M(494M) 104.054ms
[61.148s][info][gc] GC(316) Pause Young (Allocation Failure) 349M->349M(494M) 0.035ms
[61.289s][info][gc] GC(317) Pause Full (Allocation Failure) 349M->232M(494M) 140.986ms
[61.412s][info][gc] GC(318) Pause Young (Allocation Failure) 369M->369M(494M) 0.030ms
[61.547s][info][gc] GC(319) Pause Full (Allocation Failure) 369M->230M(494M) 135.066ms
[61.599s][info][gc] GC(320) Pause Young (Allocation Failure) 367M->367M(494M) 0.035ms
[61.736s][info][gc] GC(321) Pause Full (Allocation Failure) 367M->246M(494M) 136.619ms
[61.835s][info][gc] GC(322) Pause Young (Allocation Failure) 382M->382M(494M) 0.033ms
[61.992s][info][gc] GC(323) Pause Full (Allocation Failure) 382M->248M(494M) 156.645ms
[62.124s][info][gc] GC(324) Pause Young (Allocation Failure) 385M->385M(494M) 0.032ms
[62.261s][info][gc] GC(325) Pause Full (Allocation Failure) 385M->238M(494M) 136.356ms
[62.290s][info][gc] GC(326) Pause Young (Allocation Failure) 374M->374M(494M) 0.031ms
[62.440s][info][gc] GC(327) Pause Full (Allocation Failure) 374M->265M(494M) 149.075ms
[62.600s][info][gc] GC(328) Pause Young (Allocation Failure) 402M->402M(494M) 0.037ms
[62.734s][info][gc] GC(329) Pause Full (Allocation Failure) 402M->260M(494M) 133.674ms
[62.875s][info][gc] GC(330) Pause Young (Allocation Failure) 397M->397M(494M) 0.033ms
[62.991s][info][gc] GC(331) Pause Full (Allocation Failure) 397M->253M(494M) 115.639ms
[63.017s][info][gc] GC(332) Pause Young (Allocation Failure) 390M->390M(494M) 0.034ms
[63.162s][info][gc] GC(333) Pause Full (Allocation Failure) 390M->248M(494M) 144.747ms
[63.288s][info][gc] GC(334) Pause Young (Allocation Failure) 385M->385M(494M) 0.033ms
[63.414s][info][gc] GC(335) Pause Full (Allocation Failure) 385M->252M(494M) 125.628ms
[63.522s][info][gc] GC(336) Pause Young (Allocation Failure) 388M->388M(494M) 0.031ms
[63.646s][info][gc] GC(337) Pause Full (Allocation Failure) 388M->247M(494M) 123.916ms
[63.675s][info][gc] GC(338) Pause Young (Allocation Failure) 384M->384M(494M) 0.031ms
[63.816s][info][gc] GC(339) Pause Full (Allocation Failure) 384M->258M(494M) 140.850ms
[63.932s][info][gc] GC(340) Pause Young (Allocation Failure) 395M->395M(494M) 0.043ms
[64.075s][info][gc] GC(341) Pause Full (Allocation Failure) 395M->243M(494M) 142.980ms
[64.185s][info][gc] GC(342) Pause Young (Allocation Failure) 380M->380M(494M) 0.031ms
[64.300s][info][gc] GC(343) Pause Full (Allocation Failure) 380M->238M(494M) 114.668ms
[64.326s][info][gc] GC(344) Pause Young (Allocation Failure) 374M->374M(494M) 0.034ms
[64.468s][info][gc] GC(345) Pause Full (Allocation Failure) 374M->249M(494M) 141.962ms
[64.598s][info][gc] GC(346) Pause Young (Allocation Failure) 385M->385M(494M) 0.036ms
[64.723s][info][gc] GC(347) Pause Full (Allocation Failure) 385M->251M(494M) 125.307ms
[64.874s][info][gc] GC(348) Pause Young (Allocation Failure) 387M->387M(494M) 0.041ms
[64.988s][info][gc] GC(349) Pause Full (Allocation Failure) 387M->238M(494M) 113.348ms
[65.015s][info][gc] GC(350) Pause Young (Allocation Failure) 374M->374M(494M) 0.060ms
[65.163s][info][gc] GC(351) Pause Full (Allocation Failure) 374M->248M(494M) 148.079ms
[65.294s][info][gc] GC(352) Pause Young (Allocation Failure) 385M->385M(494M) 0.067ms
[65.437s][info][gc] GC(353) Pause Full (Allocation Failure) 385M->251M(494M) 142.537ms
[65.547s][info][gc] GC(354) Pause Young (Allocation Failure) 388M->388M(494M) 0.033ms
[65.676s][info][gc] GC(355) Pause Full (Allocation Failure) 388M->246M(494M) 128.896ms
[65.703s][info][gc] GC(356) Pause Young (Allocation Failure) 382M->382M(494M) 0.036ms
[65.852s][info][gc] GC(357) Pause Full (Allocation Failure) 382M->248M(494M) 149.265ms
[65.980s][info][gc] GC(358) Pause Young (Allocation Failure) 385M->385M(494M) 0.037ms
[66.103s][info][gc] GC(359) Pause Full (Allocation Failure) 385M->258M(494M) 122.768ms
[66.214s][info][gc] GC(360) Pause Young (Allocation Failure) 394M->394M(494M) 0.035ms
[66.333s][info][gc] GC(361) Pause Full (Allocation Failure) 394M->253M(494M) 118.467ms
[66.358s][info][gc] GC(362) Pause Young (Allocation Failure) 389M->389M(494M) 0.033ms
[66.500s][info][gc] GC(363) Pause Full (Allocation Failure) 389M->263M(494M) 141.492ms
[66.623s][info][gc] GC(364) Pause Young (Allocation Failure) 400M->400M(494M) 0.034ms
[66.762s][info][gc] GC(365) Pause Full (Allocation Failure) 400M->243M(494M) 139.205ms
[66.891s][info][gc] GC(366) Pause Young (Allocation Failure) 379M->379M(494M) 0.033ms
[67.006s][info][gc] GC(367) Pause Full (Allocation Failure) 379M->238M(494M) 114.976ms
[67.034s][info][gc] GC(368) Pause Young (Allocation Failure) 374M->374M(494M) 0.038ms
[67.179s][info][gc] GC(369) Pause Full (Allocation Failure) 374M->248M(494M) 145.268ms
[67.309s][info][gc] GC(370) Pause Young (Allocation Failure) 385M->385M(494M) 0.038ms
[67.440s][info][gc] GC(371) Pause Full (Allocation Failure) 385M->254M(494M) 129.921ms
[67.570s][info][gc] GC(372) Pause Young (Allocation Failure) 391M->391M(494M) 0.036ms
[67.685s][info][gc] GC(373) Pause Full (Allocation Failure) 391M->237M(494M) 115.453ms
[67.712s][info][gc] GC(374) Pause Young (Allocation Failure) 374M->374M(494M) 0.033ms
[67.859s][info][gc] GC(375) Pause Full (Allocation Failure) 374M->248M(494M) 147.023ms
[67.994s][info][gc] GC(376) Pause Young (Allocation Failure) 384M->384M(494M) 0.036ms
[68.130s][info][gc] GC(377) Pause Full (Allocation Failure) 384M->255M(494M) 135.600ms
[68.235s][info][gc] GC(378) Pause Young (Allocation Failure) 391M->391M(494M) 0.033ms
[68.373s][info][gc] GC(379) Pause Full (Allocation Failure) 391M->249M(494M) 137.753ms
[68.401s][info][gc] GC(380) Pause Young (Allocation Failure) 386M->386M(494M) 0.038ms
[68.550s][info][gc] GC(381) Pause Full (Allocation Failure) 386M->248M(494M) 148.728ms
[68.684s][info][gc] GC(382) Pause Young (Allocation Failure) 384M->384M(494M) 0.035ms
[68.812s][info][gc] GC(383) Pause Full (Allocation Failure) 384M->256M(494M) 127.462ms
[68.916s][info][gc] GC(384) Pause Young (Allocation Failure) 392M->392M(494M) 0.034ms
[69.044s][info][gc] GC(385) Pause Full (Allocation Failure) 392M->251M(494M) 126.945ms
[69.075s][info][gc] GC(386) Pause Young (Allocation Failure) 387M->387M(494M) 0.037ms
[69.218s][info][gc] GC(387) Pause Full (Allocation Failure) 387M->261M(494M) 142.944ms
[69.335s][info][gc] GC(388) Pause Young (Allocation Failure) 398M->398M(494M) 0.036ms
[69.477s][info][gc] GC(389) Pause Full (Allocation Failure) 398M->242M(494M) 141.692ms
[69.590s][info][gc] GC(390) Pause Young (Allocation Failure) 379M->379M(494M) 0.031ms
[69.700s][info][gc] GC(391) Pause Full (Allocation Failure) 379M->237M(494M) 110.439ms
[69.731s][info][gc] GC(392) Pause Young (Allocation Failure) 373M->373M(494M) 0.036ms
[69.875s][info][gc] GC(393) Pause Full (Allocation Failure) 373M->248M(494M) 144.220ms
[69.998s][info][gc] GC(394) Pause Young (Allocation Failure) 384M->384M(494M) 0.033ms
[70.124s][info][gc] GC(395) Pause Full (Allocation Failure) 384M->258M(494M) 125.839ms
[70.272s][info][gc] GC(396) Pause Young (Allocation Failure) 394M->394M(494M) 0.034ms
[70.388s][info][gc] GC(397) Pause Full (Allocation Failure) 394M->237M(494M) 115.803ms
[70.415s][info][gc] GC(398) Pause Young (Allocation Failure) 373M->373M(494M) 0.034ms
[70.577s][info][gc] GC(399) Pause Full (Allocation Failure) 373M->260M(494M) 152.061ms
[70.698s][info][gc] GC(400) Pause Young (Allocation Failure) 396M->396M(494M) 0.034ms
[70.826s][info][gc] GC(401) Pause Full (Allocation Failure) 396M->255M(494M) 126.999ms
[71.001s][info][gc] GC(402) Pause Young (Allocation Failure) 391M->391M(494M) 0.040ms
[71.117s][info][gc] GC(403) Pause Full (Allocation Failure) 391M->250M(494M) 116.048ms
[71.144s][info][gc] GC(404) Pause Young (Allocation Failure) 386M->386M(494M) 0.036ms
[71.288s][info][gc] GC(405) Pause Full (Allocation Failure) 386M->247M(494M) 143.425ms
[71.417s][info][gc] GC(406) Pause Young (Allocation Failure) 384M->384M(494M) 0.034ms
[71.559s][info][gc] GC(407) Pause Full (Allocation Failure) 384M->257M(494M) 141.883ms
[71.690s][info][gc] GC(408) Pause Young (Allocation Failure) 393M->393M(494M) 0.034ms
[71.800s][info][gc] GC(409) Pause Full (Allocation Failure) 393M->252M(494M) 110.495ms
[71.828s][info][gc] GC(410) Pause Young (Allocation Failure) 388M->388M(494M) 0.039ms
[71.964s][info][gc] GC(411) Pause Full (Allocation Failure) 388M->262M(494M) 135.121ms
[72.103s][info][gc] GC(412) Pause Young (Allocation Failure) 399M->399M(494M) 0.035ms
[72.231s][info][gc] GC(413) Pause Full (Allocation Failure) 399M->242M(494M) 127.792ms
[72.332s][info][gc] GC(414) Pause Young (Allocation Failure) 378M->378M(494M) 0.035ms
[72.459s][info][gc] GC(415) Pause Full (Allocation Failure) 378M->239M(494M) 126.752ms
[72.485s][info][gc] GC(416) Pause Young (Allocation Failure) 376M->376M(494M) 0.035ms
[72.623s][info][gc] GC(417) Pause Full (Allocation Failure) 376M->250M(494M) 136.588ms
[72.769s][info][gc] GC(418) Pause Young (Allocation Failure) 386M->386M(494M) 0.036ms
[72.896s][info][gc] GC(419) Pause Full (Allocation Failure) 386M->245M(494M) 126.752ms
[73.042s][info][gc] GC(420) Pause Young (Allocation Failure) 381M->381M(494M) 0.035ms
[73.175s][info][gc] GC(421) Pause Full (Allocation Failure) 381M->236M(494M) 132.581ms
[73.202s][info][gc] GC(422) Pause Young (Allocation Failure) 373M->373M(494M) 0.032ms
[73.344s][info][gc] GC(423) Pause Full (Allocation Failure) 373M->247M(494M) 142.128ms
[73.471s][info][gc] GC(424) Pause Young (Allocation Failure) 384M->384M(494M) 0.039ms
[73.598s][info][gc] GC(425) Pause Full (Allocation Failure) 384M->242M(494M) 126.793ms
[73.715s][info][gc] GC(426) Pause Young (Allocation Failure) 378M->378M(494M) 0.033ms
[73.828s][info][gc] GC(427) Pause Full (Allocation Failure) 378M->237M(494M) 112.977ms
[73.855s][info][gc] GC(428) Pause Young (Allocation Failure) 373M->373M(494M) 0.037ms
[74.000s][info][gc] GC(429) Pause Full (Allocation Failure) 373M->247M(494M) 144.476ms
[74.112s][info][gc] GC(430) Pause Young (Allocation Failure) 383M->383M(494M) 0.042ms
[74.243s][info][gc] GC(431) Pause Full (Allocation Failure) 383M->242M(494M) 130.812ms
[74.371s][info][gc] GC(432) Pause Young (Allocation Failure) 378M->378M(494M) 0.041ms
[74.477s][info][gc] GC(433) Pause Full (Allocation Failure) 378M->236M(494M) 105.340ms
[74.504s][info][gc] GC(434) Pause Young (Allocation Failure) 373M->373M(494M) 0.034ms
[74.647s][info][gc] GC(435) Pause Full (Allocation Failure) 373M->247M(494M) 136.773ms
[74.769s][info][gc] GC(436) Pause Young (Allocation Failure) 383M->383M(494M) 0.035ms
[74.890s][info][gc] GC(437) Pause Full (Allocation Failure) 383M->242M(494M) 120.551ms
[75.013s][info][gc] GC(438) Pause Young (Allocation Failure) 378M->378M(494M) 0.035ms
[75.126s][info][gc] GC(439) Pause Full (Allocation Failure) 378M->247M(494M) 112.640ms
[75.154s][info][gc] GC(440) Pause Young (Allocation Failure) 384M->384M(494M) 0.043ms
[75.289s][info][gc] GC(441) Pause Full (Allocation Failure) 384M->258M(494M) 134.116ms
[75.408s][info][gc] GC(442) Pause Young (Allocation Failure) 394M->394M(494M) 0.037ms
[75.539s][info][gc] GC(443) Pause Full (Allocation Failure) 394M->252M(494M) 130.759ms
[75.634s][info][gc] GC(444) Pause Young (Allocation Failure) 389M->389M(494M) 0.035ms
[75.756s][info][gc] GC(445) Pause Full (Allocation Failure) 389M->236M(494M) 121.993ms
[75.787s][info][gc] GC(446) Pause Young (Allocation Failure) 373M->373M(494M) 0.033ms
[75.924s][info][gc] GC(447) Pause Full (Allocation Failure) 373M->247M(494M) 136.534ms
[76.080s][info][gc] GC(448) Pause Young (Allocation Failure) 383M->383M(494M) 0.033ms
[76.202s][info][gc] GC(449) Pause Full (Allocation Failure) 383M->243M(494M) 121.086ms
[76.303s][info][gc] GC(450) Pause Young (Allocation Failure) 380M->380M(494M) 0.036ms
[76.418s][info][gc] GC(451) Pause Full (Allocation Failure) 380M->249M(494M) 114.944ms
[76.445s][info][gc] GC(452) Pause Young (Allocation Failure) 385M->385M(494M) 0.033ms
[76.578s][info][gc] GC(453) Pause Full (Allocation Failure) 385M->247M(494M) 132.804ms
[76.699s][info][gc] GC(454) Pause Young (Allocation Failure) 383M->383M(494M) 0.034ms
[76.820s][info][gc] GC(455) Pause Full (Allocation Failure) 383M->241M(494M) 120.759ms
[76.935s][info][gc] GC(456) Pause Young (Allocation Failure) 378M->378M(494M) 0.038ms
[77.065s][info][gc] GC(457) Pause Full (Allocation Failure) 378M->236M(494M) 129.476ms
[77.093s][info][gc] GC(458) Pause Young (Allocation Failure) 373M->373M(494M) 0.042ms
[77.235s][info][gc] GC(459) Pause Full (Allocation Failure) 373M->252M(494M) 141.652ms
[77.348s][info][gc] GC(460) Pause Young (Allocation Failure) 388M->388M(494M) 0.038ms
[77.492s][info][gc] GC(461) Pause Full (Allocation Failure) 388M->241M(494M) 143.983ms
[77.609s][info][gc] GC(462) Pause Young (Allocation Failure) 378M->378M(494M) 0.035ms
[77.726s][info][gc] GC(463) Pause Full (Allocation Failure) 378M->236M(494M) 116.494ms
[77.753s][info][gc] GC(464) Pause Young (Allocation Failure) 372M->372M(494M) 0.034ms
[77.887s][info][gc] GC(465) Pause Full (Allocation Failure) 372M->247M(494M) 130.305ms
[78.004s][info][gc] GC(466) Pause Young (Allocation Failure) 383M->383M(494M) 0.036ms
[78.131s][info][gc] GC(467) Pause Full (Allocation Failure) 383M->241M(494M) 126.825ms
[78.230s][info][gc] GC(468) Pause Young (Allocation Failure) 378M->378M(494M) 0.036ms
[78.355s][info][gc] GC(469) Pause Full (Allocation Failure) 378M->236M(494M) 125.529ms
[78.382s][info][gc] GC(470) Pause Young (Allocation Failure) 372M->372M(494M) 0.033ms
[78.518s][info][gc] GC(471) Pause Full (Allocation Failure) 372M->246M(494M) 136.058ms
[78.630s][info][gc] GC(472) Pause Young (Allocation Failure) 383M->383M(494M) 0.031ms
[78.763s][info][gc] GC(473) Pause Full (Allocation Failure) 383M->241M(494M) 132.933ms
[78.883s][info][gc] GC(474) Pause Young (Allocation Failure) 378M->378M(494M) 0.036ms
[78.987s][info][gc] GC(475) Pause Full (Allocation Failure) 378M->236M(494M) 104.391ms
[79.015s][info][gc] GC(476) Pause Young (Allocation Failure) 372M->372M(494M) 0.032ms
[79.156s][info][gc] GC(477) Pause Full (Allocation Failure) 372M->246M(494M) 141.063ms
[79.283s][info][gc] GC(478) Pause Young (Allocation Failure) 383M->383M(494M) 0.034ms
[79.404s][info][gc] GC(479) Pause Full (Allocation Failure) 383M->241M(494M) 120.397ms
[79.509s][info][gc] GC(480) Pause Young (Allocation Failure) 378M->378M(494M) 0.035ms
[79.623s][info][gc] GC(481) Pause Full (Allocation Failure) 378M->252M(494M) 113.737ms
[79.650s][info][gc] GC(482) Pause Young (Allocation Failure) 388M->388M(494M) 0.037ms
[79.805s][info][gc] GC(483) Pause Full (Allocation Failure) 388M->263M(494M) 155.630ms
[79.923s][info][gc] GC(484) Pause Young (Allocation Failure) 399M->399M(494M) 0.036ms
[80.060s][info][gc] GC(485) Pause Full (Allocation Failure) 399M->241M(494M) 137.254ms
[80.188s][info][gc] GC(486) Pause Young (Allocation Failure) 377M->377M(494M) 0.033ms
[80.293s][info][gc] GC(487) Pause Full (Allocation Failure) 377M->235M(494M) 104.541ms
[80.321s][info][gc] GC(488) Pause Young (Allocation Failure) 372M->372M(494M) 0.040ms
[80.454s][info][gc] GC(489) Pause Full (Allocation Failure) 372M->246M(494M) 132.502ms
[80.575s][info][gc] GC(490) Pause Young (Allocation Failure) 383M->383M(494M) 0.040ms
[80.703s][info][gc] GC(491) Pause Full (Allocation Failure) 383M->241M(494M) 128.386ms
[80.810s][info][gc] GC(492) Pause Young (Allocation Failure) 378M->378M(494M) 0.032ms
[80.927s][info][gc] GC(493) Pause Full (Allocation Failure) 378M->235M(494M) 116.461ms
[80.953s][info][gc] GC(494) Pause Young (Allocation Failure) 372M->372M(494M) 0.035ms
[81.085s][info][gc] GC(495) Pause Full (Allocation Failure) 372M->246M(494M) 131.915ms
[81.206s][info][gc] GC(496) Pause Young (Allocation Failure) 383M->383M(494M) 0.032ms
[81.335s][info][gc] GC(497) Pause Full (Allocation Failure) 383M->241M(494M) 128.626ms
[81.441s][info][gc] GC(498) Pause Young (Allocation Failure) 377M->377M(494M) 0.031ms
[81.568s][info][gc] GC(499) Pause Full (Allocation Failure) 377M->235M(494M) 127.027ms
[81.595s][info][gc] GC(500) Pause Young (Allocation Failure) 372M->372M(494M) 0.042ms
[81.737s][info][gc] GC(501) Pause Full (Allocation Failure) 372M->246M(494M) 141.511ms
[81.868s][info][gc] GC(502) Pause Young (Allocation Failure) 382M->382M(494M) 0.045ms
[81.992s][info][gc] GC(503) Pause Full (Allocation Failure) 382M->241M(494M) 124.042ms
[82.106s][info][gc] GC(504) Pause Young (Allocation Failure) 377M->377M(494M) 0.033ms
[82.217s][info][gc] GC(505) Pause Full (Allocation Failure) 377M->235M(494M) 110.067ms
[82.242s][info][gc] GC(506) Pause Young (Allocation Failure) 372M->372M(494M) 0.032ms
[82.374s][info][gc] GC(507) Pause Full (Allocation Failure) 372M->246M(494M) 131.686ms
[82.499s][info][gc] GC(508) Pause Young (Allocation Failure) 383M->383M(494M) 0.036ms
[82.629s][info][gc] GC(509) Pause Full (Allocation Failure) 383M->240M(494M) 130.336ms
[82.722s][info][gc] GC(510) Pause Young (Allocation Failure) 377M->377M(494M) 0.033ms
[82.843s][info][gc] GC(511) Pause Full (Allocation Failure) 377M->235M(494M) 121.316ms
[82.869s][info][gc] GC(512) Pause Young (Allocation Failure) 372M->372M(494M) 0.034ms
[83.009s][info][gc] GC(513) Pause Full (Allocation Failure) 372M->246M(494M) 139.276ms
[83.123s][info][gc] GC(514) Pause Young (Allocation Failure) 383M->383M(494M) 0.036ms
[83.265s][info][gc] GC(515) Pause Full (Allocation Failure) 383M->241M(494M) 142.526ms
[83.383s][info][gc] GC(516) Pause Young (Allocation Failure) 377M->377M(494M) 0.067ms
[83.495s][info][gc] GC(517) Pause Full (Allocation Failure) 377M->235M(494M) 112.001ms
[83.522s][info][gc] GC(518) Pause Young (Allocation Failure) 372M->372M(494M) 0.041ms
[83.659s][info][gc] GC(519) Pause Full (Allocation Failure) 372M->246M(494M) 136.557ms
[83.781s][info][gc] GC(520) Pause Young (Allocation Failure) 382M->382M(494M) 0.036ms
[83.896s][info][gc] GC(521) Pause Full (Allocation Failure) 382M->240M(494M) 115.055ms
[84.001s][info][gc] GC(522) Pause Young (Allocation Failure) 377M->377M(494M) 0.033ms
[84.111s][info][gc] GC(523) Pause Full (Allocation Failure) 377M->235M(494M) 110.383ms
[84.141s][info][gc] GC(524) Pause Young (Allocation Failure) 372M->372M(494M) 0.034ms
[84.272s][info][gc] GC(525) Pause Full (Allocation Failure) 372M->246M(494M) 131.062ms
[84.392s][info][gc] GC(526) Pause Young (Allocation Failure) 382M->382M(494M) 0.036ms
[84.511s][info][gc] GC(527) Pause Full (Allocation Failure) 382M->240M(494M) 118.891ms
[84.614s][info][gc] GC(528) Pause Young (Allocation Failure) 377M->377M(494M) 0.033ms
[84.733s][info][gc] GC(529) Pause Full (Allocation Failure) 377M->235M(494M) 118.767ms
[84.761s][info][gc] GC(530) Pause Young (Allocation Failure) 372M->372M(494M) 0.035ms
[84.895s][info][gc] GC(531) Pause Full (Allocation Failure) 372M->247M(494M) 134.004ms
[85.011s][info][gc] GC(532) Pause Young (Allocation Failure) 384M->384M(494M) 0.085ms
[85.136s][info][gc] GC(533) Pause Full (Allocation Failure) 384M->240M(494M) 125.589ms
[85.240s][info][gc] GC(534) Pause Young (Allocation Failure) 377M->377M(494M) 0.032ms
[85.356s][info][gc] GC(535) Pause Full (Allocation Failure) 377M->235M(494M) 116.348ms
[85.382s][info][gc] GC(536) Pause Young (Allocation Failure) 371M->371M(494M) 0.036ms
[85.516s][info][gc] GC(537) Pause Full (Allocation Failure) 371M->246M(494M) 133.572ms
[85.632s][info][gc] GC(538) Pause Young (Allocation Failure) 382M->382M(494M) 0.068ms
[85.759s][info][gc] GC(539) Pause Full (Allocation Failure) 382M->240M(494M) 126.275ms
[85.885s][info][gc] GC(540) Pause Young (Allocation Failure) 377M->377M(494M) 0.035ms
[85.994s][info][gc] GC(541) Pause Full (Allocation Failure) 377M->235M(494M) 108.719ms
[86.021s][info][gc] GC(542) Pause Young (Allocation Failure) 371M->371M(494M) 0.036ms
[86.159s][info][gc] GC(543) Pause Full (Allocation Failure) 371M->245M(494M) 136.650ms
[86.282s][info][gc] GC(544) Pause Young (Allocation Failure) 382M->382M(494M) 0.036ms
[86.405s][info][gc] GC(545) Pause Full (Allocation Failure) 382M->240M(494M) 123.116ms
[86.511s][info][gc] GC(546) Pause Young (Allocation Failure) 377M->377M(494M) 0.036ms
[86.626s][info][gc] GC(547) Pause Full (Allocation Failure) 377M->235M(494M) 114.744ms
[86.654s][info][gc] GC(548) Pause Young (Allocation Failure) 371M->371M(494M) 0.040ms
[86.788s][info][gc] GC(549) Pause Full (Allocation Failure) 371M->245M(494M) 133.383ms
[86.910s][info][gc] GC(550) Pause Young (Allocation Failure) 382M->382M(494M) 0.037ms
[87.031s][info][gc] GC(551) Pause Full (Allocation Failure) 382M->240M(494M) 120.646ms
[87.126s][info][gc] GC(552) Pause Young (Allocation Failure) 377M->377M(494M) 0.033ms
[87.242s][info][gc] GC(553) Pause Full (Allocation Failure) 377M->235M(494M) 115.842ms
[87.272s][info][gc] GC(554) Pause Young (Allocation Failure) 371M->371M(494M) 0.034ms
[87.398s][info][gc] GC(555) Pause Full (Allocation Failure) 371M->245M(494M) 125.771ms
[87.511s][info][gc] GC(556) Pause Young (Allocation Failure) 382M->382M(494M) 0.034ms
[87.638s][info][gc] GC(557) Pause Full (Allocation Failure) 382M->240M(494M) 127.074ms
[87.732s][info][gc] GC(558) Pause Young (Allocation Failure) 376M->376M(494M) 0.036ms
[87.850s][info][gc] GC(559) Pause Full (Allocation Failure) 376M->231M(494M) 117.665ms
[87.883s][info][gc] GC(560) Pause Young (Allocation Failure) 368M->368M(494M) 0.038ms
[88.012s][info][gc] GC(561) Pause Full (Allocation Failure) 368M->245M(494M) 128.922ms
[88.124s][info][gc] GC(562) Pause Young (Allocation Failure) 382M->382M(494M) 0.034ms
[88.253s][info][gc] GC(563) Pause Full (Allocation Failure) 382M->244M(494M) 128.640ms
[88.384s][info][gc] GC(564) Pause Young (Allocation Failure) 381M->381M(494M) 0.045ms
[88.492s][info][gc] GC(565) Pause Full (Allocation Failure) 381M->234M(494M) 107.884ms
[88.519s][info][gc] GC(566) Pause Young (Allocation Failure) 371M->371M(494M) 0.033ms
[88.653s][info][gc] GC(567) Pause Full (Allocation Failure) 371M->245M(494M) 133.741ms
[88.782s][info][gc] GC(568) Pause Young (Allocation Failure) 382M->382M(494M) 0.033ms
[88.902s][info][gc] GC(569) Pause Full (Allocation Failure) 382M->249M(494M) 120.091ms
[89.004s][info][gc] GC(570) Pause Young (Allocation Failure) 386M->386M(494M) 0.032ms
[89.112s][info][gc] GC(571) Pause Full (Allocation Failure) 386M->244M(494M) 107.664ms
[89.140s][info][gc] GC(572) Pause Young (Allocation Failure) 380M->380M(494M) 0.037ms
[89.274s][info][gc] GC(573) Pause Full (Allocation Failure) 380M->245M(494M) 134.468ms
[89.394s][info][gc] GC(574) Pause Young (Allocation Failure) 381M->381M(494M) 0.037ms
[89.512s][info][gc] GC(575) Pause Full (Allocation Failure) 381M->240M(494M) 117.461ms
[89.608s][info][gc] GC(576) Pause Young (Allocation Failure) 376M->376M(494M) 0.038ms
[89.714s][info][gc] GC(577) Pause Full (Allocation Failure) 376M->234M(494M) 105.897ms
[89.759s][info][gc] GC(578) Pause Young (Allocation Failure) 370M->370M(494M) 0.032ms
[89.897s][info][gc] GC(579) Pause Full (Allocation Failure) 370M->245M(494M) 137.145ms
[90.016s][info][gc] GC(580) Pause Young (Allocation Failure) 381M->381M(494M) 0.036ms
[90.144s][info][gc] GC(581) Pause Full (Allocation Failure) 381M->239M(494M) 128.265ms
[90.231s][info][gc] GC(582) Pause Young (Allocation Failure) 376M->376M(494M) 0.035ms
[90.355s][info][gc] GC(583) Pause Full (Allocation Failure) 376M->236M(494M) 124.392ms
[90.400s][info][gc] GC(584) Pause Young (Allocation Failure) 373M->373M(494M) 0.034ms
[90.532s][info][gc] GC(585) Pause Full (Allocation Failure) 373M->245M(494M) 132.423ms
[90.639s][info][gc] GC(586) Pause Young (Allocation Failure) 381M->381M(494M) 0.037ms
[90.773s][info][gc] GC(587) Pause Full (Allocation Failure) 381M->247M(494M) 133.285ms
[90.850s][info][gc] GC(588) Pause Young (Allocation Failure) 383M->383M(494M) 0.037ms
[90.977s][info][gc] GC(589) Pause Full (Allocation Failure) 383M->238M(494M) 126.554ms
[91.029s][info][gc] GC(590) Pause Young (Allocation Failure) 374M->374M(494M) 0.043ms
[91.182s][info][gc] GC(591) Pause Full (Allocation Failure) 374M->259M(494M) 152.631ms
[91.307s][info][gc] GC(592) Pause Young (Allocation Failure) 395M->395M(494M) 0.038ms
[91.430s][info][gc] GC(593) Pause Full (Allocation Failure) 395M->253M(494M) 123.178ms
[91.502s][info][gc] GC(594) Pause Young (Allocation Failure) 390M->390M(494M) 0.039ms
[91.633s][info][gc] GC(595) Pause Full (Allocation Failure) 390M->256M(494M) 130.538ms
[91.705s][info][gc] GC(596) Pause Young (Allocation Failure) 392M->392M(494M) 0.032ms
[91.846s][info][gc] GC(597) Pause Full (Allocation Failure) 392M->244M(494M) 140.102ms
[91.984s][info][gc] GC(598) Pause Young (Allocation Failure) 381M->381M(494M) 0.066ms
[92.105s][info][gc] GC(599) Pause Full (Allocation Failure) 381M->245M(494M) 120.893ms
[92.170s][info][gc] GC(600) Pause Young (Allocation Failure) 382M->382M(494M) 0.053ms
[92.297s][info][gc] GC(601) Pause Full (Allocation Failure) 382M->250M(494M) 127.293ms
[92.398s][info][gc] GC(602) Pause Young (Allocation Failure) 386M->386M(494M) 0.036ms
[92.530s][info][gc] GC(603) Pause Full (Allocation Failure) 386M->251M(494M) 131.971ms
[92.637s][info][gc] GC(604) Pause Young (Allocation Failure) 387M->387M(494M) 0.033ms
[92.777s][info][gc] GC(605) Pause Full (Allocation Failure) 387M->229M(494M) 139.911ms
[92.810s][info][gc] GC(606) Pause Young (Allocation Failure) 366M->366M(494M) 0.033ms
[92.949s][info][gc] GC(607) Pause Full (Allocation Failure) 366M->252M(494M) 138.792ms
[93.089s][info][gc] GC(608) Pause Young (Allocation Failure) 388M->388M(494M) 0.035ms
[93.217s][info][gc] GC(609) Pause Full (Allocation Failure) 388M->244M(494M) 127.724ms
[93.330s][info][gc] GC(610) Pause Young (Allocation Failure) 380M->380M(494M) 0.035ms
[93.463s][info][gc] GC(611) Pause Full (Allocation Failure) 380M->240M(494M) 132.599ms
[93.489s][info][gc] GC(612) Pause Young (Allocation Failure) 377M->377M(494M) 0.032ms
[93.632s][info][gc] GC(613) Pause Full (Allocation Failure) 377M->247M(494M) 142.902ms
[93.787s][info][gc] GC(614) Pause Young (Allocation Failure) 384M->384M(494M) 0.036ms
[93.909s][info][gc] GC(615) Pause Full (Allocation Failure) 384M->242M(494M) 122.027ms
[94.017s][info][gc] GC(616) Pause Young (Allocation Failure) 378M->378M(494M) 0.033ms
[94.156s][info][gc] GC(617) Pause Full (Allocation Failure) 378M->224M(494M) 138.895ms
[94.181s][info][gc] GC(618) Pause Young (Allocation Failure) 360M->360M(494M) 0.032ms
[94.318s][info][gc] GC(619) Pause Full (Allocation Failure) 360M->257M(494M) 136.327ms
[94.475s][info][gc] GC(620) Pause Young (Allocation Failure) 394M->394M(494M) 0.035ms
[94.612s][info][gc] GC(621) Pause Full (Allocation Failure) 394M->230M(494M) 137.199ms
[94.732s][info][gc] GC(622) Pause Young (Allocation Failure) 366M->366M(494M) 0.038ms
[94.858s][info][gc] GC(623) Pause Full (Allocation Failure) 366M->226M(494M) 124.902ms
[94.887s][info][gc] GC(624) Pause Young (Allocation Failure) 363M->363M(494M) 0.034ms
[95.020s][info][gc] GC(625) Pause Full (Allocation Failure) 363M->251M(494M) 132.106ms
[95.132s][info][gc] GC(626) Pause Young (Allocation Failure) 388M->388M(494M) 0.036ms
[95.265s][info][gc] GC(627) Pause Full (Allocation Failure) 388M->248M(494M) 133.245ms
[95.387s][info][gc] GC(628) Pause Young (Allocation Failure) 384M->384M(494M) 0.034ms
[95.493s][info][gc] GC(629) Pause Full (Allocation Failure) 384M->235M(494M) 105.483ms
[95.519s][info][gc] GC(630) Pause Young (Allocation Failure) 372M->372M(494M) 0.039ms
[95.651s][info][gc] GC(631) Pause Full (Allocation Failure) 372M->246M(494M) 131.511ms
[95.776s][info][gc] GC(632) Pause Young (Allocation Failure) 383M->383M(494M) 0.034ms
[95.897s][info][gc] GC(633) Pause Full (Allocation Failure) 383M->241M(494M) 120.976ms
[95.999s][info][gc] GC(634) Pause Young (Allocation Failure) 377M->377M(494M) 0.036ms
[96.115s][info][gc] GC(635) Pause Full (Allocation Failure) 377M->226M(494M) 115.854ms
[96.141s][info][gc] GC(636) Pause Young (Allocation Failure) 362M->362M(494M) 0.034ms
[96.272s][info][gc] GC(637) Pause Full (Allocation Failure) 362M->246M(494M) 130.121ms
[96.388s][info][gc] GC(638) Pause Young (Allocation Failure) 382M->382M(494M) 0.039ms
[96.507s][info][gc] GC(639) Pause Full (Allocation Failure) 382M->255M(494M) 118.189ms
[96.613s][info][gc] GC(640) Pause Young (Allocation Failure) 392M->392M(494M) 0.034ms
[96.728s][info][gc] GC(641) Pause Full (Allocation Failure) 392M->250M(494M) 114.338ms
[96.755s][info][gc] GC(642) Pause Young (Allocation Failure) 386M->386M(494M) 0.038ms
[96.892s][info][gc] GC(643) Pause Full (Allocation Failure) 386M->260M(494M) 136.606ms
[97.006s][info][gc] GC(644) Pause Young (Allocation Failure) 397M->397M(494M) 0.033ms
[97.137s][info][gc] GC(645) Pause Full (Allocation Failure) 397M->241M(494M) 131.094ms
[97.235s][info][gc] GC(646) Pause Young (Allocation Failure) 377M->377M(494M) 0.033ms
[97.357s][info][gc] GC(647) Pause Full (Allocation Failure) 377M->235M(494M) 121.491ms
[97.384s][info][gc] GC(648) Pause Young (Allocation Failure) 372M->372M(494M) 0.042ms
[97.520s][info][gc] GC(649) Pause Full (Allocation Failure) 372M->246M(494M) 136.187ms
[97.669s][info][gc] GC(650) Pause Young (Allocation Failure) 382M->382M(494M) 0.041ms
[97.792s][info][gc] GC(651) Pause Full (Allocation Failure) 382M->241M(494M) 122.800ms
[97.920s][info][gc] GC(652) Pause Young (Allocation Failure) 377M->377M(494M) 0.038ms
[98.034s][info][gc] GC(653) Pause Full (Allocation Failure) 377M->235M(494M) 113.491ms
[98.060s][info][gc] GC(654) Pause Young (Allocation Failure) 372M->372M(494M) 0.036ms
[98.194s][info][gc] GC(655) Pause Full (Allocation Failure) 372M->246M(494M) 133.643ms
[98.310s][info][gc] GC(656) Pause Young (Allocation Failure) 382M->382M(494M) 0.035ms
[98.432s][info][gc] GC(657) Pause Full (Allocation Failure) 382M->240M(494M) 122.030ms
[98.537s][info][gc] GC(658) Pause Young (Allocation Failure) 377M->377M(494M) 0.034ms
[98.656s][info][gc] GC(659) Pause Full (Allocation Failure) 377M->235M(494M) 118.773ms
[98.686s][info][gc] GC(660) Pause Young (Allocation Failure) 372M->372M(494M) 0.034ms
[98.817s][info][gc] GC(661) Pause Full (Allocation Failure) 372M->246M(494M) 130.280ms
[98.922s][info][gc] GC(662) Pause Young (Allocation Failure) 382M->382M(494M) 0.033ms
[99.055s][info][gc] GC(663) Pause Full (Allocation Failure) 382M->240M(494M) 132.579ms
[99.176s][info][gc] GC(664) Pause Young (Allocation Failure) 377M->377M(494M) 0.034ms
[99.280s][info][gc] GC(665) Pause Full (Allocation Failure) 377M->235M(494M) 103.197ms
[99.307s][info][gc] GC(666) Pause Young (Allocation Failure) 371M->371M(494M) 0.035ms
[99.439s][info][gc] GC(667) Pause Full (Allocation Failure) 371M->246M(494M) 131.971ms
[99.538s][info][gc] GC(668) Pause Young (Allocation Failure) 382M->382M(494M) 0.036ms
[99.675s][info][gc] GC(669) Pause Full (Allocation Failure) 382M->240M(494M) 136.384ms
[99.794s][info][gc] GC(670) Pause Young (Allocation Failure) 377M->377M(494M) 0.035ms
[99.901s][info][gc] GC(671) Pause Full (Allocation Failure) 377M->235M(494M) 107.311ms
[99.929s][info][gc] GC(672) Pause Young (Allocation Failure) 371M->371M(494M) 0.046ms
[100.070s][info][gc] GC(673) Pause Full (Allocation Failure) 371M->246M(494M) 140.696ms
[100.215s][info][gc] GC(674) Pause Young (Allocation Failure) 382M->382M(494M) 0.034ms
[100.340s][info][gc] GC(675) Pause Full (Allocation Failure) 382M->240M(494M) 125.428ms
[100.445s][info][gc] GC(676) Pause Young (Allocation Failure) 377M->377M(494M) 0.034ms
[100.571s][info][gc] GC(677) Pause Full (Allocation Failure) 377M->235M(494M) 125.432ms
[100.597s][info][gc] GC(678) Pause Young (Allocation Failure) 371M->371M(494M) 0.036ms
[100.733s][info][gc] GC(679) Pause Full (Allocation Failure) 371M->260M(494M) 135.584ms
[100.869s][info][gc] GC(680) Pause Young (Allocation Failure) 397M->397M(494M) 0.034ms
[100.986s][info][gc] GC(681) Pause Full (Allocation Failure) 397M->240M(494M) 116.212ms
[101.109s][info][gc] GC(682) Pause Young (Allocation Failure) 377M->377M(494M) 0.034ms
[101.223s][info][gc] GC(683) Pause Full (Allocation Failure) 377M->235M(494M) 113.236ms
[101.250s][info][gc] GC(684) Pause Young (Allocation Failure) 371M->371M(494M) 0.034ms
[101.387s][info][gc] GC(685) Pause Full (Allocation Failure) 371M->245M(494M) 136.835ms
[101.509s][info][gc] GC(686) Pause Young (Allocation Failure) 382M->382M(494M) 0.037ms
[101.634s][info][gc] GC(687) Pause Full (Allocation Failure) 382M->240M(494M) 125.620ms
[101.777s][info][gc] GC(688) Pause Young (Allocation Failure) 376M->376M(494M) 0.032ms
[101.877s][info][gc] GC(689) Pause Full (Allocation Failure) 376M->235M(494M) 98.453ms
[101.903s][info][gc] GC(690) Pause Young (Allocation Failure) 371M->371M(494M) 0.034ms
[102.043s][info][gc] GC(691) Pause Full (Allocation Failure) 371M->249M(494M) 140.137ms
[102.170s][info][gc] GC(692) Pause Young (Allocation Failure) 385M->385M(494M) 0.034ms
[102.288s][info][gc] GC(693) Pause Full (Allocation Failure) 385M->240M(494M) 117.668ms
[102.399s][info][gc] GC(694) Pause Young (Allocation Failure) 376M->376M(494M) 0.037ms
[102.504s][info][gc] GC(695) Pause Full (Allocation Failure) 376M->235M(494M) 104.298ms
[102.530s][info][gc] GC(696) Pause Young (Allocation Failure) 371M->371M(494M) 0.033ms
[102.663s][info][gc] GC(697) Pause Full (Allocation Failure) 371M->245M(494M) 133.012ms
[102.782s][info][gc] GC(698) Pause Young (Allocation Failure) 382M->382M(494M) 0.037ms
[102.901s][info][gc] GC(699) Pause Full (Allocation Failure) 382M->240M(494M) 118.590ms
[103.029s][info][gc] GC(700) Pause Young (Allocation Failure) 377M->377M(494M) 0.039ms
[103.145s][info][gc] GC(701) Pause Full (Allocation Failure) 377M->234M(494M) 116.079ms
[103.176s][info][gc] GC(702) Pause Young (Allocation Failure) 371M->371M(494M) 0.040ms
[103.308s][info][gc] GC(703) Pause Full (Allocation Failure) 371M->255M(494M) 131.646ms
[103.419s][info][gc] GC(704) Pause Young (Allocation Failure) 391M->391M(494M) 0.039ms
[103.546s][info][gc] GC(705) Pause Full (Allocation Failure) 391M->250M(494M) 126.966ms
[103.692s][info][gc] GC(706) Pause Young (Allocation Failure) 386M->386M(494M) 0.036ms
[103.793s][info][gc] GC(707) Pause Full (Allocation Failure) 386M->243M(494M) 100.530ms
