[0.004s][info][gc] Using Serial
[0.133s][info][gc] GC(0) Pause Young (Allocation Failure) 5M->1M(15M) 1.558ms
[0.228s][info][gc] GC(1) Pause Young (Allocation Failure) 6M->2M(15M) 2.018ms
[0.400s][info][gc] GC(2) Pause Young (Allocation Failure) 6M->3M(15M) 2.128ms
[0.416s][info][gc] GC(3) Pause Young (Allocation Failure) 7M->3M(15M) 1.486ms
[0.599s][info][gc] GC(4) Pause Young (Allocation Failure) 7M->4M(15M) 1.432ms
[0.797s][info][gc] GC(5) Pause Young (Allocation Failure) 8M->4M(15M) 1.390ms
[0.903s][info][gc] GC(6) Pause Young (Allocation Failure) 8M->4M(15M) 1.017ms
[1.029s][info][gc] GC(7) Pause Young (Allocation Failure) 9M->5M(15M) 1.122ms
[1.209s][info][gc] GC(8) Pause Young (Allocation Failure) 9M->5M(15M) 1.160ms
[1.324s][info][gc] GC(9) Pause Young (Allocation Failure) 9M->5M(15M) 1.233ms
[1.438s][info][gc] GC(10) Pause Young (Allocation Failure) 9M->5M(15M) 1.020ms
[1.543s][info][gc] GC(11) Pause Young (Allocation Failure) 10M->6M(15M) 1.733ms
[1.672s][info][gc] GC(12) Pause Young (Allocation Failure) 10M->6M(15M) 1.357ms
[1.866s][info][gc] GC(13) Pause Young (Allocation Failure) 10M->6M(15M) 1.338ms
[1.973s][info][gc] GC(14) Pause Young (Allocation Failure) 11M->7M(15M) 1.569ms
[2.045s][info][gc] GC(15) Pause Young (Allocation Failure) 11M->7M(15M) 1.176ms
[2.132s][info][gc] GC(16) Pause Young (Allocation Failure) 11M->7M(15M) 1.313ms
[2.246s][info][gc] GC(17) Pause Young (Allocation Failure) 11M->7M(15M) 1.474ms
[2.336s][info][gc] GC(18) Pause Young (Allocation Failure) 11M->8M(15M) 1.831ms
[2.354s][info][gc] GC(19) Pause Young (Allocation Failure) 12M->8M(15M) 1.225ms
[2.414s][info][gc] GC(20) Pause Young (Allocation Failure) 12M->8M(15M) 0.607ms
[2.506s][info][gc] GC(21) Pause Young (Allocation Failure) 12M->8M(15M) 1.376ms
[2.618s][info][gc] GC(22) Pause Young (Allocation Failure) 13M->9M(15M) 1.523ms
[2.779s][info][gc] GC(23) Pause Young (Allocation Failure) 13M->9M(15M) 1.593ms
[2.840s][info][gc] GC(24) Pause Young (Allocation Failure) 13M->9M(15M) 1.320ms
[2.934s][info][gc] GC(25) Pause Young (Allocation Failure) 14M->10M(15M) 1.183ms
[3.022s][info][gc] GC(26) Pause Young (Allocation Failure) 14M->10M(15M) 1.135ms
[3.062s][info][gc] GC(27) Pause Young (Allocation Failure) 14M->10M(15M) 1.306ms
[3.138s][info][gc] GC(28) Pause Young (Allocation Failure) 14M->10M(15M) 1.751ms
[3.236s][info][gc] GC(29) Pause Young (Allocation Failure) 15M->11M(15M) 1.672ms
[3.255s][info][gc] GC(30) Pause Full (Allocation Failure) 11M->9M(23M) 18.912ms
[3.406s][info][gc] GC(31) Pause Young (Allocation Failure) 15M->9M(23M) 1.404ms
[3.529s][info][gc] GC(32) Pause Young (Allocation Failure) 16M->10M(23M) 1.545ms
[3.694s][info][gc] GC(33) Pause Young (Allocation Failure) 16M->10M(23M) 35.844ms
[3.854s][info][gc] GC(34) Pause Young (Allocation Failure) 17M->11M(23M) 2.475ms
[3.951s][info][gc] GC(35) Pause Young (Allocation Failure) 17M->11M(23M) 2.183ms
[4.128s][info][gc] GC(36) Pause Young (Allocation Failure) 18M->12M(23M) 3.499ms
[4.307s][info][gc] GC(37) Pause Young (Allocation Failure) 18M->13M(23M) 2.520ms
[4.421s][info][gc] GC(38) Pause Young (Allocation Failure) 19M->14M(23M) 3.667ms
[4.546s][info][gc] GC(39) Pause Young (Allocation Failure) 20M->15M(23M) 2.867ms
[4.708s][info][gc] GC(40) Pause Young (Allocation Failure) 21M->15M(23M) 2.407ms
[4.828s][info][gc] GC(41) Pause Young (Allocation Failure) 21M->15M(23M) 1.714ms
[4.950s][info][gc] GC(42) Pause Young (Allocation Failure) 22M->15M(23M) 0.986ms
[5.129s][info][gc] GC(43) Pause Young (Allocation Failure) 22M->15M(23M) 1.505ms
[5.243s][info][gc] GC(44) Pause Full (Metadata GC Threshold) 17M->15M(37M) 29.041ms
[5.541s][info][gc] GC(45) Pause Young (Allocation Failure) 26M->16M(37M) 2.944ms
[5.695s][info][gc] GC(46) Pause Young (Allocation Failure) 26M->17M(37M) 2.858ms
[5.910s][info][gc] GC(47) Pause Young (Allocation Failure) 27M->18M(37M) 3.962ms
[6.120s][info][gc] GC(48) Pause Young (Allocation Failure) 28M->19M(37M) 4.441ms
[6.408s][info][gc] GC(49) Pause Young (Allocation Failure) 29M->20M(37M) 3.951ms
[6.716s][info][gc] GC(50) Pause Young (Allocation Failure) 30M->21M(37M) 5.205ms
[8.923s][info][gc] GC(51) Pause Young (Allocation Failure) 32M->24M(37M) 5.425ms
[12.511s][info][gc] GC(52) Pause Young (Allocation Failure) 34M->26M(37M) 5.469ms
[12.614s][info][gc] GC(53) Pause Young (Allocation Failure) 36M->36M(46M) 9.014ms
[12.697s][info][gc] GC(54) Pause Full (Allocation Failure) 36M->35M(84M) 81.798ms
[12.900s][info][gc] GC(55) Pause Young (Allocation Failure) 58M->55M(84M) 87.383ms
[13.018s][info][gc] GC(56) Pause Young (Allocation Failure) 78M->76M(100M) 19.494ms
[13.096s][info][gc] GC(57) Pause Full (Allocation Failure) 76M->75M(179M) 77.615ms
[14.112s][info][gc] GC(58) Pause Young (Allocation Failure) 123M->103M(179M) 101.158ms
[14.807s][info][gc] GC(59) Pause Young (Allocation Failure) 152M->127M(179M) 93.872ms
[15.124s][info][gc] GC(60) Pause Young (Allocation Failure) 177M->155M(204M) 27.587ms
[15.212s][info][gc] GC(61) Pause Full (Allocation Failure) 155M->78M(189M) 86.776ms
[15.510s][info][gc] GC(62) Pause Young (Allocation Failure) 130M->106M(189M) 13.967ms
[15.829s][info][gc] GC(63) Pause Young (Allocation Failure) 159M->128M(189M) 13.355ms
[16.121s][info][gc] GC(64) Pause Young (Allocation Failure) 181M->156M(208M) 26.075ms
[16.211s][info][gc] GC(65) Pause Full (Allocation Failure) 156M->85M(206M) 89.613ms
[16.521s][info][gc] GC(66) Pause Young (Allocation Failure) 142M->118M(206M) 17.191ms
[16.827s][info][gc] GC(67) Pause Young (Allocation Failure) 175M->145M(206M) 14.001ms
[17.040s][info][gc] GC(68) Pause Young (Allocation Failure) 202M->172M(229M) 28.186ms
[17.139s][info][gc] GC(69) Pause Full (Allocation Failure) 172M->86M(210M) 98.613ms
[17.328s][info][gc] GC(70) Pause Young (Allocation Failure) 144M->121M(210M) 12.812ms
[17.714s][info][gc] GC(71) Pause Young (Allocation Failure) 179M->144M(210M) 14.411ms
[18.020s][info][gc] GC(72) Pause Young (Allocation Failure) 202M->181M(239M) 88.946ms
[18.095s][info][gc] GC(73) Pause Full (Allocation Failure) 181M->79M(210M) 75.331ms
[18.527s][info][gc] GC(74) Pause Young (Allocation Failure) 137M->114M(210M) 13.041ms
[18.821s][info][gc] GC(75) Pause Young (Allocation Failure) 172M->138M(210M) 11.690ms
[19.029s][info][gc] GC(76) Pause Young (Allocation Failure) 196M->168M(226M) 19.049ms
[19.122s][info][gc] GC(77) Pause Full (Allocation Failure) 168M->89M(215M) 92.924ms
[19.395s][info][gc] GC(78) Pause Young (Allocation Failure) 148M->119M(215M) 65.477ms
[19.609s][info][gc] GC(79) Pause Young (Allocation Failure) 179M->156M(216M) 75.028ms
[19.673s][info][gc] GC(80) Pause Full (Allocation Failure) 156M->79M(215M) 63.931ms
[19.937s][info][gc] GC(81) Pause Young (Allocation Failure) 138M->108M(215M) 9.550ms
[20.113s][info][gc] GC(82) Pause Young (Allocation Failure) 167M->141M(215M) 77.917ms
[20.433s][info][gc] GC(83) Pause Young (Allocation Failure) 200M->166M(226M) 17.269ms
[20.535s][info][gc] GC(84) Pause Full (Allocation Failure) 166M->84M(215M) 100.867ms
[20.910s][info][gc] GC(85) Pause Young (Allocation Failure) 144M->115M(215M) 12.431ms
[21.099s][info][gc] GC(86) Pause Young (Allocation Failure) 174M->150M(215M) 66.728ms
[21.295s][info][gc] GC(87) Pause Young (Allocation Failure) 210M->186M(246M) 71.765ms
[21.377s][info][gc] GC(88) Pause Full (Allocation Failure) 186M->81M(215M) 81.145ms
[21.609s][info][gc] GC(89) Pause Young (Allocation Failure) 141M->112M(215M) 11.908ms
[21.744s][info][gc] GC(90) Pause Young (Allocation Failure) 172M->149M(215M) 16.795ms
[21.945s][info][gc] GC(91) Pause Young (Allocation Failure) 208M->178M(237M) 22.984ms
[22.047s][info][gc] GC(92) Pause Full (Allocation Failure) 178M->87M(215M) 101.775ms
[22.233s][info][gc] GC(93) Pause Young (Allocation Failure) 146M->116M(215M) 9.994ms
[22.433s][info][gc] GC(94) Pause Young (Allocation Failure) 176M->144M(215M) 12.619ms
[23.118s][info][gc] GC(95) Pause Young (Allocation Failure) 204M->166M(225M) 15.610ms
[23.198s][info][gc] GC(96) Pause Full (Allocation Failure) 166M->84M(215M) 79.145ms
[23.336s][info][gc] GC(97) Pause Young (Allocation Failure) 143M->124M(215M) 13.816ms
[23.527s][info][gc] GC(98) Pause Young (Allocation Failure) 183M->149M(215M) 11.160ms
[23.714s][info][gc] GC(99) Pause Young (Allocation Failure) 208M->179M(238M) 72.207ms
[23.785s][info][gc] GC(100) Pause Full (Allocation Failure) 179M->87M(215M) 70.389ms
[23.930s][info][gc] GC(101) Pause Young (Allocation Failure) 146M->115M(215M) 10.275ms
[24.038s][info][gc] GC(102) Pause Young (Allocation Failure) 174M->145M(215M) 14.134ms
[24.296s][info][gc] GC(103) Pause Young (Allocation Failure) 205M->173M(233M) 78.602ms
[24.359s][info][gc] GC(104) Pause Full (Allocation Failure) 173M->78M(215M) 62.085ms
[24.511s][info][gc] GC(105) Pause Young (Allocation Failure) 137M->110M(215M) 12.453ms
[24.726s][info][gc] GC(106) Pause Young (Allocation Failure) 169M->130M(215M) 11.975ms
[24.831s][info][gc] GC(107) Pause Young (Allocation Failure) 190M->159M(219M) 13.976ms
[24.946s][info][gc] GC(108) Pause Full (Allocation Failure) 159M->86M(215M) 113.924ms
[25.108s][info][gc] GC(109) Pause Young (Allocation Failure) 145M->117M(215M) 12.038ms
[25.354s][info][gc] GC(110) Pause Young (Allocation Failure) 176M->139M(215M) 22.867ms
[25.554s][info][gc] GC(111) Pause Young (Allocation Failure) 198M->165M(225M) 18.012ms
[25.630s][info][gc] GC(112) Pause Full (Allocation Failure) 165M->84M(215M) 76.433ms
[25.755s][info][gc] GC(113) Pause Young (Allocation Failure) 144M->123M(215M) 12.521ms
[25.963s][info][gc] GC(114) Pause Young (Allocation Failure) 183M->151M(215M) 10.993ms
[26.143s][info][gc] GC(115) Pause Young (Allocation Failure) 210M->178M(238M) 27.093ms
[26.201s][info][gc] GC(116) Pause Full (Allocation Failure) 178M->84M(215M) 57.471ms
[26.332s][info][gc] GC(117) Pause Young (Allocation Failure) 144M->114M(215M) 11.056ms
[26.573s][info][gc] GC(118) Pause Young (Allocation Failure) 174M->126M(215M) 13.355ms
[26.780s][info][gc] GC(119) Pause Young (Allocation Failure) 185M->136M(215M) 8.960ms
[26.956s][info][gc] GC(120) Pause Young (Allocation Failure) 196M->149M(215M) 7.825ms
[27.063s][info][gc] GC(121) Pause Young (Allocation Failure) 209M->177M(236M) 18.267ms
[27.122s][info][gc] GC(122) Pause Full (Allocation Failure) 177M->77M(215M) 58.953ms
[27.225s][info][gc] GC(123) Pause Young (Allocation Failure) 137M->108M(215M) 12.181ms
[27.408s][info][gc] GC(124) Pause Young (Allocation Failure) 168M->122M(215M) 8.284ms
[27.491s][info][gc] GC(125) Pause Young (Allocation Failure) 182M->146M(215M) 10.895ms
[27.630s][info][gc] GC(126) Pause Young (Allocation Failure) 206M->169M(228M) 18.975ms
[27.705s][info][gc] GC(127) Pause Full (Allocation Failure) 169M->78M(215M) 73.927ms
[27.924s][info][gc] GC(128) Pause Young (Allocation Failure) 138M->115M(215M) 13.273ms
[28.140s][info][gc] GC(129) Pause Young (Allocation Failure) 175M->153M(215M) 17.137ms
[28.343s][info][gc] GC(130) Pause Young (Allocation Failure) 213M->184M(244M) 28.216ms
[28.420s][info][gc] GC(131) Pause Full (Allocation Failure) 184M->84M(215M) 76.706ms
[28.547s][info][gc] GC(132) Pause Young (Allocation Failure) 143M->114M(215M) 11.566ms
[28.705s][info][gc] GC(133) Pause Young (Allocation Failure) 174M->126M(215M) 10.727ms
[28.905s][info][gc] GC(134) Pause Young (Allocation Failure) 186M->138M(215M) 10.797ms
[29.119s][info][gc] GC(135) Pause Young (Allocation Failure) 197M->149M(215M) 8.417ms
[29.268s][info][gc] GC(136) Pause Young (Allocation Failure) 209M->160M(220M) 10.758ms
[29.329s][info][gc] GC(137) Pause Full (Allocation Failure) 160M->85M(215M) 60.666ms
[29.430s][info][gc] GC(138) Pause Young (Allocation Failure) 144M->116M(215M) 14.133ms
[29.613s][info][gc] GC(139) Pause Young (Allocation Failure) 175M->131M(215M) 11.611ms
[29.844s][info][gc] GC(140) Pause Young (Allocation Failure) 191M->147M(215M) 11.340ms
[30.038s][info][gc] GC(141) Pause Young (Allocation Failure) 206M->156M(216M) 9.385ms
[30.100s][info][gc] GC(142) Pause Full (Allocation Failure) 156M->77M(215M) 61.235ms
[30.204s][info][gc] GC(143) Pause Young (Allocation Failure) 137M->107M(215M) 11.369ms
[30.372s][info][gc] GC(144) Pause Young (Allocation Failure) 167M->136M(215M) 14.808ms
[30.488s][info][gc] GC(145) Pause Young (Allocation Failure) 196M->164M(224M) 19.219ms
[30.558s][info][gc] GC(146) Pause Full (Allocation Failure) 164M->85M(215M) 69.171ms
[30.653s][info][gc] GC(147) Pause Young (Allocation Failure) 144M->116M(215M) 11.847ms
[30.836s][info][gc] GC(148) Pause Young (Allocation Failure) 175M->131M(215M) 10.645ms
[31.039s][info][gc] GC(149) Pause Young (Allocation Failure) 190M->144M(215M) 9.210ms
[31.176s][info][gc] GC(150) Pause Young (Allocation Failure) 203M->170M(230M) 17.014ms
[31.232s][info][gc] GC(151) Pause Full (Allocation Failure) 170M->85M(215M) 55.860ms
[31.377s][info][gc] GC(152) Pause Young (Allocation Failure) 145M->108M(215M) 10.572ms
[31.542s][info][gc] GC(153) Pause Young (Allocation Failure) 167M->135M(215M) 14.138ms
[31.743s][info][gc] GC(154) Pause Young (Allocation Failure) 194M->161M(221M) 13.651ms
[31.809s][info][gc] GC(155) Pause Full (Allocation Failure) 161M->82M(215M) 66.248ms
[31.945s][info][gc] GC(156) Pause Young (Allocation Failure) 142M->114M(215M) 14.070ms
[32.111s][info][gc] GC(157) Pause Young (Allocation Failure) 174M->144M(215M) 13.956ms
[32.264s][info][gc] GC(158) Pause Young (Allocation Failure) 203M->172M(231M) 17.942ms
[32.338s][info][gc] GC(159) Pause Full (Allocation Failure) 172M->77M(215M) 73.756ms
[32.440s][info][gc] GC(160) Pause Young (Allocation Failure) 136M->108M(215M) 13.691ms
[32.624s][info][gc] GC(161) Pause Young (Allocation Failure) 167M->123M(215M) 10.783ms
[32.855s][info][gc] GC(162) Pause Young (Allocation Failure) 183M->138M(215M) 11.417ms
[33.051s][info][gc] GC(163) Pause Young (Allocation Failure) 197M->146M(215M) 8.803ms
[33.239s][info][gc] GC(164) Pause Young (Allocation Failure) 205M->150M(215M) 6.696ms
[33.484s][info][gc] GC(165) Pause Young (Allocation Failure) 210M->155M(215M) 7.148ms
[33.684s][info][gc] GC(166) Pause Young (Allocation Failure) 215M->165M(224M) 13.329ms
[33.744s][info][gc] GC(167) Pause Full (Allocation Failure) 165M->85M(215M) 60.272ms
[33.868s][info][gc] GC(168) Pause Young (Allocation Failure) 144M->115M(215M) 11.505ms
[34.008s][info][gc] GC(169) Pause Young (Allocation Failure) 174M->137M(215M) 11.267ms
[34.182s][info][gc] GC(170) Pause Young (Allocation Failure) 196M->166M(225M) 17.547ms
[34.245s][info][gc] GC(171) Pause Full (Allocation Failure) 166M->82M(215M) 62.644ms
[34.411s][info][gc] GC(172) Pause Young (Allocation Failure) 142M->112M(215M) 11.488ms
[34.617s][info][gc] GC(173) Pause Young (Allocation Failure) 171M->138M(215M) 11.432ms
[34.754s][info][gc] GC(174) Pause Young (Allocation Failure) 198M->166M(225M) 14.573ms
[34.805s][info][gc] GC(175) Pause Full (Allocation Failure) 166M->82M(215M) 51.287ms
[34.962s][info][gc] GC(176) Pause Young (Allocation Failure) 142M->116M(215M) 11.802ms
[35.082s][info][gc] GC(177) Pause Young (Allocation Failure) 176M->145M(215M) 13.568ms
[35.217s][info][gc] GC(178) Pause Young (Allocation Failure) 204M->172M(232M) 19.730ms
[35.276s][info][gc] GC(179) Pause Full (Allocation Failure) 172M->77M(215M) 58.572ms
[35.386s][info][gc] GC(180) Pause Young (Allocation Failure) 136M->108M(215M) 12.537ms
[35.567s][info][gc] GC(181) Pause Young (Allocation Failure) 167M->127M(215M) 12.501ms
[35.798s][info][gc] GC(182) Pause Young (Allocation Failure) 186M->147M(215M) 12.715ms
[35.994s][info][gc] GC(183) Pause Young (Allocation Failure) 206M->158M(217M) 11.483ms
[36.057s][info][gc] GC(184) Pause Full (Allocation Failure) 158M->83M(215M) 62.797ms
[36.160s][info][gc] GC(185) Pause Young (Allocation Failure) 142M->113M(215M) 11.998ms
[36.297s][info][gc] GC(186) Pause Young (Allocation Failure) 172M->140M(215M) 14.316ms
[36.430s][info][gc] GC(187) Pause Young (Allocation Failure) 200M->170M(229M) 22.150ms
[36.497s][info][gc] GC(188) Pause Full (Allocation Failure) 170M->83M(215M) 66.198ms
[36.600s][info][gc] GC(189) Pause Young (Allocation Failure) 143M->113M(215M) 11.813ms
[36.732s][info][gc] GC(190) Pause Young (Allocation Failure) 172M->141M(215M) 13.103ms
[36.877s][info][gc] GC(191) Pause Young (Allocation Failure) 200M->168M(228M) 18.000ms
[36.941s][info][gc] GC(192) Pause Full (Allocation Failure) 168M->84M(215M) 63.516ms
[37.067s][info][gc] GC(193) Pause Young (Allocation Failure) 144M->114M(215M) 11.917ms
[37.276s][info][gc] GC(194) Pause Young (Allocation Failure) 173M->127M(215M) 11.144ms
[37.583s][info][gc] GC(195) Pause Young (Allocation Failure) 187M->129M(215M) 7.763ms
[37.900s][info][gc] GC(196) Pause Young (Allocation Failure) 188M->129M(215M) 5.921ms
[38.230s][info][gc] GC(197) Pause Young (Allocation Failure) 188M->128M(215M) 5.487ms
[38.489s][info][gc] GC(198) Pause Young (Allocation Failure) 188M->138M(215M) 8.562ms
[38.691s][info][gc] GC(199) Pause Young (Allocation Failure) 198M->146M(215M) 8.327ms
[38.837s][info][gc] GC(200) Pause Young (Allocation Failure) 205M->169M(229M) 22.302ms
[38.910s][info][gc] GC(201) Pause Full (Allocation Failure) 169M->78M(215M) 72.688ms
[39.017s][info][gc] GC(202) Pause Young (Allocation Failure) 137M->108M(215M) 12.914ms
[39.151s][info][gc] GC(203) Pause Young (Allocation Failure) 167M->132M(215M) 13.837ms
[39.300s][info][gc] GC(204) Pause Young (Allocation Failure) 191M->159M(219M) 16.269ms
[39.361s][info][gc] GC(205) Pause Full (Allocation Failure) 159M->78M(215M) 60.535ms
[39.485s][info][gc] GC(206) Pause Young (Allocation Failure) 138M->108M(215M) 11.299ms
[39.658s][info][gc] GC(207) Pause Young (Allocation Failure) 168M->122M(215M) 11.112ms
[39.843s][info][gc] GC(208) Pause Young (Allocation Failure) 181M->133M(215M) 11.084ms
[40.028s][info][gc] GC(209) Pause Young (Allocation Failure) 193M->144M(215M) 9.277ms
[40.212s][info][gc] GC(210) Pause Young (Allocation Failure) 203M->153M(215M) 8.914ms
[40.379s][info][gc] GC(211) Pause Young (Allocation Failure) 212M->177M(236M) 22.263ms
[40.442s][info][gc] GC(212) Pause Full (Allocation Failure) 177M->84M(215M) 62.739ms
[40.565s][info][gc] GC(213) Pause Young (Allocation Failure) 144M->114M(215M) 12.526ms
[40.739s][info][gc] GC(214) Pause Young (Allocation Failure) 174M->142M(215M) 13.494ms
[40.885s][info][gc] GC(215) Pause Young (Allocation Failure) 202M->170M(230M) 16.405ms
[40.942s][info][gc] GC(216) Pause Full (Allocation Failure) 170M->85M(215M) 56.864ms
[41.066s][info][gc] GC(217) Pause Young (Allocation Failure) 144M->115M(215M) 11.068ms
[41.249s][info][gc] GC(218) Pause Young (Allocation Failure) 174M->129M(215M) 10.282ms
[41.489s][info][gc] GC(219) Pause Young (Allocation Failure) 188M->136M(215M) 14.251ms
[41.605s][info][gc] GC(220) Pause Young (Allocation Failure) 195M->158M(218M) 12.405ms
[41.665s][info][gc] GC(221) Pause Full (Allocation Failure) 158M->77M(215M) 59.747ms
[41.763s][info][gc] GC(222) Pause Young (Allocation Failure) 137M->108M(215M) 11.999ms
[41.950s][info][gc] GC(223) Pause Young (Allocation Failure) 167M->124M(215M) 10.033ms
[42.044s][info][gc] GC(224) Pause Young (Allocation Failure) 183M->151M(215M) 13.454ms
[42.185s][info][gc] GC(225) Pause Young (Allocation Failure) 210M->178M(238M) 21.923ms
[42.242s][info][gc] GC(226) Pause Full (Allocation Failure) 178M->77M(215M) 57.208ms
[42.363s][info][gc] GC(227) Pause Young (Allocation Failure) 136M->108M(215M) 12.735ms
[42.522s][info][gc] GC(228) Pause Young (Allocation Failure) 168M->131M(215M) 13.365ms
[42.667s][info][gc] GC(229) Pause Young (Allocation Failure) 190M->146M(215M) 10.037ms
[42.805s][info][gc] GC(230) Pause Young (Allocation Failure) 206M->173M(233M) 17.033ms
[42.866s][info][gc] GC(231) Pause Full (Allocation Failure) 173M->84M(215M) 60.820ms
[42.988s][info][gc] GC(232) Pause Young (Allocation Failure) 144M->114M(215M) 12.123ms
[43.176s][info][gc] GC(233) Pause Young (Allocation Failure) 173M->125M(215M) 9.454ms
[43.266s][info][gc] GC(234) Pause Young (Allocation Failure) 185M->149M(215M) 12.657ms
[43.415s][info][gc] GC(235) Pause Young (Allocation Failure) 209M->177M(237M) 23.702ms
[43.479s][info][gc] GC(236) Pause Full (Allocation Failure) 177M->83M(215M) 63.384ms
[43.599s][info][gc] GC(237) Pause Young (Allocation Failure) 142M->114M(215M) 11.913ms
[43.785s][info][gc] GC(238) Pause Young (Allocation Failure) 173M->127M(215M) 9.051ms
[43.956s][info][gc] GC(239) Pause Young (Allocation Failure) 186M->150M(215M) 10.775ms
[44.058s][info][gc] GC(240) Pause Young (Allocation Failure) 210M->179M(239M) 19.761ms
[44.139s][info][gc] GC(241) Pause Full (Allocation Failure) 179M->78M(215M) 80.961ms
[44.284s][info][gc] GC(242) Pause Young (Allocation Failure) 137M->108M(215M) 13.983ms
[44.468s][info][gc] GC(243) Pause Young (Allocation Failure) 167M->134M(215M) 11.898ms
[44.562s][info][gc] GC(244) Pause Young (Allocation Failure) 193M->164M(223M) 16.026ms
[44.622s][info][gc] GC(245) Pause Full (Allocation Failure) 164M->78M(215M) 58.951ms
[44.727s][info][gc] GC(246) Pause Young (Allocation Failure) 138M->108M(215M) 11.879ms
[44.858s][info][gc] GC(247) Pause Young (Allocation Failure) 168M->135M(215M) 14.257ms
[45.056s][info][gc] GC(248) Pause Young (Allocation Failure) 195M->145M(215M) 9.474ms
[45.236s][info][gc] GC(249) Pause Young (Allocation Failure) 205M->164M(224M) 17.314ms
[45.297s][info][gc] GC(250) Pause Full (Allocation Failure) 164M->86M(215M) 60.729ms
[45.398s][info][gc] GC(251) Pause Young (Allocation Failure) 145M->111M(215M) 11.889ms
[45.530s][info][gc] GC(252) Pause Young (Allocation Failure) 170M->131M(215M) 12.730ms
[45.663s][info][gc] GC(253) Pause Young (Allocation Failure) 191M->159M(219M) 15.854ms
[45.720s][info][gc] GC(254) Pause Full (Allocation Failure) 159M->83M(215M) 56.331ms
[45.842s][info][gc] GC(255) Pause Young (Allocation Failure) 142M->113M(215M) 12.368ms
[45.998s][info][gc] GC(256) Pause Young (Allocation Failure) 173M->127M(215M) 10.867ms
[46.178s][info][gc] GC(257) Pause Young (Allocation Failure) 187M->140M(215M) 10.279ms
[46.361s][info][gc] GC(258) Pause Young (Allocation Failure) 199M->152M(215M) 9.972ms
[46.546s][info][gc] GC(259) Pause Young (Allocation Failure) 212M->164M(224M) 13.662ms
[46.605s][info][gc] GC(260) Pause Full (Allocation Failure) 164M->78M(215M) 59.318ms
[46.709s][info][gc] GC(261) Pause Young (Allocation Failure) 137M->108M(215M) 11.548ms
[46.860s][info][gc] GC(262) Pause Young (Allocation Failure) 167M->128M(215M) 11.172ms
[47.029s][info][gc] GC(263) Pause Young (Allocation Failure) 188M->155M(215M) 12.492ms
[47.157s][info][gc] GC(264) Pause Young (Allocation Failure) 214M->184M(243M) 26.604ms
[47.225s][info][gc] GC(265) Pause Full (Allocation Failure) 184M->87M(215M) 67.832ms
[47.337s][info][gc] GC(266) Pause Young (Allocation Failure) 146M->117M(215M) 12.470ms
[47.473s][info][gc] GC(267) Pause Young (Allocation Failure) 176M->143M(215M) 15.902ms
[47.609s][info][gc] GC(268) Pause Young (Allocation Failure) 202M->168M(228M) 17.038ms
[47.671s][info][gc] GC(269) Pause Full (Allocation Failure) 168M->85M(215M) 62.273ms
[47.775s][info][gc] GC(270) Pause Young (Allocation Failure) 145M->116M(215M) 12.845ms
[47.966s][info][gc] GC(271) Pause Young (Allocation Failure) 176M->130M(215M) 11.077ms
[48.100s][info][gc] GC(272) Pause Young (Allocation Failure) 189M->155M(215M) 12.211ms
[48.164s][info][gc] GC(273) Pause Full (Allocation Failure) 155M->85M(215M) 63.592ms
[48.320s][info][gc] GC(274) Pause Young (Allocation Failure) 144M->114M(215M) 12.859ms
[48.510s][info][gc] GC(275) Pause Young (Allocation Failure) 173M->124M(215M) 8.916ms
[48.699s][info][gc] GC(276) Pause Young (Allocation Failure) 183M->128M(215M) 6.700ms
[48.885s][info][gc] GC(277) Pause Young (Allocation Failure) 187M->133M(215M) 7.522ms
[49.078s][info][gc] GC(278) Pause Young (Allocation Failure) 193M->140M(215M) 7.050ms
[49.292s][info][gc] GC(279) Pause Young (Allocation Failure) 199M->144M(215M) 6.783ms
[49.467s][info][gc] GC(280) Pause Young (Allocation Failure) 204M->166M(225M) 16.433ms
[49.524s][info][gc] GC(281) Pause Full (Allocation Failure) 166M->76M(215M) 57.245ms
[49.664s][info][gc] GC(282) Pause Young (Allocation Failure) 135M->109M(215M) 16.277ms
[49.821s][info][gc] GC(283) Pause Young (Allocation Failure) 169M->144M(215M) 14.771ms
[50.020s][info][gc] GC(284) Pause Young (Allocation Failure) 204M->174M(234M) 22.220ms
[50.080s][info][gc] GC(285) Pause Full (Allocation Failure) 174M->85M(215M) 60.100ms
[50.227s][info][gc] GC(286) Pause Young (Allocation Failure) 144M->115M(215M) 12.767ms
[50.395s][info][gc] GC(287) Pause Young (Allocation Failure) 175M->130M(215M) 11.195ms
[50.552s][info][gc] GC(288) Pause Young (Allocation Failure) 189M->156M(216M) 13.472ms
[50.607s][info][gc] GC(289) Pause Full (Allocation Failure) 156M->84M(215M) 55.544ms
[50.737s][info][gc] GC(290) Pause Young (Allocation Failure) 143M->114M(215M) 11.527ms
[50.959s][info][gc] GC(291) Pause Young (Allocation Failure) 174M->124M(215M) 10.801ms
[51.164s][info][gc] GC(292) Pause Young (Allocation Failure) 184M->133M(215M) 9.462ms
[51.438s][info][gc] GC(293) Pause Young (Allocation Failure) 192M->140M(215M) 9.421ms
[51.634s][info][gc] GC(294) Pause Young (Allocation Failure) 199M->146M(215M) 7.203ms
[51.738s][info][gc] GC(295) Pause Young (Allocation Failure) 205M->168M(228M) 18.245ms
[51.798s][info][gc] GC(296) Pause Full (Allocation Failure) 168M->85M(215M) 60.067ms
[51.898s][info][gc] GC(297) Pause Young (Allocation Failure) 144M->116M(215M) 14.480ms
[52.080s][info][gc] GC(298) Pause Young (Allocation Failure) 175M->132M(215M) 10.021ms
[52.253s][info][gc] GC(299) Pause Young (Allocation Failure) 191M->159M(219M) 14.119ms
[52.320s][info][gc] GC(300) Pause Full (Allocation Failure) 159M->78M(215M) 66.031ms
[52.461s][info][gc] GC(301) Pause Young (Allocation Failure) 137M->107M(215M) 11.908ms
[52.590s][info][gc] GC(302) Pause Young (Allocation Failure) 167M->135M(215M) 13.264ms
[52.733s][info][gc] GC(303) Pause Young (Allocation Failure) 195M->163M(223M) 14.558ms
[52.794s][info][gc] GC(304) Pause Full (Allocation Failure) 163M->85M(215M) 61.317ms
[52.914s][info][gc] GC(305) Pause Young (Allocation Failure) 144M->115M(215M) 11.798ms
[53.078s][info][gc] GC(306) Pause Young (Allocation Failure) 175M->129M(215M) 10.841ms
[53.258s][info][gc] GC(307) Pause Young (Allocation Failure) 189M->141M(215M) 10.071ms
[53.443s][info][gc] GC(308) Pause Young (Allocation Failure) 201M->153M(215M) 9.123ms
[53.643s][info][gc] GC(309) Pause Young (Allocation Failure) 212M->164M(223M) 11.046ms
[53.699s][info][gc] GC(310) Pause Full (Allocation Failure) 164M->85M(215M) 55.678ms
[53.849s][info][gc] GC(311) Pause Young (Allocation Failure) 144M->109M(215M) 9.526ms
[53.991s][info][gc] GC(312) Pause Young (Allocation Failure) 168M->122M(215M) 9.621ms
[54.172s][info][gc] GC(313) Pause Young (Allocation Failure) 182M->133M(215M) 9.695ms
[54.353s][info][gc] GC(314) Pause Young (Allocation Failure) 192M->144M(215M) 9.118ms
[54.535s][info][gc] GC(315) Pause Young (Allocation Failure) 204M->155M(215M) 8.941ms
[54.596s][info][gc] GC(316) Pause Full (Allocation Failure) 155M->85M(215M) 60.613ms
[54.708s][info][gc] GC(317) Pause Young (Allocation Failure) 145M->116M(215M) 11.876ms
[54.840s][info][gc] GC(318) Pause Young (Allocation Failure) 175M->137M(215M) 12.409ms
[54.975s][info][gc] GC(319) Pause Young (Allocation Failure) 197M->163M(222M) 16.487ms
[55.032s][info][gc] GC(320) Pause Full (Allocation Failure) 163M->77M(215M) 57.156ms
[55.132s][info][gc] GC(321) Pause Young (Allocation Failure) 137M->108M(215M) 11.931ms
[55.403s][info][gc] GC(322) Pause Young (Allocation Failure) 167M->122M(215M) 9.452ms
[55.539s][info][gc] GC(323) Pause Young (Allocation Failure) 181M->147M(215M) 12.074ms
[55.772s][info][gc] GC(324) Pause Young (Allocation Failure) 207M->159M(218M) 10.556ms
[55.831s][info][gc] GC(325) Pause Full (Allocation Failure) 159M->83M(215M) 58.391ms
[55.999s][info][gc] GC(326) Pause Young (Allocation Failure) 143M->113M(215M) 25.499ms
[56.205s][info][gc] GC(327) Pause Young (Allocation Failure) 172M->139M(215M) 13.528ms
[56.317s][info][gc] GC(328) Pause Young (Allocation Failure) 199M->168M(228M) 18.561ms
[56.374s][info][gc] GC(329) Pause Full (Allocation Failure) 168M->85M(215M) 57.322ms
[56.528s][info][gc] GC(330) Pause Young (Allocation Failure) 145M->104M(215M) 9.445ms
[56.624s][info][gc] GC(331) Pause Young (Allocation Failure) 164M->131M(215M) 14.353ms
[56.758s][info][gc] GC(332) Pause Young (Allocation Failure) 190M->158M(218M) 14.757ms
[56.817s][info][gc] GC(333) Pause Full (Allocation Failure) 158M->84M(215M) 59.268ms
[56.915s][info][gc] GC(334) Pause Young (Allocation Failure) 144M->119M(215M) 13.507ms
[57.063s][info][gc] GC(335) Pause Young (Allocation Failure) 178M->147M(215M) 15.194ms
[57.203s][info][gc] GC(336) Pause Young (Allocation Failure) 207M->174M(234M) 25.218ms
[57.267s][info][gc] GC(337) Pause Full (Allocation Failure) 174M->78M(215M) 63.896ms
[57.405s][info][gc] GC(338) Pause Young (Allocation Failure) 137M->109M(215M) 13.861ms
[57.509s][info][gc] GC(339) Pause Young (Allocation Failure) 168M->131M(215M) 12.079ms
[57.644s][info][gc] GC(340) Pause Young (Allocation Failure) 190M->158M(218M) 15.096ms
[57.703s][info][gc] GC(341) Pause Full (Allocation Failure) 158M->85M(215M) 58.412ms
[57.824s][info][gc] GC(342) Pause Young (Allocation Failure) 144M->115M(215M) 13.480ms
[57.982s][info][gc] GC(343) Pause Young (Allocation Failure) 175M->129M(215M) 10.536ms
[58.163s][info][gc] GC(344) Pause Young (Allocation Failure) 189M->142M(215M) 9.751ms
[58.370s][info][gc] GC(345) Pause Young (Allocation Failure) 202M->154M(215M) 8.481ms
[58.617s][info][gc] GC(346) Pause Young (Allocation Failure) 213M->177M(237M) 36.690ms
[58.670s][info][gc] GC(347) Pause Full (Allocation Failure) 177M->84M(215M) 52.544ms
[58.799s][info][gc] GC(348) Pause Young (Allocation Failure) 143M->113M(215M) 10.205ms
[59.046s][info][gc] GC(349) Pause Young (Allocation Failure) 173M->141M(215M) 15.205ms
[59.165s][info][gc] GC(350) Pause Young (Allocation Failure) 200M->169M(229M) 16.497ms
[59.246s][info][gc] GC(351) Pause Full (Allocation Failure) 169M->85M(215M) 79.991ms
[59.347s][info][gc] GC(352) Pause Young (Allocation Failure) 145M->116M(215M) 12.360ms
[59.540s][info][gc] GC(353) Pause Young (Allocation Failure) 176M->131M(215M) 10.214ms
[59.676s][info][gc] GC(354) Pause Young (Allocation Failure) 190M->157M(216M) 13.507ms
[59.743s][info][gc] GC(355) Pause Full (Allocation Failure) 157M->78M(215M) 67.069ms
[59.842s][info][gc] GC(356) Pause Young (Allocation Failure) 137M->107M(215M) 12.115ms
[60.024s][info][gc] GC(357) Pause Young (Allocation Failure) 166M->124M(215M) 14.961ms
[60.126s][info][gc] GC(358) Pause Young (Allocation Failure) 184M->152M(215M) 14.173ms
[60.269s][info][gc] GC(359) Pause Young (Allocation Failure) 211M->181M(240M) 28.010ms
[60.331s][info][gc] GC(360) Pause Full (Allocation Failure) 181M->78M(215M) 61.411ms
[60.435s][info][gc] GC(361) Pause Young (Allocation Failure) 138M->108M(215M) 11.485ms
[60.576s][info][gc] GC(362) Pause Young (Allocation Failure) 168M->135M(215M) 13.200ms
[60.714s][info][gc] GC(363) Pause Young (Allocation Failure) 195M->164M(224M) 16.513ms
[60.777s][info][gc] GC(364) Pause Full (Allocation Failure) 164M->84M(215M) 61.992ms
[60.884s][info][gc] GC(365) Pause Young (Allocation Failure) 144M->114M(215M) 11.950ms
[61.045s][info][gc] GC(366) Pause Young (Allocation Failure) 174M->138M(215M) 13.433ms
[61.257s][info][gc] GC(367) Pause Young (Allocation Failure) 198M->159M(219M) 17.080ms
[61.327s][info][gc] GC(368) Pause Full (Allocation Failure) 159M->84M(215M) 69.727ms
[61.449s][info][gc] GC(369) Pause Young (Allocation Failure) 143M->114M(215M) 11.366ms
[61.609s][info][gc] GC(370) Pause Young (Allocation Failure) 173M->127M(215M) 10.419ms
[61.792s][info][gc] GC(371) Pause Young (Allocation Failure) 187M->139M(215M) 10.179ms
[61.990s][info][gc] GC(372) Pause Young (Allocation Failure) 199M->150M(215M) 8.145ms
[62.135s][info][gc] GC(373) Pause Young (Allocation Failure) 209M->171M(231M) 15.825ms
[62.195s][info][gc] GC(374) Pause Full (Allocation Failure) 171M->76M(215M) 59.800ms
[62.367s][info][gc] GC(375) Pause Young (Allocation Failure) 136M->104M(215M) 10.686ms
[62.458s][info][gc] GC(376) Pause Young (Allocation Failure) 163M->133M(215M) 12.938ms
[62.600s][info][gc] GC(377) Pause Young (Allocation Failure) 193M->161M(220M) 14.947ms
[62.660s][info][gc] GC(378) Pause Full (Allocation Failure) 161M->84M(215M) 60.322ms
[62.783s][info][gc] GC(379) Pause Young (Allocation Failure) 144M->114M(215M) 11.327ms
[62.946s][info][gc] GC(380) Pause Young (Allocation Failure) 174M->129M(215M) 11.373ms
[63.131s][info][gc] GC(381) Pause Young (Allocation Failure) 188M->141M(215M) 10.253ms
[63.331s][info][gc] GC(382) Pause Young (Allocation Failure) 201M->159M(218M) 12.457ms
[63.390s][info][gc] GC(383) Pause Full (Allocation Failure) 159M->85M(215M) 58.042ms
[63.535s][info][gc] GC(384) Pause Young (Allocation Failure) 145M->107M(215M) 8.584ms
[63.679s][info][gc] GC(385) Pause Young (Allocation Failure) 166M->124M(215M) 10.327ms
[63.871s][info][gc] GC(386) Pause Young (Allocation Failure) 183M->144M(215M) 11.654ms
[64.094s][info][gc] GC(387) Pause Young (Allocation Failure) 203M->154M(215M) 9.257ms
[64.290s][info][gc] GC(388) Pause Young (Allocation Failure) 213M->160M(220M) 8.671ms
[64.346s][info][gc] GC(389) Pause Full (Allocation Failure) 160M->82M(215M) 55.465ms
[64.510s][info][gc] GC(390) Pause Young (Allocation Failure) 142M->118M(215M) 12.108ms
[64.712s][info][gc] GC(391) Pause Young (Allocation Failure) 178M->148M(215M) 13.413ms
[64.893s][info][gc] GC(392) Pause Young (Allocation Failure) 207M->175M(235M) 20.874ms
[64.947s][info][gc] GC(393) Pause Full (Allocation Failure) 175M->76M(215M) 53.609ms
[65.038s][info][gc] GC(394) Pause Young (Allocation Failure) 135M->106M(215M) 10.534ms
[65.195s][info][gc] GC(395) Pause Young (Allocation Failure) 165M->133M(215M) 12.269ms
[65.334s][info][gc] GC(396) Pause Young (Allocation Failure) 192M->162M(221M) 16.616ms
[65.390s][info][gc] GC(397) Pause Full (Allocation Failure) 162M->83M(215M) 55.321ms
[65.549s][info][gc] GC(398) Pause Young (Allocation Failure) 142M->111M(215M) 19.726ms
[65.663s][info][gc] GC(399) Pause Young (Allocation Failure) 171M->141M(215M) 14.613ms
[65.845s][info][gc] GC(400) Pause Young (Allocation Failure) 200M->155M(215M) 10.844ms
[66.029s][info][gc] GC(401) Pause Young (Allocation Failure) 214M->169M(229M) 15.079ms
[66.090s][info][gc] GC(402) Pause Full (Allocation Failure) 169M->83M(215M) 60.520ms
[66.197s][info][gc] GC(403) Pause Young (Allocation Failure) 143M->113M(215M) 11.818ms
[66.330s][info][gc] GC(404) Pause Young (Allocation Failure) 172M->139M(215M) 13.880ms
[66.506s][info][gc] GC(405) Pause Young (Allocation Failure) 198M->154M(215M) 10.483ms
[66.745s][info][gc] GC(406) Pause Young (Allocation Failure) 214M->168M(228M) 13.902ms
[66.803s][info][gc] GC(407) Pause Full (Allocation Failure) 168M->79M(215M) 58.108ms
[66.956s][info][gc] GC(408) Pause Young (Allocation Failure) 139M->105M(215M) 10.141ms
[67.222s][info][gc] GC(409) Pause Young (Allocation Failure) 164M->116M(215M) 9.777ms
[67.468s][info][gc] GC(410) Pause Young (Allocation Failure) 176M->120M(215M) 8.096ms
[67.640s][info][gc] GC(411) Pause Young (Allocation Failure) 179M->135M(215M) 9.497ms
[67.736s][info][gc] GC(412) Pause Young (Allocation Failure) 194M->163M(223M) 15.366ms
[67.800s][info][gc] GC(413) Pause Full (Allocation Failure) 163M->77M(215M) 63.985ms
[67.899s][info][gc] GC(414) Pause Young (Allocation Failure) 137M->108M(215M) 12.607ms
[68.077s][info][gc] GC(415) Pause Young (Allocation Failure) 168M->124M(215M) 10.271ms
[68.173s][info][gc] GC(416) Pause Young (Allocation Failure) 183M->151M(215M) 12.691ms
[68.327s][info][gc] GC(417) Pause Young (Allocation Failure) 211M->178M(237M) 22.879ms
[68.383s][info][gc] GC(418) Pause Full (Allocation Failure) 178M->84M(215M) 55.823ms
[68.515s][info][gc] GC(419) Pause Young (Allocation Failure) 143M->114M(215M) 11.670ms
[68.744s][info][gc] GC(420) Pause Young (Allocation Failure) 174M->125M(215M) 10.282ms
[68.932s][info][gc] GC(421) Pause Young (Allocation Failure) 185M->133M(215M) 8.642ms
[69.118s][info][gc] GC(422) Pause Young (Allocation Failure) 192M->140M(215M) 7.461ms
[69.300s][info][gc] GC(423) Pause Young (Allocation Failure) 199M->144M(215M) 7.882ms
[69.483s][info][gc] GC(424) Pause Young (Allocation Failure) 204M->149M(215M) 7.409ms
[69.694s][info][gc] GC(425) Pause Young (Allocation Failure) 209M->155M(215M) 7.435ms
[69.867s][info][gc] GC(426) Pause Young (Allocation Failure) 214M->178M(237M) 20.858ms
[69.945s][info][gc] GC(427) Pause Full (Allocation Failure) 178M->86M(215M) 77.005ms
[70.101s][info][gc] GC(428) Pause Young (Allocation Failure) 146M->116M(215M) 22.752ms
[70.214s][info][gc] GC(429) Pause Young (Allocation Failure) 176M->145M(215M) 14.853ms
[70.401s][info][gc] GC(430) Pause Young (Allocation Failure) 205M->159M(219M) 12.683ms
[70.462s][info][gc] GC(431) Pause Full (Allocation Failure) 159M->79M(215M) 61.431ms
[70.576s][info][gc] GC(432) Pause Young (Allocation Failure) 138M->109M(215M) 14.361ms
[70.752s][info][gc] GC(433) Pause Young (Allocation Failure) 168M->128M(215M) 11.252ms
[70.949s][info][gc] GC(434) Pause Young (Allocation Failure) 187M->143M(215M) 11.600ms
[71.135s][info][gc] GC(435) Pause Young (Allocation Failure) 202M->158M(217M) 9.612ms
[71.189s][info][gc] GC(436) Pause Full (Allocation Failure) 158M->75M(215M) 51.906ms
[71.275s][info][gc] GC(437) Pause Young (Allocation Failure) 135M->105M(215M) 9.961ms
[71.418s][info][gc] GC(438) Pause Young (Allocation Failure) 164M->135M(215M) 16.384ms
[71.591s][info][gc] GC(439) Pause Young (Allocation Failure) 195M->167M(226M) 17.589ms
[71.646s][info][gc] GC(440) Pause Full (Allocation Failure) 167M->74M(215M) 54.766ms
[71.813s][info][gc] GC(441) Pause Young (Allocation Failure) 134M->117M(215M) 14.097ms
[72.003s][info][gc] GC(442) Pause Young (Allocation Failure) 177M->147M(215M) 12.922ms
[72.251s][info][gc] GC(443) Pause Young (Allocation Failure) 206M->162M(221M) 14.076ms
[72.314s][info][gc] GC(444) Pause Full (Allocation Failure) 162M->78M(215M) 62.989ms
[72.423s][info][gc] GC(445) Pause Young (Allocation Failure) 138M->106M(215M) 12.932ms
[72.553s][info][gc] GC(446) Pause Young (Allocation Failure) 166M->132M(215M) 13.096ms
[72.684s][info][gc] GC(447) Pause Young (Allocation Failure) 192M->160M(220M) 14.699ms
[72.740s][info][gc] GC(448) Pause Full (Allocation Failure) 160M->84M(215M) 55.831ms
[72.863s][info][gc] GC(449) Pause Young (Allocation Failure) 143M->113M(215M) 11.713ms
[73.022s][info][gc] GC(450) Pause Young (Allocation Failure) 173M->127M(215M) 10.851ms
[73.207s][info][gc] GC(451) Pause Young (Allocation Failure) 187M->139M(215M) 9.974ms
[73.390s][info][gc] GC(452) Pause Young (Allocation Failure) 199M->151M(215M) 9.068ms
[73.575s][info][gc] GC(453) Pause Young (Allocation Failure) 211M->162M(221M) 9.723ms
[73.632s][info][gc] GC(454) Pause Full (Allocation Failure) 162M->77M(215M) 57.014ms
[73.759s][info][gc] GC(455) Pause Young (Allocation Failure) 136M->107M(215M) 11.340ms
[73.921s][info][gc] GC(456) Pause Young (Allocation Failure) 167M->119M(215M) 9.890ms
[74.113s][info][gc] GC(457) Pause Young (Allocation Failure) 178M->135M(215M) 9.378ms
[74.205s][info][gc] GC(458) Pause Young (Allocation Failure) 194M->163M(222M) 14.055ms
[74.264s][info][gc] GC(459) Pause Full (Allocation Failure) 163M->85M(215M) 59.010ms
[74.366s][info][gc] GC(460) Pause Young (Allocation Failure) 145M->116M(215M) 11.646ms
[74.541s][info][gc] GC(461) Pause Young (Allocation Failure) 175M->142M(215M) 15.808ms
[74.664s][info][gc] GC(462) Pause Young (Allocation Failure) 201M->171M(230M) 19.227ms
[74.728s][info][gc] GC(463) Pause Full (Allocation Failure) 171M->86M(215M) 62.988ms
[74.832s][info][gc] GC(464) Pause Young (Allocation Failure) 145M->116M(215M) 12.414ms
[74.964s][info][gc] GC(465) Pause Young (Allocation Failure) 175M->142M(215M) 13.920ms
[75.096s][info][gc] GC(466) Pause Young (Allocation Failure) 202M->171M(231M) 20.204ms
[75.157s][info][gc] GC(467) Pause Full (Allocation Failure) 171M->86M(215M) 61.322ms
[75.265s][info][gc] GC(468) Pause Young (Allocation Failure) 146M->116M(215M) 14.785ms
[75.398s][info][gc] GC(469) Pause Young (Allocation Failure) 176M->142M(215M) 14.173ms
[75.574s][info][gc] GC(470) Pause Young (Allocation Failure) 202M->158M(217M) 11.205ms
[75.634s][info][gc] GC(471) Pause Full (Allocation Failure) 158M->78M(215M) 58.990ms
[75.749s][info][gc] GC(472) Pause Young (Allocation Failure) 137M->108M(215M) 12.068ms
[75.913s][info][gc] GC(473) Pause Young (Allocation Failure) 168M->124M(215M) 11.126ms
[76.065s][info][gc] GC(474) Pause Young (Allocation Failure) 184M->144M(215M) 11.318ms
[76.218s][info][gc] GC(475) Pause Young (Allocation Failure) 203M->171M(230M) 17.155ms
[76.277s][info][gc] GC(476) Pause Full (Allocation Failure) 171M->81M(215M) 58.536ms
[76.410s][info][gc] GC(477) Pause Young (Allocation Failure) 140M->111M(215M) 13.178ms
[76.614s][info][gc] GC(478) Pause Young (Allocation Failure) 171M->122M(215M) 10.638ms
[76.835s][info][gc] GC(479) Pause Young (Allocation Failure) 181M->127M(215M) 9.193ms
[77.027s][info][gc] GC(480) Pause Young (Allocation Failure) 187M->134M(215M) 8.058ms
[77.230s][info][gc] GC(481) Pause Young (Allocation Failure) 193M->139M(215M) 8.177ms
[77.503s][info][gc] GC(482) Pause Young (Allocation Failure) 198M->141M(215M) 6.435ms
[77.698s][info][gc] GC(483) Pause Young (Allocation Failure) 200M->152M(215M) 9.591ms
[77.894s][info][gc] GC(484) Pause Young (Allocation Failure) 212M->171M(230M) 16.005ms
[77.957s][info][gc] GC(485) Pause Full (Allocation Failure) 171M->86M(215M) 61.829ms
[78.065s][info][gc] GC(486) Pause Young (Allocation Failure) 145M->116M(215M) 12.459ms
[78.199s][info][gc] GC(487) Pause Young (Allocation Failure) 176M->142M(215M) 13.696ms
[78.352s][info][gc] GC(488) Pause Young (Allocation Failure) 201M->169M(228M) 17.340ms
[78.413s][info][gc] GC(489) Pause Full (Allocation Failure) 169M->79M(215M) 60.369ms
[78.543s][info][gc] GC(490) Pause Young (Allocation Failure) 139M->113M(215M) 13.029ms
[78.653s][info][gc] GC(491) Pause Young (Allocation Failure) 173M->147M(215M) 16.801ms
[78.787s][info][gc] GC(492) Pause Young (Allocation Failure) 207M->179M(238M) 26.520ms
[78.855s][info][gc] GC(493) Pause Full (Allocation Failure) 179M->78M(215M) 67.987ms
[78.967s][info][gc] GC(494) Pause Young (Allocation Failure) 138M->109M(215M) 13.936ms
[79.103s][info][gc] GC(495) Pause Young (Allocation Failure) 168M->136M(215M) 13.946ms
[79.236s][info][gc] GC(496) Pause Young (Allocation Failure) 196M->164M(223M) 16.520ms
[79.298s][info][gc] GC(497) Pause Full (Allocation Failure) 164M->85M(215M) 61.258ms
[79.461s][info][gc] GC(498) Pause Young (Allocation Failure) 144M->116M(215M) 13.404ms
[79.709s][info][gc] GC(499) Pause Young (Allocation Failure) 175M->126M(215M) 10.697ms
[79.914s][info][gc] GC(500) Pause Young (Allocation Failure) 185M->132M(215M) 8.435ms
[80.101s][info][gc] GC(501) Pause Young (Allocation Failure) 191M->137M(215M) 7.394ms
[80.326s][info][gc] GC(502) Pause Young (Allocation Failure) 196M->156M(216M) 15.373ms
[80.379s][info][gc] GC(503) Pause Full (Allocation Failure) 156M->81M(215M) 52.915ms
[80.529s][info][gc] GC(504) Pause Young (Allocation Failure) 140M->110M(215M) 16.262ms
[80.650s][info][gc] GC(505) Pause Young (Allocation Failure) 170M->139M(215M) 15.142ms
[80.791s][info][gc] GC(506) Pause Young (Allocation Failure) 199M->161M(220M) 14.889ms
[80.854s][info][gc] GC(507) Pause Full (Allocation Failure) 161M->85M(215M) 62.580ms
[80.958s][info][gc] GC(508) Pause Young (Allocation Failure) 144M->115M(215M) 13.247ms
[81.089s][info][gc] GC(509) Pause Young (Allocation Failure) 175M->137M(215M) 15.513ms
[81.217s][info][gc] GC(510) Pause Young (Allocation Failure) 197M->159M(218M) 14.168ms
[81.280s][info][gc] GC(511) Pause Full (Allocation Failure) 159M->78M(215M) 62.804ms
[81.393s][info][gc] GC(512) Pause Young (Allocation Failure) 138M->108M(215M) 15.224ms
[81.517s][info][gc] GC(513) Pause Young (Allocation Failure) 168M->136M(215M) 14.081ms
[81.659s][info][gc] GC(514) Pause Young (Allocation Failure) 195M->161M(220M) 14.761ms
[81.718s][info][gc] GC(515) Pause Full (Allocation Failure) 161M->85M(215M) 59.300ms
[81.830s][info][gc] GC(516) Pause Young (Allocation Failure) 145M->115M(215M) 12.307ms
[81.961s][info][gc] GC(517) Pause Young (Allocation Failure) 175M->142M(215M) 13.077ms
[82.107s][info][gc] GC(518) Pause Young (Allocation Failure) 202M->170M(230M) 17.724ms
[82.165s][info][gc] GC(519) Pause Full (Allocation Failure) 170M->79M(215M) 57.488ms
[82.291s][info][gc] GC(520) Pause Young (Allocation Failure) 138M->109M(215M) 12.022ms
[82.465s][info][gc] GC(521) Pause Young (Allocation Failure) 169M->124M(215M) 10.899ms
[82.647s][info][gc] GC(522) Pause Young (Allocation Failure) 184M->137M(215M) 9.870ms
[82.796s][info][gc] GC(523) Pause Young (Allocation Failure) 197M->160M(219M) 12.923ms
[82.857s][info][gc] GC(524) Pause Full (Allocation Failure) 160M->85M(215M) 60.319ms
[82.977s][info][gc] GC(525) Pause Young (Allocation Failure) 144M->115M(215M) 11.886ms
[83.162s][info][gc] GC(526) Pause Young (Allocation Failure) 174M->143M(215M) 13.783ms
[83.349s][info][gc] GC(527) Pause Young (Allocation Failure) 203M->161M(221M) 13.553ms
[83.413s][info][gc] GC(528) Pause Full (Allocation Failure) 161M->78M(215M) 62.881ms
[83.518s][info][gc] GC(529) Pause Young (Allocation Failure) 138M->106M(215M) 11.755ms
[83.649s][info][gc] GC(530) Pause Young (Allocation Failure) 166M->132M(215M) 13.343ms
[83.811s][info][gc] GC(531) Pause Young (Allocation Failure) 191M->158M(218M) 14.647ms
[83.866s][info][gc] GC(532) Pause Full (Allocation Failure) 158M->76M(215M) 54.253ms
[84.000s][info][gc] GC(533) Pause Young (Allocation Failure) 135M->105M(215M) 12.028ms
[84.269s][info][gc] GC(534) Pause Young (Allocation Failure) 165M->116M(215M) 9.701ms
[84.592s][info][gc] GC(535) Pause Young (Allocation Failure) 175M->117M(215M) 6.787ms
[84.740s][info][gc] GC(536) Pause Young (Allocation Failure) 176M->128M(215M) 7.927ms
[84.949s][info][gc] GC(537) Pause Young (Allocation Failure) 188M->138M(215M) 8.343ms
[85.037s][info][gc] GC(538) Pause Young (Allocation Failure) 198M->161M(221M) 12.550ms
[85.099s][info][gc] GC(539) Pause Full (Allocation Failure) 161M->78M(215M) 61.733ms
[85.308s][info][gc] GC(540) Pause Young (Allocation Failure) 138M->108M(215M) 12.971ms
[85.436s][info][gc] GC(541) Pause Young (Allocation Failure) 168M->147M(215M) 19.489ms
[85.585s][info][gc] GC(542) Pause Young (Allocation Failure) 207M->176M(235M) 26.413ms
[85.644s][info][gc] GC(543) Pause Full (Allocation Failure) 176M->80M(215M) 58.767ms
[85.763s][info][gc] GC(544) Pause Young (Allocation Failure) 139M->111M(215M) 12.130ms
[85.935s][info][gc] GC(545) Pause Young (Allocation Failure) 171M->132M(215M) 12.373ms
[86.120s][info][gc] GC(546) Pause Young (Allocation Failure) 192M->154M(215M) 12.314ms
[86.294s][info][gc] GC(547) Pause Young (Allocation Failure) 213M->176M(236M) 20.010ms
[86.358s][info][gc] GC(548) Pause Full (Allocation Failure) 176M->78M(215M) 62.693ms
[86.463s][info][gc] GC(549) Pause Young (Allocation Failure) 137M->108M(215M) 12.294ms
[86.596s][info][gc] GC(550) Pause Young (Allocation Failure) 168M->134M(215M) 13.541ms
[86.754s][info][gc] GC(551) Pause Young (Allocation Failure) 193M->161M(220M) 16.169ms
[86.818s][info][gc] GC(552) Pause Full (Allocation Failure) 161M->82M(215M) 62.803ms
[86.948s][info][gc] GC(553) Pause Young (Allocation Failure) 142M->113M(215M) 11.288ms
[87.174s][info][gc] GC(554) Pause Young (Allocation Failure) 172M->123M(215M) 9.446ms
[87.400s][info][gc] GC(555) Pause Young (Allocation Failure) 182M->130M(215M) 9.682ms
[87.662s][info][gc] GC(556) Pause Young (Allocation Failure) 189M->132M(215M) 7.034ms
[87.818s][info][gc] GC(557) Pause Young (Allocation Failure) 191M->154M(215M) 11.179ms
[87.968s][info][gc] GC(558) Pause Young (Allocation Failure) 214M->179M(238M) 23.842ms
[88.028s][info][gc] GC(559) Pause Full (Allocation Failure) 179M->85M(215M) 59.594ms
[88.127s][info][gc] GC(560) Pause Young (Allocation Failure) 145M->116M(215M) 11.884ms
[88.315s][info][gc] GC(561) Pause Young (Allocation Failure) 175M->131M(215M) 10.668ms
[88.548s][info][gc] GC(562) Pause Young (Allocation Failure) 191M->147M(215M) 11.842ms
[88.748s][info][gc] GC(563) Pause Young (Allocation Failure) 206M->156M(215M) 10.604ms
[88.812s][info][gc] GC(564) Pause Full (Allocation Failure) 156M->83M(215M) 63.675ms
[88.912s][info][gc] GC(565) Pause Young (Allocation Failure) 143M->113M(215M) 11.423ms
[89.044s][info][gc] GC(566) Pause Young (Allocation Failure) 173M->141M(215M) 13.506ms
[89.191s][info][gc] GC(567) Pause Young (Allocation Failure) 201M->169M(228M) 17.308ms
[89.250s][info][gc] GC(568) Pause Full (Allocation Failure) 169M->77M(215M) 58.251ms
[89.370s][info][gc] GC(569) Pause Young (Allocation Failure) 136M->108M(215M) 12.864ms
[89.531s][info][gc] GC(570) Pause Young (Allocation Failure) 167M->121M(215M) 10.641ms
[89.732s][info][gc] GC(571) Pause Young (Allocation Failure) 181M->130M(215M) 9.092ms
[89.966s][info][gc] GC(572) Pause Young (Allocation Failure) 189M->138M(215M) 7.849ms
[90.148s][info][gc] GC(573) Pause Young (Allocation Failure) 197M->148M(215M) 8.518ms
[90.354s][info][gc] GC(574) Pause Young (Allocation Failure) 208M->171M(231M) 19.273ms
[90.428s][info][gc] GC(575) Pause Full (Allocation Failure) 171M->86M(215M) 73.395ms
[90.534s][info][gc] GC(576) Pause Young (Allocation Failure) 145M->116M(215M) 12.964ms
[90.676s][info][gc] GC(577) Pause Young (Allocation Failure) 176M->143M(215M) 12.575ms
[90.817s][info][gc] GC(578) Pause Young (Allocation Failure) 202M->172M(231M) 18.855ms
[90.878s][info][gc] GC(579) Pause Full (Allocation Failure) 172M->86M(215M) 60.988ms
[90.986s][info][gc] GC(580) Pause Young (Allocation Failure) 145M->115M(215M) 11.835ms
[91.123s][info][gc] GC(581) Pause Young (Allocation Failure) 174M->134M(215M) 11.613ms
[91.263s][info][gc] GC(582) Pause Young (Allocation Failure) 194M->161M(221M) 15.583ms
[91.320s][info][gc] GC(583) Pause Full (Allocation Failure) 161M->85M(215M) 56.610ms
[91.440s][info][gc] GC(584) Pause Young (Allocation Failure) 144M->116M(215M) 12.908ms
[91.603s][info][gc] GC(585) Pause Young (Allocation Failure) 175M->131M(215M) 10.532ms
[91.836s][info][gc] GC(586) Pause Young (Allocation Failure) 191M->146M(215M) 10.351ms
[92.040s][info][gc] GC(587) Pause Young (Allocation Failure) 205M->156M(215M) 9.030ms
[92.098s][info][gc] GC(588) Pause Full (Allocation Failure) 156M->78M(215M) 58.447ms
[92.250s][info][gc] GC(589) Pause Young (Allocation Failure) 137M->108M(215M) 10.959ms
[92.393s][info][gc] GC(590) Pause Young (Allocation Failure) 167M->134M(215M) 10.851ms
[92.486s][info][gc] GC(591) Pause Young (Allocation Failure) 193M->163M(223M) 15.800ms
[92.548s][info][gc] GC(592) Pause Full (Allocation Failure) 163M->86M(215M) 61.899ms
[92.654s][info][gc] GC(593) Pause Young (Allocation Failure) 146M->116M(215M) 12.452ms
[92.787s][info][gc] GC(594) Pause Young (Allocation Failure) 175M->145M(215M) 14.346ms
[92.925s][info][gc] GC(595) Pause Young (Allocation Failure) 204M->180M(239M) 27.727ms
[92.989s][info][gc] GC(596) Pause Full (Allocation Failure) 180M->86M(215M) 63.402ms
[93.099s][info][gc] GC(597) Pause Young (Allocation Failure) 146M->120M(215M) 16.914ms
[93.229s][info][gc] GC(598) Pause Young (Allocation Failure) 180M->149M(215M) 15.257ms
[93.402s][info][gc] GC(599) Pause Young (Allocation Failure) 208M->162M(222M) 14.876ms
[93.467s][info][gc] GC(600) Pause Full (Allocation Failure) 162M->78M(215M) 65.097ms
[93.571s][info][gc] GC(601) Pause Young (Allocation Failure) 138M->108M(215M) 11.445ms
[93.701s][info][gc] GC(602) Pause Young (Allocation Failure) 168M->135M(215M) 13.227ms
[93.832s][info][gc] GC(603) Pause Young (Allocation Failure) 195M->159M(219M) 13.890ms
[93.897s][info][gc] GC(604) Pause Full (Allocation Failure) 159M->77M(215M) 63.874ms
[93.998s][info][gc] GC(605) Pause Young (Allocation Failure) 137M->108M(215M) 12.835ms
[94.193s][info][gc] GC(606) Pause Young (Allocation Failure) 168M->122M(215M) 9.159ms
[94.286s][info][gc] GC(607) Pause Young (Allocation Failure) 182M->145M(215M) 11.172ms
[94.427s][info][gc] GC(608) Pause Young (Allocation Failure) 204M->172M(231M) 16.388ms
[94.482s][info][gc] GC(609) Pause Full (Allocation Failure) 172M->83M(215M) 54.377ms
[94.615s][info][gc] GC(610) Pause Young (Allocation Failure) 143M->114M(215M) 11.168ms
[94.837s][info][gc] GC(611) Pause Young (Allocation Failure) 173M->123M(215M) 8.322ms
[95.025s][info][gc] GC(612) Pause Young (Allocation Failure) 182M->129M(215M) 7.464ms
[95.236s][info][gc] GC(613) Pause Young (Allocation Failure) 188M->134M(215M) 7.838ms
[95.466s][info][gc] GC(614) Pause Young (Allocation Failure) 194M->140M(215M) 8.630ms
[95.650s][info][gc] GC(615) Pause Young (Allocation Failure) 200M->147M(215M) 8.447ms
[95.836s][info][gc] GC(616) Pause Young (Allocation Failure) 207M->161M(221M) 11.076ms
[95.892s][info][gc] GC(617) Pause Full (Allocation Failure) 161M->85M(215M) 55.717ms
[95.995s][info][gc] GC(618) Pause Young (Allocation Failure) 144M->115M(215M) 11.745ms
[96.179s][info][gc] GC(619) Pause Young (Allocation Failure) 175M->130M(215M) 9.480ms
[96.266s][info][gc] GC(620) Pause Young (Allocation Failure) 189M->154M(215M) 12.193ms
[96.406s][info][gc] GC(621) Pause Young (Allocation Failure) 214M->175M(234M) 19.685ms
[96.469s][info][gc] GC(622) Pause Full (Allocation Failure) 175M->86M(215M) 62.675ms
[96.572s][info][gc] GC(623) Pause Young (Allocation Failure) 146M->112M(215M) 11.316ms
[96.744s][info][gc] GC(624) Pause Young (Allocation Failure) 171M->135M(215M) 13.023ms
[96.875s][info][gc] GC(625) Pause Young (Allocation Failure) 194M->162M(222M) 15.151ms
[96.939s][info][gc] GC(626) Pause Full (Allocation Failure) 162M->77M(215M) 63.838ms
[97.059s][info][gc] GC(627) Pause Young (Allocation Failure) 136M->108M(215M) 12.098ms
[97.224s][info][gc] GC(628) Pause Young (Allocation Failure) 167M->121M(215M) 10.663ms
[97.407s][info][gc] GC(629) Pause Young (Allocation Failure) 181M->133M(215M) 9.322ms
[97.598s][info][gc] GC(630) Pause Young (Allocation Failure) 193M->149M(215M) 11.011ms
[97.780s][info][gc] GC(631) Pause Young (Allocation Failure) 209M->162M(221M) 12.360ms
[97.839s][info][gc] GC(632) Pause Full (Allocation Failure) 162M->79M(215M) 58.303ms
[97.948s][info][gc] GC(633) Pause Young (Allocation Failure) 138M->108M(215M) 11.279ms
[98.079s][info][gc] GC(634) Pause Young (Allocation Failure) 168M->137M(215M) 15.983ms
[98.316s][info][gc] GC(635) Pause Young (Allocation Failure) 197M->153M(215M) 11.191ms
[98.611s][info][gc] GC(636) Pause Young (Allocation Failure) 212M->154M(217M) 8.757ms
[98.672s][info][gc] GC(637) Pause Full (Allocation Failure) 154M->84M(215M) 60.936ms
[98.824s][info][gc] GC(638) Pause Young (Allocation Failure) 144M->114M(215M) 11.787ms
[98.951s][info][gc] GC(639) Pause Young (Allocation Failure) 173M->143M(215M) 14.599ms
[99.132s][info][gc] GC(640) Pause Young (Allocation Failure) 203M->150M(215M) 9.310ms
[99.364s][info][gc] GC(641) Pause Young (Allocation Failure) 210M->158M(218M) 8.932ms
[99.421s][info][gc] GC(642) Pause Full (Allocation Failure) 158M->84M(215M) 56.774ms
[99.538s][info][gc] GC(643) Pause Young (Allocation Failure) 144M->114M(215M) 11.715ms
[99.685s][info][gc] GC(644) Pause Young (Allocation Failure) 174M->145M(215M) 19.859ms
[99.813s][info][gc] GC(645) Pause Young (Allocation Failure) 205M->180M(240M) 27.897ms
[99.877s][info][gc] GC(646) Pause Full (Allocation Failure) 180M->78M(215M) 63.802ms
[99.993s][info][gc] GC(647) Pause Young (Allocation Failure) 138M->111M(215M) 14.084ms
[100.119s][info][gc] GC(648) Pause Young (Allocation Failure) 170M->140M(215M) 14.326ms
[100.306s][info][gc] GC(649) Pause Young (Allocation Failure) 199M->152M(215M) 10.297ms
[100.442s][info][gc] GC(650) Pause Young (Allocation Failure) 212M->176M(235M) 17.548ms
[100.505s][info][gc] GC(651) Pause Full (Allocation Failure) 176M->82M(215M) 62.470ms
[100.619s][info][gc] GC(652) Pause Young (Allocation Failure) 141M->111M(215M) 12.867ms
[100.748s][info][gc] GC(653) Pause Young (Allocation Failure) 170M->133M(215M) 12.269ms
[100.940s][info][gc] GC(654) Pause Young (Allocation Failure) 193M->160M(219M) 17.453ms
[100.996s][info][gc] GC(655) Pause Full (Allocation Failure) 160M->81M(215M) 55.417ms
[101.137s][info][gc] GC(656) Pause Young (Allocation Failure) 141M->120M(215M) 19.229ms
[101.248s][info][gc] GC(657) Pause Young (Allocation Failure) 179M->149M(215M) 13.546ms
[101.442s][info][gc] GC(658) Pause Young (Allocation Failure) 209M->164M(223M) 14.362ms
[101.498s][info][gc] GC(659) Pause Full (Allocation Failure) 164M->83M(215M) 55.695ms
[101.587s][info][gc] GC(660) Pause Young (Allocation Failure) 142M->112M(215M) 10.813ms
[101.821s][info][gc] GC(661) Pause Young (Allocation Failure) 172M->140M(215M) 15.653ms
[101.961s][info][gc] GC(662) Pause Young (Allocation Failure) 199M->169M(228M) 18.551ms
[102.023s][info][gc] GC(663) Pause Full (Allocation Failure) 169M->78M(215M) 60.964ms
[102.127s][info][gc] GC(664) Pause Young (Allocation Failure) 137M->107M(215M) 12.677ms
[102.255s][info][gc] GC(665) Pause Young (Allocation Failure) 166M->128M(215M) 12.798ms
[102.387s][info][gc] GC(666) Pause Young (Allocation Failure) 188M->148M(215M) 12.421ms
