[0.003s][info][gc] Using Serial
[0.136s][info][gc] GC(0) Pause Young (Allocation Failure) 5M->1M(15M) 1.555ms
[0.232s][info][gc] GC(1) Pause Young (Allocation Failure) 6M->2M(15M) 2.041ms
[0.341s][info][gc] GC(2) Pause Young (Allocation Failure) 6M->3M(15M) 2.083ms
[0.423s][info][gc] GC(3) Pause Young (Allocation Failure) 7M->3M(15M) 1.284ms
[0.539s][info][gc] GC(4) Pause Young (Allocation Failure) 7M->4M(15M) 1.352ms
[0.748s][info][gc] GC(5) Pause Young (Allocation Failure) 8M->4M(15M) 1.356ms
[0.850s][info][gc] GC(6) Pause Young (Allocation Failure) 8M->4M(15M) 1.040ms
[0.985s][info][gc] GC(7) Pause Young (Allocation Failure) 9M->5M(15M) 1.032ms
[1.146s][info][gc] GC(8) Pause Young (Allocation Failure) 9M->5M(15M) 1.151ms
[1.275s][info][gc] GC(9) Pause Young (Allocation Failure) 9M->5M(15M) 1.119ms
[1.417s][info][gc] GC(10) Pause Young (Allocation Failure) 9M->5M(15M) 1.099ms
[1.522s][info][gc] GC(11) Pause Young (Allocation Failure) 10M->6M(15M) 1.748ms
[1.648s][info][gc] GC(12) Pause Young (Allocation Failure) 10M->6M(15M) 1.296ms
[1.763s][info][gc] GC(13) Pause Young (Allocation Failure) 10M->6M(15M) 1.276ms
[1.888s][info][gc] GC(14) Pause Young (Allocation Failure) 11M->7M(15M) 1.617ms
[2.086s][info][gc] GC(15) Pause Young (Allocation Failure) 11M->7M(15M) 1.052ms
[2.202s][info][gc] GC(16) Pause Young (Allocation Failure) 11M->7M(15M) 1.325ms
[2.318s][info][gc] GC(17) Pause Young (Allocation Failure) 11M->7M(15M) 1.595ms
[2.440s][info][gc] GC(18) Pause Young (Allocation Failure) 11M->8M(15M) 2.049ms
[2.463s][info][gc] GC(19) Pause Young (Allocation Failure) 12M->8M(15M) 1.339ms
[2.541s][info][gc] GC(20) Pause Young (Allocation Failure) 12M->8M(15M) 0.624ms
[2.622s][info][gc] GC(21) Pause Young (Allocation Failure) 12M->8M(15M) 1.578ms
[2.691s][info][gc] GC(22) Pause Young (Allocation Failure) 13M->9M(15M) 1.734ms
[2.772s][info][gc] GC(23) Pause Young (Allocation Failure) 13M->9M(15M) 1.553ms
[2.859s][info][gc] GC(24) Pause Young (Allocation Failure) 13M->9M(15M) 1.365ms
[3.014s][info][gc] GC(25) Pause Young (Allocation Failure) 14M->10M(15M) 1.358ms
[3.128s][info][gc] GC(26) Pause Young (Allocation Failure) 14M->10M(15M) 1.098ms
[3.171s][info][gc] GC(27) Pause Young (Allocation Failure) 14M->10M(15M) 1.384ms
[3.334s][info][gc] GC(28) Pause Young (Allocation Failure) 14M->10M(15M) 1.674ms
[3.439s][info][gc] GC(29) Pause Young (Allocation Failure) 15M->10M(15M) 1.703ms
[3.458s][info][gc] GC(30) Pause Full (Allocation Failure) 10M->9M(23M) 19.314ms
[3.629s][info][gc] GC(31) Pause Young (Allocation Failure) 15M->9M(23M) 1.410ms
[3.766s][info][gc] GC(32) Pause Young (Allocation Failure) 16M->10M(23M) 1.636ms
[3.940s][info][gc] GC(33) Pause Young (Allocation Failure) 16M->10M(23M) 1.930ms
[4.047s][info][gc] GC(34) Pause Young (Allocation Failure) 17M->11M(23M) 2.593ms
[4.225s][info][gc] GC(35) Pause Young (Allocation Failure) 17M->11M(23M) 2.312ms
[4.354s][info][gc] GC(36) Pause Young (Allocation Failure) 18M->12M(23M) 2.917ms
[4.532s][info][gc] GC(37) Pause Young (Allocation Failure) 18M->13M(23M) 2.523ms
[4.636s][info][gc] GC(38) Pause Young (Allocation Failure) 19M->14M(23M) 3.563ms
[4.751s][info][gc] GC(39) Pause Young (Allocation Failure) 21M->15M(23M) 2.853ms
[5.029s][info][gc] GC(40) Pause Young (Allocation Failure) 21M->15M(23M) 2.278ms
[5.332s][info][gc] GC(41) Pause Young (Allocation Failure) 21M->15M(23M) 1.786ms
[5.403s][info][gc] GC(42) Pause Young (Allocation Failure) 22M->15M(23M) 1.014ms
[5.521s][info][gc] GC(43) Pause Young (Allocation Failure) 22M->15M(23M) 1.465ms
[5.555s][info][gc] GC(44) Pause Full (Metadata GC Threshold) 16M->15M(37M) 32.396ms
[5.820s][info][gc] GC(45) Pause Young (Allocation Failure) 25M->16M(37M) 2.988ms
[6.020s][info][gc] GC(46) Pause Young (Allocation Failure) 26M->17M(37M) 3.302ms
[6.256s][info][gc] GC(47) Pause Young (Allocation Failure) 27M->18M(37M) 3.771ms
[6.522s][info][gc] GC(48) Pause Young (Allocation Failure) 28M->19M(37M) 4.443ms
[6.828s][info][gc] GC(49) Pause Young (Allocation Failure) 29M->20M(37M) 4.201ms
[7.133s][info][gc] GC(50) Pause Young (Allocation Failure) 30M->21M(37M) 4.684ms
[8.163s][info][gc] GC(51) Pause Young (Allocation Failure) 32M->23M(37M) 16.339ms
[13.272s][info][gc] GC(52) Pause Young (Allocation Failure) 34M->25M(37M) 4.301ms
[13.335s][info][gc] GC(53) Pause Young (Allocation Failure) 35M->34M(45M) 9.305ms
[13.381s][info][gc] GC(54) Pause Full (Allocation Failure) 34M->33M(80M) 45.544ms
[13.621s][info][gc] GC(55) Pause Young (Allocation Failure) 55M->54M(80M) 78.683ms
[13.656s][info][gc] GC(56) Pause Young (Allocation Failure) 76M->75M(98M) 19.940ms
[13.763s][info][gc] GC(57) Pause Full (Allocation Failure) 75M->73M(176M) 106.546ms
[14.067s][info][gc] GC(58) Pause Young (Allocation Failure) 121M->117M(176M) 40.569ms
[14.272s][info][gc] GC(59) Pause Young (Allocation Failure) 166M->162M(210M) 42.600ms
[14.381s][info][gc] GC(60) Pause Full (Allocation Failure) 162M->162M(377M) 106.864ms
[14.845s][info][gc] GC(61) Pause Young (Allocation Failure) 260M->252M(377M) 120.271ms
[15.991s][info][gc] GC(62) Pause Young (Allocation Failure) 356M->323M(427M) 153.938ms
[16.150s][info][gc] GC(63) Pause Full (Allocation Failure) 323M->254M(494M) 158.490ms
[17.488s][info][gc] GC(64) Pause Young (Allocation Failure) 391M->345M(494M) 71.381ms
[17.916s][info][gc] GC(65) Pause Young (Allocation Failure) 482M->482M(494M) 0.036ms
[18.117s][info][gc] GC(66) Pause Full (Allocation Failure) 482M->257M(494M) 201.149ms
[18.813s][info][gc] GC(67) Pause Young (Allocation Failure) 393M->393M(494M) 0.049ms
[18.937s][info][gc] GC(68) Pause Full (Allocation Failure) 393M->210M(494M) 124.388ms
[19.257s][info][gc] GC(69) Pause Young (Allocation Failure) 346M->315M(494M) 114.443ms
[19.812s][info][gc] GC(70) Pause Young (Allocation Failure) 452M->452M(494M) 0.118ms
[20.024s][info][gc] GC(71) Pause Full (Allocation Failure) 452M->263M(494M) 211.309ms
[20.928s][info][gc] GC(72) Pause Young (Allocation Failure) 399M->399M(494M) 0.031ms
[21.098s][info][gc] GC(73) Pause Full (Allocation Failure) 399M->243M(494M) 169.053ms
[21.264s][info][gc] GC(74) Pause Young (Allocation Failure) 380M->494M(494M) 52.276ms
[21.457s][info][gc] GC(75) Pause Full (Allocation Failure) 494M->247M(494M) 192.268ms
[21.934s][info][gc] GC(76) Pause Young (Allocation Failure) 383M->383M(494M) 0.033ms
[22.135s][info][gc] GC(77) Pause Full (Allocation Failure) 383M->216M(494M) 199.562ms
[22.641s][info][gc] GC(78) Pause Young (Allocation Failure) 353M->323M(494M) 105.903ms
[23.121s][info][gc] GC(79) Pause Young (Allocation Failure) 459M->459M(494M) 0.103ms
[23.298s][info][gc] GC(80) Pause Full (Allocation Failure) 459M->245M(494M) 175.420ms
[23.527s][info][gc] GC(81) Pause Young (Allocation Failure) 382M->382M(494M) 0.029ms
[23.757s][info][gc] GC(82) Pause Full (Allocation Failure) 382M->258M(494M) 229.423ms
[24.129s][info][gc] GC(83) Pause Young (Allocation Failure) 394M->394M(494M) 0.032ms
[24.320s][info][gc] GC(84) Pause Full (Allocation Failure) 394M->239M(494M) 191.230ms
[24.518s][info][gc] GC(85) Pause Young (Allocation Failure) 375M->375M(494M) 0.035ms
[24.697s][info][gc] GC(86) Pause Full (Allocation Failure) 375M->228M(494M) 178.141ms
[25.131s][info][gc] GC(87) Pause Young (Allocation Failure) 365M->365M(494M) 0.037ms
[25.322s][info][gc] GC(88) Pause Full (Allocation Failure) 365M->257M(494M) 190.604ms
[25.344s][info][gc] GC(89) Pause Young (Allocation Failure) 393M->393M(494M) 0.037ms
[25.581s][info][gc] GC(90) Pause Full (Allocation Failure) 393M->274M(494M) 236.465ms
[25.934s][info][gc] GC(91) Pause Young (Allocation Failure) 410M->410M(494M) 0.037ms
[26.191s][info][gc] GC(92) Pause Full (Allocation Failure) 410M->244M(494M) 256.801ms
[26.534s][info][gc] GC(93) Pause Young (Allocation Failure) 380M->380M(494M) 0.059ms
[26.693s][info][gc] GC(94) Pause Full (Allocation Failure) 380M->222M(494M) 158.202ms
[26.771s][info][gc] GC(95) Pause Young (Allocation Failure) 359M->348M(494M) 44.845ms
[27.019s][info][gc] GC(96) Pause Young (Allocation Failure) 484M->484M(494M) 0.058ms
[27.215s][info][gc] GC(97) Pause Full (Allocation Failure) 484M->247M(494M) 195.442ms
[27.521s][info][gc] GC(98) Pause Young (Allocation Failure) 384M->384M(494M) 0.036ms
[27.688s][info][gc] GC(99) Pause Full (Allocation Failure) 384M->257M(494M) 166.999ms
[28.114s][info][gc] GC(100) Pause Young (Allocation Failure) 394M->394M(494M) 0.034ms
[28.239s][info][gc] GC(101) Pause Full (Allocation Failure) 394M->246M(494M) 125.316ms
[28.264s][info][gc] GC(102) Pause Young (Allocation Failure) 383M->383M(494M) 0.037ms
[28.461s][info][gc] GC(103) Pause Full (Allocation Failure) 383M->251M(494M) 197.020ms
[28.631s][info][gc] GC(104) Pause Young (Allocation Failure) 388M->388M(494M) 0.037ms
[28.822s][info][gc] GC(105) Pause Full (Allocation Failure) 388M->241M(494M) 190.562ms
[28.842s][info][gc] GC(106) Pause Young (Allocation Failure) 378M->378M(494M) 0.034ms
[29.060s][info][gc] GC(107) Pause Full (Allocation Failure) 378M->257M(494M) 218.366ms
[29.713s][info][gc] GC(108) Pause Young (Allocation Failure) 394M->394M(494M) 0.037ms
[29.874s][info][gc] GC(109) Pause Full (Allocation Failure) 394M->240M(494M) 160.741ms
[30.115s][info][gc] GC(110) Pause Young (Allocation Failure) 376M->376M(494M) 0.031ms
[30.272s][info][gc] GC(111) Pause Full (Allocation Failure) 376M->201M(494M) 156.758ms
[30.546s][info][gc] GC(112) Pause Young (Allocation Failure) 338M->303M(494M) 109.095ms
[30.636s][info][gc] GC(113) Pause Young (Allocation Failure) 440M->440M(494M) 0.034ms
[30.869s][info][gc] GC(114) Pause Full (Allocation Failure) 440M->260M(494M) 232.712ms
[31.716s][info][gc] GC(115) Pause Young (Allocation Failure) 397M->397M(494M) 0.035ms
[31.845s][info][gc] GC(116) Pause Full (Allocation Failure) 397M->252M(494M) 128.284ms
[31.862s][info][gc] GC(117) Pause Young (Allocation Failure) 388M->388M(494M) 0.036ms
[32.067s][info][gc] GC(118) Pause Full (Allocation Failure) 388M->267M(494M) 203.954ms
[32.431s][info][gc] GC(119) Pause Young (Allocation Failure) 404M->404M(494M) 0.033ms
[32.620s][info][gc] GC(120) Pause Full (Allocation Failure) 404M->193M(494M) 189.410ms
[32.860s][info][gc] GC(121) Pause Young (Allocation Failure) 330M->295M(494M) 46.927ms
[33.020s][info][gc] GC(122) Pause Young (Allocation Failure) 432M->432M(494M) 0.032ms
[33.187s][info][gc] GC(123) Pause Full (Allocation Failure) 432M->263M(494M) 166.903ms
[33.428s][info][gc] GC(124) Pause Young (Allocation Failure) 400M->400M(494M) 0.042ms
[33.596s][info][gc] GC(125) Pause Full (Allocation Failure) 400M->245M(494M) 167.272ms
[33.621s][info][gc] GC(126) Pause Young (Allocation Failure) 381M->381M(494M) 0.034ms
[33.793s][info][gc] GC(127) Pause Full (Allocation Failure) 381M->261M(494M) 171.939ms
[34.135s][info][gc] GC(128) Pause Young (Allocation Failure) 398M->398M(494M) 0.109ms
[34.348s][info][gc] GC(129) Pause Full (Allocation Failure) 398M->198M(494M) 211.952ms
[34.553s][info][gc] GC(130) Pause Young (Allocation Failure) 334M->313M(494M) 116.617ms
[34.913s][info][gc] GC(131) Pause Young (Allocation Failure) 450M->450M(494M) 0.081ms
[35.063s][info][gc] GC(132) Pause Full (Allocation Failure) 450M->221M(494M) 144.974ms
[35.429s][info][gc] GC(133) Pause Young (Allocation Failure) 358M->358M(494M) 0.061ms
[35.602s][info][gc] GC(134) Pause Full (Allocation Failure) 358M->250M(494M) 172.405ms
[35.627s][info][gc] GC(135) Pause Young (Allocation Failure) 387M->387M(494M) 0.038ms
[35.810s][info][gc] GC(136) Pause Full (Allocation Failure) 387M->263M(494M) 183.212ms
[36.013s][info][gc] GC(137) Pause Young (Allocation Failure) 400M->400M(494M) 0.030ms
[36.144s][info][gc] GC(138) Pause Full (Allocation Failure) 400M->240M(494M) 131.454ms
[36.314s][info][gc] GC(139) Pause Young (Allocation Failure) 377M->377M(494M) 0.036ms
[36.427s][info][gc] GC(140) Pause Full (Allocation Failure) 377M->233M(494M) 112.712ms
[36.445s][info][gc] GC(141) Pause Young (Allocation Failure) 370M->370M(494M) 0.032ms
[36.609s][info][gc] GC(142) Pause Full (Allocation Failure) 370M->257M(494M) 164.031ms
[36.818s][info][gc] GC(143) Pause Young (Allocation Failure) 393M->393M(494M) 0.037ms
[37.036s][info][gc] GC(144) Pause Full (Allocation Failure) 393M->250M(494M) 218.246ms
[37.064s][info][gc] GC(145) Pause Young (Allocation Failure) 386M->386M(494M) 0.043ms
[37.265s][info][gc] GC(146) Pause Full (Allocation Failure) 386M->234M(494M) 201.298ms
[37.717s][info][gc] GC(147) Pause Young (Allocation Failure) 370M->370M(494M) 0.244ms
[37.904s][info][gc] GC(148) Pause Full (Allocation Failure) 370M->252M(494M) 186.389ms
[38.222s][info][gc] GC(149) Pause Young (Allocation Failure) 388M->388M(494M) 0.037ms
[38.383s][info][gc] GC(150) Pause Full (Allocation Failure) 388M->257M(494M) 161.140ms
[38.638s][info][gc] GC(151) Pause Young (Allocation Failure) 393M->393M(494M) 0.093ms
[38.835s][info][gc] GC(152) Pause Full (Allocation Failure) 393M->227M(494M) 196.061ms
[39.015s][info][gc] GC(153) Pause Young (Allocation Failure) 363M->363M(494M) 0.032ms
[39.129s][info][gc] GC(154) Pause Full (Allocation Failure) 363M->236M(494M) 114.217ms
[39.145s][info][gc] GC(155) Pause Young (Allocation Failure) 373M->373M(494M) 0.044ms
[39.307s][info][gc] GC(156) Pause Full (Allocation Failure) 373M->253M(494M) 161.955ms
[39.416s][info][gc] GC(157) Pause Young (Allocation Failure) 390M->390M(494M) 0.035ms
[39.562s][info][gc] GC(158) Pause Full (Allocation Failure) 390M->257M(494M) 145.731ms
[39.640s][info][gc] GC(159) Pause Young (Allocation Failure) 394M->394M(494M) 0.038ms
[39.803s][info][gc] GC(160) Pause Full (Allocation Failure) 394M->253M(494M) 162.492ms
[39.824s][info][gc] GC(161) Pause Young (Allocation Failure) 389M->389M(494M) 0.035ms
[40.006s][info][gc] GC(162) Pause Full (Allocation Failure) 389M->248M(494M) 181.565ms
[40.239s][info][gc] GC(163) Pause Young (Allocation Failure) 385M->385M(494M) 0.037ms
[40.422s][info][gc] GC(164) Pause Full (Allocation Failure) 385M->243M(494M) 183.540ms
[40.515s][info][gc] GC(165) Pause Young (Allocation Failure) 380M->380M(494M) 0.037ms
[40.665s][info][gc] GC(166) Pause Full (Allocation Failure) 380M->251M(494M) 150.412ms
[40.775s][info][gc] GC(167) Pause Young (Allocation Failure) 387M->387M(494M) 0.034ms
[40.925s][info][gc] GC(168) Pause Full (Allocation Failure) 387M->256M(494M) 149.516ms
[41.039s][info][gc] GC(169) Pause Young (Allocation Failure) 393M->393M(494M) 0.032ms
[41.156s][info][gc] GC(170) Pause Full (Allocation Failure) 393M->238M(494M) 116.684ms
[41.183s][info][gc] GC(171) Pause Young (Allocation Failure) 374M->374M(494M) 0.034ms
[41.331s][info][gc] GC(172) Pause Full (Allocation Failure) 374M->248M(494M) 147.529ms
[41.458s][info][gc] GC(173) Pause Young (Allocation Failure) 385M->385M(494M) 0.034ms
[41.598s][info][gc] GC(174) Pause Full (Allocation Failure) 385M->248M(494M) 139.383ms
[41.748s][info][gc] GC(175) Pause Young (Allocation Failure) 384M->384M(494M) 0.038ms
[41.872s][info][gc] GC(176) Pause Full (Allocation Failure) 384M->255M(494M) 123.694ms
[41.900s][info][gc] GC(177) Pause Young (Allocation Failure) 391M->391M(494M) 0.038ms
[42.052s][info][gc] GC(178) Pause Full (Allocation Failure) 391M->248M(494M) 151.569ms
[42.168s][info][gc] GC(179) Pause Young (Allocation Failure) 385M->385M(494M) 0.037ms
[42.308s][info][gc] GC(180) Pause Full (Allocation Failure) 385M->247M(494M) 140.221ms
[42.446s][info][gc] GC(181) Pause Young (Allocation Failure) 384M->384M(494M) 0.031ms
[42.564s][info][gc] GC(182) Pause Full (Allocation Failure) 384M->242M(494M) 117.072ms
[42.596s][info][gc] GC(183) Pause Young (Allocation Failure) 378M->378M(494M) 0.033ms
[42.750s][info][gc] GC(184) Pause Full (Allocation Failure) 378M->252M(494M) 153.914ms
[42.863s][info][gc] GC(185) Pause Young (Allocation Failure) 389M->389M(494M) 0.035ms
[43.004s][info][gc] GC(186) Pause Full (Allocation Failure) 389M->243M(494M) 140.815ms
[43.122s][info][gc] GC(187) Pause Young (Allocation Failure) 380M->380M(494M) 0.033ms
[43.237s][info][gc] GC(188) Pause Full (Allocation Failure) 380M->238M(494M) 115.221ms
[43.264s][info][gc] GC(189) Pause Young (Allocation Failure) 374M->374M(494M) 0.032ms
[43.471s][info][gc] GC(190) Pause Full (Allocation Failure) 374M->249M(494M) 205.827ms
[43.615s][info][gc] GC(191) Pause Young (Allocation Failure) 385M->385M(494M) 0.034ms
[43.750s][info][gc] GC(192) Pause Full (Allocation Failure) 385M->248M(494M) 135.189ms
[43.871s][info][gc] GC(193) Pause Young (Allocation Failure) 384M->384M(494M) 0.032ms
[44.028s][info][gc] GC(194) Pause Full (Allocation Failure) 384M->238M(494M) 157.233ms
[44.055s][info][gc] GC(195) Pause Young (Allocation Failure) 374M->374M(494M) 0.038ms
[44.206s][info][gc] GC(196) Pause Full (Allocation Failure) 374M->261M(494M) 150.992ms
[44.365s][info][gc] GC(197) Pause Young (Allocation Failure) 398M->398M(494M) 0.035ms
[44.511s][info][gc] GC(198) Pause Full (Allocation Failure) 398M->259M(494M) 144.909ms
[44.636s][info][gc] GC(199) Pause Young (Allocation Failure) 396M->396M(494M) 0.040ms
[44.755s][info][gc] GC(200) Pause Full (Allocation Failure) 396M->254M(494M) 118.943ms
[44.783s][info][gc] GC(201) Pause Young (Allocation Failure) 390M->390M(494M) 0.050ms
[44.945s][info][gc] GC(202) Pause Full (Allocation Failure) 390M->248M(494M) 162.314ms
[45.064s][info][gc] GC(203) Pause Young (Allocation Failure) 385M->385M(494M) 0.035ms
[45.202s][info][gc] GC(204) Pause Full (Allocation Failure) 385M->259M(494M) 136.770ms
[45.321s][info][gc] GC(205) Pause Young (Allocation Failure) 396M->396M(494M) 0.035ms
[45.434s][info][gc] GC(206) Pause Full (Allocation Failure) 396M->254M(494M) 112.549ms
[45.460s][info][gc] GC(207) Pause Young (Allocation Failure) 391M->391M(494M) 0.032ms
[45.606s][info][gc] GC(208) Pause Full (Allocation Failure) 391M->265M(494M) 145.364ms
[45.728s][info][gc] GC(209) Pause Young (Allocation Failure) 402M->402M(494M) 0.037ms
[45.902s][info][gc] GC(210) Pause Full (Allocation Failure) 402M->243M(494M) 173.558ms
[46.061s][info][gc] GC(211) Pause Young (Allocation Failure) 380M->380M(494M) 0.036ms
[46.185s][info][gc] GC(212) Pause Full (Allocation Failure) 380M->252M(494M) 123.557ms
[46.221s][info][gc] GC(213) Pause Young (Allocation Failure) 389M->389M(494M) 0.034ms
[46.373s][info][gc] GC(214) Pause Full (Allocation Failure) 389M->263M(494M) 151.518ms
[46.515s][info][gc] GC(215) Pause Young (Allocation Failure) 399M->399M(494M) 0.038ms
[46.653s][info][gc] GC(216) Pause Full (Allocation Failure) 399M->257M(494M) 137.515ms
[46.765s][info][gc] GC(217) Pause Young (Allocation Failure) 394M->394M(494M) 0.034ms
[46.890s][info][gc] GC(218) Pause Full (Allocation Failure) 394M->238M(494M) 125.289ms
[46.920s][info][gc] GC(219) Pause Young (Allocation Failure) 374M->374M(494M) 0.034ms
[47.078s][info][gc] GC(220) Pause Full (Allocation Failure) 374M->261M(494M) 158.681ms
[47.190s][info][gc] GC(221) Pause Young (Allocation Failure) 397M->397M(494M) 0.044ms
[47.334s][info][gc] GC(222) Pause Full (Allocation Failure) 397M->259M(494M) 143.038ms
[47.449s][info][gc] GC(223) Pause Young (Allocation Failure) 395M->395M(494M) 0.032ms
[47.566s][info][gc] GC(224) Pause Full (Allocation Failure) 395M->253M(494M) 116.344ms
[47.592s][info][gc] GC(225) Pause Young (Allocation Failure) 390M->390M(494M) 0.041ms
[47.742s][info][gc] GC(226) Pause Full (Allocation Failure) 390M->248M(494M) 149.679ms
[47.860s][info][gc] GC(227) Pause Young (Allocation Failure) 385M->385M(494M) 0.036ms
[48.000s][info][gc] GC(228) Pause Full (Allocation Failure) 385M->247M(494M) 139.049ms
[48.125s][info][gc] GC(229) Pause Young (Allocation Failure) 383M->383M(494M) 0.035ms
[48.240s][info][gc] GC(230) Pause Full (Allocation Failure) 383M->241M(494M) 114.622ms
[48.266s][info][gc] GC(231) Pause Young (Allocation Failure) 378M->378M(494M) 0.038ms
[48.419s][info][gc] GC(232) Pause Full (Allocation Failure) 378M->254M(494M) 153.281ms
[48.540s][info][gc] GC(233) Pause Young (Allocation Failure) 391M->391M(494M) 0.038ms
[48.670s][info][gc] GC(234) Pause Full (Allocation Failure) 391M->243M(494M) 128.911ms
[48.777s][info][gc] GC(235) Pause Young (Allocation Failure) 380M->380M(494M) 0.036ms
[48.912s][info][gc] GC(236) Pause Full (Allocation Failure) 380M->238M(494M) 134.961ms
[48.942s][info][gc] GC(237) Pause Young (Allocation Failure) 374M->374M(494M) 0.034ms
[49.087s][info][gc] GC(238) Pause Full (Allocation Failure) 374M->248M(494M) 144.780ms
[49.214s][info][gc] GC(239) Pause Young (Allocation Failure) 385M->385M(494M) 0.039ms
[49.344s][info][gc] GC(240) Pause Full (Allocation Failure) 385M->256M(494M) 129.996ms
[49.475s][info][gc] GC(241) Pause Young (Allocation Failure) 392M->392M(494M) 0.042ms
[49.609s][info][gc] GC(242) Pause Full (Allocation Failure) 392M->238M(494M) 133.558ms
[49.638s][info][gc] GC(243) Pause Young (Allocation Failure) 374M->374M(494M) 0.061ms
[49.789s][info][gc] GC(244) Pause Full (Allocation Failure) 374M->248M(494M) 150.343ms
[49.912s][info][gc] GC(245) Pause Young (Allocation Failure) 385M->385M(494M) 0.062ms
[50.042s][info][gc] GC(246) Pause Full (Allocation Failure) 385M->248M(494M) 129.756ms
[50.159s][info][gc] GC(247) Pause Young (Allocation Failure) 385M->385M(494M) 0.037ms
[50.281s][info][gc] GC(248) Pause Full (Allocation Failure) 385M->243M(494M) 121.375ms
[50.309s][info][gc] GC(249) Pause Young (Allocation Failure) 380M->380M(494M) 0.037ms
[50.458s][info][gc] GC(250) Pause Full (Allocation Failure) 380M->248M(494M) 148.582ms
[50.573s][info][gc] GC(251) Pause Young (Allocation Failure) 385M->385M(494M) 0.045ms
[50.713s][info][gc] GC(252) Pause Full (Allocation Failure) 385M->246M(494M) 139.619ms
[50.834s][info][gc] GC(253) Pause Young (Allocation Failure) 382M->382M(494M) 0.035ms
[50.951s][info][gc] GC(254) Pause Full (Allocation Failure) 382M->241M(494M) 116.995ms
[50.981s][info][gc] GC(255) Pause Young (Allocation Failure) 377M->377M(494M) 0.054ms
[51.141s][info][gc] GC(256) Pause Full (Allocation Failure) 377M->251M(494M) 159.981ms
[51.259s][info][gc] GC(257) Pause Young (Allocation Failure) 388M->388M(494M) 0.035ms
[51.401s][info][gc] GC(258) Pause Full (Allocation Failure) 388M->243M(494M) 141.949ms
[51.522s][info][gc] GC(259) Pause Young (Allocation Failure) 380M->380M(494M) 0.032ms
[51.636s][info][gc] GC(260) Pause Full (Allocation Failure) 380M->240M(494M) 113.536ms
[51.665s][info][gc] GC(261) Pause Young (Allocation Failure) 376M->376M(494M) 0.065ms
[51.819s][info][gc] GC(262) Pause Full (Allocation Failure) 376M->250M(494M) 153.562ms
[51.976s][info][gc] GC(263) Pause Young (Allocation Failure) 387M->387M(494M) 0.036ms
[52.116s][info][gc] GC(264) Pause Full (Allocation Failure) 387M->258M(494M) 139.795ms
[52.232s][info][gc] GC(265) Pause Young (Allocation Failure) 395M->395M(494M) 0.034ms
[52.349s][info][gc] GC(266) Pause Full (Allocation Failure) 395M->238M(494M) 116.914ms
[52.376s][info][gc] GC(267) Pause Young (Allocation Failure) 374M->374M(494M) 0.041ms
[52.528s][info][gc] GC(268) Pause Full (Allocation Failure) 374M->248M(494M) 151.609ms
[52.657s][info][gc] GC(269) Pause Young (Allocation Failure) 385M->385M(494M) 0.036ms
[52.794s][info][gc] GC(270) Pause Full (Allocation Failure) 385M->246M(494M) 136.274ms
[52.924s][info][gc] GC(271) Pause Young (Allocation Failure) 383M->383M(494M) 0.039ms
[53.040s][info][gc] GC(272) Pause Full (Allocation Failure) 383M->241M(494M) 115.517ms
[53.066s][info][gc] GC(273) Pause Young (Allocation Failure) 378M->378M(494M) 0.036ms
[53.211s][info][gc] GC(274) Pause Full (Allocation Failure) 378M->248M(494M) 144.448ms
[53.350s][info][gc] GC(275) Pause Young (Allocation Failure) 385M->385M(494M) 0.037ms
[53.483s][info][gc] GC(276) Pause Full (Allocation Failure) 385M->252M(494M) 132.963ms
[53.586s][info][gc] GC(277) Pause Young (Allocation Failure) 389M->389M(494M) 0.033ms
[53.719s][info][gc] GC(278) Pause Full (Allocation Failure) 389M->238M(494M) 133.051ms
[53.745s][info][gc] GC(279) Pause Young (Allocation Failure) 374M->374M(494M) 0.038ms
[53.897s][info][gc] GC(280) Pause Full (Allocation Failure) 374M->248M(494M) 151.628ms
[54.025s][info][gc] GC(281) Pause Young (Allocation Failure) 385M->385M(494M) 0.032ms
[54.151s][info][gc] GC(282) Pause Full (Allocation Failure) 385M->243M(494M) 126.005ms
[54.262s][info][gc] GC(283) Pause Young (Allocation Failure) 380M->380M(494M) 0.034ms
[54.388s][info][gc] GC(284) Pause Full (Allocation Failure) 380M->245M(494M) 126.334ms
[54.416s][info][gc] GC(285) Pause Young (Allocation Failure) 382M->382M(494M) 0.029ms
[54.556s][info][gc] GC(286) Pause Full (Allocation Failure) 382M->256M(494M) 139.979ms
[54.672s][info][gc] GC(287) Pause Young (Allocation Failure) 392M->392M(494M) 0.036ms
[54.809s][info][gc] GC(288) Pause Full (Allocation Failure) 392M->257M(494M) 137.435ms
[54.930s][info][gc] GC(289) Pause Young (Allocation Failure) 393M->393M(494M) 0.032ms
[55.041s][info][gc] GC(290) Pause Full (Allocation Failure) 393M->238M(494M) 110.967ms
[55.067s][info][gc] GC(291) Pause Young (Allocation Failure) 374M->374M(494M) 0.031ms
[55.208s][info][gc] GC(292) Pause Full (Allocation Failure) 374M->248M(494M) 139.541ms
[55.341s][info][gc] GC(293) Pause Young (Allocation Failure) 385M->385M(494M) 0.032ms
[55.469s][info][gc] GC(294) Pause Full (Allocation Failure) 385M->249M(494M) 127.724ms
[55.620s][info][gc] GC(295) Pause Young (Allocation Failure) 386M->386M(494M) 0.033ms
[55.731s][info][gc] GC(296) Pause Full (Allocation Failure) 386M->244M(494M) 110.761ms
[55.760s][info][gc] GC(297) Pause Young (Allocation Failure) 380M->380M(494M) 0.040ms
[55.911s][info][gc] GC(298) Pause Full (Allocation Failure) 380M->248M(494M) 150.614ms
[56.031s][info][gc] GC(299) Pause Young (Allocation Failure) 385M->385M(494M) 0.036ms
[56.166s][info][gc] GC(300) Pause Full (Allocation Failure) 385M->255M(494M) 134.729ms
[56.278s][info][gc] GC(301) Pause Young (Allocation Failure) 392M->392M(494M) 0.036ms
[56.413s][info][gc] GC(302) Pause Full (Allocation Failure) 392M->250M(494M) 134.275ms
[56.440s][info][gc] GC(303) Pause Young (Allocation Failure) 386M->386M(494M) 0.036ms
[56.583s][info][gc] GC(304) Pause Full (Allocation Failure) 386M->260M(494M) 141.416ms
[56.692s][info][gc] GC(305) Pause Young (Allocation Failure) 397M->397M(494M) 0.035ms
[56.848s][info][gc] GC(306) Pause Full (Allocation Failure) 397M->243M(494M) 155.863ms
[56.962s][info][gc] GC(307) Pause Young (Allocation Failure) 379M->379M(494M) 0.038ms
[57.089s][info][gc] GC(308) Pause Full (Allocation Failure) 379M->238M(494M) 126.981ms
[57.140s][info][gc] GC(309) Pause Young (Allocation Failure) 374M->374M(494M) 0.054ms
[57.290s][info][gc] GC(310) Pause Full (Allocation Failure) 374M->248M(494M) 150.161ms
[57.394s][info][gc] GC(311) Pause Young (Allocation Failure) 385M->385M(494M) 0.036ms
[57.542s][info][gc] GC(312) Pause Full (Allocation Failure) 385M->248M(494M) 147.089ms
[57.649s][info][gc] GC(313) Pause Young (Allocation Failure) 385M->385M(494M) 0.034ms
[57.772s][info][gc] GC(314) Pause Full (Allocation Failure) 385M->238M(494M) 122.794ms
[57.799s][info][gc] GC(315) Pause Young (Allocation Failure) 374M->374M(494M) 0.035ms
[57.947s][info][gc] GC(316) Pause Full (Allocation Failure) 374M->248M(494M) 147.501ms
[58.063s][info][gc] GC(317) Pause Young (Allocation Failure) 385M->385M(494M) 0.032ms
[58.223s][info][gc] GC(318) Pause Full (Allocation Failure) 385M->255M(494M) 159.399ms
[58.367s][info][gc] GC(319) Pause Young (Allocation Failure) 391M->391M(494M) 0.030ms
[58.512s][info][gc] GC(320) Pause Full (Allocation Failure) 391M->249M(494M) 144.867ms
[58.541s][info][gc] GC(321) Pause Young (Allocation Failure) 386M->386M(494M) 0.039ms
[58.724s][info][gc] GC(322) Pause Full (Allocation Failure) 386M->249M(494M) 182.215ms
[58.937s][info][gc] GC(323) Pause Young (Allocation Failure) 386M->386M(494M) 0.035ms
[59.096s][info][gc] GC(324) Pause Full (Allocation Failure) 386M->250M(494M) 158.478ms
[59.249s][info][gc] GC(325) Pause Young (Allocation Failure) 387M->387M(494M) 0.042ms
[59.408s][info][gc] GC(326) Pause Full (Allocation Failure) 387M->213M(494M) 158.677ms
[59.448s][info][gc] GC(327) Pause Young (Allocation Failure) 349M->349M(494M) 0.030ms
[59.613s][info][gc] GC(328) Pause Full (Allocation Failure) 349M->258M(494M) 164.762ms
[59.832s][info][gc] GC(329) Pause Young (Allocation Failure) 394M->394M(494M) 0.038ms
[59.973s][info][gc] GC(330) Pause Full (Allocation Failure) 394M->186M(494M) 140.578ms
[60.182s][info][gc] GC(331) Pause Young (Allocation Failure) 323M->290M(494M) 32.816ms
[60.222s][info][gc] GC(332) Pause Young (Allocation Failure) 426M->426M(494M) 0.033ms
[60.362s][info][gc] GC(333) Pause Full (Allocation Failure) 426M->248M(494M) 140.038ms
[60.468s][info][gc] GC(334) Pause Young (Allocation Failure) 385M->385M(494M) 0.036ms
[60.609s][info][gc] GC(335) Pause Full (Allocation Failure) 385M->255M(494M) 140.272ms
[60.719s][info][gc] GC(336) Pause Young (Allocation Failure) 391M->391M(494M) 0.035ms
[60.817s][info][gc] GC(337) Pause Full (Allocation Failure) 391M->241M(494M) 97.451ms
[60.843s][info][gc] GC(338) Pause Young (Allocation Failure) 378M->378M(494M) 0.061ms
[60.986s][info][gc] GC(339) Pause Full (Allocation Failure) 378M->245M(494M) 142.032ms
[61.087s][info][gc] GC(340) Pause Young (Allocation Failure) 381M->381M(494M) 0.033ms
[61.235s][info][gc] GC(341) Pause Full (Allocation Failure) 381M->240M(494M) 148.657ms
[61.342s][info][gc] GC(342) Pause Young (Allocation Failure) 376M->376M(494M) 0.035ms
[61.453s][info][gc] GC(343) Pause Full (Allocation Failure) 376M->235M(494M) 111.109ms
[61.480s][info][gc] GC(344) Pause Young (Allocation Failure) 371M->371M(494M) 0.032ms
[61.616s][info][gc] GC(345) Pause Full (Allocation Failure) 371M->245M(494M) 136.634ms
[61.752s][info][gc] GC(346) Pause Young (Allocation Failure) 381M->381M(494M) 0.035ms
[61.893s][info][gc] GC(347) Pause Full (Allocation Failure) 381M->240M(494M) 140.779ms
[62.018s][info][gc] GC(348) Pause Young (Allocation Failure) 376M->376M(494M) 0.032ms
[62.121s][info][gc] GC(349) Pause Full (Allocation Failure) 376M->235M(494M) 102.416ms
[62.150s][info][gc] GC(350) Pause Young (Allocation Failure) 371M->371M(494M) 0.041ms
[62.281s][info][gc] GC(351) Pause Full (Allocation Failure) 371M->245M(494M) 130.428ms
[62.389s][info][gc] GC(352) Pause Young (Allocation Failure) 382M->382M(494M) 0.032ms
[62.525s][info][gc] GC(353) Pause Full (Allocation Failure) 382M->240M(494M) 136.394ms
[62.663s][info][gc] GC(354) Pause Young (Allocation Failure) 377M->377M(494M) 0.033ms
[62.779s][info][gc] GC(355) Pause Full (Allocation Failure) 377M->235M(494M) 115.838ms
[62.805s][info][gc] GC(356) Pause Young (Allocation Failure) 371M->371M(494M) 0.041ms
[62.935s][info][gc] GC(357) Pause Full (Allocation Failure) 371M->245M(494M) 128.464ms
[63.051s][info][gc] GC(358) Pause Young (Allocation Failure) 382M->382M(494M) 0.032ms
[63.179s][info][gc] GC(359) Pause Full (Allocation Failure) 382M->240M(494M) 128.015ms
[63.278s][info][gc] GC(360) Pause Young (Allocation Failure) 377M->377M(494M) 0.034ms
[63.398s][info][gc] GC(361) Pause Full (Allocation Failure) 377M->235M(494M) 119.246ms
[63.430s][info][gc] GC(362) Pause Young (Allocation Failure) 371M->371M(494M) 0.032ms
[63.563s][info][gc] GC(363) Pause Full (Allocation Failure) 371M->245M(494M) 133.001ms
[63.669s][info][gc] GC(364) Pause Young (Allocation Failure) 382M->382M(494M) 0.033ms
[63.802s][info][gc] GC(365) Pause Full (Allocation Failure) 382M->240M(494M) 133.438ms
[63.925s][info][gc] GC(366) Pause Young (Allocation Failure) 377M->377M(494M) 0.032ms
[64.032s][info][gc] GC(367) Pause Full (Allocation Failure) 377M->235M(494M) 106.722ms
[64.058s][info][gc] GC(368) Pause Young (Allocation Failure) 372M->372M(494M) 0.035ms
[64.184s][info][gc] GC(369) Pause Full (Allocation Failure) 372M->245M(494M) 126.005ms
[64.286s][info][gc] GC(370) Pause Young (Allocation Failure) 382M->382M(494M) 0.036ms
[64.426s][info][gc] GC(371) Pause Full (Allocation Failure) 382M->240M(494M) 139.634ms
[64.534s][info][gc] GC(372) Pause Young (Allocation Failure) 377M->377M(494M) 0.036ms
[64.642s][info][gc] GC(373) Pause Full (Allocation Failure) 377M->235M(494M) 107.627ms
[64.669s][info][gc] GC(374) Pause Young (Allocation Failure) 371M->371M(494M) 0.036ms
[64.809s][info][gc] GC(375) Pause Full (Allocation Failure) 371M->245M(494M) 139.183ms
[64.941s][info][gc] GC(376) Pause Young (Allocation Failure) 382M->382M(494M) 0.057ms
[65.062s][info][gc] GC(377) Pause Full (Allocation Failure) 382M->240M(494M) 119.907ms
[65.165s][info][gc] GC(378) Pause Young (Allocation Failure) 377M->377M(494M) 0.035ms
[65.289s][info][gc] GC(379) Pause Full (Allocation Failure) 377M->235M(494M) 124.041ms
[65.316s][info][gc] GC(380) Pause Young (Allocation Failure) 372M->372M(494M) 0.033ms
[65.446s][info][gc] GC(381) Pause Full (Allocation Failure) 372M->261M(494M) 129.602ms
[65.558s][info][gc] GC(382) Pause Young (Allocation Failure) 397M->397M(494M) 0.035ms
[65.687s][info][gc] GC(383) Pause Full (Allocation Failure) 397M->256M(494M) 129.063ms
[65.788s][info][gc] GC(384) Pause Young (Allocation Failure) 392M->392M(494M) 0.043ms
[65.907s][info][gc] GC(385) Pause Full (Allocation Failure) 392M->250M(494M) 118.370ms
[65.936s][info][gc] GC(386) Pause Young (Allocation Failure) 387M->387M(494M) 0.035ms
[66.070s][info][gc] GC(387) Pause Full (Allocation Failure) 387M->245M(494M) 133.423ms
[66.180s][info][gc] GC(388) Pause Young (Allocation Failure) 382M->382M(494M) 0.034ms
[66.314s][info][gc] GC(389) Pause Full (Allocation Failure) 382M->240M(494M) 133.554ms
[66.429s][info][gc] GC(390) Pause Young (Allocation Failure) 377M->377M(494M) 0.038ms
[66.537s][info][gc] GC(391) Pause Full (Allocation Failure) 377M->235M(494M) 107.716ms
[66.563s][info][gc] GC(392) Pause Young (Allocation Failure) 372M->372M(494M) 0.031ms
[66.706s][info][gc] GC(393) Pause Full (Allocation Failure) 372M->246M(494M) 142.710ms
[66.825s][info][gc] GC(394) Pause Young (Allocation Failure) 382M->382M(494M) 0.032ms
[66.953s][info][gc] GC(395) Pause Full (Allocation Failure) 382M->240M(494M) 127.906ms
[67.058s][info][gc] GC(396) Pause Young (Allocation Failure) 377M->377M(494M) 0.032ms
[67.178s][info][gc] GC(397) Pause Full (Allocation Failure) 377M->235M(494M) 120.047ms
[67.206s][info][gc] GC(398) Pause Young (Allocation Failure) 372M->372M(494M) 0.033ms
[67.347s][info][gc] GC(399) Pause Full (Allocation Failure) 372M->246M(494M) 141.135ms
[67.456s][info][gc] GC(400) Pause Young (Allocation Failure) 382M->382M(494M) 0.035ms
[67.590s][info][gc] GC(401) Pause Full (Allocation Failure) 382M->244M(494M) 133.890ms
[67.713s][info][gc] GC(402) Pause Young (Allocation Failure) 381M->381M(494M) 0.032ms
[67.817s][info][gc] GC(403) Pause Full (Allocation Failure) 381M->235M(494M) 103.776ms
[67.842s][info][gc] GC(404) Pause Young (Allocation Failure) 372M->372M(494M) 0.040ms
[67.975s][info][gc] GC(405) Pause Full (Allocation Failure) 372M->246M(494M) 132.293ms
[68.085s][info][gc] GC(406) Pause Young (Allocation Failure) 382M->382M(494M) 0.036ms
[68.226s][info][gc] GC(407) Pause Full (Allocation Failure) 382M->241M(494M) 140.710ms
[68.341s][info][gc] GC(408) Pause Young (Allocation Failure) 377M->377M(494M) 0.036ms
[68.457s][info][gc] GC(409) Pause Full (Allocation Failure) 377M->236M(494M) 115.858ms
[68.484s][info][gc] GC(410) Pause Young (Allocation Failure) 372M->372M(494M) 0.036ms
[68.618s][info][gc] GC(411) Pause Full (Allocation Failure) 372M->246M(494M) 133.624ms
[68.737s][info][gc] GC(412) Pause Young (Allocation Failure) 382M->382M(494M) 0.037ms
[68.864s][info][gc] GC(413) Pause Full (Allocation Failure) 382M->241M(494M) 126.452ms
[68.959s][info][gc] GC(414) Pause Young (Allocation Failure) 377M->377M(494M) 0.032ms
[69.074s][info][gc] GC(415) Pause Full (Allocation Failure) 377M->236M(494M) 114.712ms
[69.100s][info][gc] GC(416) Pause Young (Allocation Failure) 372M->372M(494M) 0.035ms
[69.239s][info][gc] GC(417) Pause Full (Allocation Failure) 372M->246M(494M) 137.939ms
[69.358s][info][gc] GC(418) Pause Young (Allocation Failure) 383M->383M(494M) 0.033ms
[69.490s][info][gc] GC(419) Pause Full (Allocation Failure) 383M->241M(494M) 131.945ms
[69.613s][info][gc] GC(420) Pause Young (Allocation Failure) 377M->377M(494M) 0.034ms
[69.719s][info][gc] GC(421) Pause Full (Allocation Failure) 377M->236M(494M) 105.518ms
[69.748s][info][gc] GC(422) Pause Young (Allocation Failure) 372M->372M(494M) 0.034ms
[69.890s][info][gc] GC(423) Pause Full (Allocation Failure) 372M->246M(494M) 141.777ms
[70.015s][info][gc] GC(424) Pause Young (Allocation Failure) 383M->383M(494M) 0.032ms
[70.140s][info][gc] GC(425) Pause Full (Allocation Failure) 383M->241M(494M) 124.638ms
[70.252s][info][gc] GC(426) Pause Young (Allocation Failure) 378M->378M(494M) 0.037ms
[70.371s][info][gc] GC(427) Pause Full (Allocation Failure) 378M->236M(494M) 119.027ms
[70.398s][info][gc] GC(428) Pause Young (Allocation Failure) 372M->372M(494M) 0.038ms
[70.531s][info][gc] GC(429) Pause Full (Allocation Failure) 372M->246M(494M) 128.880ms
[70.645s][info][gc] GC(430) Pause Young (Allocation Failure) 383M->383M(494M) 0.033ms
[70.774s][info][gc] GC(431) Pause Full (Allocation Failure) 383M->241M(494M) 129.509ms
[70.876s][info][gc] GC(432) Pause Young (Allocation Failure) 378M->378M(494M) 0.031ms
[70.999s][info][gc] GC(433) Pause Full (Allocation Failure) 378M->236M(494M) 122.865ms
[71.028s][info][gc] GC(434) Pause Young (Allocation Failure) 372M->372M(494M) 0.036ms
[71.178s][info][gc] GC(435) Pause Full (Allocation Failure) 372M->246M(494M) 149.278ms
[71.317s][info][gc] GC(436) Pause Young (Allocation Failure) 383M->383M(494M) 0.040ms
[71.443s][info][gc] GC(437) Pause Full (Allocation Failure) 383M->241M(494M) 125.668ms
[71.550s][info][gc] GC(438) Pause Young (Allocation Failure) 378M->378M(494M) 0.034ms
[71.669s][info][gc] GC(439) Pause Full (Allocation Failure) 378M->236M(494M) 118.841ms
[71.705s][info][gc] GC(440) Pause Young (Allocation Failure) 373M->373M(494M) 0.039ms
[71.845s][info][gc] GC(441) Pause Full (Allocation Failure) 373M->246M(494M) 140.089ms
[71.956s][info][gc] GC(442) Pause Young (Allocation Failure) 383M->383M(494M) 0.031ms
[72.092s][info][gc] GC(443) Pause Full (Allocation Failure) 383M->241M(494M) 136.268ms
[72.214s][info][gc] GC(444) Pause Young (Allocation Failure) 378M->378M(494M) 0.036ms
[72.320s][info][gc] GC(445) Pause Full (Allocation Failure) 378M->236M(494M) 105.869ms
[72.346s][info][gc] GC(446) Pause Young (Allocation Failure) 373M->373M(494M) 0.034ms
[72.481s][info][gc] GC(447) Pause Full (Allocation Failure) 373M->256M(494M) 133.401ms
[72.592s][info][gc] GC(448) Pause Young (Allocation Failure) 393M->393M(494M) 0.043ms
[72.732s][info][gc] GC(449) Pause Full (Allocation Failure) 393M->241M(494M) 139.773ms
[72.842s][info][gc] GC(450) Pause Young (Allocation Failure) 378M->378M(494M) 0.037ms
[72.967s][info][gc] GC(451) Pause Full (Allocation Failure) 378M->236M(494M) 124.701ms
[72.997s][info][gc] GC(452) Pause Young (Allocation Failure) 373M->373M(494M) 0.037ms
[73.138s][info][gc] GC(453) Pause Full (Allocation Failure) 373M->246M(494M) 141.232ms
[73.260s][info][gc] GC(454) Pause Young (Allocation Failure) 383M->383M(494M) 0.034ms
[73.397s][info][gc] GC(455) Pause Full (Allocation Failure) 383M->241M(494M) 136.898ms
[73.524s][info][gc] GC(456) Pause Young (Allocation Failure) 378M->378M(494M) 0.033ms
[73.635s][info][gc] GC(457) Pause Full (Allocation Failure) 378M->236M(494M) 110.755ms
[73.663s][info][gc] GC(458) Pause Young (Allocation Failure) 373M->373M(494M) 0.037ms
[73.810s][info][gc] GC(459) Pause Full (Allocation Failure) 373M->246M(494M) 146.586ms
[73.937s][info][gc] GC(460) Pause Young (Allocation Failure) 383M->383M(494M) 0.033ms
[74.076s][info][gc] GC(461) Pause Full (Allocation Failure) 383M->248M(494M) 138.322ms
[74.185s][info][gc] GC(462) Pause Young (Allocation Failure) 384M->384M(494M) 0.036ms
[74.323s][info][gc] GC(463) Pause Full (Allocation Failure) 384M->243M(494M) 137.639ms
[74.353s][info][gc] GC(464) Pause Young (Allocation Failure) 379M->379M(494M) 0.043ms
[74.495s][info][gc] GC(465) Pause Full (Allocation Failure) 379M->253M(494M) 141.288ms
[74.626s][info][gc] GC(466) Pause Young (Allocation Failure) 389M->389M(494M) 0.045ms
[74.758s][info][gc] GC(467) Pause Full (Allocation Failure) 389M->241M(494M) 131.846ms
[74.866s][info][gc] GC(468) Pause Young (Allocation Failure) 378M->378M(494M) 0.036ms
[74.994s][info][gc] GC(469) Pause Full (Allocation Failure) 378M->240M(494M) 127.692ms
[75.022s][info][gc] GC(470) Pause Young (Allocation Failure) 376M->376M(494M) 0.037ms
[75.165s][info][gc] GC(471) Pause Full (Allocation Failure) 376M->250M(494M) 143.316ms
[75.283s][info][gc] GC(472) Pause Young (Allocation Failure) 387M->387M(494M) 0.038ms
[75.426s][info][gc] GC(473) Pause Full (Allocation Failure) 387M->245M(494M) 143.633ms
[75.562s][info][gc] GC(474) Pause Young (Allocation Failure) 381M->381M(494M) 0.037ms
[75.706s][info][gc] GC(475) Pause Full (Allocation Failure) 381M->236M(494M) 144.282ms
[75.736s][info][gc] GC(476) Pause Young (Allocation Failure) 373M->373M(494M) 0.036ms
[75.873s][info][gc] GC(477) Pause Full (Allocation Failure) 373M->257M(494M) 136.037ms
[75.986s][info][gc] GC(478) Pause Young (Allocation Failure) 393M->393M(494M) 0.033ms
[76.140s][info][gc] GC(479) Pause Full (Allocation Failure) 393M->252M(494M) 154.057ms
[76.338s][info][gc] GC(480) Pause Young (Allocation Failure) 389M->389M(494M) 0.043ms
[76.507s][info][gc] GC(481) Pause Full (Allocation Failure) 389M->250M(494M) 169.245ms
[76.534s][info][gc] GC(482) Pause Young (Allocation Failure) 386M->386M(494M) 0.033ms
[76.695s][info][gc] GC(483) Pause Full (Allocation Failure) 386M->247M(494M) 161.116ms
[76.952s][info][gc] GC(484) Pause Young (Allocation Failure) 383M->383M(494M) 0.035ms
[77.102s][info][gc] GC(485) Pause Full (Allocation Failure) 383M->259M(494M) 149.670ms
[77.235s][info][gc] GC(486) Pause Young (Allocation Failure) 395M->395M(494M) 0.036ms
[77.351s][info][gc] GC(487) Pause Full (Allocation Failure) 395M->237M(494M) 115.666ms
[77.378s][info][gc] GC(488) Pause Young (Allocation Failure) 373M->373M(494M) 0.035ms
[77.521s][info][gc] GC(489) Pause Full (Allocation Failure) 373M->247M(494M) 143.497ms
[77.640s][info][gc] GC(490) Pause Young (Allocation Failure) 384M->384M(494M) 0.040ms
[77.775s][info][gc] GC(491) Pause Full (Allocation Failure) 384M->242M(494M) 134.693ms
[77.885s][info][gc] GC(492) Pause Young (Allocation Failure) 378M->378M(494M) 0.032ms
[78.008s][info][gc] GC(493) Pause Full (Allocation Failure) 378M->237M(494M) 118.502ms
[78.035s][info][gc] GC(494) Pause Young (Allocation Failure) 373M->373M(494M) 0.034ms
[78.169s][info][gc] GC(495) Pause Full (Allocation Failure) 373M->247M(494M) 134.071ms
[78.277s][info][gc] GC(496) Pause Young (Allocation Failure) 383M->383M(494M) 0.049ms
[78.417s][info][gc] GC(497) Pause Full (Allocation Failure) 383M->258M(494M) 139.314ms
[78.547s][info][gc] GC(498) Pause Young (Allocation Failure) 394M->394M(494M) 0.035ms
[78.664s][info][gc] GC(499) Pause Full (Allocation Failure) 394M->237M(494M) 116.680ms
[78.689s][info][gc] GC(500) Pause Young (Allocation Failure) 373M->373M(494M) 0.031ms
[78.827s][info][gc] GC(501) Pause Full (Allocation Failure) 373M->247M(494M) 137.720ms
[78.944s][info][gc] GC(502) Pause Young (Allocation Failure) 384M->384M(494M) 0.033ms
[79.077s][info][gc] GC(503) Pause Full (Allocation Failure) 384M->259M(494M) 132.356ms
[79.181s][info][gc] GC(504) Pause Young (Allocation Failure) 395M->395M(494M) 0.032ms
[79.309s][info][gc] GC(505) Pause Full (Allocation Failure) 395M->253M(494M) 127.335ms
[79.338s][info][gc] GC(506) Pause Young (Allocation Failure) 390M->390M(494M) 0.033ms
[79.483s][info][gc] GC(507) Pause Full (Allocation Failure) 390M->247M(494M) 144.592ms
[79.588s][info][gc] GC(508) Pause Young (Allocation Failure) 384M->384M(494M) 0.038ms
[79.734s][info][gc] GC(509) Pause Full (Allocation Failure) 384M->258M(494M) 146.348ms
[79.847s][info][gc] GC(510) Pause Young (Allocation Failure) 394M->394M(494M) 0.034ms
[79.964s][info][gc] GC(511) Pause Full (Allocation Failure) 394M->253M(494M) 117.028ms
[79.991s][info][gc] GC(512) Pause Young (Allocation Failure) 389M->389M(494M) 0.035ms
[80.133s][info][gc] GC(513) Pause Full (Allocation Failure) 389M->263M(494M) 141.258ms
[80.256s][info][gc] GC(514) Pause Young (Allocation Failure) 400M->400M(494M) 0.036ms
[80.396s][info][gc] GC(515) Pause Full (Allocation Failure) 400M->242M(494M) 140.060ms
[80.518s][info][gc] GC(516) Pause Young (Allocation Failure) 379M->379M(494M) 0.034ms
[80.631s][info][gc] GC(517) Pause Full (Allocation Failure) 379M->251M(494M) 111.951ms
[80.657s][info][gc] GC(518) Pause Young (Allocation Failure) 388M->388M(494M) 0.035ms
[80.799s][info][gc] GC(519) Pause Full (Allocation Failure) 388M->262M(494M) 141.853ms
[80.926s][info][gc] GC(520) Pause Young (Allocation Failure) 398M->398M(494M) 0.032ms
[81.052s][info][gc] GC(521) Pause Full (Allocation Failure) 398M->256M(494M) 125.452ms
[81.156s][info][gc] GC(522) Pause Young (Allocation Failure) 393M->393M(494M) 0.034ms
[81.279s][info][gc] GC(523) Pause Full (Allocation Failure) 393M->237M(494M) 122.839ms
[81.305s][info][gc] GC(524) Pause Young (Allocation Failure) 373M->373M(494M) 0.035ms
[81.445s][info][gc] GC(525) Pause Full (Allocation Failure) 373M->247M(494M) 139.485ms
[81.554s][info][gc] GC(526) Pause Young (Allocation Failure) 384M->384M(494M) 0.033ms
[81.701s][info][gc] GC(527) Pause Full (Allocation Failure) 384M->242M(494M) 146.333ms
[81.834s][info][gc] GC(528) Pause Young (Allocation Failure) 379M->379M(494M) 0.037ms
[81.950s][info][gc] GC(529) Pause Full (Allocation Failure) 379M->237M(494M) 115.677ms
[81.977s][info][gc] GC(530) Pause Young (Allocation Failure) 373M->373M(494M) 0.040ms
[82.121s][info][gc] GC(531) Pause Full (Allocation Failure) 373M->247M(494M) 143.513ms
[82.241s][info][gc] GC(532) Pause Young (Allocation Failure) 384M->384M(494M) 0.036ms
[82.375s][info][gc] GC(533) Pause Full (Allocation Failure) 384M->252M(494M) 133.068ms
[82.482s][info][gc] GC(534) Pause Young (Allocation Failure) 389M->389M(494M) 0.035ms
[82.625s][info][gc] GC(535) Pause Full (Allocation Failure) 389M->247M(494M) 143.118ms
[82.655s][info][gc] GC(536) Pause Young (Allocation Failure) 384M->384M(494M) 0.038ms
[82.802s][info][gc] GC(537) Pause Full (Allocation Failure) 384M->258M(494M) 146.719ms
[82.924s][info][gc] GC(538) Pause Young (Allocation Failure) 394M->394M(494M) 0.035ms
[83.054s][info][gc] GC(539) Pause Full (Allocation Failure) 394M->242M(494M) 130.048ms
[83.159s][info][gc] GC(540) Pause Young (Allocation Failure) 379M->379M(494M) 0.032ms
[83.282s][info][gc] GC(541) Pause Full (Allocation Failure) 379M->237M(494M) 122.560ms
[83.312s][info][gc] GC(542) Pause Young (Allocation Failure) 374M->374M(494M) 0.036ms
[83.452s][info][gc] GC(543) Pause Full (Allocation Failure) 374M->248M(494M) 139.367ms
[83.564s][info][gc] GC(544) Pause Young (Allocation Failure) 384M->384M(494M) 0.036ms
[83.699s][info][gc] GC(545) Pause Full (Allocation Failure) 384M->251M(494M) 134.254ms
[83.863s][info][gc] GC(546) Pause Young (Allocation Failure) 388M->388M(494M) 0.031ms
[84.001s][info][gc] GC(547) Pause Full (Allocation Failure) 388M->237M(494M) 137.310ms
[84.027s][info][gc] GC(548) Pause Young (Allocation Failure) 374M->374M(494M) 0.033ms
[84.166s][info][gc] GC(549) Pause Full (Allocation Failure) 374M->248M(494M) 139.527ms
[84.279s][info][gc] GC(550) Pause Young (Allocation Failure) 384M->384M(494M) 0.040ms
[84.422s][info][gc] GC(551) Pause Full (Allocation Failure) 384M->252M(494M) 143.310ms
[84.549s][info][gc] GC(552) Pause Young (Allocation Failure) 389M->389M(494M) 0.036ms
[84.671s][info][gc] GC(553) Pause Full (Allocation Failure) 389M->247M(494M) 122.188ms
[84.698s][info][gc] GC(554) Pause Young (Allocation Failure) 383M->383M(494M) 0.037ms
[84.848s][info][gc] GC(555) Pause Full (Allocation Failure) 383M->248M(494M) 149.641ms
[84.971s][info][gc] GC(556) Pause Young (Allocation Failure) 384M->384M(494M) 0.035ms
[85.107s][info][gc] GC(557) Pause Full (Allocation Failure) 384M->251M(494M) 135.299ms
[85.230s][info][gc] GC(558) Pause Young (Allocation Failure) 388M->388M(494M) 0.037ms
[85.343s][info][gc] GC(559) Pause Full (Allocation Failure) 388M->246M(494M) 112.157ms
[85.369s][info][gc] GC(560) Pause Young (Allocation Failure) 383M->383M(494M) 0.036ms
[85.507s][info][gc] GC(561) Pause Full (Allocation Failure) 383M->256M(494M) 137.882ms
[85.635s][info][gc] GC(562) Pause Young (Allocation Failure) 393M->393M(494M) 0.041ms
[85.764s][info][gc] GC(563) Pause Full (Allocation Failure) 393M->243M(494M) 129.473ms
[85.872s][info][gc] GC(564) Pause Young (Allocation Failure) 379M->379M(494M) 0.038ms
[85.997s][info][gc] GC(565) Pause Full (Allocation Failure) 379M->253M(494M) 124.435ms
[86.025s][info][gc] GC(566) Pause Young (Allocation Failure) 390M->390M(494M) 0.037ms
[86.168s][info][gc] GC(567) Pause Full (Allocation Failure) 390M->263M(494M) 143.085ms
[86.284s][info][gc] GC(568) Pause Young (Allocation Failure) 400M->400M(494M) 0.034ms
[86.422s][info][gc] GC(569) Pause Full (Allocation Failure) 400M->258M(494M) 136.909ms
[86.543s][info][gc] GC(570) Pause Young (Allocation Failure) 395M->395M(494M) 0.034ms
[86.661s][info][gc] GC(571) Pause Full (Allocation Failure) 395M->238M(494M) 118.410ms
[86.688s][info][gc] GC(572) Pause Young (Allocation Failure) 374M->374M(494M) 0.032ms
[86.832s][info][gc] GC(573) Pause Full (Allocation Failure) 374M->252M(494M) 143.739ms
[86.949s][info][gc] GC(574) Pause Young (Allocation Failure) 388M->388M(494M) 0.043ms
[87.077s][info][gc] GC(575) Pause Full (Allocation Failure) 388M->247M(494M) 126.814ms
[87.184s][info][gc] GC(576) Pause Young (Allocation Failure) 383M->383M(494M) 0.034ms
[87.314s][info][gc] GC(577) Pause Full (Allocation Failure) 383M->242M(494M) 129.224ms
[87.341s][info][gc] GC(578) Pause Young (Allocation Failure) 378M->378M(494M) 0.033ms
[87.485s][info][gc] GC(579) Pause Full (Allocation Failure) 378M->248M(494M) 144.554ms
[87.590s][info][gc] GC(580) Pause Young (Allocation Failure) 385M->385M(494M) 0.046ms
[87.729s][info][gc] GC(581) Pause Full (Allocation Failure) 385M->248M(494M) 138.462ms
[87.843s][info][gc] GC(582) Pause Young (Allocation Failure) 384M->384M(494M) 0.033ms
[87.958s][info][gc] GC(583) Pause Full (Allocation Failure) 384M->243M(494M) 115.556ms
[87.990s][info][gc] GC(584) Pause Young (Allocation Failure) 379M->379M(494M) 0.041ms
[88.133s][info][gc] GC(585) Pause Full (Allocation Failure) 379M->253M(494M) 143.109ms
[88.250s][info][gc] GC(586) Pause Young (Allocation Failure) 390M->390M(494M) 0.033ms
[88.386s][info][gc] GC(587) Pause Full (Allocation Failure) 390M->243M(494M) 135.619ms
[88.492s][info][gc] GC(588) Pause Young (Allocation Failure) 380M->380M(494M) 0.033ms
[88.621s][info][gc] GC(589) Pause Full (Allocation Failure) 380M->238M(494M) 127.937ms
[88.648s][info][gc] GC(590) Pause Young (Allocation Failure) 374M->374M(494M) 0.054ms
[88.795s][info][gc] GC(591) Pause Full (Allocation Failure) 374M->248M(494M) 146.163ms
[88.924s][info][gc] GC(592) Pause Young (Allocation Failure) 385M->385M(494M) 0.039ms
[89.052s][info][gc] GC(593) Pause Full (Allocation Failure) 385M->244M(494M) 127.990ms
[89.157s][info][gc] GC(594) Pause Young (Allocation Failure) 381M->381M(494M) 0.031ms
[89.294s][info][gc] GC(595) Pause Full (Allocation Failure) 381M->238M(494M) 136.864ms
[89.327s][info][gc] GC(596) Pause Young (Allocation Failure) 374M->374M(494M) 0.053ms
[89.478s][info][gc] GC(597) Pause Full (Allocation Failure) 374M->248M(494M) 148.641ms
[89.588s][info][gc] GC(598) Pause Young (Allocation Failure) 385M->385M(494M) 0.036ms
[89.749s][info][gc] GC(599) Pause Full (Allocation Failure) 385M->246M(494M) 161.678ms
[89.857s][info][gc] GC(600) Pause Young (Allocation Failure) 382M->382M(494M) 0.034ms
[89.987s][info][gc] GC(601) Pause Full (Allocation Failure) 382M->244M(494M) 128.871ms
[90.017s][info][gc] GC(602) Pause Young (Allocation Failure) 380M->380M(494M) 0.034ms
[90.158s][info][gc] GC(603) Pause Full (Allocation Failure) 380M->248M(494M) 141.111ms
[90.264s][info][gc] GC(604) Pause Young (Allocation Failure) 384M->384M(494M) 0.036ms
[90.402s][info][gc] GC(605) Pause Full (Allocation Failure) 384M->245M(494M) 137.318ms
[90.540s][info][gc] GC(606) Pause Young (Allocation Failure) 381M->381M(494M) 0.034ms
[90.655s][info][gc] GC(607) Pause Full (Allocation Failure) 381M->240M(494M) 114.735ms
[90.688s][info][gc] GC(608) Pause Young (Allocation Failure) 376M->376M(494M) 0.040ms
[90.828s][info][gc] GC(609) Pause Full (Allocation Failure) 376M->249M(494M) 139.539ms
[90.940s][info][gc] GC(610) Pause Young (Allocation Failure) 385M->385M(494M) 0.032ms
[91.076s][info][gc] GC(611) Pause Full (Allocation Failure) 385M->243M(494M) 134.772ms
[91.183s][info][gc] GC(612) Pause Young (Allocation Failure) 380M->380M(494M) 0.032ms
[91.312s][info][gc] GC(613) Pause Full (Allocation Failure) 380M->238M(494M) 128.629ms
[91.355s][info][gc] GC(614) Pause Young (Allocation Failure) 375M->375M(494M) 0.044ms
[91.493s][info][gc] GC(615) Pause Full (Allocation Failure) 375M->247M(494M) 131.389ms
[91.584s][info][gc] GC(616) Pause Young (Allocation Failure) 383M->383M(494M) 0.036ms
[91.734s][info][gc] GC(617) Pause Full (Allocation Failure) 383M->255M(494M) 149.759ms
[91.844s][info][gc] GC(618) Pause Young (Allocation Failure) 391M->391M(494M) 0.034ms
[91.970s][info][gc] GC(619) Pause Full (Allocation Failure) 391M->238M(494M) 125.441ms
[92.007s][info][gc] GC(620) Pause Young (Allocation Failure) 374M->374M(494M) 0.035ms
[92.146s][info][gc] GC(621) Pause Full (Allocation Failure) 374M->246M(494M) 138.165ms
[92.264s][info][gc] GC(622) Pause Young (Allocation Failure) 383M->383M(494M) 0.039ms
[92.407s][info][gc] GC(623) Pause Full (Allocation Failure) 383M->246M(494M) 142.718ms
[92.546s][info][gc] GC(624) Pause Young (Allocation Failure) 382M->382M(494M) 0.035ms
[92.676s][info][gc] GC(625) Pause Full (Allocation Failure) 382M->213M(494M) 129.631ms
[92.703s][info][gc] GC(626) Pause Young (Allocation Failure) 349M->349M(494M) 0.038ms
[92.847s][info][gc] GC(627) Pause Full (Allocation Failure) 349M->245M(494M) 144.030ms
[93.029s][info][gc] GC(628) Pause Young (Allocation Failure) 381M->381M(494M) 0.036ms
[93.145s][info][gc] GC(629) Pause Full (Allocation Failure) 381M->185M(494M) 115.303ms
[93.319s][info][gc] GC(630) Pause Young (Allocation Failure) 321M->290M(494M) 62.876ms
[93.346s][info][gc] GC(631) Pause Young (Allocation Failure) 427M->427M(494M) 0.031ms
[93.494s][info][gc] GC(632) Pause Full (Allocation Failure) 427M->250M(494M) 147.982ms
[93.618s][info][gc] GC(633) Pause Young (Allocation Failure) 387M->387M(494M) 0.036ms
[93.740s][info][gc] GC(634) Pause Full (Allocation Failure) 387M->258M(494M) 121.127ms
[93.840s][info][gc] GC(635) Pause Young (Allocation Failure) 394M->394M(494M) 0.033ms
[93.955s][info][gc] GC(636) Pause Full (Allocation Failure) 394M->236M(494M) 114.349ms
[93.981s][info][gc] GC(637) Pause Young (Allocation Failure) 372M->372M(494M) 0.031ms
[94.125s][info][gc] GC(638) Pause Full (Allocation Failure) 372M->246M(494M) 143.659ms
[94.250s][info][gc] GC(639) Pause Young (Allocation Failure) 382M->382M(494M) 0.034ms
[94.382s][info][gc] GC(640) Pause Full (Allocation Failure) 382M->241M(494M) 131.984ms
[94.479s][info][gc] GC(641) Pause Young (Allocation Failure) 377M->377M(494M) 0.034ms
[94.604s][info][gc] GC(642) Pause Full (Allocation Failure) 377M->236M(494M) 124.579ms
[94.642s][info][gc] GC(643) Pause Young (Allocation Failure) 373M->373M(494M) 0.041ms
[94.782s][info][gc] GC(644) Pause Full (Allocation Failure) 373M->246M(494M) 139.982ms
[94.885s][info][gc] GC(645) Pause Young (Allocation Failure) 383M->383M(494M) 0.034ms
[95.026s][info][gc] GC(646) Pause Full (Allocation Failure) 383M->241M(494M) 140.330ms
[95.140s][info][gc] GC(647) Pause Young (Allocation Failure) 377M->377M(494M) 0.030ms
[95.252s][info][gc] GC(648) Pause Full (Allocation Failure) 377M->236M(494M) 111.601ms
[95.279s][info][gc] GC(649) Pause Young (Allocation Failure) 372M->372M(494M) 0.034ms
[95.418s][info][gc] GC(650) Pause Full (Allocation Failure) 372M->246M(494M) 138.559ms
[95.543s][info][gc] GC(651) Pause Young (Allocation Failure) 383M->383M(494M) 0.032ms
[95.674s][info][gc] GC(652) Pause Full (Allocation Failure) 383M->241M(494M) 130.721ms
[95.771s][info][gc] GC(653) Pause Young (Allocation Failure) 378M->378M(494M) 0.037ms
[95.902s][info][gc] GC(654) Pause Full (Allocation Failure) 378M->236M(494M) 130.136ms
[95.930s][info][gc] GC(655) Pause Young (Allocation Failure) 372M->372M(494M) 0.034ms
[96.066s][info][gc] GC(656) Pause Full (Allocation Failure) 372M->247M(494M) 135.405ms
[96.178s][info][gc] GC(657) Pause Young (Allocation Failure) 384M->384M(494M) 0.060ms
[96.307s][info][gc] GC(658) Pause Full (Allocation Failure) 384M->242M(494M) 128.894ms
[96.435s][info][gc] GC(659) Pause Young (Allocation Failure) 378M->378M(494M) 0.034ms
[96.547s][info][gc] GC(660) Pause Full (Allocation Failure) 378M->236M(494M) 111.439ms
[96.573s][info][gc] GC(661) Pause Young (Allocation Failure) 372M->372M(494M) 0.031ms
[96.725s][info][gc] GC(662) Pause Full (Allocation Failure) 372M->246M(494M) 152.207ms
[96.845s][info][gc] GC(663) Pause Young (Allocation Failure) 383M->383M(494M) 0.032ms
[96.979s][info][gc] GC(664) Pause Full (Allocation Failure) 383M->241M(494M) 134.400ms
[97.080s][info][gc] GC(665) Pause Young (Allocation Failure) 378M->378M(494M) 0.034ms
[97.205s][info][gc] GC(666) Pause Full (Allocation Failure) 378M->236M(494M) 124.700ms
[97.236s][info][gc] GC(667) Pause Young (Allocation Failure) 373M->373M(494M) 0.036ms
[97.383s][info][gc] GC(668) Pause Full (Allocation Failure) 373M->246M(494M) 145.892ms
[97.490s][info][gc] GC(669) Pause Young (Allocation Failure) 383M->383M(494M) 0.031ms
[97.640s][info][gc] GC(670) Pause Full (Allocation Failure) 383M->241M(494M) 150.130ms
[97.756s][info][gc] GC(671) Pause Young (Allocation Failure) 378M->378M(494M) 0.035ms
[97.876s][info][gc] GC(672) Pause Full (Allocation Failure) 378M->248M(494M) 120.303ms
[97.903s][info][gc] GC(673) Pause Young (Allocation Failure) 385M->385M(494M) 0.033ms
[98.042s][info][gc] GC(674) Pause Full (Allocation Failure) 385M->258M(494M) 138.457ms
[98.174s][info][gc] GC(675) Pause Young (Allocation Failure) 395M->395M(494M) 0.035ms
[98.312s][info][gc] GC(676) Pause Full (Allocation Failure) 395M->241M(494M) 138.190ms
[98.436s][info][gc] GC(677) Pause Young (Allocation Failure) 378M->378M(494M) 0.036ms
[98.549s][info][gc] GC(678) Pause Full (Allocation Failure) 378M->248M(494M) 112.804ms
[98.575s][info][gc] GC(679) Pause Young (Allocation Failure) 384M->384M(494M) 0.032ms
[98.711s][info][gc] GC(680) Pause Full (Allocation Failure) 384M->258M(494M) 135.321ms
[98.827s][info][gc] GC(681) Pause Young (Allocation Failure) 394M->394M(494M) 0.033ms
[98.954s][info][gc] GC(682) Pause Full (Allocation Failure) 394M->253M(494M) 126.980ms
[99.057s][info][gc] GC(683) Pause Young (Allocation Failure) 390M->390M(494M) 0.032ms
[99.171s][info][gc] GC(684) Pause Full (Allocation Failure) 390M->236M(494M) 113.647ms
[99.196s][info][gc] GC(685) Pause Young (Allocation Failure) 373M->373M(494M) 0.032ms
[99.337s][info][gc] GC(686) Pause Full (Allocation Failure) 373M->247M(494M) 141.373ms
[99.466s][info][gc] GC(687) Pause Young (Allocation Failure) 383M->383M(494M) 0.036ms
[99.598s][info][gc] GC(688) Pause Full (Allocation Failure) 383M->241M(494M) 132.412ms
[99.722s][info][gc] GC(689) Pause Young (Allocation Failure) 378M->378M(494M) 0.033ms
[99.829s][info][gc] GC(690) Pause Full (Allocation Failure) 378M->236M(494M) 106.230ms
[99.856s][info][gc] GC(691) Pause Young (Allocation Failure) 373M->373M(494M) 0.033ms
[99.997s][info][gc] GC(692) Pause Full (Allocation Failure) 373M->247M(494M) 140.405ms
[100.123s][info][gc] GC(693) Pause Young (Allocation Failure) 383M->383M(494M) 0.033ms
[100.252s][info][gc] GC(694) Pause Full (Allocation Failure) 383M->253M(494M) 128.734ms
[100.360s][info][gc] GC(695) Pause Young (Allocation Failure) 390M->390M(494M) 0.038ms
[100.481s][info][gc] GC(696) Pause Full (Allocation Failure) 390M->248M(494M) 120.265ms
[100.508s][info][gc] GC(697) Pause Young (Allocation Failure) 385M->385M(494M) 0.040ms
[100.644s][info][gc] GC(698) Pause Full (Allocation Failure) 385M->259M(494M) 135.606ms
[100.751s][info][gc] GC(699) Pause Young (Allocation Failure) 395M->395M(494M) 0.035ms
[100.887s][info][gc] GC(700) Pause Full (Allocation Failure) 395M->242M(494M) 136.346ms
[100.989s][info][gc] GC(701) Pause Young (Allocation Failure) 378M->378M(494M) 0.034ms
[101.121s][info][gc] GC(702) Pause Full (Allocation Failure) 378M->236M(494M) 131.723ms
[101.148s][info][gc] GC(703) Pause Young (Allocation Failure) 373M->373M(494M) 0.037ms
[101.287s][info][gc] GC(704) Pause Full (Allocation Failure) 373M->247M(494M) 138.845ms
[101.389s][info][gc] GC(705) Pause Young (Allocation Failure) 384M->384M(494M) 0.035ms
[101.539s][info][gc] GC(706) Pause Full (Allocation Failure) 384M->242M(494M) 150.079ms
[101.646s][info][gc] GC(707) Pause Young (Allocation Failure) 379M->379M(494M) 0.035ms
[101.777s][info][gc] GC(708) Pause Full (Allocation Failure) 379M->237M(494M) 130.672ms
[101.807s][info][gc] GC(709) Pause Young (Allocation Failure) 373M->373M(494M) 0.045ms
[101.944s][info][gc] GC(710) Pause Full (Allocation Failure) 373M->247M(494M) 136.351ms
[102.067s][info][gc] GC(711) Pause Young (Allocation Failure) 383M->383M(494M) 0.033ms
[102.201s][info][gc] GC(712) Pause Full (Allocation Failure) 383M->258M(494M) 133.208ms
[102.327s][info][gc] GC(713) Pause Young (Allocation Failure) 395M->395M(494M) 0.034ms
[102.434s][info][gc] GC(714) Pause Full (Allocation Failure) 395M->253M(494M) 107.529ms
[102.462s][info][gc] GC(715) Pause Young (Allocation Failure) 390M->390M(494M) 0.032ms
[102.602s][info][gc] GC(716) Pause Full (Allocation Failure) 390M->247M(494M) 139.677ms
[102.736s][info][gc] GC(717) Pause Young (Allocation Failure) 384M->384M(494M) 0.032ms
[102.855s][info][gc] GC(718) Pause Full (Allocation Failure) 384M->259M(494M) 119.171ms
[102.954s][info][gc] GC(719) Pause Young (Allocation Failure) 395M->395M(494M) 0.034ms
[103.075s][info][gc] GC(720) Pause Full (Allocation Failure) 395M->252M(494M) 120.733ms
[103.102s][info][gc] GC(721) Pause Young (Allocation Failure) 388M->388M(494M) 0.032ms
[103.238s][info][gc] GC(722) Pause Full (Allocation Failure) 388M->262M(494M) 136.344ms
