[0.003s][info][gc] Using Serial
[0.091s][info][gc] GC(0) Pause Young (Allocation Failure) 5M->1M(15M) 1.618ms
[0.181s][info][gc] GC(1) Pause Young (Allocation Failure) 6M->2M(15M) 2.028ms
[0.288s][info][gc] GC(2) Pause Young (Allocation Failure) 6M->3M(15M) 2.120ms
[0.364s][info][gc] GC(3) Pause Young (Allocation Failure) 7M->3M(15M) 1.322ms
[0.477s][info][gc] GC(4) Pause Young (Allocation Failure) 7M->4M(15M) 1.394ms
[0.687s][info][gc] GC(5) Pause Young (Allocation Failure) 8M->4M(15M) 1.439ms
[0.789s][info][gc] GC(6) Pause Young (Allocation Failure) 8M->4M(15M) 0.964ms
[0.905s][info][gc] GC(7) Pause Young (Allocation Failure) 9M->5M(15M) 0.967ms
[1.074s][info][gc] GC(8) Pause Young (Allocation Failure) 9M->5M(15M) 1.154ms
[1.206s][info][gc] GC(9) Pause Young (Allocation Failure) 9M->5M(15M) 1.110ms
[1.307s][info][gc] GC(10) Pause Young (Allocation Failure) 9M->5M(15M) 1.135ms
[1.437s][info][gc] GC(11) Pause Young (Allocation Failure) 10M->6M(15M) 1.319ms
[1.563s][info][gc] GC(12) Pause Young (Allocation Failure) 10M->6M(15M) 1.264ms
[1.691s][info][gc] GC(13) Pause Young (Allocation Failure) 10M->6M(15M) 1.339ms
[1.780s][info][gc] GC(14) Pause Young (Allocation Failure) 11M->6M(15M) 1.615ms
[1.844s][info][gc] GC(15) Pause Young (Allocation Failure) 11M->7M(15M) 0.888ms
[1.905s][info][gc] GC(16) Pause Young (Allocation Failure) 11M->7M(15M) 1.241ms
[2.283s][info][gc] GC(17) Pause Young (Allocation Failure) 11M->7M(15M) 1.562ms
[2.414s][info][gc] GC(18) Pause Young (Allocation Failure) 11M->8M(15M) 1.870ms
[2.463s][info][gc] GC(19) Pause Young (Allocation Failure) 12M->8M(15M) 1.291ms
[2.492s][info][gc] GC(20) Pause Young (Allocation Failure) 12M->8M(15M) 0.601ms
[2.563s][info][gc] GC(21) Pause Young (Allocation Failure) 12M->8M(15M) 1.412ms
[2.625s][info][gc] GC(22) Pause Young (Allocation Failure) 13M->9M(15M) 1.553ms
[2.717s][info][gc] GC(23) Pause Young (Allocation Failure) 13M->9M(15M) 1.542ms
[2.801s][info][gc] GC(24) Pause Young (Allocation Failure) 13M->9M(15M) 1.401ms
[2.890s][info][gc] GC(25) Pause Young (Allocation Failure) 14M->10M(15M) 1.196ms
[2.989s][info][gc] GC(26) Pause Young (Allocation Failure) 14M->10M(15M) 1.140ms
[3.060s][info][gc] GC(27) Pause Young (Allocation Failure) 14M->10M(15M) 1.089ms
[3.142s][info][gc] GC(28) Pause Young (Allocation Failure) 14M->10M(15M) 1.752ms
[3.225s][info][gc] GC(29) Pause Young (Allocation Failure) 15M->10M(15M) 1.607ms
[3.268s][info][gc] GC(30) Pause Full (Allocation Failure) 10M->9M(23M) 43.359ms
[3.408s][info][gc] GC(31) Pause Young (Allocation Failure) 15M->9M(23M) 1.281ms
[3.601s][info][gc] GC(32) Pause Young (Allocation Failure) 16M->10M(23M) 1.679ms
[3.739s][info][gc] GC(33) Pause Young (Allocation Failure) 16M->10M(23M) 2.016ms
[3.828s][info][gc] GC(34) Pause Young (Allocation Failure) 17M->11M(23M) 2.042ms
[3.997s][info][gc] GC(35) Pause Young (Allocation Failure) 17M->11M(23M) 2.500ms
[4.111s][info][gc] GC(36) Pause Young (Allocation Failure) 18M->12M(23M) 2.629ms
[4.283s][info][gc] GC(37) Pause Young (Allocation Failure) 18M->13M(23M) 2.618ms
[4.387s][info][gc] GC(38) Pause Young (Allocation Failure) 19M->14M(23M) 3.499ms
[4.502s][info][gc] GC(39) Pause Young (Allocation Failure) 20M->15M(23M) 2.989ms
[4.830s][info][gc] GC(40) Pause Young (Allocation Failure) 21M->15M(23M) 2.506ms
[5.089s][info][gc] GC(41) Pause Young (Allocation Failure) 21M->15M(23M) 1.782ms
[5.398s][info][gc] GC(42) Pause Young (Allocation Failure) 22M->15M(23M) 1.088ms
[5.489s][info][gc] GC(43) Pause Young (Allocation Failure) 22M->15M(23M) 1.398ms
[5.566s][info][gc] GC(44) Pause Full (Metadata GC Threshold) 16M->15M(37M) 62.099ms
[5.783s][info][gc] GC(45) Pause Young (Allocation Failure) 26M->16M(37M) 3.296ms
[5.991s][info][gc] GC(46) Pause Young (Allocation Failure) 26M->17M(37M) 3.043ms
[6.271s][info][gc] GC(47) Pause Young (Allocation Failure) 27M->18M(37M) 4.159ms
[6.506s][info][gc] GC(48) Pause Young (Allocation Failure) 28M->19M(37M) 4.854ms
[6.775s][info][gc] GC(49) Pause Young (Allocation Failure) 29M->20M(37M) 3.955ms
[7.063s][info][gc] GC(50) Pause Young (Allocation Failure) 30M->21M(37M) 4.528ms
[8.828s][info][gc] GC(51) Pause Young (Allocation Failure) 32M->24M(37M) 5.571ms
[13.375s][info][gc] GC(52) Pause Young (Allocation Failure) 34M->26M(37M) 5.678ms
[13.482s][info][gc] GC(53) Pause Young (Allocation Failure) 36M->35M(46M) 9.441ms
[13.563s][info][gc] GC(54) Pause Full (Allocation Failure) 35M->34M(83M) 80.637ms
[13.781s][info][gc] GC(55) Pause Young (Allocation Failure) 57M->54M(83M) 20.738ms
[14.280s][info][gc] GC(56) Pause Young (Allocation Failure) 78M->68M(91M) 15.315ms
[14.377s][info][gc] GC(57) Pause Full (Allocation Failure) 68M->65M(157M) 97.062ms
[15.093s][info][gc] GC(58) Pause Young (Allocation Failure) 108M->89M(157M) 18.015ms
[15.587s][info][gc] GC(59) Pause Young (Allocation Failure) 133M->115M(158M) 28.903ms
[15.651s][info][gc] GC(60) Pause Full (Allocation Failure) 115M->82M(200M) 63.756ms
[15.874s][info][gc] GC(61) Pause Young (Allocation Failure) 137M->115M(200M) 15.795ms
[16.102s][info][gc] GC(62) Pause Young (Allocation Failure) 170M->146M(201M) 35.391ms
[16.202s][info][gc] GC(63) Pause Full (Allocation Failure) 146M->89M(215M) 99.458ms
[16.585s][info][gc] GC(64) Pause Young (Allocation Failure) 148M->117M(215M) 12.644ms
[17.004s][info][gc] GC(65) Pause Young (Allocation Failure) 177M->148M(215M) 16.470ms
[17.289s][info][gc] GC(66) Pause Young (Allocation Failure) 207M->179M(238M) 85.084ms
[17.369s][info][gc] GC(67) Pause Full (Allocation Failure) 179M->89M(216M) 79.321ms
[17.682s][info][gc] GC(68) Pause Young (Allocation Failure) 149M->120M(216M) 11.958ms
[17.876s][info][gc] GC(69) Pause Young (Allocation Failure) 179M->150M(216M) 15.314ms
[18.202s][info][gc] GC(70) Pause Young (Allocation Failure) 209M->172M(232M) 21.672ms
[18.312s][info][gc] GC(71) Pause Full (Allocation Failure) 172M->79M(216M) 109.402ms
[18.578s][info][gc] GC(72) Pause Young (Allocation Failure) 138M->113M(216M) 13.495ms
[18.968s][info][gc] GC(73) Pause Young (Allocation Failure) 172M->140M(216M) 71.094ms
[19.294s][info][gc] GC(74) Pause Young (Allocation Failure) 200M->171M(231M) 22.889ms
[19.390s][info][gc] GC(75) Pause Full (Allocation Failure) 171M->88M(216M) 96.126ms
[19.674s][info][gc] GC(76) Pause Young (Allocation Failure) 147M->119M(216M) 12.577ms
[19.893s][info][gc] GC(77) Pause Young (Allocation Failure) 179M->149M(216M) 15.636ms
[20.167s][info][gc] GC(78) Pause Young (Allocation Failure) 208M->179M(239M) 54.648ms
[20.245s][info][gc] GC(79) Pause Full (Allocation Failure) 179M->89M(217M) 76.833ms
[20.459s][info][gc] GC(80) Pause Young (Allocation Failure) 150M->123M(217M) 65.597ms
[20.609s][info][gc] GC(81) Pause Young (Allocation Failure) 183M->159M(219M) 16.895ms
[20.721s][info][gc] GC(82) Pause Full (Allocation Failure) 159M->85M(217M) 63.577ms
[20.879s][info][gc] GC(83) Pause Young (Allocation Failure) 145M->119M(217M) 16.949ms
[21.394s][info][gc] GC(84) Pause Young (Allocation Failure) 179M->146M(217M) 15.914ms
[21.586s][info][gc] GC(85) Pause Young (Allocation Failure) 206M->177M(237M) 82.130ms
[21.668s][info][gc] GC(86) Pause Full (Allocation Failure) 177M->81M(217M) 82.091ms
[21.889s][info][gc] GC(87) Pause Young (Allocation Failure) 141M->112M(217M) 12.838ms
[22.071s][info][gc] GC(88) Pause Young (Allocation Failure) 172M->143M(217M) 71.366ms
[22.303s][info][gc] GC(89) Pause Young (Allocation Failure) 203M->172M(232M) 18.130ms
[22.405s][info][gc] GC(90) Pause Full (Allocation Failure) 172M->81M(217M) 102.540ms
[22.662s][info][gc] GC(91) Pause Young (Allocation Failure) 141M->114M(217M) 84.653ms
[22.805s][info][gc] GC(92) Pause Young (Allocation Failure) 174M->139M(217M) 16.992ms
[23.080s][info][gc] GC(93) Pause Young (Allocation Failure) 199M->171M(232M) 22.200ms
[23.160s][info][gc] GC(94) Pause Full (Allocation Failure) 171M->89M(217M) 79.415ms
[23.386s][info][gc] GC(95) Pause Young (Allocation Failure) 149M->120M(217M) 11.652ms
[23.498s][info][gc] GC(96) Pause Young (Allocation Failure) 180M->150M(217M) 13.721ms
[23.759s][info][gc] GC(97) Pause Young (Allocation Failure) 210M->178M(238M) 70.764ms
[23.822s][info][gc] GC(98) Pause Full (Allocation Failure) 178M->86M(217M) 62.876ms
[23.995s][info][gc] GC(99) Pause Young (Allocation Failure) 146M->116M(217M) 10.769ms
[24.101s][info][gc] GC(100) Pause Young (Allocation Failure) 176M->146M(217M) 14.077ms
[24.306s][info][gc] GC(101) Pause Young (Allocation Failure) 206M->173M(234M) 18.792ms
[24.413s][info][gc] GC(102) Pause Full (Allocation Failure) 173M->77M(217M) 106.926ms
[24.583s][info][gc] GC(103) Pause Young (Allocation Failure) 137M->107M(217M) 10.274ms
[24.697s][info][gc] GC(104) Pause Young (Allocation Failure) 167M->136M(217M) 12.996ms
[24.964s][info][gc] GC(105) Pause Young (Allocation Failure) 196M->163M(223M) 79.483ms
[25.023s][info][gc] GC(106) Pause Full (Allocation Failure) 163M->83M(217M) 59.070ms
[25.178s][info][gc] GC(107) Pause Young (Allocation Failure) 144M->113M(217M) 10.992ms
[25.365s][info][gc] GC(108) Pause Young (Allocation Failure) 173M->142M(217M) 68.387ms
[25.596s][info][gc] GC(109) Pause Young (Allocation Failure) 202M->170M(230M) 17.739ms
[25.703s][info][gc] GC(110) Pause Full (Allocation Failure) 170M->85M(217M) 106.814ms
[25.930s][info][gc] GC(111) Pause Young (Allocation Failure) 145M->113M(217M) 19.169ms
[26.049s][info][gc] GC(112) Pause Young (Allocation Failure) 173M->142M(217M) 12.602ms
[26.248s][info][gc] GC(113) Pause Young (Allocation Failure) 202M->169M(229M) 18.565ms
[26.308s][info][gc] GC(114) Pause Full (Allocation Failure) 169M->83M(217M) 59.382ms
[26.446s][info][gc] GC(115) Pause Young (Allocation Failure) 143M->114M(217M) 11.730ms
[26.708s][info][gc] GC(116) Pause Young (Allocation Failure) 174M->123M(217M) 9.293ms
[26.865s][info][gc] GC(117) Pause Young (Allocation Failure) 183M->131M(217M) 8.909ms
[27.051s][info][gc] GC(118) Pause Young (Allocation Failure) 191M->142M(217M) 9.975ms
[27.233s][info][gc] GC(119) Pause Young (Allocation Failure) 202M->153M(217M) 8.781ms
[27.435s][info][gc] GC(120) Pause Young (Allocation Failure) 213M->162M(222M) 11.126ms
[27.496s][info][gc] GC(121) Pause Full (Allocation Failure) 162M->76M(217M) 60.488ms
[27.631s][info][gc] GC(122) Pause Young (Allocation Failure) 136M->107M(217M) 15.563ms
[27.834s][info][gc] GC(123) Pause Young (Allocation Failure) 167M->118M(217M) 10.084ms
[28.023s][info][gc] GC(124) Pause Young (Allocation Failure) 178M->126M(217M) 8.571ms
[28.216s][info][gc] GC(125) Pause Young (Allocation Failure) 187M->135M(217M) 10.835ms
[28.408s][info][gc] GC(126) Pause Young (Allocation Failure) 195M->167M(227M) 23.445ms
[28.510s][info][gc] GC(127) Pause Full (Allocation Failure) 167M->76M(217M) 101.836ms
[28.644s][info][gc] GC(128) Pause Young (Allocation Failure) 136M->112M(217M) 15.239ms
[28.829s][info][gc] GC(129) Pause Young (Allocation Failure) 172M->123M(217M) 10.714ms
[29.013s][info][gc] GC(130) Pause Young (Allocation Failure) 183M->142M(217M) 12.169ms
[29.192s][info][gc] GC(131) Pause Young (Allocation Failure) 202M->159M(219M) 12.132ms
[29.286s][info][gc] GC(132) Pause Full (Allocation Failure) 159M->74M(217M) 94.156ms
[29.486s][info][gc] GC(133) Pause Young (Allocation Failure) 134M->96M(217M) 8.952ms
[29.631s][info][gc] GC(134) Pause Young (Allocation Failure) 156M->125M(217M) 14.105ms
[29.894s][info][gc] GC(135) Pause Young (Allocation Failure) 185M->134M(217M) 14.458ms
[30.078s][info][gc] GC(136) Pause Young (Allocation Failure) 194M->139M(217M) 7.981ms
[30.267s][info][gc] GC(137) Pause Young (Allocation Failure) 199M->145M(217M) 9.554ms
[30.460s][info][gc] GC(138) Pause Young (Allocation Failure) 205M->154M(217M) 11.789ms
[30.672s][info][gc] GC(139) Pause Young (Allocation Failure) 214M->163M(223M) 14.107ms
[30.744s][info][gc] GC(140) Pause Full (Allocation Failure) 163M->86M(217M) 71.997ms
[30.861s][info][gc] GC(141) Pause Young (Allocation Failure) 146M->116M(217M) 14.081ms
[30.993s][info][gc] GC(142) Pause Young (Allocation Failure) 176M->144M(217M) 16.003ms
[31.180s][info][gc] GC(143) Pause Young (Allocation Failure) 204M->159M(219M) 13.095ms
[31.252s][info][gc] GC(144) Pause Full (Allocation Failure) 159M->77M(217M) 71.238ms
[31.361s][info][gc] GC(145) Pause Young (Allocation Failure) 137M->108M(217M) 13.945ms
[31.544s][info][gc] GC(146) Pause Young (Allocation Failure) 168M->124M(217M) 12.385ms
[31.639s][info][gc] GC(147) Pause Young (Allocation Failure) 184M->150M(217M) 12.768ms
[31.789s][info][gc] GC(148) Pause Young (Allocation Failure) 210M->177M(237M) 25.613ms
[31.852s][info][gc] GC(149) Pause Full (Allocation Failure) 177M->85M(217M) 62.157ms
[31.975s][info][gc] GC(150) Pause Young (Allocation Failure) 146M->115M(217M) 11.717ms
[32.168s][info][gc] GC(151) Pause Young (Allocation Failure) 175M->131M(217M) 11.786ms
[32.400s][info][gc] GC(152) Pause Young (Allocation Failure) 191M->145M(217M) 11.086ms
[32.596s][info][gc] GC(153) Pause Young (Allocation Failure) 205M->154M(217M) 8.617ms
[32.787s][info][gc] GC(154) Pause Young (Allocation Failure) 214M->158M(218M) 7.496ms
[32.849s][info][gc] GC(155) Pause Full (Allocation Failure) 158M->84M(217M) 60.990ms
[33.043s][info][gc] GC(156) Pause Young (Allocation Failure) 144M->95M(217M) 6.572ms
[33.140s][info][gc] GC(157) Pause Young (Allocation Failure) 155M->118M(217M) 11.946ms
[33.272s][info][gc] GC(158) Pause Young (Allocation Failure) 178M->146M(217M) 14.060ms
[33.420s][info][gc] GC(159) Pause Young (Allocation Failure) 206M->173M(233M) 21.196ms
[33.480s][info][gc] GC(160) Pause Full (Allocation Failure) 173M->84M(217M) 60.470ms
[33.613s][info][gc] GC(161) Pause Young (Allocation Failure) 144M->115M(217M) 12.139ms
[33.818s][info][gc] GC(162) Pause Young (Allocation Failure) 175M->126M(217M) 10.927ms
[34.027s][info][gc] GC(163) Pause Young (Allocation Failure) 186M->133M(217M) 9.287ms
[34.222s][info][gc] GC(164) Pause Young (Allocation Failure) 193M->140M(217M) 9.846ms
[34.414s][info][gc] GC(165) Pause Young (Allocation Failure) 200M->146M(217M) 7.789ms
[34.609s][info][gc] GC(166) Pause Young (Allocation Failure) 206M->159M(219M) 10.451ms
[34.683s][info][gc] GC(167) Pause Full (Allocation Failure) 159M->77M(217M) 72.806ms
[34.780s][info][gc] GC(168) Pause Young (Allocation Failure) 137M->108M(217M) 13.145ms
[34.966s][info][gc] GC(169) Pause Young (Allocation Failure) 168M->123M(217M) 10.960ms
[35.164s][info][gc] GC(170) Pause Young (Allocation Failure) 183M->141M(217M) 12.758ms
[35.347s][info][gc] GC(171) Pause Young (Allocation Failure) 201M->161M(222M) 14.878ms
[35.412s][info][gc] GC(172) Pause Full (Allocation Failure) 161M->78M(217M) 64.966ms
[35.532s][info][gc] GC(173) Pause Young (Allocation Failure) 138M->115M(217M) 15.017ms
[35.744s][info][gc] GC(174) Pause Young (Allocation Failure) 175M->128M(217M) 11.569ms
[35.844s][info][gc] GC(175) Pause Young (Allocation Failure) 188M->155M(217M) 13.837ms
[35.997s][info][gc] GC(176) Pause Young (Allocation Failure) 215M->182M(242M) 26.615ms
[36.060s][info][gc] GC(177) Pause Full (Allocation Failure) 182M->85M(217M) 62.570ms
[36.197s][info][gc] GC(178) Pause Young (Allocation Failure) 145M->115M(217M) 12.266ms
[36.380s][info][gc] GC(179) Pause Young (Allocation Failure) 175M->127M(217M) 11.593ms
[36.567s][info][gc] GC(180) Pause Young (Allocation Failure) 188M->136M(217M) 9.030ms
[36.750s][info][gc] GC(181) Pause Young (Allocation Failure) 196M->141M(217M) 7.322ms
[36.932s][info][gc] GC(182) Pause Young (Allocation Failure) 201M->146M(217M) 7.180ms
[37.106s][info][gc] GC(183) Pause Young (Allocation Failure) 206M->157M(217M) 9.031ms
[37.299s][info][gc] GC(184) Pause Young (Allocation Failure) 217M->169M(230M) 13.655ms
[37.354s][info][gc] GC(185) Pause Full (Allocation Failure) 169M->84M(217M) 55.257ms
[37.460s][info][gc] GC(186) Pause Young (Allocation Failure) 144M->120M(217M) 12.201ms
[37.630s][info][gc] GC(187) Pause Young (Allocation Failure) 181M->150M(217M) 13.478ms
[37.808s][info][gc] GC(188) Pause Young (Allocation Failure) 210M->168M(228M) 16.581ms
[37.883s][info][gc] GC(189) Pause Full (Allocation Failure) 168M->77M(217M) 74.253ms
[37.986s][info][gc] GC(190) Pause Young (Allocation Failure) 137M->108M(217M) 12.578ms
[38.180s][info][gc] GC(191) Pause Young (Allocation Failure) 168M->121M(217M) 9.599ms
[38.316s][info][gc] GC(192) Pause Young (Allocation Failure) 181M->146M(217M) 12.551ms
[38.535s][info][gc] GC(193) Pause Young (Allocation Failure) 206M->157M(218M) 9.682ms
[38.599s][info][gc] GC(194) Pause Full (Allocation Failure) 157M->83M(217M) 62.793ms
[38.752s][info][gc] GC(195) Pause Young (Allocation Failure) 143M->113M(217M) 11.408ms
[38.880s][info][gc] GC(196) Pause Young (Allocation Failure) 173M->142M(217M) 15.247ms
[39.054s][info][gc] GC(197) Pause Young (Allocation Failure) 202M->162M(222M) 15.775ms
[39.118s][info][gc] GC(198) Pause Full (Allocation Failure) 162M->78M(217M) 63.639ms
[39.271s][info][gc] GC(199) Pause Young (Allocation Failure) 138M->109M(217M) 15.486ms
[39.381s][info][gc] GC(200) Pause Young (Allocation Failure) 169M->137M(217M) 14.535ms
[39.511s][info][gc] GC(201) Pause Young (Allocation Failure) 197M->166M(226M) 18.619ms
[39.575s][info][gc] GC(202) Pause Full (Allocation Failure) 166M->80M(217M) 64.065ms
[39.685s][info][gc] GC(203) Pause Young (Allocation Failure) 140M->110M(217M) 13.235ms
[39.817s][info][gc] GC(204) Pause Young (Allocation Failure) 170M->137M(217M) 13.513ms
[39.947s][info][gc] GC(205) Pause Young (Allocation Failure) 197M->164M(224M) 15.596ms
[40.010s][info][gc] GC(206) Pause Full (Allocation Failure) 164M->77M(217M) 62.024ms
[40.112s][info][gc] GC(207) Pause Young (Allocation Failure) 137M->107M(217M) 11.929ms
[40.248s][info][gc] GC(208) Pause Young (Allocation Failure) 167M->135M(217M) 13.905ms
[40.424s][info][gc] GC(209) Pause Young (Allocation Failure) 195M->163M(223M) 16.161ms
[40.507s][info][gc] GC(210) Pause Full (Allocation Failure) 163M->84M(217M) 82.765ms
[40.628s][info][gc] GC(211) Pause Young (Allocation Failure) 144M->115M(217M) 12.216ms
[40.791s][info][gc] GC(212) Pause Young (Allocation Failure) 175M->129M(217M) 10.673ms
[40.974s][info][gc] GC(213) Pause Young (Allocation Failure) 189M->141M(217M) 10.092ms
[41.208s][info][gc] GC(214) Pause Young (Allocation Failure) 201M->151M(217M) 9.879ms
[41.322s][info][gc] GC(215) Pause Young (Allocation Failure) 211M->174M(234M) 21.483ms
[41.390s][info][gc] GC(216) Pause Full (Allocation Failure) 174M->86M(217M) 68.165ms
[41.496s][info][gc] GC(217) Pause Young (Allocation Failure) 146M->116M(217M) 12.713ms
[41.639s][info][gc] GC(218) Pause Young (Allocation Failure) 176M->140M(217M) 13.208ms
[41.785s][info][gc] GC(219) Pause Young (Allocation Failure) 200M->168M(228M) 19.774ms
[41.842s][info][gc] GC(220) Pause Full (Allocation Failure) 168M->85M(217M) 56.904ms
[41.953s][info][gc] GC(221) Pause Young (Allocation Failure) 145M->125M(217M) 17.298ms
[42.078s][info][gc] GC(222) Pause Young (Allocation Failure) 186M->151M(217M) 15.811ms
[42.262s][info][gc] GC(223) Pause Young (Allocation Failure) 211M->165M(225M) 12.696ms
[42.320s][info][gc] GC(224) Pause Full (Allocation Failure) 165M->76M(217M) 57.616ms
[42.455s][info][gc] GC(225) Pause Young (Allocation Failure) 136M->106M(217M) 11.741ms
[42.686s][info][gc] GC(226) Pause Young (Allocation Failure) 166M->119M(217M) 10.189ms
[42.870s][info][gc] GC(227) Pause Young (Allocation Failure) 179M->139M(217M) 12.721ms
[43.066s][info][gc] GC(228) Pause Young (Allocation Failure) 199M->153M(217M) 10.523ms
[43.244s][info][gc] GC(229) Pause Young (Allocation Failure) 213M->164M(224M) 11.960ms
[43.306s][info][gc] GC(230) Pause Full (Allocation Failure) 164M->83M(217M) 62.088ms
[43.493s][info][gc] GC(231) Pause Young (Allocation Failure) 143M->113M(217M) 11.971ms
[43.643s][info][gc] GC(232) Pause Young (Allocation Failure) 173M->128M(217M) 10.722ms
[43.852s][info][gc] GC(233) Pause Young (Allocation Failure) 188M->139M(217M) 10.780ms
[43.983s][info][gc] GC(234) Pause Young (Allocation Failure) 199M->162M(222M) 14.025ms
[44.046s][info][gc] GC(235) Pause Full (Allocation Failure) 162M->85M(217M) 62.710ms
[44.162s][info][gc] GC(236) Pause Young (Allocation Failure) 145M->115M(217M) 12.504ms
[44.294s][info][gc] GC(237) Pause Young (Allocation Failure) 175M->144M(217M) 15.394ms
[44.487s][info][gc] GC(238) Pause Young (Allocation Failure) 204M->158M(218M) 10.517ms
[44.546s][info][gc] GC(239) Pause Full (Allocation Failure) 158M->82M(217M) 58.520ms
[44.732s][info][gc] GC(240) Pause Young (Allocation Failure) 142M->112M(217M) 18.300ms
[44.893s][info][gc] GC(241) Pause Young (Allocation Failure) 172M->126M(217M) 11.092ms
[45.070s][info][gc] GC(242) Pause Young (Allocation Failure) 186M->152M(217M) 12.853ms
[45.273s][info][gc] GC(243) Pause Young (Allocation Failure) 212M->164M(224M) 12.429ms
[45.340s][info][gc] GC(244) Pause Full (Allocation Failure) 164M->78M(217M) 66.827ms
[45.453s][info][gc] GC(245) Pause Young (Allocation Failure) 138M->108M(217M) 12.014ms
[45.585s][info][gc] GC(246) Pause Young (Allocation Failure) 168M->134M(217M) 12.865ms
[45.761s][info][gc] GC(247) Pause Young (Allocation Failure) 194M->156M(217M) 16.545ms
[45.985s][info][gc] GC(248) Pause Young (Allocation Failure) 216M->183M(243M) 32.840ms
[46.044s][info][gc] GC(249) Pause Full (Allocation Failure) 183M->81M(217M) 58.812ms
[46.176s][info][gc] GC(250) Pause Young (Allocation Failure) 141M->111M(217M) 13.702ms
[46.379s][info][gc] GC(251) Pause Young (Allocation Failure) 171M->121M(217M) 11.176ms
[46.580s][info][gc] GC(252) Pause Young (Allocation Failure) 181M->127M(217M) 9.133ms
[46.798s][info][gc] GC(253) Pause Young (Allocation Failure) 187M->135M(217M) 9.563ms
[46.990s][info][gc] GC(254) Pause Young (Allocation Failure) 195M->143M(217M) 9.530ms
[47.183s][info][gc] GC(255) Pause Young (Allocation Failure) 203M->149M(217M) 7.566ms
[47.378s][info][gc] GC(256) Pause Young (Allocation Failure) 209M->155M(217M) 7.645ms
[47.647s][info][gc] GC(257) Pause Young (Allocation Failure) 215M->160M(220M) 9.434ms
[47.710s][info][gc] GC(258) Pause Full (Allocation Failure) 160M->84M(217M) 62.621ms
[47.835s][info][gc] GC(259) Pause Young (Allocation Failure) 144M->114M(217M) 11.050ms
[48.008s][info][gc] GC(260) Pause Young (Allocation Failure) 174M->141M(217M) 12.664ms
[48.152s][info][gc] GC(261) Pause Young (Allocation Failure) 201M->170M(230M) 20.752ms
[48.214s][info][gc] GC(262) Pause Full (Allocation Failure) 170M->78M(217M) 61.786ms
[48.364s][info][gc] GC(263) Pause Young (Allocation Failure) 138M->107M(217M) 11.989ms
[48.464s][info][gc] GC(264) Pause Young (Allocation Failure) 167M->135M(217M) 13.981ms
[48.614s][info][gc] GC(265) Pause Young (Allocation Failure) 195M->163M(223M) 17.825ms
[48.688s][info][gc] GC(266) Pause Full (Allocation Failure) 163M->77M(217M) 73.287ms
[48.810s][info][gc] GC(267) Pause Young (Allocation Failure) 137M->107M(217M) 11.854ms
[48.968s][info][gc] GC(268) Pause Young (Allocation Failure) 167M->121M(217M) 10.763ms
[49.152s][info][gc] GC(269) Pause Young (Allocation Failure) 181M->134M(217M) 10.495ms
[49.336s][info][gc] GC(270) Pause Young (Allocation Failure) 194M->146M(217M) 8.926ms
[49.530s][info][gc] GC(271) Pause Young (Allocation Failure) 206M->159M(219M) 10.006ms
[49.592s][info][gc] GC(272) Pause Full (Allocation Failure) 159M->86M(217M) 60.885ms
[49.704s][info][gc] GC(273) Pause Young (Allocation Failure) 146M->120M(217M) 14.975ms
[49.828s][info][gc] GC(274) Pause Young (Allocation Failure) 180M->156M(217M) 17.701ms
[50.013s][info][gc] GC(275) Pause Young (Allocation Failure) 216M->172M(233M) 18.620ms
[50.078s][info][gc] GC(276) Pause Full (Allocation Failure) 172M->86M(217M) 65.014ms
[50.179s][info][gc] GC(277) Pause Young (Allocation Failure) 146M->116M(217M) 13.274ms
[50.322s][info][gc] GC(278) Pause Young (Allocation Failure) 177M->144M(217M) 13.297ms
[50.435s][info][gc] GC(279) Pause Young (Allocation Failure) 204M->173M(233M) 22.231ms
[50.517s][info][gc] GC(280) Pause Full (Allocation Failure) 173M->86M(217M) 81.306ms
[50.670s][info][gc] GC(281) Pause Young (Allocation Failure) 146M->116M(217M) 14.290ms
[50.792s][info][gc] GC(282) Pause Young (Allocation Failure) 176M->146M(217M) 15.039ms
[51.008s][info][gc] GC(283) Pause Young (Allocation Failure) 206M->159M(219M) 10.572ms
[51.090s][info][gc] GC(284) Pause Full (Allocation Failure) 159M->76M(217M) 80.969ms
[51.237s][info][gc] GC(285) Pause Young (Allocation Failure) 136M->103M(217M) 8.470ms
[51.378s][info][gc] GC(286) Pause Young (Allocation Failure) 164M->133M(217M) 13.678ms
[51.575s][info][gc] GC(287) Pause Young (Allocation Failure) 193M->151M(217M) 12.943ms
[51.745s][info][gc] GC(288) Pause Young (Allocation Failure) 211M->167M(227M) 15.539ms
[51.812s][info][gc] GC(289) Pause Full (Allocation Failure) 167M->84M(217M) 66.654ms
[51.920s][info][gc] GC(290) Pause Young (Allocation Failure) 145M->115M(217M) 12.845ms
[52.054s][info][gc] GC(291) Pause Young (Allocation Failure) 175M->137M(217M) 12.319ms
[52.197s][info][gc] GC(292) Pause Young (Allocation Failure) 198M->165M(225M) 19.396ms
[52.262s][info][gc] GC(293) Pause Full (Allocation Failure) 165M->85M(217M) 64.816ms
[52.384s][info][gc] GC(294) Pause Young (Allocation Failure) 145M->116M(217M) 14.132ms
[52.544s][info][gc] GC(295) Pause Young (Allocation Failure) 176M->130M(217M) 11.144ms
[52.727s][info][gc] GC(296) Pause Young (Allocation Failure) 190M->143M(217M) 12.579ms
[52.895s][info][gc] GC(297) Pause Young (Allocation Failure) 203M->167M(227M) 19.404ms
[52.961s][info][gc] GC(298) Pause Full (Allocation Failure) 167M->86M(217M) 65.352ms
[53.077s][info][gc] GC(299) Pause Young (Allocation Failure) 146M->116M(217M) 11.891ms
[53.214s][info][gc] GC(300) Pause Young (Allocation Failure) 176M->142M(217M) 13.294ms
[53.422s][info][gc] GC(301) Pause Young (Allocation Failure) 202M->169M(229M) 22.002ms
[53.499s][info][gc] GC(302) Pause Full (Allocation Failure) 169M->76M(217M) 76.598ms
[53.634s][info][gc] GC(303) Pause Young (Allocation Failure) 136M->106M(217M) 11.476ms
[53.866s][info][gc] GC(304) Pause Young (Allocation Failure) 167M->117M(217M) 12.060ms
[54.017s][info][gc] GC(305) Pause Young (Allocation Failure) 177M->141M(217M) 12.843ms
[54.186s][info][gc] GC(306) Pause Young (Allocation Failure) 201M->167M(228M) 17.909ms
[54.250s][info][gc] GC(307) Pause Full (Allocation Failure) 167M->76M(217M) 64.092ms
[54.379s][info][gc] GC(308) Pause Young (Allocation Failure) 136M->113M(217M) 12.424ms
[54.526s][info][gc] GC(309) Pause Young (Allocation Failure) 173M->141M(217M) 12.505ms
[54.668s][info][gc] GC(310) Pause Young (Allocation Failure) 201M->170M(230M) 18.933ms
[54.736s][info][gc] GC(311) Pause Full (Allocation Failure) 170M->78M(217M) 67.073ms
[54.849s][info][gc] GC(312) Pause Young (Allocation Failure) 138M->108M(217M) 13.528ms
[54.982s][info][gc] GC(313) Pause Young (Allocation Failure) 168M->130M(217M) 12.423ms
[55.124s][info][gc] GC(314) Pause Young (Allocation Failure) 190M->157M(217M) 13.352ms
[55.281s][info][gc] GC(315) Pause Young (Allocation Failure) 217M->186M(246M) 31.014ms
[55.346s][info][gc] GC(316) Pause Full (Allocation Failure) 186M->79M(217M) 64.957ms
[55.462s][info][gc] GC(317) Pause Young (Allocation Failure) 139M->109M(217M) 15.094ms
[55.595s][info][gc] GC(318) Pause Young (Allocation Failure) 169M->138M(217M) 14.935ms
[55.775s][info][gc] GC(319) Pause Young (Allocation Failure) 198M->153M(217M) 10.964ms
[56.019s][info][gc] GC(320) Pause Young (Allocation Failure) 213M->163M(223M) 9.924ms
[56.071s][info][gc] GC(321) Pause Full (Allocation Failure) 163M->74M(217M) 51.341ms
[56.181s][info][gc] GC(322) Pause Young (Allocation Failure) 134M->104M(217M) 10.123ms
[56.364s][info][gc] GC(323) Pause Young (Allocation Failure) 164M->132M(217M) 15.979ms
[56.489s][info][gc] GC(324) Pause Young (Allocation Failure) 192M->160M(220M) 14.851ms
[56.547s][info][gc] GC(325) Pause Full (Allocation Failure) 160M->81M(217M) 58.222ms
[56.657s][info][gc] GC(326) Pause Young (Allocation Failure) 141M->111M(217M) 12.447ms
[56.788s][info][gc] GC(327) Pause Young (Allocation Failure) 171M->139M(217M) 13.848ms
[56.923s][info][gc] GC(328) Pause Young (Allocation Failure) 199M->168M(228M) 19.051ms
[56.990s][info][gc] GC(329) Pause Full (Allocation Failure) 168M->86M(217M) 65.957ms
[57.093s][info][gc] GC(330) Pause Young (Allocation Failure) 147M->116M(217M) 12.226ms
[57.226s][info][gc] GC(331) Pause Young (Allocation Failure) 176M->144M(217M) 14.515ms
[57.357s][info][gc] GC(332) Pause Young (Allocation Failure) 204M->173M(234M) 20.827ms
[57.423s][info][gc] GC(333) Pause Full (Allocation Failure) 173M->82M(217M) 65.798ms
[57.528s][info][gc] GC(334) Pause Young (Allocation Failure) 143M->117M(217M) 14.236ms
[57.657s][info][gc] GC(335) Pause Young (Allocation Failure) 177M->146M(217M) 15.987ms
[57.808s][info][gc] GC(336) Pause Young (Allocation Failure) 206M->174M(234M) 20.341ms
[57.869s][info][gc] GC(337) Pause Full (Allocation Failure) 174M->77M(217M) 60.932ms
[57.979s][info][gc] GC(338) Pause Young (Allocation Failure) 137M->108M(217M) 15.004ms
[58.115s][info][gc] GC(339) Pause Young (Allocation Failure) 168M->129M(217M) 13.310ms
[58.248s][info][gc] GC(340) Pause Young (Allocation Failure) 189M->157M(217M) 13.960ms
[58.391s][info][gc] GC(341) Pause Young (Allocation Failure) 217M->184M(244M) 23.182ms
[58.449s][info][gc] GC(342) Pause Full (Allocation Failure) 184M->85M(217M) 57.220ms
[58.577s][info][gc] GC(343) Pause Young (Allocation Failure) 145M->115M(217M) 12.729ms
[58.769s][info][gc] GC(344) Pause Young (Allocation Failure) 175M->143M(217M) 44.662ms
[58.887s][info][gc] GC(345) Pause Young (Allocation Failure) 203M->173M(233M) 18.640ms
[58.954s][info][gc] GC(346) Pause Full (Allocation Failure) 173M->87M(217M) 66.908ms
[59.095s][info][gc] GC(347) Pause Young (Allocation Failure) 147M->116M(217M) 12.543ms
[59.230s][info][gc] GC(348) Pause Young (Allocation Failure) 176M->143M(217M) 13.348ms
[59.362s][info][gc] GC(349) Pause Young (Allocation Failure) 203M->171M(231M) 18.046ms
[59.426s][info][gc] GC(350) Pause Full (Allocation Failure) 171M->85M(217M) 63.746ms
[59.586s][info][gc] GC(351) Pause Young (Allocation Failure) 145M->115M(217M) 11.313ms
[59.762s][info][gc] GC(352) Pause Young (Allocation Failure) 175M->143M(217M) 14.610ms
[59.992s][info][gc] GC(353) Pause Young (Allocation Failure) 203M->161M(221M) 14.597ms
[60.057s][info][gc] GC(354) Pause Full (Allocation Failure) 161M->79M(217M) 64.375ms
[60.167s][info][gc] GC(355) Pause Young (Allocation Failure) 139M->108M(217M) 13.591ms
[60.315s][info][gc] GC(356) Pause Young (Allocation Failure) 168M->127M(217M) 13.834ms
[60.487s][info][gc] GC(357) Pause Young (Allocation Failure) 187M->151M(217M) 12.744ms
[60.599s][info][gc] GC(358) Pause Young (Allocation Failure) 211M->179M(240M) 25.009ms
[60.664s][info][gc] GC(359) Pause Full (Allocation Failure) 179M->83M(217M) 64.469ms
[60.766s][info][gc] GC(360) Pause Young (Allocation Failure) 143M->113M(217M) 12.679ms
[60.953s][info][gc] GC(361) Pause Young (Allocation Failure) 173M->127M(217M) 9.298ms
[61.036s][info][gc] GC(362) Pause Young (Allocation Failure) 187M->151M(217M) 11.702ms
[61.173s][info][gc] GC(363) Pause Young (Allocation Failure) 211M->174M(234M) 17.026ms
[61.233s][info][gc] GC(364) Pause Full (Allocation Failure) 174M->86M(217M) 59.670ms
[61.344s][info][gc] GC(365) Pause Young (Allocation Failure) 146M->117M(217M) 12.449ms
[61.479s][info][gc] GC(366) Pause Young (Allocation Failure) 177M->139M(217M) 12.136ms
[61.666s][info][gc] GC(367) Pause Young (Allocation Failure) 199M->165M(225M) 14.584ms
[61.722s][info][gc] GC(368) Pause Full (Allocation Failure) 165M->84M(217M) 55.990ms
[61.835s][info][gc] GC(369) Pause Young (Allocation Failure) 144M->124M(217M) 13.073ms
[62.043s][info][gc] GC(370) Pause Young (Allocation Failure) 184M->151M(217M) 12.255ms
[62.189s][info][gc] GC(371) Pause Young (Allocation Failure) 211M->180M(240M) 24.496ms
[62.259s][info][gc] GC(372) Pause Full (Allocation Failure) 180M->78M(217M) 68.830ms
[62.370s][info][gc] GC(373) Pause Young (Allocation Failure) 138M->108M(217M) 14.308ms
[62.516s][info][gc] GC(374) Pause Young (Allocation Failure) 168M->128M(217M) 14.453ms
[62.692s][info][gc] GC(375) Pause Young (Allocation Failure) 188M->142M(217M) 9.872ms
[62.794s][info][gc] GC(376) Pause Young (Allocation Failure) 202M->168M(228M) 16.364ms
[62.864s][info][gc] GC(377) Pause Full (Allocation Failure) 168M->86M(217M) 69.708ms
[62.973s][info][gc] GC(378) Pause Young (Allocation Failure) 146M->116M(217M) 12.909ms
[63.107s][info][gc] GC(379) Pause Young (Allocation Failure) 176M->144M(217M) 15.516ms
[63.289s][info][gc] GC(380) Pause Young (Allocation Failure) 204M->158M(219M) 12.501ms
[63.350s][info][gc] GC(381) Pause Full (Allocation Failure) 158M->85M(217M) 60.852ms
[63.457s][info][gc] GC(382) Pause Young (Allocation Failure) 145M->116M(217M) 12.996ms
[63.638s][info][gc] GC(383) Pause Young (Allocation Failure) 176M->131M(217M) 11.012ms
[63.731s][info][gc] GC(384) Pause Young (Allocation Failure) 191M->157M(217M) 12.861ms
[63.879s][info][gc] GC(385) Pause Young (Allocation Failure) 217M->184M(245M) 27.237ms
[63.942s][info][gc] GC(386) Pause Full (Allocation Failure) 184M->85M(217M) 62.650ms
[64.064s][info][gc] GC(387) Pause Young (Allocation Failure) 145M->116M(217M) 12.204ms
[64.226s][info][gc] GC(388) Pause Young (Allocation Failure) 176M->131M(217M) 11.949ms
[64.407s][info][gc] GC(389) Pause Young (Allocation Failure) 191M->146M(217M) 11.152ms
[64.574s][info][gc] GC(390) Pause Young (Allocation Failure) 206M->168M(228M) 17.581ms
[64.637s][info][gc] GC(391) Pause Full (Allocation Failure) 168M->78M(217M) 62.669ms
[64.750s][info][gc] GC(392) Pause Young (Allocation Failure) 138M->108M(217M) 12.409ms
[64.886s][info][gc] GC(393) Pause Young (Allocation Failure) 168M->132M(217M) 13.180ms
[65.019s][info][gc] GC(394) Pause Young (Allocation Failure) 192M->159M(219M) 14.234ms
[65.080s][info][gc] GC(395) Pause Full (Allocation Failure) 159M->84M(217M) 60.354ms
[65.200s][info][gc] GC(396) Pause Young (Allocation Failure) 144M->118M(217M) 13.345ms
[65.367s][info][gc] GC(397) Pause Young (Allocation Failure) 178M->139M(217M) 12.905ms
[65.600s][info][gc] GC(398) Pause Young (Allocation Failure) 199M->156M(217M) 12.172ms
[65.800s][info][gc] GC(399) Pause Young (Allocation Failure) 216M->167M(227M) 12.578ms
[65.862s][info][gc] GC(400) Pause Full (Allocation Failure) 167M->81M(217M) 61.380ms
[65.970s][info][gc] GC(401) Pause Young (Allocation Failure) 141M->111M(217M) 15.759ms
[66.101s][info][gc] GC(402) Pause Young (Allocation Failure) 171M->140M(217M) 19.927ms
[66.279s][info][gc] GC(403) Pause Young (Allocation Failure) 200M->157M(217M) 11.573ms
[66.445s][info][gc] GC(404) Pause Young (Allocation Failure) 217M->181M(242M) 27.036ms
[66.514s][info][gc] GC(405) Pause Full (Allocation Failure) 181M->81M(217M) 68.762ms
[66.625s][info][gc] GC(406) Pause Young (Allocation Failure) 141M->111M(217M) 13.894ms
[66.758s][info][gc] GC(407) Pause Young (Allocation Failure) 171M->135M(217M) 13.366ms
[66.892s][info][gc] GC(408) Pause Young (Allocation Failure) 195M->163M(223M) 16.023ms
[66.953s][info][gc] GC(409) Pause Full (Allocation Failure) 163M->77M(217M) 60.432ms
[67.076s][info][gc] GC(410) Pause Young (Allocation Failure) 137M->107M(217M) 13.359ms
[67.242s][info][gc] GC(411) Pause Young (Allocation Failure) 167M->121M(217M) 11.432ms
[67.424s][info][gc] GC(412) Pause Young (Allocation Failure) 181M->134M(217M) 10.277ms
[67.609s][info][gc] GC(413) Pause Young (Allocation Failure) 194M->145M(217M) 9.474ms
[67.804s][info][gc] GC(414) Pause Young (Allocation Failure) 205M->155M(217M) 7.676ms
[67.899s][info][gc] GC(415) Pause Young (Allocation Failure) 215M->178M(238M) 18.265ms
[67.963s][info][gc] GC(416) Pause Full (Allocation Failure) 178M->78M(217M) 64.330ms
[68.075s][info][gc] GC(417) Pause Young (Allocation Failure) 138M->108M(217M) 12.470ms
[68.212s][info][gc] GC(418) Pause Young (Allocation Failure) 168M->134M(217M) 14.888ms
[68.340s][info][gc] GC(419) Pause Young (Allocation Failure) 194M->159M(219M) 15.338ms
[68.401s][info][gc] GC(420) Pause Full (Allocation Failure) 159M->82M(217M) 60.628ms
[68.508s][info][gc] GC(421) Pause Young (Allocation Failure) 143M->113M(217M) 12.593ms
[68.699s][info][gc] GC(422) Pause Young (Allocation Failure) 173M->131M(217M) 12.813ms
[68.858s][info][gc] GC(423) Pause Young (Allocation Failure) 191M->147M(217M) 10.589ms
[69.010s][info][gc] GC(424) Pause Young (Allocation Failure) 207M->174M(234M) 22.673ms
[69.077s][info][gc] GC(425) Pause Full (Allocation Failure) 174M->86M(217M) 66.678ms
[69.246s][info][gc] GC(426) Pause Young (Allocation Failure) 146M->116M(217M) 13.794ms
[69.451s][info][gc] GC(427) Pause Young (Allocation Failure) 176M->127M(217M) 11.089ms
[69.655s][info][gc] GC(428) Pause Young (Allocation Failure) 187M->134M(217M) 8.962ms
[69.859s][info][gc] GC(429) Pause Young (Allocation Failure) 194M->140M(217M) 8.491ms
[70.056s][info][gc] GC(430) Pause Young (Allocation Failure) 200M->148M(217M) 9.182ms
[70.250s][info][gc] GC(431) Pause Young (Allocation Failure) 208M->154M(217M) 8.575ms
[70.443s][info][gc] GC(432) Pause Young (Allocation Failure) 214M->160M(220M) 10.061ms
[70.509s][info][gc] GC(433) Pause Full (Allocation Failure) 160M->78M(217M) 66.536ms
[70.622s][info][gc] GC(434) Pause Young (Allocation Failure) 138M->108M(217M) 13.611ms
[70.757s][info][gc] GC(435) Pause Young (Allocation Failure) 168M->134M(217M) 14.588ms
[70.889s][info][gc] GC(436) Pause Young (Allocation Failure) 194M->159M(219M) 13.891ms
[70.951s][info][gc] GC(437) Pause Full (Allocation Failure) 159M->81M(217M) 61.786ms
[71.049s][info][gc] GC(438) Pause Young (Allocation Failure) 141M->112M(217M) 12.817ms
[71.235s][info][gc] GC(439) Pause Young (Allocation Failure) 172M->125M(217M) 8.652ms
[71.322s][info][gc] GC(440) Pause Young (Allocation Failure) 186M->148M(217M) 10.573ms
[71.471s][info][gc] GC(441) Pause Young (Allocation Failure) 208M->176M(236M) 26.981ms
[71.530s][info][gc] GC(442) Pause Full (Allocation Failure) 176M->85M(217M) 59.308ms
[71.651s][info][gc] GC(443) Pause Young (Allocation Failure) 145M->116M(217M) 13.749ms
[71.835s][info][gc] GC(444) Pause Young (Allocation Failure) 176M->130M(217M) 11.254ms
[72.111s][info][gc] GC(445) Pause Young (Allocation Failure) 190M->135M(217M) 9.541ms
[72.221s][info][gc] GC(446) Pause Young (Allocation Failure) 196M->161M(222M) 15.159ms
[72.288s][info][gc] GC(447) Pause Full (Allocation Failure) 161M->83M(217M) 66.227ms
[72.396s][info][gc] GC(448) Pause Young (Allocation Failure) 143M->117M(217M) 14.940ms
[72.545s][info][gc] GC(449) Pause Young (Allocation Failure) 178M->141M(217M) 14.213ms
[72.664s][info][gc] GC(450) Pause Young (Allocation Failure) 201M->169M(229M) 20.239ms
[72.732s][info][gc] GC(451) Pause Full (Allocation Failure) 169M->78M(217M) 67.760ms
[72.852s][info][gc] GC(452) Pause Young (Allocation Failure) 138M->108M(217M) 14.668ms
[72.981s][info][gc] GC(453) Pause Young (Allocation Failure) 168M->136M(217M) 15.542ms
[73.170s][info][gc] GC(454) Pause Young (Allocation Failure) 196M->150M(217M) 10.208ms
[73.314s][info][gc] GC(455) Pause Young (Allocation Failure) 210M->175M(235M) 20.312ms
[73.378s][info][gc] GC(456) Pause Full (Allocation Failure) 175M->86M(217M) 64.363ms
[73.483s][info][gc] GC(457) Pause Young (Allocation Failure) 146M->117M(217M) 13.067ms
[73.666s][info][gc] GC(458) Pause Young (Allocation Failure) 177M->137M(217M) 11.790ms
[73.770s][info][gc] GC(459) Pause Young (Allocation Failure) 197M->165M(225M) 16.657ms
[73.836s][info][gc] GC(460) Pause Full (Allocation Failure) 165M->85M(217M) 65.598ms
[73.948s][info][gc] GC(461) Pause Young (Allocation Failure) 145M->116M(217M) 16.378ms
[74.135s][info][gc] GC(462) Pause Young (Allocation Failure) 176M->130M(217M) 10.160ms
[74.246s][info][gc] GC(463) Pause Young (Allocation Failure) 190M->155M(217M) 15.372ms
[74.411s][info][gc] GC(464) Pause Young (Allocation Failure) 215M->172M(232M) 17.288ms
[74.472s][info][gc] GC(465) Pause Full (Allocation Failure) 172M->85M(217M) 60.539ms
[74.575s][info][gc] GC(466) Pause Young (Allocation Failure) 145M->115M(217M) 12.405ms
[74.700s][info][gc] GC(467) Pause Young (Allocation Failure) 175M->144M(217M) 14.605ms
[74.851s][info][gc] GC(468) Pause Young (Allocation Failure) 204M->169M(230M) 17.381ms
[74.913s][info][gc] GC(469) Pause Full (Allocation Failure) 169M->77M(217M) 62.166ms
[75.017s][info][gc] GC(470) Pause Young (Allocation Failure) 137M->108M(217M) 13.052ms
[75.162s][info][gc] GC(471) Pause Young (Allocation Failure) 168M->131M(217M) 12.660ms
[75.300s][info][gc] GC(472) Pause Young (Allocation Failure) 191M->158M(218M) 13.748ms
[75.359s][info][gc] GC(473) Pause Full (Allocation Failure) 158M->84M(217M) 59.388ms
[75.481s][info][gc] GC(474) Pause Young (Allocation Failure) 144M->115M(217M) 14.932ms
[75.651s][info][gc] GC(475) Pause Young (Allocation Failure) 175M->129M(217M) 11.120ms
[75.844s][info][gc] GC(476) Pause Young (Allocation Failure) 189M->142M(217M) 9.337ms
[76.060s][info][gc] GC(477) Pause Young (Allocation Failure) 202M->165M(225M) 23.431ms
[76.117s][info][gc] GC(478) Pause Full (Allocation Failure) 165M->84M(217M) 55.840ms
[76.212s][info][gc] GC(479) Pause Young (Allocation Failure) 144M->114M(217M) 10.868ms
[76.390s][info][gc] GC(480) Pause Young (Allocation Failure) 174M->142M(217M) 16.005ms
[76.618s][info][gc] GC(481) Pause Young (Allocation Failure) 202M->158M(219M) 15.842ms
[76.683s][info][gc] GC(482) Pause Full (Allocation Failure) 158M->86M(217M) 64.996ms
[76.802s][info][gc] GC(483) Pause Young (Allocation Failure) 146M->116M(217M) 14.063ms
[76.923s][info][gc] GC(484) Pause Young (Allocation Failure) 176M->145M(217M) 14.854ms
[77.105s][info][gc] GC(485) Pause Young (Allocation Failure) 205M->160M(220M) 12.119ms
[77.167s][info][gc] GC(486) Pause Full (Allocation Failure) 160M->77M(217M) 61.798ms
[77.268s][info][gc] GC(487) Pause Young (Allocation Failure) 137M->108M(217M) 13.394ms
[77.453s][info][gc] GC(488) Pause Young (Allocation Failure) 168M->124M(217M) 11.088ms
[77.690s][info][gc] GC(489) Pause Young (Allocation Failure) 184M->140M(217M) 11.820ms
[77.948s][info][gc] GC(490) Pause Young (Allocation Failure) 200M->154M(217M) 10.142ms
[78.071s][info][gc] GC(491) Pause Young (Allocation Failure) 214M->180M(240M) 23.919ms
[78.135s][info][gc] GC(492) Pause Full (Allocation Failure) 180M->86M(217M) 64.036ms
[78.242s][info][gc] GC(493) Pause Young (Allocation Failure) 146M->117M(217M) 12.568ms
[78.374s][info][gc] GC(494) Pause Young (Allocation Failure) 177M->139M(217M) 13.124ms
[78.511s][info][gc] GC(495) Pause Young (Allocation Failure) 199M->166M(226M) 15.652ms
[78.572s][info][gc] GC(496) Pause Full (Allocation Failure) 166M->85M(217M) 60.052ms
[78.673s][info][gc] GC(497) Pause Young (Allocation Failure) 145M->116M(217M) 13.129ms
[78.855s][info][gc] GC(498) Pause Young (Allocation Failure) 176M->130M(217M) 11.077ms
[79.039s][info][gc] GC(499) Pause Young (Allocation Failure) 190M->144M(217M) 11.279ms
[79.221s][info][gc] GC(500) Pause Young (Allocation Failure) 204M->158M(218M) 11.733ms
[79.284s][info][gc] GC(501) Pause Full (Allocation Failure) 158M->82M(217M) 62.480ms
[79.392s][info][gc] GC(502) Pause Young (Allocation Failure) 142M->112M(217M) 12.465ms
[79.524s][info][gc] GC(503) Pause Young (Allocation Failure) 172M->142M(217M) 17.292ms
[79.701s][info][gc] GC(504) Pause Young (Allocation Failure) 202M->164M(224M) 14.231ms
[79.759s][info][gc] GC(505) Pause Full (Allocation Failure) 164M->74M(217M) 57.549ms
[79.852s][info][gc] GC(506) Pause Young (Allocation Failure) 134M->107M(217M) 12.429ms
[79.985s][info][gc] GC(507) Pause Young (Allocation Failure) 167M->135M(217M) 13.956ms
[80.117s][info][gc] GC(508) Pause Young (Allocation Failure) 195M->163M(223M) 15.033ms
[80.175s][info][gc] GC(509) Pause Full (Allocation Failure) 163M->84M(217M) 57.376ms
[80.299s][info][gc] GC(510) Pause Young (Allocation Failure) 144M->115M(217M) 11.900ms
[80.462s][info][gc] GC(511) Pause Young (Allocation Failure) 175M->129M(217M) 11.025ms
[80.653s][info][gc] GC(512) Pause Young (Allocation Failure) 189M->139M(217M) 8.682ms
[80.768s][info][gc] GC(513) Pause Young (Allocation Failure) 199M->162M(222M) 12.138ms
[80.828s][info][gc] GC(514) Pause Full (Allocation Failure) 162M->86M(217M) 59.432ms
[80.931s][info][gc] GC(515) Pause Young (Allocation Failure) 146M->116M(217M) 14.347ms
[81.065s][info][gc] GC(516) Pause Young (Allocation Failure) 176M->140M(217M) 15.033ms
[81.208s][info][gc] GC(517) Pause Young (Allocation Failure) 200M->169M(229M) 23.324ms
[81.278s][info][gc] GC(518) Pause Full (Allocation Failure) 169M->86M(217M) 69.443ms
[81.390s][info][gc] GC(519) Pause Young (Allocation Failure) 146M->117M(217M) 14.195ms
[81.559s][info][gc] GC(520) Pause Young (Allocation Failure) 177M->137M(217M) 13.580ms
[81.670s][info][gc] GC(521) Pause Young (Allocation Failure) 197M->164M(225M) 17.632ms
[81.733s][info][gc] GC(522) Pause Full (Allocation Failure) 164M->77M(217M) 62.453ms
[81.912s][info][gc] GC(523) Pause Young (Allocation Failure) 137M->108M(217M) 12.287ms
[82.223s][info][gc] GC(524) Pause Young (Allocation Failure) 168M->109M(217M) 9.677ms
[82.420s][info][gc] GC(525) Pause Young (Allocation Failure) 169M->120M(217M) 7.564ms
[82.654s][info][gc] GC(526) Pause Young (Allocation Failure) 180M->127M(217M) 9.400ms
[82.747s][info][gc] GC(527) Pause Young (Allocation Failure) 187M->150M(217M) 11.996ms
[82.933s][info][gc] GC(528) Pause Young (Allocation Failure) 210M->178M(238M) 22.281ms
[82.994s][info][gc] GC(529) Pause Full (Allocation Failure) 178M->85M(217M) 60.816ms
[83.129s][info][gc] GC(530) Pause Young (Allocation Failure) 146M->116M(217M) 11.900ms
[83.310s][info][gc] GC(531) Pause Young (Allocation Failure) 176M->129M(217M) 10.438ms
[83.502s][info][gc] GC(532) Pause Young (Allocation Failure) 189M->138M(217M) 8.558ms
[83.707s][info][gc] GC(533) Pause Young (Allocation Failure) 198M->159M(219M) 18.678ms
[83.777s][info][gc] GC(534) Pause Full (Allocation Failure) 159M->81M(217M) 70.158ms
[83.889s][info][gc] GC(535) Pause Young (Allocation Failure) 142M->111M(217M) 11.597ms
[84.079s][info][gc] GC(536) Pause Young (Allocation Failure) 171M->139M(217M) 14.671ms
[84.263s][info][gc] GC(537) Pause Young (Allocation Failure) 199M->160M(220M) 14.759ms
[84.335s][info][gc] GC(538) Pause Full (Allocation Failure) 160M->84M(217M) 71.394ms
[84.455s][info][gc] GC(539) Pause Young (Allocation Failure) 144M->111M(217M) 11.641ms
[84.589s][info][gc] GC(540) Pause Young (Allocation Failure) 171M->136M(217M) 13.616ms
[84.727s][info][gc] GC(541) Pause Young (Allocation Failure) 196M->164M(224M) 15.489ms
[84.786s][info][gc] GC(542) Pause Full (Allocation Failure) 164M->77M(217M) 59.271ms
[84.907s][info][gc] GC(543) Pause Young (Allocation Failure) 137M->108M(217M) 13.028ms
[85.072s][info][gc] GC(544) Pause Young (Allocation Failure) 168M->122M(217M) 11.037ms
[85.251s][info][gc] GC(545) Pause Young (Allocation Failure) 182M->134M(217M) 10.472ms
[85.447s][info][gc] GC(546) Pause Young (Allocation Failure) 195M->145M(217M) 10.390ms
[85.583s][info][gc] GC(547) Pause Young (Allocation Failure) 205M->168M(228M) 15.387ms
[85.644s][info][gc] GC(548) Pause Full (Allocation Failure) 168M->78M(217M) 60.071ms
[85.814s][info][gc] GC(549) Pause Young (Allocation Failure) 138M->108M(217M) 11.916ms
[86.028s][info][gc] GC(550) Pause Young (Allocation Failure) 168M->125M(217M) 13.574ms
[86.134s][info][gc] GC(551) Pause Young (Allocation Failure) 185M->152M(217M) 12.618ms
[86.291s][info][gc] GC(552) Pause Young (Allocation Failure) 212M->179M(239M) 21.790ms
[86.348s][info][gc] GC(553) Pause Full (Allocation Failure) 179M->77M(217M) 57.014ms
[86.529s][info][gc] GC(554) Pause Young (Allocation Failure) 137M->107M(217M) 12.070ms
[86.633s][info][gc] GC(555) Pause Young (Allocation Failure) 167M->134M(217M) 15.113ms
[86.764s][info][gc] GC(556) Pause Young (Allocation Failure) 194M->164M(225M) 19.304ms
[86.832s][info][gc] GC(557) Pause Full (Allocation Failure) 164M->79M(217M) 67.515ms
[86.944s][info][gc] GC(558) Pause Young (Allocation Failure) 139M->112M(217M) 15.089ms
[87.081s][info][gc] GC(559) Pause Young (Allocation Failure) 172M->144M(217M) 17.710ms
[87.228s][info][gc] GC(560) Pause Young (Allocation Failure) 205M->174M(234M) 24.935ms
[87.290s][info][gc] GC(561) Pause Full (Allocation Failure) 174M->76M(217M) 61.533ms
[87.418s][info][gc] GC(562) Pause Young (Allocation Failure) 136M->107M(217M) 11.975ms
[87.582s][info][gc] GC(563) Pause Young (Allocation Failure) 167M->118M(217M) 10.296ms
[87.810s][info][gc] GC(564) Pause Young (Allocation Failure) 179M->136M(217M) 16.812ms
[87.996s][info][gc] GC(565) Pause Young (Allocation Failure) 196M->165M(225M) 18.841ms
[88.057s][info][gc] GC(566) Pause Full (Allocation Failure) 165M->85M(217M) 60.448ms
[88.165s][info][gc] GC(567) Pause Young (Allocation Failure) 145M->111M(217M) 11.617ms
[88.301s][info][gc] GC(568) Pause Young (Allocation Failure) 171M->134M(217M) 12.861ms
[88.442s][info][gc] GC(569) Pause Young (Allocation Failure) 194M->161M(221M) 13.466ms
[88.501s][info][gc] GC(570) Pause Full (Allocation Failure) 161M->80M(217M) 57.893ms
[88.652s][info][gc] GC(571) Pause Young (Allocation Failure) 140M->107M(217M) 8.825ms
[88.775s][info][gc] GC(572) Pause Young (Allocation Failure) 167M->136M(217M) 12.948ms
[88.949s][info][gc] GC(573) Pause Young (Allocation Failure) 196M->165M(225M) 17.044ms
[89.015s][info][gc] GC(574) Pause Full (Allocation Failure) 165M->86M(217M) 66.206ms
[89.124s][info][gc] GC(575) Pause Young (Allocation Failure) 146M->116M(217M) 15.115ms
[89.254s][info][gc] GC(576) Pause Young (Allocation Failure) 176M->142M(217M) 14.304ms
[89.387s][info][gc] GC(577) Pause Young (Allocation Failure) 202M->171M(231M) 20.597ms
[89.453s][info][gc] GC(578) Pause Full (Allocation Failure) 171M->78M(217M) 65.794ms
[89.561s][info][gc] GC(579) Pause Young (Allocation Failure) 138M->108M(217M) 12.559ms
[89.696s][info][gc] GC(580) Pause Young (Allocation Failure) 168M->137M(217M) 16.396ms
[89.876s][info][gc] GC(581) Pause Young (Allocation Failure) 197M->151M(217M) 11.394ms
[90.063s][info][gc] GC(582) Pause Young (Allocation Failure) 212M->166M(226M) 13.825ms
[90.129s][info][gc] GC(583) Pause Full (Allocation Failure) 166M->86M(217M) 65.114ms
[90.282s][info][gc] GC(584) Pause Young (Allocation Failure) 146M->117M(217M) 12.913ms
[90.509s][info][gc] GC(585) Pause Young (Allocation Failure) 177M->128M(217M) 11.076ms
[90.710s][info][gc] GC(586) Pause Young (Allocation Failure) 188M->136M(217M) 8.810ms
[90.907s][info][gc] GC(587) Pause Young (Allocation Failure) 196M->143M(217M) 9.034ms
[91.105s][info][gc] GC(588) Pause Young (Allocation Failure) 203M->150M(217M) 8.811ms
[91.211s][info][gc] GC(589) Pause Young (Allocation Failure) 210M->173M(233M) 16.942ms
[91.271s][info][gc] GC(590) Pause Full (Allocation Failure) 173M->77M(217M) 59.849ms
[91.369s][info][gc] GC(591) Pause Young (Allocation Failure) 137M->108M(217M) 13.018ms
[91.564s][info][gc] GC(592) Pause Young (Allocation Failure) 168M->122M(217M) 10.514ms
[91.703s][info][gc] GC(593) Pause Young (Allocation Failure) 183M->148M(217M) 12.995ms
[91.984s][info][gc] GC(594) Pause Young (Allocation Failure) 208M->159M(219M) 10.394ms
[92.045s][info][gc] GC(595) Pause Full (Allocation Failure) 159M->83M(217M) 60.817ms
[92.206s][info][gc] GC(596) Pause Young (Allocation Failure) 143M->102M(217M) 9.665ms
[92.451s][info][gc] GC(597) Pause Young (Allocation Failure) 162M->118M(217M) 11.701ms
[92.771s][info][gc] GC(598) Pause Young (Allocation Failure) 178M->120M(217M) 8.249ms
[93.080s][info][gc] GC(599) Pause Young (Allocation Failure) 180M->119M(217M) 6.551ms
[93.271s][info][gc] GC(600) Pause Young (Allocation Failure) 180M->130M(217M) 8.408ms
[93.451s][info][gc] GC(601) Pause Young (Allocation Failure) 190M->140M(217M) 10.117ms
[93.634s][info][gc] GC(602) Pause Young (Allocation Failure) 201M->152M(217M) 10.240ms
[93.827s][info][gc] GC(603) Pause Young (Allocation Failure) 212M->169M(229M) 20.322ms
[93.897s][info][gc] GC(604) Pause Full (Allocation Failure) 169M->76M(217M) 69.661ms
[94.005s][info][gc] GC(605) Pause Young (Allocation Failure) 136M->111M(217M) 15.218ms
[94.173s][info][gc] GC(606) Pause Young (Allocation Failure) 171M->139M(217M) 16.565ms
[94.319s][info][gc] GC(607) Pause Young (Allocation Failure) 199M->168M(228M) 23.192ms
[94.390s][info][gc] GC(608) Pause Full (Allocation Failure) 168M->85M(217M) 70.572ms
[94.498s][info][gc] GC(609) Pause Young (Allocation Failure) 145M->115M(217M) 13.887ms
[94.636s][info][gc] GC(610) Pause Young (Allocation Failure) 175M->140M(217M) 15.505ms
[94.777s][info][gc] GC(611) Pause Young (Allocation Failure) 200M->167M(227M) 18.614ms
[94.840s][info][gc] GC(612) Pause Full (Allocation Failure) 167M->85M(217M) 63.014ms
[94.965s][info][gc] GC(613) Pause Young (Allocation Failure) 145M->116M(217M) 14.525ms
[95.130s][info][gc] GC(614) Pause Young (Allocation Failure) 176M->130M(217M) 12.043ms
[95.314s][info][gc] GC(615) Pause Young (Allocation Failure) 190M->142M(217M) 10.628ms
[95.505s][info][gc] GC(616) Pause Young (Allocation Failure) 203M->153M(217M) 8.903ms
[95.646s][info][gc] GC(617) Pause Young (Allocation Failure) 213M->176M(236M) 19.602ms
[95.708s][info][gc] GC(618) Pause Full (Allocation Failure) 176M->86M(217M) 61.823ms
[95.861s][info][gc] GC(619) Pause Young (Allocation Failure) 146M->116M(217M) 12.456ms
[96.105s][info][gc] GC(620) Pause Young (Allocation Failure) 176M->128M(217M) 11.055ms
[96.322s][info][gc] GC(621) Pause Young (Allocation Failure) 188M->136M(217M) 11.825ms
[96.531s][info][gc] GC(622) Pause Young (Allocation Failure) 196M->143M(217M) 8.266ms
[96.723s][info][gc] GC(623) Pause Young (Allocation Failure) 203M->150M(217M) 7.904ms
[96.914s][info][gc] GC(624) Pause Young (Allocation Failure) 210M->154M(217M) 6.939ms
[97.091s][info][gc] GC(625) Pause Young (Allocation Failure) 214M->165M(225M) 10.449ms
[97.152s][info][gc] GC(626) Pause Full (Allocation Failure) 165M->77M(217M) 60.544ms
[97.261s][info][gc] GC(627) Pause Young (Allocation Failure) 137M->108M(217M) 13.009ms
[97.451s][info][gc] GC(628) Pause Young (Allocation Failure) 168M->122M(217M) 10.785ms
[97.590s][info][gc] GC(629) Pause Young (Allocation Failure) 182M->147M(217M) 12.494ms
[97.840s][info][gc] GC(630) Pause Young (Allocation Failure) 207M->157M(217M) 9.139ms
[98.104s][info][gc] GC(631) Pause Young (Allocation Failure) 217M->161M(221M) 9.926ms
[98.168s][info][gc] GC(632) Pause Full (Allocation Failure) 161M->79M(217M) 63.534ms
[98.275s][info][gc] GC(633) Pause Young (Allocation Failure) 139M->109M(217M) 11.555ms
[98.409s][info][gc] GC(634) Pause Young (Allocation Failure) 169M->136M(217M) 13.333ms
[98.545s][info][gc] GC(635) Pause Young (Allocation Failure) 197M->165M(225M) 16.917ms
[98.607s][info][gc] GC(636) Pause Full (Allocation Failure) 165M->85M(217M) 62.064ms
[98.710s][info][gc] GC(637) Pause Young (Allocation Failure) 145M->115M(217M) 11.214ms
[98.893s][info][gc] GC(638) Pause Young (Allocation Failure) 175M->143M(217M) 13.601ms
[99.048s][info][gc] GC(639) Pause Young (Allocation Failure) 203M->170M(231M) 18.860ms
[99.107s][info][gc] GC(640) Pause Full (Allocation Failure) 170M->80M(217M) 58.587ms
[99.227s][info][gc] GC(641) Pause Young (Allocation Failure) 140M->110M(217M) 11.997ms
[99.387s][info][gc] GC(642) Pause Young (Allocation Failure) 171M->124M(217M) 10.745ms
[99.574s][info][gc] GC(643) Pause Young (Allocation Failure) 184M->136M(217M) 9.804ms
[99.765s][info][gc] GC(644) Pause Young (Allocation Failure) 196M->146M(217M) 7.558ms
[99.877s][info][gc] GC(645) Pause Young (Allocation Failure) 206M->169M(229M) 19.435ms
[99.940s][info][gc] GC(646) Pause Full (Allocation Failure) 169M->78M(217M) 62.900ms
[100.051s][info][gc] GC(647) Pause Young (Allocation Failure) 138M->108M(217M) 15.289ms
[100.182s][info][gc] GC(648) Pause Young (Allocation Failure) 168M->133M(217M) 13.992ms
[100.312s][info][gc] GC(649) Pause Young (Allocation Failure) 193M->162M(222M) 17.177ms
[100.378s][info][gc] GC(650) Pause Full (Allocation Failure) 162M->84M(217M) 65.415ms
[100.485s][info][gc] GC(651) Pause Young (Allocation Failure) 144M->114M(217M) 12.567ms
[100.617s][info][gc] GC(652) Pause Young (Allocation Failure) 174M->141M(217M) 13.779ms
[100.765s][info][gc] GC(653) Pause Young (Allocation Failure) 201M->173M(234M) 35.710ms
[100.842s][info][gc] GC(654) Pause Full (Allocation Failure) 173M->86M(217M) 76.318ms
[100.960s][info][gc] GC(655) Pause Young (Allocation Failure) 146M->122M(217M) 14.259ms
[101.093s][info][gc] GC(656) Pause Young (Allocation Failure) 182M->152M(217M) 16.632ms
[101.271s][info][gc] GC(657) Pause Young (Allocation Failure) 212M->168M(228M) 16.548ms
[101.334s][info][gc] GC(658) Pause Full (Allocation Failure) 168M->85M(217M) 63.368ms
[101.449s][info][gc] GC(659) Pause Young (Allocation Failure) 145M->115M(217M) 12.413ms
[101.586s][info][gc] GC(660) Pause Young (Allocation Failure) 175M->137M(217M) 12.428ms
[101.722s][info][gc] GC(661) Pause Young (Allocation Failure) 197M->165M(225M) 15.145ms
[101.783s][info][gc] GC(662) Pause Full (Allocation Failure) 165M->77M(217M) 60.755ms
[101.904s][info][gc] GC(663) Pause Young (Allocation Failure) 137M->108M(217M) 12.345ms
[102.162s][info][gc] GC(664) Pause Young (Allocation Failure) 168M->122M(217M) 12.028ms
[102.310s][info][gc] GC(665) Pause Young (Allocation Failure) 182M->135M(217M) 10.545ms
[102.490s][info][gc] GC(666) Pause Young (Allocation Failure) 195M->148M(217M) 9.616ms
[102.672s][info][gc] GC(667) Pause Young (Allocation Failure) 208M->161M(221M) 11.357ms
[102.737s][info][gc] GC(668) Pause Full (Allocation Failure) 161M->83M(217M) 63.928ms
[102.839s][info][gc] GC(669) Pause Young (Allocation Failure) 144M->113M(217M) 11.265ms
[103.027s][info][gc] GC(670) Pause Young (Allocation Failure) 173M->140M(217M) 12.831ms
[103.169s][info][gc] GC(671) Pause Young (Allocation Failure) 200M->169M(229M) 18.946ms
[103.232s][info][gc] GC(672) Pause Full (Allocation Failure) 169M->86M(217M) 62.915ms
[103.344s][info][gc] GC(673) Pause Young (Allocation Failure) 146M->116M(217M) 16.210ms
