[0.003s][info][gc] Using Serial
[0.091s][info][gc] GC(0) Pause Young (Allocation Failure) 5M->1M(15M) 1.693ms
[0.182s][info][gc] GC(1) Pause Young (Allocation Failure) 6M->2M(15M) 1.928ms
[0.291s][info][gc] GC(2) Pause Young (Allocation Failure) 6M->3M(15M) 2.133ms
[0.368s][info][gc] GC(3) Pause Young (Allocation Failure) 7M->3M(15M) 1.345ms
[0.480s][info][gc] GC(4) Pause Young (Allocation Failure) 7M->4M(15M) 1.360ms
[0.686s][info][gc] GC(5) Pause Young (Allocation Failure) 8M->4M(15M) 1.359ms
[0.802s][info][gc] GC(6) Pause Young (Allocation Failure) 8M->4M(15M) 1.086ms
[0.963s][info][gc] GC(7) Pause Young (Allocation Failure) 9M->5M(15M) 1.063ms
[1.092s][info][gc] GC(8) Pause Young (Allocation Failure) 9M->5M(15M) 1.076ms
[1.199s][info][gc] GC(9) Pause Young (Allocation Failure) 9M->5M(15M) 1.127ms
[1.369s][info][gc] GC(10) Pause Young (Allocation Failure) 9M->5M(15M) 1.133ms
[1.467s][info][gc] GC(11) Pause Young (Allocation Failure) 10M->6M(15M) 1.728ms
[1.564s][info][gc] GC(12) Pause Young (Allocation Failure) 10M->6M(15M) 1.342ms
[1.682s][info][gc] GC(13) Pause Young (Allocation Failure) 10M->6M(15M) 1.351ms
[1.759s][info][gc] GC(14) Pause Young (Allocation Failure) 11M->7M(15M) 1.533ms
[1.986s][info][gc] GC(15) Pause Young (Allocation Failure) 11M->7M(15M) 0.985ms
[2.058s][info][gc] GC(16) Pause Young (Allocation Failure) 11M->7M(15M) 1.266ms
[2.118s][info][gc] GC(17) Pause Young (Allocation Failure) 11M->7M(15M) 1.668ms
[2.203s][info][gc] GC(18) Pause Young (Allocation Failure) 11M->8M(15M) 1.981ms
[2.256s][info][gc] GC(19) Pause Young (Allocation Failure) 12M->8M(15M) 1.259ms
[2.333s][info][gc] GC(20) Pause Young (Allocation Failure) 12M->8M(15M) 0.626ms
[2.377s][info][gc] GC(21) Pause Young (Allocation Failure) 12M->8M(15M) 1.403ms
[2.481s][info][gc] GC(22) Pause Young (Allocation Failure) 13M->9M(15M) 1.604ms
[2.586s][info][gc] GC(23) Pause Young (Allocation Failure) 13M->9M(15M) 1.620ms
[2.710s][info][gc] GC(24) Pause Young (Allocation Failure) 13M->9M(15M) 1.500ms
[2.763s][info][gc] GC(25) Pause Young (Allocation Failure) 14M->10M(15M) 1.200ms
[2.811s][info][gc] GC(26) Pause Young (Allocation Failure) 14M->10M(15M) 1.219ms
[2.869s][info][gc] GC(27) Pause Young (Allocation Failure) 14M->10M(15M) 1.066ms
[2.961s][info][gc] GC(28) Pause Young (Allocation Failure) 14M->10M(15M) 1.735ms
[3.020s][info][gc] GC(29) Pause Young (Allocation Failure) 15M->11M(15M) 1.559ms
[3.065s][info][gc] GC(30) Pause Full (Allocation Failure) 11M->9M(23M) 45.739ms
[3.202s][info][gc] GC(31) Pause Young (Allocation Failure) 15M->9M(23M) 1.788ms
[3.392s][info][gc] GC(32) Pause Young (Allocation Failure) 16M->10M(23M) 1.658ms
[3.582s][info][gc] GC(33) Pause Young (Allocation Failure) 16M->10M(23M) 2.259ms
[3.706s][info][gc] GC(34) Pause Young (Allocation Failure) 17M->11M(23M) 2.778ms
[3.879s][info][gc] GC(35) Pause Young (Allocation Failure) 17M->11M(23M) 2.283ms
[4.064s][info][gc] GC(36) Pause Young (Allocation Failure) 18M->12M(23M) 2.768ms
[4.203s][info][gc] GC(37) Pause Young (Allocation Failure) 18M->13M(23M) 2.570ms
[4.360s][info][gc] GC(38) Pause Young (Allocation Failure) 19M->14M(23M) 3.451ms
[4.505s][info][gc] GC(39) Pause Young (Allocation Failure) 20M->15M(23M) 3.123ms
[4.666s][info][gc] GC(40) Pause Young (Allocation Failure) 21M->15M(23M) 2.305ms
[4.938s][info][gc] GC(41) Pause Young (Allocation Failure) 21M->15M(23M) 1.759ms
[5.034s][info][gc] GC(42) Pause Young (Allocation Failure) 22M->15M(23M) 1.083ms
[5.120s][info][gc] GC(43) Pause Young (Allocation Failure) 22M->15M(23M) 1.351ms
[5.187s][info][gc] GC(44) Pause Full (Metadata GC Threshold) 17M->15M(37M) 28.647ms
[5.452s][info][gc] GC(45) Pause Young (Allocation Failure) 26M->16M(37M) 41.869ms
[5.653s][info][gc] GC(46) Pause Young (Allocation Failure) 26M->17M(37M) 46.061ms
[5.894s][info][gc] GC(47) Pause Young (Allocation Failure) 27M->18M(37M) 4.088ms
[6.180s][info][gc] GC(48) Pause Young (Allocation Failure) 28M->19M(37M) 4.486ms
[6.473s][info][gc] GC(49) Pause Young (Allocation Failure) 29M->20M(37M) 4.101ms
[6.759s][info][gc] GC(50) Pause Young (Allocation Failure) 30M->21M(37M) 4.502ms
[8.880s][info][gc] GC(51) Pause Young (Allocation Failure) 32M->24M(37M) 6.171ms
[12.532s][info][gc] GC(52) Pause Young (Allocation Failure) 34M->26M(37M) 5.584ms
[12.583s][info][gc] GC(53) Pause Young (Allocation Failure) 36M->35M(46M) 8.894ms
[12.660s][info][gc] GC(54) Pause Full (Allocation Failure) 35M->34M(83M) 76.135ms
[12.803s][info][gc] GC(55) Pause Young (Allocation Failure) 57M->55M(83M) 24.046ms
[12.976s][info][gc] GC(56) Pause Young (Allocation Failure) 78M->76M(99M) 20.779ms
[13.036s][info][gc] GC(57) Pause Full (Allocation Failure) 76M->74M(177M) 59.187ms
[14.058s][info][gc] GC(58) Pause Young (Allocation Failure) 122M->101M(177M) 93.166ms
[14.479s][info][gc] GC(59) Pause Young (Allocation Failure) 150M->133M(182M) 104.640ms
[14.555s][info][gc] GC(60) Pause Full (Allocation Failure) 133M->86M(210M) 76.274ms
[15.067s][info][gc] GC(61) Pause Young (Allocation Failure) 144M->99M(210M) 10.942ms
[15.368s][info][gc] GC(62) Pause Young (Allocation Failure) 157M->126M(210M) 14.090ms
[15.578s][info][gc] GC(63) Pause Young (Allocation Failure) 184M->155M(213M) 24.763ms
[15.656s][info][gc] GC(64) Pause Full (Allocation Failure) 155M->87M(212M) 78.186ms
[15.965s][info][gc] GC(65) Pause Young (Allocation Failure) 146M->118M(212M) 11.922ms
[16.180s][info][gc] GC(66) Pause Young (Allocation Failure) 176M->151M(212M) 15.063ms
[16.494s][info][gc] GC(67) Pause Young (Allocation Failure) 210M->177M(236M) 26.231ms
[16.595s][info][gc] GC(68) Pause Full (Allocation Failure) 177M->89M(217M) 100.082ms
[16.867s][info][gc] GC(69) Pause Young (Allocation Failure) 149M->121M(217M) 11.773ms
[17.089s][info][gc] GC(70) Pause Young (Allocation Failure) 181M->148M(217M) 13.326ms
[17.691s][info][gc] GC(71) Pause Young (Allocation Failure) 208M->173M(233M) 21.666ms
[17.792s][info][gc] GC(72) Pause Full (Allocation Failure) 173M->77M(217M) 100.262ms
[17.967s][info][gc] GC(73) Pause Young (Allocation Failure) 137M->108M(217M) 10.494ms
[18.162s][info][gc] GC(74) Pause Young (Allocation Failure) 168M->139M(217M) 68.820ms
[18.404s][info][gc] GC(75) Pause Young (Allocation Failure) 199M->166M(226M) 18.357ms
[18.513s][info][gc] GC(76) Pause Full (Allocation Failure) 166M->86M(217M) 60.984ms
[18.790s][info][gc] GC(77) Pause Young (Allocation Failure) 146M->113M(217M) 9.371ms
[19.064s][info][gc] GC(78) Pause Young (Allocation Failure) 173M->142M(217M) 68.848ms
[19.274s][info][gc] GC(79) Pause Young (Allocation Failure) 202M->171M(231M) 18.913ms
[19.340s][info][gc] GC(80) Pause Full (Allocation Failure) 171M->85M(217M) 65.782ms
[19.552s][info][gc] GC(81) Pause Young (Allocation Failure) 145M->125M(217M) 64.592ms
[19.754s][info][gc] GC(82) Pause Young (Allocation Failure) 185M->162M(222M) 64.458ms
[19.817s][info][gc] GC(83) Pause Full (Allocation Failure) 162M->86M(217M) 63.080ms
[19.979s][info][gc] GC(84) Pause Young (Allocation Failure) 146M->120M(217M) 11.647ms
[20.279s][info][gc] GC(85) Pause Young (Allocation Failure) 180M->147M(217M) 12.267ms
[20.492s][info][gc] GC(86) Pause Young (Allocation Failure) 207M->177M(237M) 104.769ms
[20.560s][info][gc] GC(87) Pause Full (Allocation Failure) 177M->80M(217M) 67.845ms
[20.775s][info][gc] GC(88) Pause Young (Allocation Failure) 140M->119M(217M) 78.603ms
[21.089s][info][gc] GC(89) Pause Young (Allocation Failure) 179M->150M(217M) 19.899ms
[21.396s][info][gc] GC(90) Pause Young (Allocation Failure) 210M->177M(237M) 22.513ms
[21.494s][info][gc] GC(91) Pause Full (Allocation Failure) 177M->86M(217M) 97.818ms
[21.692s][info][gc] GC(92) Pause Young (Allocation Failure) 146M->122M(217M) 12.242ms
[21.896s][info][gc] GC(93) Pause Young (Allocation Failure) 182M->153M(217M) 14.256ms
[22.164s][info][gc] GC(94) Pause Young (Allocation Failure) 213M->181M(241M) 81.810ms
[22.228s][info][gc] GC(95) Pause Full (Allocation Failure) 181M->79M(217M) 63.336ms
[22.396s][info][gc] GC(96) Pause Young (Allocation Failure) 139M->117M(217M) 13.095ms
[22.594s][info][gc] GC(97) Pause Young (Allocation Failure) 177M->143M(217M) 12.531ms
[22.789s][info][gc] GC(98) Pause Young (Allocation Failure) 203M->173M(233M) 19.383ms
[22.881s][info][gc] GC(99) Pause Full (Allocation Failure) 173M->85M(217M) 91.086ms
[22.993s][info][gc] GC(100) Pause Young (Allocation Failure) 145M->126M(217M) 14.787ms
[23.289s][info][gc] GC(101) Pause Young (Allocation Failure) 186M->154M(217M) 19.290ms
[23.402s][info][gc] GC(102) Pause Young (Allocation Failure) 214M->184M(244M) 21.973ms
[23.514s][info][gc] GC(103) Pause Full (Allocation Failure) 184M->79M(217M) 111.661ms
[23.675s][info][gc] GC(104) Pause Young (Allocation Failure) 139M->108M(217M) 11.378ms
[23.788s][info][gc] GC(105) Pause Young (Allocation Failure) 168M->138M(217M) 13.558ms
[24.094s][info][gc] GC(106) Pause Young (Allocation Failure) 198M->165M(225M) 23.756ms
[24.185s][info][gc] GC(107) Pause Full (Allocation Failure) 165M->86M(217M) 90.944ms
[24.290s][info][gc] GC(108) Pause Young (Allocation Failure) 146M->128M(217M) 15.093ms
[24.579s][info][gc] GC(109) Pause Young (Allocation Failure) 188M->155M(217M) 13.887ms
[24.791s][info][gc] GC(110) Pause Young (Allocation Failure) 215M->184M(244M) 26.245ms
[24.883s][info][gc] GC(111) Pause Full (Allocation Failure) 184M->86M(217M) 90.988ms
[25.074s][info][gc] GC(112) Pause Young (Allocation Failure) 146M->115M(217M) 11.054ms
[25.187s][info][gc] GC(113) Pause Young (Allocation Failure) 175M->144M(217M) 12.995ms
[25.371s][info][gc] GC(114) Pause Young (Allocation Failure) 204M->168M(228M) 18.680ms
[25.438s][info][gc] GC(115) Pause Full (Allocation Failure) 168M->86M(217M) 66.681ms
[25.545s][info][gc] GC(116) Pause Young (Allocation Failure) 146M->116M(217M) 11.914ms
[25.679s][info][gc] GC(117) Pause Young (Allocation Failure) 176M->142M(217M) 13.808ms
[25.816s][info][gc] GC(118) Pause Young (Allocation Failure) 202M->169M(229M) 19.064ms
[25.875s][info][gc] GC(119) Pause Full (Allocation Failure) 169M->77M(217M) 58.740ms
[25.975s][info][gc] GC(120) Pause Young (Allocation Failure) 137M->108M(217M) 12.722ms
[26.218s][info][gc] GC(121) Pause Young (Allocation Failure) 168M->123M(217M) 10.847ms
[26.509s][info][gc] GC(122) Pause Young (Allocation Failure) 183M->124M(217M) 8.962ms
[26.756s][info][gc] GC(123) Pause Young (Allocation Failure) 184M->139M(217M) 9.761ms
[26.986s][info][gc] GC(124) Pause Young (Allocation Failure) 199M->153M(217M) 10.796ms
[27.193s][info][gc] GC(125) Pause Young (Allocation Failure) 213M->161M(222M) 11.314ms
[27.268s][info][gc] GC(126) Pause Full (Allocation Failure) 161M->84M(217M) 74.455ms
[27.400s][info][gc] GC(127) Pause Young (Allocation Failure) 144M->115M(217M) 12.765ms
[27.688s][info][gc] GC(128) Pause Young (Allocation Failure) 175M->149M(217M) 14.989ms
[27.989s][info][gc] GC(129) Pause Young (Allocation Failure) 209M->177M(238M) 22.257ms
[28.048s][info][gc] GC(130) Pause Full (Allocation Failure) 177M->85M(217M) 58.397ms
[28.185s][info][gc] GC(131) Pause Young (Allocation Failure) 145M->114M(217M) 11.272ms
[28.459s][info][gc] GC(132) Pause Young (Allocation Failure) 174M->125M(217M) 29.292ms
[28.661s][info][gc] GC(133) Pause Young (Allocation Failure) 185M->150M(217M) 40.115ms
[28.784s][info][gc] GC(134) Pause Young (Allocation Failure) 210M->178M(238M) 20.790ms
[28.845s][info][gc] GC(135) Pause Full (Allocation Failure) 178M->86M(217M) 60.984ms
[28.949s][info][gc] GC(136) Pause Young (Allocation Failure) 146M->128M(217M) 15.500ms
[29.075s][info][gc] GC(137) Pause Young (Allocation Failure) 188M->157M(217M) 15.197ms
[29.137s][info][gc] GC(138) Pause Full (Allocation Failure) 157M->78M(217M) 61.705ms
[29.248s][info][gc] GC(139) Pause Young (Allocation Failure) 138M->108M(217M) 11.664ms
[29.379s][info][gc] GC(140) Pause Young (Allocation Failure) 168M->134M(217M) 12.925ms
[29.562s][info][gc] GC(141) Pause Young (Allocation Failure) 194M->161M(221M) 13.721ms
[29.617s][info][gc] GC(142) Pause Full (Allocation Failure) 161M->82M(217M) 53.996ms
[29.766s][info][gc] GC(143) Pause Young (Allocation Failure) 142M->116M(217M) 11.739ms
[29.930s][info][gc] GC(144) Pause Young (Allocation Failure) 176M->137M(217M) 11.289ms
[30.068s][info][gc] GC(145) Pause Young (Allocation Failure) 197M->158M(218M) 11.878ms
[30.129s][info][gc] GC(146) Pause Full (Allocation Failure) 158M->85M(217M) 60.637ms
[30.230s][info][gc] GC(147) Pause Young (Allocation Failure) 145M->116M(217M) 11.435ms
[30.423s][info][gc] GC(148) Pause Young (Allocation Failure) 176M->143M(217M) 12.877ms
[30.565s][info][gc] GC(149) Pause Young (Allocation Failure) 203M->172M(232M) 22.792ms
[30.627s][info][gc] GC(150) Pause Full (Allocation Failure) 172M->86M(217M) 61.095ms
[30.783s][info][gc] GC(151) Pause Young (Allocation Failure) 146M->114M(217M) 11.656ms
[30.925s][info][gc] GC(152) Pause Young (Allocation Failure) 174M->142M(217M) 15.110ms
[31.063s][info][gc] GC(153) Pause Young (Allocation Failure) 202M->171M(231M) 21.273ms
[31.131s][info][gc] GC(154) Pause Full (Allocation Failure) 171M->77M(217M) 68.098ms
[31.240s][info][gc] GC(155) Pause Young (Allocation Failure) 137M->107M(217M) 11.799ms
[31.381s][info][gc] GC(156) Pause Young (Allocation Failure) 167M->134M(217M) 12.488ms
[31.524s][info][gc] GC(157) Pause Young (Allocation Failure) 194M->163M(223M) 16.360ms
[31.585s][info][gc] GC(158) Pause Full (Allocation Failure) 163M->85M(217M) 60.366ms
[31.686s][info][gc] GC(159) Pause Young (Allocation Failure) 145M->115M(217M) 12.439ms
[31.817s][info][gc] GC(160) Pause Young (Allocation Failure) 175M->136M(217M) 13.011ms
[31.949s][info][gc] GC(161) Pause Young (Allocation Failure) 196M->156M(217M) 12.505ms
[32.094s][info][gc] GC(162) Pause Young (Allocation Failure) 216M->183M(244M) 23.842ms
[32.154s][info][gc] GC(163) Pause Full (Allocation Failure) 183M->85M(217M) 59.109ms
[32.274s][info][gc] GC(164) Pause Young (Allocation Failure) 145M->116M(217M) 12.084ms
[32.441s][info][gc] GC(165) Pause Young (Allocation Failure) 176M->130M(217M) 10.652ms
[32.677s][info][gc] GC(166) Pause Young (Allocation Failure) 190M->140M(217M) 8.909ms
[32.842s][info][gc] GC(167) Pause Young (Allocation Failure) 200M->161M(221M) 11.657ms
[32.902s][info][gc] GC(168) Pause Full (Allocation Failure) 161M->77M(217M) 59.683ms
[33.034s][info][gc] GC(169) Pause Young (Allocation Failure) 137M->107M(217M) 11.398ms
[33.218s][info][gc] GC(170) Pause Young (Allocation Failure) 167M->119M(217M) 9.934ms
[33.416s][info][gc] GC(171) Pause Young (Allocation Failure) 179M->126M(217M) 8.301ms
[33.698s][info][gc] GC(172) Pause Young (Allocation Failure) 186M->129M(217M) 8.697ms
[33.870s][info][gc] GC(173) Pause Young (Allocation Failure) 189M->139M(217M) 8.520ms
[34.057s][info][gc] GC(174) Pause Young (Allocation Failure) 199M->149M(217M) 9.855ms
[34.241s][info][gc] GC(175) Pause Young (Allocation Failure) 209M->159M(220M) 10.740ms
[34.302s][info][gc] GC(176) Pause Full (Allocation Failure) 159M->78M(217M) 60.775ms
[34.406s][info][gc] GC(177) Pause Young (Allocation Failure) 138M->108M(217M) 11.945ms
[34.579s][info][gc] GC(178) Pause Young (Allocation Failure) 168M->133M(217M) 15.898ms
[34.689s][info][gc] GC(179) Pause Young (Allocation Failure) 193M->161M(221M) 15.886ms
[34.748s][info][gc] GC(180) Pause Full (Allocation Failure) 161M->83M(217M) 58.839ms
[34.854s][info][gc] GC(181) Pause Young (Allocation Failure) 143M->114M(217M) 13.658ms
[35.033s][info][gc] GC(182) Pause Young (Allocation Failure) 174M->129M(217M) 10.661ms
[35.230s][info][gc] GC(183) Pause Young (Allocation Failure) 189M->149M(217M) 12.495ms
[35.375s][info][gc] GC(184) Pause Young (Allocation Failure) 209M->179M(239M) 24.713ms
[35.437s][info][gc] GC(185) Pause Full (Allocation Failure) 179M->87M(217M) 61.014ms
[35.583s][info][gc] GC(186) Pause Young (Allocation Failure) 147M->117M(217M) 11.503ms
[35.790s][info][gc] GC(187) Pause Young (Allocation Failure) 177M->143M(217M) 20.067ms
[35.936s][info][gc] GC(188) Pause Young (Allocation Failure) 203M->171M(231M) 22.271ms
[35.995s][info][gc] GC(189) Pause Full (Allocation Failure) 171M->83M(217M) 58.443ms
[36.140s][info][gc] GC(190) Pause Young (Allocation Failure) 143M->103M(217M) 9.471ms
[36.320s][info][gc] GC(191) Pause Young (Allocation Failure) 163M->129M(217M) 15.481ms
[36.450s][info][gc] GC(192) Pause Young (Allocation Failure) 189M->158M(218M) 14.609ms
[36.512s][info][gc] GC(193) Pause Full (Allocation Failure) 158M->78M(217M) 61.774ms
[36.630s][info][gc] GC(194) Pause Young (Allocation Failure) 138M->103M(217M) 11.498ms
[36.763s][info][gc] GC(195) Pause Young (Allocation Failure) 163M->124M(217M) 12.272ms
[36.900s][info][gc] GC(196) Pause Young (Allocation Failure) 184M->150M(217M) 14.226ms
[37.046s][info][gc] GC(197) Pause Young (Allocation Failure) 210M->178M(238M) 24.840ms
[37.112s][info][gc] GC(198) Pause Full (Allocation Failure) 178M->78M(217M) 65.030ms
[37.232s][info][gc] GC(199) Pause Young (Allocation Failure) 138M->109M(217M) 13.110ms
[37.390s][info][gc] GC(200) Pause Young (Allocation Failure) 169M->123M(217M) 10.657ms
[37.570s][info][gc] GC(201) Pause Young (Allocation Failure) 183M->136M(217M) 10.435ms
[37.753s][info][gc] GC(202) Pause Young (Allocation Failure) 196M->148M(217M) 9.902ms
[37.936s][info][gc] GC(203) Pause Young (Allocation Failure) 208M->161M(221M) 12.647ms
[37.995s][info][gc] GC(204) Pause Full (Allocation Failure) 161M->85M(217M) 59.141ms
[38.104s][info][gc] GC(205) Pause Young (Allocation Failure) 145M->115M(217M) 11.887ms
[38.234s][info][gc] GC(206) Pause Young (Allocation Failure) 175M->142M(217M) 14.311ms
[38.472s][info][gc] GC(207) Pause Young (Allocation Failure) 202M->170M(230M) 20.118ms
[38.530s][info][gc] GC(208) Pause Full (Allocation Failure) 170M->84M(217M) 57.830ms
[38.660s][info][gc] GC(209) Pause Young (Allocation Failure) 144M->114M(217M) 11.350ms
[38.824s][info][gc] GC(210) Pause Young (Allocation Failure) 174M->128M(217M) 11.391ms
[39.005s][info][gc] GC(211) Pause Young (Allocation Failure) 188M->139M(217M) 10.178ms
[39.188s][info][gc] GC(212) Pause Young (Allocation Failure) 199M->150M(217M) 8.676ms
[39.376s][info][gc] GC(213) Pause Young (Allocation Failure) 210M->161M(221M) 10.061ms
[39.437s][info][gc] GC(214) Pause Full (Allocation Failure) 161M->78M(217M) 61.076ms
[39.551s][info][gc] GC(215) Pause Young (Allocation Failure) 138M->108M(217M) 11.052ms
[39.749s][info][gc] GC(216) Pause Young (Allocation Failure) 168M->135M(217M) 11.715ms
[39.857s][info][gc] GC(217) Pause Young (Allocation Failure) 195M->162M(223M) 17.248ms
[39.921s][info][gc] GC(218) Pause Full (Allocation Failure) 162M->84M(217M) 63.013ms
[40.024s][info][gc] GC(219) Pause Young (Allocation Failure) 144M->114M(217M) 12.340ms
[40.159s][info][gc] GC(220) Pause Young (Allocation Failure) 174M->140M(217M) 13.568ms
[40.310s][info][gc] GC(221) Pause Young (Allocation Failure) 200M->165M(226M) 17.888ms
[40.367s][info][gc] GC(222) Pause Full (Allocation Failure) 165M->82M(217M) 57.013ms
[40.487s][info][gc] GC(223) Pause Young (Allocation Failure) 142M->113M(217M) 12.547ms
[40.649s][info][gc] GC(224) Pause Young (Allocation Failure) 173M->127M(217M) 11.828ms
[40.827s][info][gc] GC(225) Pause Young (Allocation Failure) 187M->141M(217M) 10.359ms
[41.009s][info][gc] GC(226) Pause Young (Allocation Failure) 201M->153M(217M) 9.795ms
[41.194s][info][gc] GC(227) Pause Young (Allocation Failure) 213M->166M(226M) 12.345ms
[41.251s][info][gc] GC(228) Pause Full (Allocation Failure) 166M->86M(217M) 56.592ms
[41.350s][info][gc] GC(229) Pause Young (Allocation Failure) 146M->116M(217M) 11.933ms
[41.480s][info][gc] GC(230) Pause Young (Allocation Failure) 176M->136M(217M) 11.790ms
[41.620s][info][gc] GC(231) Pause Young (Allocation Failure) 196M->157M(217M) 11.741ms
[41.885s][info][gc] GC(232) Pause Young (Allocation Failure) 217M->183M(244M) 28.669ms
[41.941s][info][gc] GC(233) Pause Full (Allocation Failure) 183M->76M(217M) 55.273ms
[42.073s][info][gc] GC(234) Pause Young (Allocation Failure) 136M->107M(217M) 13.774ms
[42.271s][info][gc] GC(235) Pause Young (Allocation Failure) 167M->119M(217M) 9.736ms
[42.430s][info][gc] GC(236) Pause Young (Allocation Failure) 179M->127M(217M) 9.472ms
[42.585s][info][gc] GC(237) Pause Young (Allocation Failure) 187M->155M(217M) 13.578ms
[42.858s][info][gc] GC(238) Pause Young (Allocation Failure) 215M->189M(249M) 68.885ms
[42.924s][info][gc] GC(239) Pause Full (Allocation Failure) 189M->78M(217M) 65.462ms
[43.057s][info][gc] GC(240) Pause Young (Allocation Failure) 138M->109M(217M) 12.482ms
[43.277s][info][gc] GC(241) Pause Young (Allocation Failure) 169M->119M(217M) 9.669ms
[43.495s][info][gc] GC(242) Pause Young (Allocation Failure) 179M->127M(217M) 10.510ms
[43.685s][info][gc] GC(243) Pause Young (Allocation Failure) 187M->133M(217M) 9.835ms
[43.888s][info][gc] GC(244) Pause Young (Allocation Failure) 193M->139M(217M) 8.646ms
[44.100s][info][gc] GC(245) Pause Young (Allocation Failure) 199M->147M(217M) 8.771ms
[44.209s][info][gc] GC(246) Pause Young (Allocation Failure) 207M->170M(230M) 19.352ms
[44.268s][info][gc] GC(247) Pause Full (Allocation Failure) 170M->85M(217M) 58.876ms
[44.366s][info][gc] GC(248) Pause Young (Allocation Failure) 145M->115M(217M) 12.174ms
[44.553s][info][gc] GC(249) Pause Young (Allocation Failure) 175M->131M(217M) 12.673ms
[44.790s][info][gc] GC(250) Pause Young (Allocation Failure) 191M->147M(217M) 11.474ms
[45.053s][info][gc] GC(251) Pause Young (Allocation Failure) 207M->155M(217M) 9.989ms
[45.240s][info][gc] GC(252) Pause Young (Allocation Failure) 215M->160M(220M) 8.592ms
[45.300s][info][gc] GC(253) Pause Full (Allocation Failure) 160M->85M(217M) 59.276ms
[45.466s][info][gc] GC(254) Pause Young (Allocation Failure) 145M->115M(217M) 11.767ms
[45.657s][info][gc] GC(255) Pause Young (Allocation Failure) 175M->142M(217M) 12.294ms
[45.791s][info][gc] GC(256) Pause Young (Allocation Failure) 202M->171M(231M) 18.111ms
[45.855s][info][gc] GC(257) Pause Full (Allocation Failure) 171M->78M(217M) 63.645ms
[45.960s][info][gc] GC(258) Pause Young (Allocation Failure) 138M->108M(217M) 11.667ms
[46.101s][info][gc] GC(259) Pause Young (Allocation Failure) 168M->134M(217M) 14.926ms
[46.234s][info][gc] GC(260) Pause Young (Allocation Failure) 194M->162M(222M) 17.009ms
[46.296s][info][gc] GC(261) Pause Full (Allocation Failure) 162M->82M(217M) 62.043ms
[46.417s][info][gc] GC(262) Pause Young (Allocation Failure) 142M->113M(217M) 13.496ms
[46.584s][info][gc] GC(263) Pause Young (Allocation Failure) 173M->127M(217M) 11.337ms
[46.761s][info][gc] GC(264) Pause Young (Allocation Failure) 187M->141M(217M) 10.917ms
[46.947s][info][gc] GC(265) Pause Young (Allocation Failure) 201M->154M(217M) 10.741ms
[47.133s][info][gc] GC(266) Pause Young (Allocation Failure) 214M->167M(227M) 15.119ms
[47.194s][info][gc] GC(267) Pause Full (Allocation Failure) 167M->84M(217M) 60.858ms
[47.300s][info][gc] GC(268) Pause Young (Allocation Failure) 144M->114M(217M) 11.728ms
[47.436s][info][gc] GC(269) Pause Young (Allocation Failure) 174M->140M(217M) 13.032ms
[47.566s][info][gc] GC(270) Pause Young (Allocation Failure) 200M->169M(229M) 18.341ms
[47.632s][info][gc] GC(271) Pause Full (Allocation Failure) 169M->85M(217M) 65.579ms
[47.777s][info][gc] GC(272) Pause Young (Allocation Failure) 145M->115M(217M) 11.676ms
[47.944s][info][gc] GC(273) Pause Young (Allocation Failure) 175M->142M(217M) 12.943ms
[48.087s][info][gc] GC(274) Pause Young (Allocation Failure) 202M->171M(231M) 18.931ms
[48.149s][info][gc] GC(275) Pause Full (Allocation Failure) 171M->78M(217M) 61.351ms
[48.255s][info][gc] GC(276) Pause Young (Allocation Failure) 138M->108M(217M) 11.990ms
[48.391s][info][gc] GC(277) Pause Young (Allocation Failure) 168M->134M(217M) 12.912ms
[48.606s][info][gc] GC(278) Pause Young (Allocation Failure) 194M->161M(221M) 16.660ms
[48.678s][info][gc] GC(279) Pause Full (Allocation Failure) 161M->77M(217M) 71.379ms
[48.860s][info][gc] GC(280) Pause Young (Allocation Failure) 137M->104M(217M) 9.410ms
[48.947s][info][gc] GC(281) Pause Young (Allocation Failure) 164M->133M(217M) 11.851ms
[49.097s][info][gc] GC(282) Pause Young (Allocation Failure) 193M->160M(220M) 13.488ms
[49.159s][info][gc] GC(283) Pause Full (Allocation Failure) 160M->77M(217M) 61.395ms
[49.294s][info][gc] GC(284) Pause Young (Allocation Failure) 137M->107M(217M) 13.223ms
[49.495s][info][gc] GC(285) Pause Young (Allocation Failure) 167M->118M(217M) 11.128ms
[49.704s][info][gc] GC(286) Pause Young (Allocation Failure) 178M->124M(217M) 7.758ms
[49.904s][info][gc] GC(287) Pause Young (Allocation Failure) 184M->134M(217M) 9.850ms
[50.119s][info][gc] GC(288) Pause Young (Allocation Failure) 194M->148M(217M) 12.093ms
[50.292s][info][gc] GC(289) Pause Young (Allocation Failure) 208M->166M(226M) 17.430ms
[50.354s][info][gc] GC(290) Pause Full (Allocation Failure) 166M->83M(217M) 62.184ms
[50.456s][info][gc] GC(291) Pause Young (Allocation Failure) 143M->113M(217M) 11.965ms
[50.597s][info][gc] GC(292) Pause Young (Allocation Failure) 173M->141M(217M) 13.651ms
[50.751s][info][gc] GC(293) Pause Young (Allocation Failure) 201M->168M(228M) 18.187ms
[50.817s][info][gc] GC(294) Pause Full (Allocation Failure) 168M->77M(217M) 65.859ms
[50.952s][info][gc] GC(295) Pause Young (Allocation Failure) 137M->107M(217M) 12.589ms
[51.106s][info][gc] GC(296) Pause Young (Allocation Failure) 167M->121M(217M) 10.204ms
[51.289s][info][gc] GC(297) Pause Young (Allocation Failure) 181M->133M(217M) 10.459ms
[51.489s][info][gc] GC(298) Pause Young (Allocation Failure) 193M->144M(217M) 7.441ms
[51.625s][info][gc] GC(299) Pause Young (Allocation Failure) 204M->167M(227M) 13.463ms
[51.686s][info][gc] GC(300) Pause Full (Allocation Failure) 167M->85M(217M) 60.638ms
[51.790s][info][gc] GC(301) Pause Young (Allocation Failure) 145M->115M(217M) 11.929ms
[51.973s][info][gc] GC(302) Pause Young (Allocation Failure) 175M->138M(217M) 18.700ms
[52.141s][info][gc] GC(303) Pause Young (Allocation Failure) 198M->165M(225M) 17.105ms
[52.206s][info][gc] GC(304) Pause Full (Allocation Failure) 165M->86M(217M) 64.949ms
[52.321s][info][gc] GC(305) Pause Young (Allocation Failure) 146M->116M(217M) 13.364ms
[52.452s][info][gc] GC(306) Pause Young (Allocation Failure) 176M->145M(217M) 16.227ms
[52.638s][info][gc] GC(307) Pause Young (Allocation Failure) 205M->160M(220M) 14.639ms
[52.712s][info][gc] GC(308) Pause Full (Allocation Failure) 160M->86M(217M) 73.610ms
[52.817s][info][gc] GC(309) Pause Young (Allocation Failure) 146M->116M(217M) 14.323ms
[52.954s][info][gc] GC(310) Pause Young (Allocation Failure) 176M->139M(217M) 13.813ms
[53.090s][info][gc] GC(311) Pause Young (Allocation Failure) 199M->166M(226M) 18.770ms
[53.154s][info][gc] GC(312) Pause Full (Allocation Failure) 166M->77M(217M) 63.293ms
[53.276s][info][gc] GC(313) Pause Young (Allocation Failure) 137M->108M(217M) 14.643ms
[53.443s][info][gc] GC(314) Pause Young (Allocation Failure) 168M->122M(217M) 12.785ms
[53.620s][info][gc] GC(315) Pause Young (Allocation Failure) 182M->135M(217M) 10.649ms
[53.807s][info][gc] GC(316) Pause Young (Allocation Failure) 195M->147M(217M) 10.896ms
[53.989s][info][gc] GC(317) Pause Young (Allocation Failure) 207M->160M(220M) 11.644ms
[54.051s][info][gc] GC(318) Pause Full (Allocation Failure) 160M->86M(217M) 61.342ms
[54.162s][info][gc] GC(319) Pause Young (Allocation Failure) 146M->116M(217M) 12.161ms
[54.296s][info][gc] GC(320) Pause Young (Allocation Failure) 176M->142M(217M) 13.740ms
[54.550s][info][gc] GC(321) Pause Young (Allocation Failure) 202M->158M(218M) 13.560ms
[54.619s][info][gc] GC(322) Pause Full (Allocation Failure) 158M->86M(217M) 68.678ms
[54.777s][info][gc] GC(323) Pause Young (Allocation Failure) 146M->103M(217M) 8.374ms
[54.914s][info][gc] GC(324) Pause Young (Allocation Failure) 163M->130M(217M) 13.509ms
[55.142s][info][gc] GC(325) Pause Young (Allocation Failure) 190M->149M(217M) 10.187ms
[55.253s][info][gc] GC(326) Pause Young (Allocation Failure) 209M->173M(234M) 23.897ms
[55.318s][info][gc] GC(327) Pause Full (Allocation Failure) 173M->86M(217M) 64.507ms
[55.425s][info][gc] GC(328) Pause Young (Allocation Failure) 146M->116M(217M) 14.377ms
[55.603s][info][gc] GC(329) Pause Young (Allocation Failure) 176M->140M(217M) 13.207ms
[55.708s][info][gc] GC(330) Pause Young (Allocation Failure) 200M->168M(228M) 16.801ms
[55.771s][info][gc] GC(331) Pause Full (Allocation Failure) 168M->77M(217M) 63.135ms
[55.871s][info][gc] GC(332) Pause Young (Allocation Failure) 137M->108M(217M) 12.402ms
[56.065s][info][gc] GC(333) Pause Young (Allocation Failure) 168M->122M(217M) 10.286ms
[56.201s][info][gc] GC(334) Pause Young (Allocation Failure) 182M->148M(217M) 11.888ms
[56.433s][info][gc] GC(335) Pause Young (Allocation Failure) 208M->159M(219M) 11.032ms
[56.494s][info][gc] GC(336) Pause Full (Allocation Failure) 159M->85M(217M) 60.113ms
[56.598s][info][gc] GC(337) Pause Young (Allocation Failure) 145M->115M(217M) 11.518ms
[56.796s][info][gc] GC(338) Pause Young (Allocation Failure) 175M->142M(217M) 17.838ms
[56.906s][info][gc] GC(339) Pause Young (Allocation Failure) 202M->173M(233M) 17.381ms
[56.984s][info][gc] GC(340) Pause Full (Allocation Failure) 173M->85M(217M) 77.854ms
[57.087s][info][gc] GC(341) Pause Young (Allocation Failure) 145M->122M(217M) 13.912ms
[57.271s][info][gc] GC(342) Pause Young (Allocation Failure) 182M->152M(217M) 15.462ms
[57.462s][info][gc] GC(343) Pause Young (Allocation Failure) 212M->178M(238M) 20.964ms
[57.515s][info][gc] GC(344) Pause Full (Allocation Failure) 178M->84M(217M) 53.228ms
[57.645s][info][gc] GC(345) Pause Young (Allocation Failure) 144M->114M(217M) 14.205ms
[57.772s][info][gc] GC(346) Pause Young (Allocation Failure) 174M->143M(217M) 14.173ms
[57.936s][info][gc] GC(347) Pause Young (Allocation Failure) 203M->169M(229M) 16.026ms
[57.995s][info][gc] GC(348) Pause Full (Allocation Failure) 169M->78M(217M) 59.050ms
[58.097s][info][gc] GC(349) Pause Young (Allocation Failure) 138M->108M(217M) 11.965ms
[58.273s][info][gc] GC(350) Pause Young (Allocation Failure) 168M->127M(217M) 11.600ms
[58.372s][info][gc] GC(351) Pause Young (Allocation Failure) 187M->154M(217M) 13.841ms
[58.523s][info][gc] GC(352) Pause Young (Allocation Failure) 214M->182M(242M) 28.221ms
[58.583s][info][gc] GC(353) Pause Full (Allocation Failure) 182M->78M(217M) 59.502ms
[58.705s][info][gc] GC(354) Pause Young (Allocation Failure) 138M->108M(217M) 11.996ms
[58.862s][info][gc] GC(355) Pause Young (Allocation Failure) 168M->122M(217M) 11.270ms
[59.050s][info][gc] GC(356) Pause Young (Allocation Failure) 182M->135M(217M) 12.215ms
[59.231s][info][gc] GC(357) Pause Young (Allocation Failure) 195M->148M(217M) 10.008ms
[59.414s][info][gc] GC(358) Pause Young (Allocation Failure) 208M->160M(220M) 10.710ms
[59.472s][info][gc] GC(359) Pause Full (Allocation Failure) 160M->83M(217M) 58.156ms
[59.574s][info][gc] GC(360) Pause Young (Allocation Failure) 143M->113M(217M) 12.312ms
[59.706s][info][gc] GC(361) Pause Young (Allocation Failure) 173M->135M(217M) 12.314ms
[59.839s][info][gc] GC(362) Pause Young (Allocation Failure) 195M->162M(222M) 14.182ms
[59.897s][info][gc] GC(363) Pause Full (Allocation Failure) 162M->85M(217M) 56.706ms
[60.060s][info][gc] GC(364) Pause Young (Allocation Failure) 145M->116M(217M) 12.600ms
[60.354s][info][gc] GC(365) Pause Young (Allocation Failure) 176M->119M(217M) 8.088ms
[60.539s][info][gc] GC(366) Pause Young (Allocation Failure) 179M->134M(217M) 9.119ms
[60.685s][info][gc] GC(367) Pause Young (Allocation Failure) 194M->160M(220M) 14.334ms
[60.743s][info][gc] GC(368) Pause Full (Allocation Failure) 160M->77M(217M) 57.723ms
[60.843s][info][gc] GC(369) Pause Young (Allocation Failure) 137M->108M(217M) 11.910ms
[61.049s][info][gc] GC(370) Pause Young (Allocation Failure) 168M->121M(217M) 9.648ms
[61.184s][info][gc] GC(371) Pause Young (Allocation Failure) 181M->146M(217M) 11.809ms
[61.411s][info][gc] GC(372) Pause Young (Allocation Failure) 206M->156M(217M) 9.415ms
[61.605s][info][gc] GC(373) Pause Young (Allocation Failure) 216M->160M(220M) 9.355ms
[61.667s][info][gc] GC(374) Pause Full (Allocation Failure) 160M->83M(217M) 61.921ms
[61.825s][info][gc] GC(375) Pause Young (Allocation Failure) 143M->104M(217M) 9.243ms
[62.032s][info][gc] GC(376) Pause Young (Allocation Failure) 164M->120M(217M) 10.382ms
[62.181s][info][gc] GC(377) Pause Young (Allocation Failure) 180M->147M(217M) 16.861ms
[62.356s][info][gc] GC(378) Pause Young (Allocation Failure) 207M->175M(235M) 23.020ms
[62.414s][info][gc] GC(379) Pause Full (Allocation Failure) 175M->85M(217M) 57.817ms
[62.517s][info][gc] GC(380) Pause Young (Allocation Failure) 145M->115M(217M) 11.493ms
[62.649s][info][gc] GC(381) Pause Young (Allocation Failure) 175M->143M(217M) 13.077ms
[62.783s][info][gc] GC(382) Pause Young (Allocation Failure) 203M->172M(232M) 18.230ms
[62.846s][info][gc] GC(383) Pause Full (Allocation Failure) 172M->86M(217M) 62.546ms
[62.986s][info][gc] GC(384) Pause Young (Allocation Failure) 146M->116M(217M) 11.344ms
[63.162s][info][gc] GC(385) Pause Young (Allocation Failure) 176M->143M(217M) 12.851ms
[63.303s][info][gc] GC(386) Pause Young (Allocation Failure) 203M->172M(232M) 18.185ms
[63.368s][info][gc] GC(387) Pause Full (Allocation Failure) 172M->78M(217M) 64.545ms
[63.473s][info][gc] GC(388) Pause Young (Allocation Failure) 138M->108M(217M) 11.787ms
[63.618s][info][gc] GC(389) Pause Young (Allocation Failure) 168M->132M(217M) 13.294ms
[63.756s][info][gc] GC(390) Pause Young (Allocation Failure) 192M->160M(220M) 17.180ms
[63.812s][info][gc] GC(391) Pause Full (Allocation Failure) 160M->83M(217M) 56.130ms
[63.964s][info][gc] GC(392) Pause Young (Allocation Failure) 143M->127M(217M) 30.771ms
[64.081s][info][gc] GC(393) Pause Young (Allocation Failure) 187M->157M(217M) 14.652ms
[64.321s][info][gc] GC(394) Pause Young (Allocation Failure) 217M->172M(232M) 17.078ms
[64.401s][info][gc] GC(395) Pause Full (Allocation Failure) 172M->80M(217M) 80.341ms
[64.490s][info][gc] GC(396) Pause Young (Allocation Failure) 140M->116M(217M) 12.678ms
[64.626s][info][gc] GC(397) Pause Young (Allocation Failure) 176M->150M(217M) 17.138ms
[64.770s][info][gc] GC(398) Pause Young (Allocation Failure) 210M->180M(240M) 28.358ms
[64.833s][info][gc] GC(399) Pause Full (Allocation Failure) 180M->86M(217M) 62.919ms
[64.977s][info][gc] GC(400) Pause Young (Allocation Failure) 146M->109M(217M) 11.536ms
[65.083s][info][gc] GC(401) Pause Young (Allocation Failure) 169M->136M(217M) 15.310ms
[65.210s][info][gc] GC(402) Pause Young (Allocation Failure) 196M->166M(226M) 18.081ms
[65.274s][info][gc] GC(403) Pause Full (Allocation Failure) 166M->78M(217M) 64.347ms
[65.379s][info][gc] GC(404) Pause Young (Allocation Failure) 138M->108M(217M) 11.993ms
[65.511s][info][gc] GC(405) Pause Young (Allocation Failure) 168M->135M(217M) 13.947ms
[65.640s][info][gc] GC(406) Pause Young (Allocation Failure) 195M->164M(224M) 16.405ms
[65.706s][info][gc] GC(407) Pause Full (Allocation Failure) 164M->82M(217M) 65.775ms
[65.810s][info][gc] GC(408) Pause Young (Allocation Failure) 142M->111M(217M) 11.721ms
[65.974s][info][gc] GC(409) Pause Young (Allocation Failure) 171M->138M(217M) 11.885ms
[66.084s][info][gc] GC(410) Pause Young (Allocation Failure) 198M->167M(227M) 15.695ms
[66.144s][info][gc] GC(411) Pause Full (Allocation Failure) 167M->86M(217M) 59.235ms
[66.297s][info][gc] GC(412) Pause Young (Allocation Failure) 146M->113M(217M) 11.768ms
[66.526s][info][gc] GC(413) Pause Young (Allocation Failure) 173M->124M(217M) 10.485ms
[66.714s][info][gc] GC(414) Pause Young (Allocation Failure) 184M->133M(217M) 9.101ms
[66.900s][info][gc] GC(415) Pause Young (Allocation Failure) 193M->139M(217M) 7.822ms
[67.082s][info][gc] GC(416) Pause Young (Allocation Failure) 199M->144M(217M) 6.959ms
[67.261s][info][gc] GC(417) Pause Young (Allocation Failure) 204M->152M(217M) 8.200ms
[67.432s][info][gc] GC(418) Pause Young (Allocation Failure) 212M->162M(222M) 11.473ms
[67.493s][info][gc] GC(419) Pause Full (Allocation Failure) 162M->85M(217M) 61.198ms
[67.597s][info][gc] GC(420) Pause Young (Allocation Failure) 145M->114M(217M) 12.086ms
[67.731s][info][gc] GC(421) Pause Young (Allocation Failure) 174M->142M(217M) 13.561ms
[67.871s][info][gc] GC(422) Pause Young (Allocation Failure) 202M->170M(230M) 20.141ms
[67.933s][info][gc] GC(423) Pause Full (Allocation Failure) 170M->77M(217M) 61.134ms
[68.036s][info][gc] GC(424) Pause Young (Allocation Failure) 137M->107M(217M) 11.366ms
[68.170s][info][gc] GC(425) Pause Young (Allocation Failure) 167M->135M(217M) 14.198ms
[68.323s][info][gc] GC(426) Pause Young (Allocation Failure) 195M->162M(222M) 17.125ms
[68.385s][info][gc] GC(427) Pause Full (Allocation Failure) 162M->84M(217M) 62.616ms
[68.489s][info][gc] GC(428) Pause Young (Allocation Failure) 144M->114M(217M) 11.593ms
[68.617s][info][gc] GC(429) Pause Young (Allocation Failure) 174M->141M(217M) 14.083ms
[68.804s][info][gc] GC(430) Pause Young (Allocation Failure) 201M->154M(217M) 9.993ms
[68.902s][info][gc] GC(431) Pause Young (Allocation Failure) 214M->179M(240M) 20.579ms
[68.969s][info][gc] GC(432) Pause Full (Allocation Failure) 179M->86M(217M) 67.285ms
[69.070s][info][gc] GC(433) Pause Young (Allocation Failure) 146M->117M(217M) 11.896ms
[69.203s][info][gc] GC(434) Pause Young (Allocation Failure) 177M->139M(217M) 13.152ms
[69.343s][info][gc] GC(435) Pause Young (Allocation Failure) 199M->166M(226M) 16.862ms
[69.398s][info][gc] GC(436) Pause Full (Allocation Failure) 166M->84M(217M) 54.626ms
[69.518s][info][gc] GC(437) Pause Young (Allocation Failure) 144M->115M(217M) 12.757ms
[69.681s][info][gc] GC(438) Pause Young (Allocation Failure) 175M->129M(217M) 10.560ms
[69.878s][info][gc] GC(439) Pause Young (Allocation Failure) 189M->141M(217M) 8.785ms
[70.015s][info][gc] GC(440) Pause Young (Allocation Failure) 201M->164M(224M) 14.139ms
[70.076s][info][gc] GC(441) Pause Full (Allocation Failure) 164M->78M(217M) 61.348ms
[70.190s][info][gc] GC(442) Pause Young (Allocation Failure) 138M->108M(217M) 13.358ms
[70.331s][info][gc] GC(443) Pause Young (Allocation Failure) 168M->136M(217M) 14.289ms
[70.509s][info][gc] GC(444) Pause Young (Allocation Failure) 196M->159M(220M) 13.183ms
[70.566s][info][gc] GC(445) Pause Full (Allocation Failure) 159M->82M(217M) 57.334ms
[70.687s][info][gc] GC(446) Pause Young (Allocation Failure) 142M->109M(217M) 11.819ms
[70.857s][info][gc] GC(447) Pause Young (Allocation Failure) 169M->125M(217M) 11.598ms
[71.098s][info][gc] GC(448) Pause Young (Allocation Failure) 185M->142M(217M) 11.704ms
[71.324s][info][gc] GC(449) Pause Young (Allocation Failure) 202M->151M(217M) 9.778ms
[71.504s][info][gc] GC(450) Pause Young (Allocation Failure) 211M->165M(225M) 11.211ms
[71.558s][info][gc] GC(451) Pause Full (Allocation Failure) 165M->81M(217M) 53.904ms
[71.654s][info][gc] GC(452) Pause Young (Allocation Failure) 141M->117M(217M) 12.559ms
[71.779s][info][gc] GC(453) Pause Young (Allocation Failure) 177M->149M(217M) 15.889ms
[71.989s][info][gc] GC(454) Pause Young (Allocation Failure) 209M->163M(223M) 14.257ms
[72.052s][info][gc] GC(455) Pause Full (Allocation Failure) 163M->84M(217M) 62.855ms
[72.184s][info][gc] GC(456) Pause Young (Allocation Failure) 144M->114M(217M) 11.122ms
[72.380s][info][gc] GC(457) Pause Young (Allocation Failure) 174M->126M(217M) 10.016ms
[72.597s][info][gc] GC(458) Pause Young (Allocation Failure) 186M->132M(217M) 8.702ms
[72.760s][info][gc] GC(459) Pause Young (Allocation Failure) 192M->155M(217M) 26.165ms
[72.884s][info][gc] GC(460) Pause Young (Allocation Failure) 215M->184M(244M) 26.873ms
[72.953s][info][gc] GC(461) Pause Full (Allocation Failure) 184M->78M(217M) 68.421ms
[73.088s][info][gc] GC(462) Pause Young (Allocation Failure) 138M->108M(217M) 11.501ms
[73.266s][info][gc] GC(463) Pause Young (Allocation Failure) 168M->136M(217M) 13.199ms
[73.403s][info][gc] GC(464) Pause Young (Allocation Failure) 196M->161M(221M) 12.799ms
[73.453s][info][gc] GC(465) Pause Full (Allocation Failure) 161M->82M(217M) 49.586ms
[73.566s][info][gc] GC(466) Pause Young (Allocation Failure) 142M->112M(217M) 11.890ms
[73.786s][info][gc] GC(467) Pause Young (Allocation Failure) 172M->131M(217M) 12.366ms
[73.983s][info][gc] GC(468) Pause Young (Allocation Failure) 191M->144M(217M) 9.601ms
[74.122s][info][gc] GC(469) Pause Young (Allocation Failure) 204M->170M(231M) 16.671ms
[74.186s][info][gc] GC(470) Pause Full (Allocation Failure) 170M->86M(217M) 63.155ms
[74.291s][info][gc] GC(471) Pause Young (Allocation Failure) 146M->110M(217M) 11.594ms
[74.427s][info][gc] GC(472) Pause Young (Allocation Failure) 170M->132M(217M) 12.467ms
[74.567s][info][gc] GC(473) Pause Young (Allocation Failure) 192M->159M(220M) 16.676ms
[74.628s][info][gc] GC(474) Pause Full (Allocation Failure) 159M->85M(217M) 61.129ms
[74.729s][info][gc] GC(475) Pause Young (Allocation Failure) 145M->115M(217M) 11.368ms
[74.861s][info][gc] GC(476) Pause Young (Allocation Failure) 175M->142M(217M) 13.022ms
[74.999s][info][gc] GC(477) Pause Young (Allocation Failure) 202M->170M(230M) 17.593ms
[75.058s][info][gc] GC(478) Pause Full (Allocation Failure) 170M->77M(217M) 58.031ms
[75.180s][info][gc] GC(479) Pause Young (Allocation Failure) 137M->107M(217M) 11.644ms
[75.336s][info][gc] GC(480) Pause Young (Allocation Failure) 167M->121M(217M) 10.587ms
[75.534s][info][gc] GC(481) Pause Young (Allocation Failure) 181M->134M(217M) 10.199ms
[75.697s][info][gc] GC(482) Pause Young (Allocation Failure) 194M->146M(217M) 9.818ms
[75.894s][info][gc] GC(483) Pause Young (Allocation Failure) 206M->156M(217M) 8.441ms
[76.036s][info][gc] GC(484) Pause Young (Allocation Failure) 216M->179M(239M) 20.286ms
[76.118s][info][gc] GC(485) Pause Full (Allocation Failure) 179M->79M(217M) 66.490ms
[76.268s][info][gc] GC(486) Pause Young (Allocation Failure) 139M->110M(217M) 13.733ms
[76.499s][info][gc] GC(487) Pause Young (Allocation Failure) 170M->118M(217M) 9.709ms
[76.740s][info][gc] GC(488) Pause Young (Allocation Failure) 178M->122M(217M) 7.687ms
[76.922s][info][gc] GC(489) Pause Young (Allocation Failure) 182M->131M(217M) 8.772ms
[77.108s][info][gc] GC(490) Pause Young (Allocation Failure) 191M->147M(217M) 11.176ms
[77.332s][info][gc] GC(491) Pause Young (Allocation Failure) 207M->157M(217M) 9.725ms
[77.395s][info][gc] GC(492) Pause Full (Allocation Failure) 157M->85M(217M) 61.845ms
[77.516s][info][gc] GC(493) Pause Young (Allocation Failure) 145M->114M(217M) 12.110ms
[77.650s][info][gc] GC(494) Pause Young (Allocation Failure) 174M->142M(217M) 14.448ms
[77.786s][info][gc] GC(495) Pause Young (Allocation Failure) 202M->170M(230M) 17.549ms
[77.844s][info][gc] GC(496) Pause Full (Allocation Failure) 170M->85M(217M) 57.632ms
[77.967s][info][gc] GC(497) Pause Young (Allocation Failure) 145M->115M(217M) 12.763ms
[78.127s][info][gc] GC(498) Pause Young (Allocation Failure) 175M->129M(217M) 11.103ms
[78.307s][info][gc] GC(499) Pause Young (Allocation Failure) 189M->141M(217M) 9.921ms
[78.488s][info][gc] GC(500) Pause Young (Allocation Failure) 201M->153M(217M) 9.045ms
[78.648s][info][gc] GC(501) Pause Young (Allocation Failure) 213M->183M(243M) 25.215ms
[78.709s][info][gc] GC(502) Pause Full (Allocation Failure) 183M->75M(217M) 60.658ms
[78.808s][info][gc] GC(503) Pause Young (Allocation Failure) 135M->111M(217M) 13.629ms
[78.985s][info][gc] GC(504) Pause Young (Allocation Failure) 171M->130M(217M) 11.786ms
[79.095s][info][gc] GC(505) Pause Young (Allocation Failure) 190M->158M(218M) 14.104ms
[79.167s][info][gc] GC(506) Pause Full (Allocation Failure) 158M->84M(217M) 72.101ms
[79.268s][info][gc] GC(507) Pause Young (Allocation Failure) 144M->115M(217M) 12.187ms
[79.455s][info][gc] GC(508) Pause Young (Allocation Failure) 175M->129M(217M) 8.643ms
[79.538s][info][gc] GC(509) Pause Young (Allocation Failure) 189M->152M(217M) 11.181ms
[79.752s][info][gc] GC(510) Pause Young (Allocation Failure) 212M->175M(235M) 40.423ms
[79.814s][info][gc] GC(511) Pause Full (Allocation Failure) 175M->84M(217M) 61.214ms
[79.934s][info][gc] GC(512) Pause Young (Allocation Failure) 144M->116M(217M) 13.111ms
[80.109s][info][gc] GC(513) Pause Young (Allocation Failure) 176M->130M(217M) 11.873ms
[80.296s][info][gc] GC(514) Pause Young (Allocation Failure) 190M->144M(217M) 11.798ms
[80.480s][info][gc] GC(515) Pause Young (Allocation Failure) 204M->157M(217M) 13.227ms
[80.688s][info][gc] GC(516) Pause Young (Allocation Failure) 217M->175M(235M) 20.141ms
[80.754s][info][gc] GC(517) Pause Full (Allocation Failure) 175M->84M(217M) 65.712ms
[80.859s][info][gc] GC(518) Pause Young (Allocation Failure) 144M->114M(217M) 12.488ms
[80.989s][info][gc] GC(519) Pause Young (Allocation Failure) 174M->136M(217M) 12.447ms
[81.125s][info][gc] GC(520) Pause Young (Allocation Failure) 196M->164M(224M) 15.735ms
[81.185s][info][gc] GC(521) Pause Full (Allocation Failure) 164M->77M(217M) 59.963ms
[81.306s][info][gc] GC(522) Pause Young (Allocation Failure) 137M->108M(217M) 13.608ms
[81.465s][info][gc] GC(523) Pause Young (Allocation Failure) 168M->122M(217M) 11.009ms
[81.656s][info][gc] GC(524) Pause Young (Allocation Failure) 182M->135M(217M) 10.006ms
[81.874s][info][gc] GC(525) Pause Young (Allocation Failure) 195M->146M(217M) 8.846ms
[82.043s][info][gc] GC(526) Pause Young (Allocation Failure) 206M->169M(229M) 14.662ms
[82.097s][info][gc] GC(527) Pause Full (Allocation Failure) 169M->76M(217M) 53.404ms
[82.197s][info][gc] GC(528) Pause Young (Allocation Failure) 136M->106M(217M) 10.595ms
[82.351s][info][gc] GC(529) Pause Young (Allocation Failure) 166M->133M(217M) 12.503ms
[82.531s][info][gc] GC(530) Pause Young (Allocation Failure) 193M->160M(220M) 14.981ms
[82.609s][info][gc] GC(531) Pause Full (Allocation Failure) 160M->77M(217M) 56.935ms
[82.749s][info][gc] GC(532) Pause Young (Allocation Failure) 137M->117M(217M) 14.257ms
[82.907s][info][gc] GC(533) Pause Young (Allocation Failure) 177M->139M(217M) 11.690ms
[83.138s][info][gc] GC(534) Pause Young (Allocation Failure) 199M->155M(217M) 11.498ms
[83.344s][info][gc] GC(535) Pause Young (Allocation Failure) 215M->165M(225M) 11.952ms
[83.407s][info][gc] GC(536) Pause Full (Allocation Failure) 165M->85M(217M) 62.705ms
[83.557s][info][gc] GC(537) Pause Young (Allocation Failure) 145M->105M(217M) 9.735ms
[83.739s][info][gc] GC(538) Pause Young (Allocation Failure) 165M->116M(217M) 11.208ms
[83.924s][info][gc] GC(539) Pause Young (Allocation Failure) 176M->125M(217M) 9.374ms
[84.107s][info][gc] GC(540) Pause Young (Allocation Failure) 185M->135M(217M) 8.935ms
[84.293s][info][gc] GC(541) Pause Young (Allocation Failure) 195M->145M(217M) 9.531ms
[84.501s][info][gc] GC(542) Pause Young (Allocation Failure) 205M->153M(217M) 7.373ms
[84.620s][info][gc] GC(543) Pause Young (Allocation Failure) 213M->176M(236M) 20.959ms
[84.692s][info][gc] GC(544) Pause Full (Allocation Failure) 176M->78M(217M) 71.541ms
[84.868s][info][gc] GC(545) Pause Young (Allocation Failure) 138M->108M(217M) 12.929ms
[85.075s][info][gc] GC(546) Pause Young (Allocation Failure) 168M->135M(217M) 11.912ms
[85.208s][info][gc] GC(547) Pause Young (Allocation Failure) 195M->164M(224M) 15.881ms
[85.273s][info][gc] GC(548) Pause Full (Allocation Failure) 164M->83M(217M) 64.610ms
[85.378s][info][gc] GC(549) Pause Young (Allocation Failure) 143M->114M(217M) 12.669ms
[85.536s][info][gc] GC(550) Pause Young (Allocation Failure) 174M->135M(217M) 11.876ms
[85.674s][info][gc] GC(551) Pause Young (Allocation Failure) 195M->162M(222M) 14.094ms
[85.737s][info][gc] GC(552) Pause Full (Allocation Failure) 162M->84M(217M) 62.061ms
[85.878s][info][gc] GC(553) Pause Young (Allocation Failure) 144M->128M(217M) 16.143ms
[86.002s][info][gc] GC(554) Pause Young (Allocation Failure) 188M->158M(218M) 15.872ms
[86.066s][info][gc] GC(555) Pause Full (Allocation Failure) 158M->86M(217M) 63.526ms
[86.180s][info][gc] GC(556) Pause Young (Allocation Failure) 146M->117M(217M) 13.159ms
[86.311s][info][gc] GC(557) Pause Young (Allocation Failure) 177M->152M(217M) 20.453ms
[86.490s][info][gc] GC(558) Pause Young (Allocation Failure) 212M->170M(230M) 18.093ms
[86.556s][info][gc] GC(559) Pause Full (Allocation Failure) 170M->78M(217M) 65.383ms
[86.657s][info][gc] GC(560) Pause Young (Allocation Failure) 138M->108M(217M) 12.637ms
[86.832s][info][gc] GC(561) Pause Young (Allocation Failure) 168M->127M(217M) 11.571ms
[86.934s][info][gc] GC(562) Pause Young (Allocation Failure) 187M->154M(217M) 14.213ms
[87.074s][info][gc] GC(563) Pause Young (Allocation Failure) 214M->182M(242M) 23.704ms
[87.131s][info][gc] GC(564) Pause Full (Allocation Failure) 182M->82M(217M) 57.693ms
[87.264s][info][gc] GC(565) Pause Young (Allocation Failure) 142M->113M(217M) 12.439ms
[87.459s][info][gc] GC(566) Pause Young (Allocation Failure) 173M->123M(217M) 9.051ms
[87.617s][info][gc] GC(567) Pause Young (Allocation Failure) 183M->134M(217M) 7.214ms
[87.718s][info][gc] GC(568) Pause Young (Allocation Failure) 194M->159M(219M) 11.475ms
[87.777s][info][gc] GC(569) Pause Full (Allocation Failure) 159M->84M(217M) 58.745ms
[87.874s][info][gc] GC(570) Pause Young (Allocation Failure) 144M->115M(217M) 11.956ms
[88.056s][info][gc] GC(571) Pause Young (Allocation Failure) 175M->135M(217M) 17.544ms
[88.172s][info][gc] GC(572) Pause Young (Allocation Failure) 195M->162M(222M) 14.628ms
[88.227s][info][gc] GC(573) Pause Full (Allocation Failure) 162M->84M(217M) 54.263ms
[88.376s][info][gc] GC(574) Pause Young (Allocation Failure) 144M->114M(217M) 11.111ms
[88.608s][info][gc] GC(575) Pause Young (Allocation Failure) 174M->130M(217M) 11.086ms
[88.801s][info][gc] GC(576) Pause Young (Allocation Failure) 190M->139M(217M) 8.307ms
[88.995s][info][gc] GC(577) Pause Young (Allocation Failure) 199M->143M(217M) 6.864ms
[89.093s][info][gc] GC(578) Pause Young (Allocation Failure) 203M->166M(226M) 14.754ms
[89.157s][info][gc] GC(579) Pause Full (Allocation Failure) 166M->78M(217M) 63.887ms
[89.264s][info][gc] GC(580) Pause Young (Allocation Failure) 138M->108M(217M) 13.907ms
[89.401s][info][gc] GC(581) Pause Young (Allocation Failure) 168M->136M(217M) 14.378ms
[89.531s][info][gc] GC(582) Pause Young (Allocation Failure) 196M->164M(224M) 16.318ms
[89.591s][info][gc] GC(583) Pause Full (Allocation Failure) 164M->85M(217M) 60.428ms
[89.701s][info][gc] GC(584) Pause Young (Allocation Failure) 145M->115M(217M) 12.157ms
[89.846s][info][gc] GC(585) Pause Young (Allocation Failure) 175M->143M(217M) 14.769ms
[89.973s][info][gc] GC(586) Pause Young (Allocation Failure) 203M->172M(232M) 19.018ms
[90.035s][info][gc] GC(587) Pause Full (Allocation Failure) 172M->78M(217M) 61.870ms
[90.140s][info][gc] GC(588) Pause Young (Allocation Failure) 138M->108M(217M) 11.620ms
[90.286s][info][gc] GC(589) Pause Young (Allocation Failure) 168M->136M(217M) 13.687ms
[90.449s][info][gc] GC(590) Pause Young (Allocation Failure) 196M->164M(224M) 20.357ms
[90.507s][info][gc] GC(591) Pause Full (Allocation Failure) 164M->85M(217M) 57.684ms
[90.650s][info][gc] GC(592) Pause Young (Allocation Failure) 145M->116M(217M) 23.351ms
[90.801s][info][gc] GC(593) Pause Young (Allocation Failure) 176M->144M(217M) 13.213ms
[90.986s][info][gc] GC(594) Pause Young (Allocation Failure) 204M->170M(230M) 16.421ms
[91.043s][info][gc] GC(595) Pause Full (Allocation Failure) 170M->76M(217M) 56.319ms
[91.226s][info][gc] GC(596) Pause Young (Allocation Failure) 136M->107M(217M) 11.337ms
[91.376s][info][gc] GC(597) Pause Young (Allocation Failure) 167M->121M(217M) 10.241ms
[91.578s][info][gc] GC(598) Pause Young (Allocation Failure) 181M->135M(217M) 9.600ms
[91.763s][info][gc] GC(599) Pause Young (Allocation Failure) 195M->147M(217M) 8.249ms
[91.869s][info][gc] GC(600) Pause Young (Allocation Failure) 207M->171M(231M) 17.610ms
[91.932s][info][gc] GC(601) Pause Full (Allocation Failure) 171M->81M(217M) 62.174ms
[92.049s][info][gc] GC(602) Pause Young (Allocation Failure) 141M->111M(217M) 15.471ms
[92.216s][info][gc] GC(603) Pause Young (Allocation Failure) 171M->136M(217M) 14.424ms
[92.331s][info][gc] GC(604) Pause Young (Allocation Failure) 196M->163M(223M) 16.294ms
[92.392s][info][gc] GC(605) Pause Full (Allocation Failure) 163M->85M(217M) 60.588ms
[92.489s][info][gc] GC(606) Pause Young (Allocation Failure) 145M->116M(217M) 12.935ms
[92.676s][info][gc] GC(607) Pause Young (Allocation Failure) 176M->131M(217M) 11.775ms
[92.908s][info][gc] GC(608) Pause Young (Allocation Failure) 191M->144M(217M) 9.506ms
[93.150s][info][gc] GC(609) Pause Young (Allocation Failure) 204M->158M(218M) 9.526ms
[93.208s][info][gc] GC(610) Pause Full (Allocation Failure) 158M->85M(217M) 58.233ms
[93.384s][info][gc] GC(611) Pause Young (Allocation Failure) 145M->116M(217M) 14.046ms
[93.503s][info][gc] GC(612) Pause Young (Allocation Failure) 176M->150M(217M) 15.639ms
[93.660s][info][gc] GC(613) Pause Young (Allocation Failure) 210M->178M(238M) 23.282ms
[93.723s][info][gc] GC(614) Pause Full (Allocation Failure) 178M->73M(217M) 62.649ms
[93.829s][info][gc] GC(615) Pause Young (Allocation Failure) 133M->104M(217M) 14.230ms
[93.967s][info][gc] GC(616) Pause Young (Allocation Failure) 164M->127M(217M) 12.464ms
[94.154s][info][gc] GC(617) Pause Young (Allocation Failure) 187M->154M(217M) 12.241ms
[94.256s][info][gc] GC(618) Pause Young (Allocation Failure) 214M->182M(242M) 19.950ms
[94.317s][info][gc] GC(619) Pause Full (Allocation Failure) 182M->84M(217M) 60.512ms
[94.417s][info][gc] GC(620) Pause Young (Allocation Failure) 144M->115M(217M) 11.801ms
[94.559s][info][gc] GC(621) Pause Young (Allocation Failure) 175M->142M(217M) 13.116ms
[94.660s][info][gc] GC(622) Pause Young (Allocation Failure) 202M->171M(231M) 21.865ms
[94.719s][info][gc] GC(623) Pause Full (Allocation Failure) 171M->86M(217M) 59.225ms
[94.868s][info][gc] GC(624) Pause Young (Allocation Failure) 146M->116M(217M) 12.113ms
[94.992s][info][gc] GC(625) Pause Young (Allocation Failure) 176M->145M(217M) 14.730ms
[95.175s][info][gc] GC(626) Pause Young (Allocation Failure) 205M->160M(220M) 11.990ms
[95.235s][info][gc] GC(627) Pause Full (Allocation Failure) 160M->85M(217M) 59.773ms
[95.339s][info][gc] GC(628) Pause Young (Allocation Failure) 145M->115M(217M) 12.621ms
[95.513s][info][gc] GC(629) Pause Young (Allocation Failure) 175M->135M(217M) 12.445ms
[95.641s][info][gc] GC(630) Pause Young (Allocation Failure) 195M->162M(222M) 15.979ms
[95.705s][info][gc] GC(631) Pause Full (Allocation Failure) 162M->77M(217M) 64.218ms
[95.820s][info][gc] GC(632) Pause Young (Allocation Failure) 137M->108M(217M) 14.249ms
[95.998s][info][gc] GC(633) Pause Young (Allocation Failure) 168M->123M(217M) 10.746ms
[96.179s][info][gc] GC(634) Pause Young (Allocation Failure) 183M->138M(217M) 10.603ms
[96.361s][info][gc] GC(635) Pause Young (Allocation Failure) 198M->151M(217M) 9.828ms
[96.600s][info][gc] GC(636) Pause Young (Allocation Failure) 211M->164M(224M) 11.207ms
[96.655s][info][gc] GC(637) Pause Full (Allocation Failure) 164M->84M(217M) 54.421ms
[96.801s][info][gc] GC(638) Pause Young (Allocation Failure) 144M->109M(217M) 9.709ms
[97.034s][info][gc] GC(639) Pause Young (Allocation Failure) 169M->119M(217M) 9.688ms
[97.224s][info][gc] GC(640) Pause Young (Allocation Failure) 179M->127M(217M) 8.691ms
[97.412s][info][gc] GC(641) Pause Young (Allocation Failure) 187M->134M(217M) 7.392ms
[97.592s][info][gc] GC(642) Pause Young (Allocation Failure) 194M->138M(217M) 6.906ms
[97.776s][info][gc] GC(643) Pause Young (Allocation Failure) 198M->155M(217M) 8.918ms
[97.875s][info][gc] GC(644) Pause Young (Allocation Failure) 215M->181M(241M) 22.157ms
[97.942s][info][gc] GC(645) Pause Full (Allocation Failure) 181M->86M(217M) 66.608ms
[98.045s][info][gc] GC(646) Pause Young (Allocation Failure) 146M->117M(217M) 13.467ms
[98.185s][info][gc] GC(647) Pause Young (Allocation Failure) 177M->137M(217M) 13.408ms
[98.323s][info][gc] GC(648) Pause Young (Allocation Failure) 197M->164M(224M) 14.935ms
[98.380s][info][gc] GC(649) Pause Full (Allocation Failure) 164M->84M(217M) 56.312ms
[98.513s][info][gc] GC(650) Pause Young (Allocation Failure) 144M->115M(217M) 12.093ms
[98.713s][info][gc] GC(651) Pause Young (Allocation Failure) 175M->126M(217M) 10.102ms
[98.908s][info][gc] GC(652) Pause Young (Allocation Failure) 186M->133M(217M) 9.246ms
[99.100s][info][gc] GC(653) Pause Young (Allocation Failure) 193M->140M(217M) 8.058ms
[99.200s][info][gc] GC(654) Pause Young (Allocation Failure) 200M->163M(223M) 13.002ms
[99.263s][info][gc] GC(655) Pause Full (Allocation Failure) 163M->77M(217M) 62.976ms
[99.361s][info][gc] GC(656) Pause Young (Allocation Failure) 137M->108M(217M) 11.838ms
[99.546s][info][gc] GC(657) Pause Young (Allocation Failure) 168M->124M(217M) 10.377ms
[99.737s][info][gc] GC(658) Pause Young (Allocation Failure) 184M->151M(217M) 13.567ms
[99.852s][info][gc] GC(659) Pause Young (Allocation Failure) 211M->179M(239M) 19.205ms
[99.917s][info][gc] GC(660) Pause Full (Allocation Failure) 179M->87M(217M) 64.336ms
[100.073s][info][gc] GC(661) Pause Young (Allocation Failure) 147M->116M(217M) 11.594ms
[100.309s][info][gc] GC(662) Pause Young (Allocation Failure) 176M->143M(217M) 12.967ms
[100.471s][info][gc] GC(663) Pause Young (Allocation Failure) 203M->171M(231M) 17.590ms
[100.527s][info][gc] GC(664) Pause Full (Allocation Failure) 171M->84M(217M) 55.247ms
[100.760s][info][gc] GC(665) Pause Young (Allocation Failure) 144M->113M(217M) 67.560ms
[100.929s][info][gc] GC(666) Pause Young (Allocation Failure) 173M->147M(217M) 15.145ms
[101.050s][info][gc] GC(667) Pause Young (Allocation Failure) 207M->182M(242M) 27.198ms
[101.117s][info][gc] GC(668) Pause Full (Allocation Failure) 182M->84M(217M) 66.490ms
[101.225s][info][gc] GC(669) Pause Young (Allocation Failure) 144M->115M(217M) 12.992ms
[101.369s][info][gc] GC(670) Pause Young (Allocation Failure) 175M->143M(217M) 13.831ms
[101.512s][info][gc] GC(671) Pause Young (Allocation Failure) 203M->172M(232M) 21.046ms
[101.578s][info][gc] GC(672) Pause Full (Allocation Failure) 172M->78M(217M) 65.719ms
[101.680s][info][gc] GC(673) Pause Young (Allocation Failure) 138M->108M(217M) 12.157ms
[101.816s][info][gc] GC(674) Pause Young (Allocation Failure) 168M->130M(217M) 16.843ms
[101.940s][info][gc] GC(675) Pause Young (Allocation Failure) 190M->158M(218M) 15.710ms
[102.000s][info][gc] GC(676) Pause Full (Allocation Failure) 158M->83M(217M) 59.313ms
[102.104s][info][gc] GC(677) Pause Young (Allocation Failure) 143M->113M(217M) 12.062ms
[102.237s][info][gc] GC(678) Pause Young (Allocation Failure) 173M->139M(217M) 13.192ms
[102.374s][info][gc] GC(679) Pause Young (Allocation Failure) 199M->166M(226M) 17.167ms
[102.432s][info][gc] GC(680) Pause Full (Allocation Failure) 166M->84M(217M) 57.941ms
