[0.005s][info][gc] Using Serial
[0.118s][info][gc] GC(0) Pause Young (Allocation Failure) 5M->1M(15M) 1.561ms
[0.216s][info][gc] GC(1) Pause Young (Allocation Failure) 6M->2M(15M) 2.033ms
[0.323s][info][gc] GC(2) Pause Young (Allocation Failure) 6M->3M(15M) 2.088ms
[0.400s][info][gc] GC(3) Pause Young (Allocation Failure) 7M->3M(15M) 1.443ms
[0.520s][info][gc] GC(4) Pause Young (Allocation Failure) 7M->4M(15M) 1.786ms
[0.723s][info][gc] GC(5) Pause Young (Allocation Failure) 8M->4M(15M) 1.433ms
[0.830s][info][gc] GC(6) Pause Young (Allocation Failure) 8M->4M(15M) 1.041ms
[0.998s][info][gc] GC(7) Pause Young (Allocation Failure) 9M->5M(15M) 1.075ms
[1.132s][info][gc] GC(8) Pause Young (Allocation Failure) 9M->5M(15M) 1.156ms
[1.259s][info][gc] GC(9) Pause Young (Allocation Failure) 9M->5M(15M) 1.079ms
[1.392s][info][gc] GC(10) Pause Young (Allocation Failure) 9M->5M(15M) 1.180ms
[1.501s][info][gc] GC(11) Pause Young (Allocation Failure) 10M->6M(15M) 1.341ms
[1.592s][info][gc] GC(12) Pause Young (Allocation Failure) 10M->6M(15M) 1.265ms
[1.709s][info][gc] GC(13) Pause Young (Allocation Failure) 10M->6M(15M) 1.260ms
[1.797s][info][gc] GC(14) Pause Young (Allocation Failure) 11M->6M(15M) 1.555ms
[1.849s][info][gc] GC(15) Pause Young (Allocation Failure) 11M->7M(15M) 0.889ms
[1.934s][info][gc] GC(16) Pause Young (Allocation Failure) 11M->7M(15M) 1.289ms
[2.257s][info][gc] GC(17) Pause Young (Allocation Failure) 11M->7M(15M) 1.599ms
[2.593s][info][gc] GC(18) Pause Young (Allocation Failure) 11M->8M(15M) 2.801ms
[2.675s][info][gc] GC(19) Pause Young (Allocation Failure) 12M->8M(15M) 1.298ms
[2.713s][info][gc] GC(20) Pause Young (Allocation Failure) 12M->8M(15M) 0.637ms
[2.753s][info][gc] GC(21) Pause Young (Allocation Failure) 12M->8M(15M) 1.406ms
[2.844s][info][gc] GC(22) Pause Young (Allocation Failure) 13M->9M(15M) 1.663ms
[2.929s][info][gc] GC(23) Pause Young (Allocation Failure) 13M->9M(15M) 1.515ms
[3.012s][info][gc] GC(24) Pause Young (Allocation Failure) 13M->9M(15M) 2.095ms
[3.106s][info][gc] GC(25) Pause Young (Allocation Failure) 14M->10M(15M) 1.220ms
[3.200s][info][gc] GC(26) Pause Young (Allocation Failure) 14M->10M(15M) 1.121ms
[3.251s][info][gc] GC(27) Pause Young (Allocation Failure) 14M->10M(15M) 1.834ms
[3.395s][info][gc] GC(28) Pause Young (Allocation Failure) 14M->10M(15M) 1.820ms
[3.486s][info][gc] GC(29) Pause Young (Allocation Failure) 15M->10M(15M) 1.748ms
[3.506s][info][gc] GC(30) Pause Full (Allocation Failure) 10M->9M(23M) 20.319ms
[3.627s][info][gc] GC(31) Pause Young (Allocation Failure) 15M->9M(23M) 1.462ms
[3.834s][info][gc] GC(32) Pause Young (Allocation Failure) 16M->10M(23M) 1.792ms
[3.991s][info][gc] GC(33) Pause Young (Allocation Failure) 16M->10M(23M) 2.220ms
[4.090s][info][gc] GC(34) Pause Young (Allocation Failure) 17M->11M(23M) 2.264ms
[4.225s][info][gc] GC(35) Pause Young (Allocation Failure) 17M->11M(23M) 2.489ms
[4.392s][info][gc] GC(36) Pause Young (Allocation Failure) 18M->12M(23M) 2.408ms
[4.524s][info][gc] GC(37) Pause Young (Allocation Failure) 18M->13M(23M) 2.513ms
[4.706s][info][gc] GC(38) Pause Young (Allocation Failure) 19M->14M(23M) 3.607ms
[4.893s][info][gc] GC(39) Pause Young (Allocation Failure) 21M->15M(23M) 2.943ms
[5.136s][info][gc] GC(40) Pause Young (Allocation Failure) 21M->15M(23M) 2.620ms
[5.534s][info][gc] GC(41) Pause Young (Allocation Failure) 21M->15M(23M) 1.839ms
[5.815s][info][gc] GC(42) Pause Young (Allocation Failure) 22M->15M(23M) 1.038ms
[5.910s][info][gc] GC(43) Pause Young (Allocation Failure) 22M->15M(23M) 1.475ms
[5.958s][info][gc] GC(44) Pause Full (Metadata GC Threshold) 16M->15M(37M) 34.652ms
[6.233s][info][gc] GC(45) Pause Young (Allocation Failure) 26M->16M(37M) 3.046ms
[6.441s][info][gc] GC(46) Pause Young (Allocation Failure) 26M->17M(37M) 3.076ms
[6.733s][info][gc] GC(47) Pause Young (Allocation Failure) 27M->18M(37M) 3.837ms
[7.022s][info][gc] GC(48) Pause Young (GCLocker Initiated GC) 28M->19M(37M) 4.700ms
[7.303s][info][gc] GC(49) Pause Young (Allocation Failure) 29M->20M(37M) 4.271ms
[7.626s][info][gc] GC(50) Pause Young (Allocation Failure) 30M->21M(37M) 4.363ms
[8.894s][info][gc] GC(51) Pause Young (Allocation Failure) 31M->21M(37M) 4.688ms
[13.487s][info][gc] GC(52) Pause Young (Allocation Failure) 32M->27M(37M) 8.075ms
[13.593s][info][gc] GC(53) Pause Young (Allocation Failure) 37M->35M(46M) 6.404ms
[13.640s][info][gc] GC(54) Pause Full (Allocation Failure) 35M->34M(83M) 46.919ms
[13.917s][info][gc] GC(55) Pause Young (Allocation Failure) 57M->52M(83M) 20.067ms
[14.222s][info][gc] GC(56) Pause Young (Allocation Failure) 75M->72M(95M) 14.975ms
[14.331s][info][gc] GC(57) Pause Full (Allocation Failure) 72M->70M(169M) 108.834ms
[14.823s][info][gc] GC(58) Pause Young (Allocation Failure) 116M->109M(169M) 34.650ms
[23.118s][info][gc] GC(59) Pause Young (Allocation Failure) 156M->137M(184M) 26.047ms
[23.187s][info][gc] GC(60) Pause Full (Allocation Failure) 137M->136M(318M) 65.638ms
[27.021s][info][gc] GC(61) Pause Young (Allocation Failure) 219M->199M(318M) 121.410ms
[38.404s][info][gc] GC(62) Pause Young (Allocation Failure) 287M->253M(341M) 104.409ms
[38.496s][info][gc] GC(63) Pause Full (Allocation Failure) 253M->146M(353M) 91.845ms
[49.223s][info][gc] GC(64) Pause Young (Allocation Failure) 243M->209M(353M) 30.202ms
[60.330s][info][gc] GC(65) Pause Young (Allocation Failure) 307M->270M(368M) 35.056ms
[60.423s][info][gc] GC(66) Pause Full (Allocation Failure) 270M->140M(353M) 92.838ms
[69.308s][info][gc] GC(67) Pause Young (Allocation Failure) 238M->207M(353M) 30.529ms
[71.917s][info][gc] GC(68) Pause Young (Allocation Failure) 305M->285M(383M) 83.474ms
[72.042s][info][gc] GC(69) Pause Full (Allocation Failure) 285M->139M(353M) 124.989ms
[82.827s][info][gc] GC(70) Pause Young (Allocation Failure) 237M->212M(353M) 32.688ms
[93.550s][info][gc] GC(71) Pause Young (Allocation Failure) 309M->277M(375M) 40.971ms
[93.692s][info][gc] GC(72) Pause Full (Allocation Failure) 277M->147M(355M) 141.706ms
[104.510s][info][gc] GC(73) Pause Young (Allocation Failure) 245M->216M(355M) 33.926ms
