2026-09-14 18:24:36	r1-01-E4	112s	1/235	ok VIRTUAL/send c100 p50 NONE jdk21 cj9.7.0 w1
2026-09-14 18:26:32	r1-02-E1	116s	2/235	ok CF/send c1000 p50 NONE jdk21 cj8.3.0 w0
2026-09-14 18:28:28	r1-03-E2	116s	3/235	ok PLATFORM/send c1000 p50 NONE jdk21 cj9.7.0 w0
2026-09-14 18:30:19	r1-04-E4	111s	4/235	ok VIRTUAL/send c100 p50 NONE jdk21 cj8.3.0 w8
2026-09-14 18:32:10	r1-05-E2	111s	5/235	ok PLATFORM/send c100 p50 NONE jdk25 cj8.3.0 w0
2026-09-14 18:34:02	r1-06-E1	112s	6/235	ok VIRTUAL/sleep c2000 p50 NONE jdk21 cj8.3.0 w0
2026-09-14 18:35:57	r1-07-E3	115s	7/235	ok VIRTUAL/send c100 p50 GLOBAL_ALL jdk25 cj9.7.0 w0
2026-09-14 18:37:49	r1-08-E4	112s	8/235	ok VIRTUAL/send c100 p50 NONE jdk21 cj8.3.0 w4
2026-09-14 18:39:40	r1-09-E1	111s	9/235	ok VIRTUAL/sleep c500 p50 NONE jdk21 cj8.3.0 w0
2026-09-14 18:41:31	r1-10-E3	111s	10/235	ok PLATFORM/send c100 p50 GLOBAL_JDBC jdk21 cj9.7.0 w0
2026-09-14 18:43:26	r1-11-E1	115s	11/235	ok PLATFORM/send c1000 p50 NONE jdk21 cj8.3.0 w0
2026-09-14 18:45:25	r1-12-E1	119s	12/235	ok VIRTUAL/send c1000 p50 NONE jdk21 cj8.3.0 w0
2026-09-14 18:47:16	r1-13-E4	111s	13/235	ok VIRTUAL/send c100 p50 NONE jdk21 cj9.7.0 w32
2026-09-14 18:49:07	r1-14-E4	111s	14/235	ok VIRTUAL/send c100 p50 NONE jdk21 cj9.7.0 w8
2026-09-14 18:51:03	r1-15-E2	116s	15/235	ok VIRTUAL/send c1000 p50 NONE jdk21 cj9.7.0 w0
2026-09-14 18:52:58	r1-16-E3	115s	16/235	ok PLATFORM/send c100 p50 GLOBAL_ALL jdk21 cj9.7.0 w0
2026-09-14 18:54:48	r1-17-E1	110s	17/235	ok PLATFORM/send c100 p10 NONE jdk21 cj8.3.0 w0
2026-09-14 18:56:39	r1-18-E1	111s	18/235	ok PLATFORM/sleep c2000 p50 NONE jdk21 cj8.3.0 w0
2026-09-14 18:58:29	r1-19-E2	110s	19/235	ok PLATFORM/send c100 p50 NONE jdk25 cj9.7.0 w0
2026-09-14 19:00:20	r1-20-E1	111s	20/235	ok PLATFORM/sleep c500 p50 NONE jdk21 cj8.3.0 w0
2026-09-14 19:02:12	r1-21-E1	112s	21/235	ok VIRTUAL/send c100 p10 NONE jdk21 cj8.3.0 w0
2026-09-14 19:04:05	r1-22-E1	113s	22/235	ok VIRTUAL/send c100 p50 NONE jdk21 cj8.3.0 w0
2026-09-14 19:06:02	r1-23-E1	117s	23/235	ok PLATFORM/send c1000 p10 NONE jdk21 cj8.3.0 w0
2026-09-14 19:07:53	r1-24-E1	111s	24/235	ok CF/send c100 p50 NONE jdk21 cj8.3.0 w0
2026-09-14 19:09:51	r1-25-E1	118s	25/235	ok VIRTUAL/send c1000 p10 NONE jdk21 cj8.3.0 w0
2026-09-14 19:11:47	r1-26-E2	116s	26/235	ok VIRTUAL/send c1000 p50 NONE jdk25 cj8.3.0 w0
2026-09-14 19:13:38	r1-27-E2	111s	27/235	ok VIRTUAL/send c100 p50 NONE jdk21 cj9.7.0 w0
2026-09-14 19:15:29	r1-28-E2	111s	28/235	ok VIRTUAL/send c100 p50 NONE jdk25 cj8.3.0 w0
2026-09-14 19:17:21	r1-29-E3	112s	29/235	ok VIRTUAL/send c100 p50 GLOBAL_JDBC jdk25 cj9.7.0 w0
2026-09-14 19:19:12	r1-30-E1	111s	30/235	ok PLATFORM/send c100 p50 NONE jdk21 cj8.3.0 w0
2026-09-14 19:21:07	r1-31-E3	115s	31/235	ok PLATFORM/send c100 p50 GLOBAL_ALL jdk25 cj9.7.0 w0
2026-09-14 19:22:58	r1-32-E1	111s	32/235	ok CF/send c100 p10 NONE jdk21 cj8.3.0 w0
2026-09-14 19:24:54	r1-33-E2	116s	33/235	ok PLATFORM/send c1000 p50 NONE jdk25 cj9.7.0 w0
2026-09-14 19:26:44	r1-34-E1	110s	34/235	ok VIRTUAL/sleep c100 p50 NONE jdk21 cj8.3.0 w0
2026-09-14 19:28:36	r1-35-E4	111s	35/235	ok VIRTUAL/send c100 p50 NONE jdk21 cj8.3.0 w1
2026-09-14 19:30:31	r1-36-E3	115s	36/235	ok VIRTUAL/send c100 p50 GLOBAL_ALL jdk21 cj9.7.0 w0
2026-09-14 19:32:27	r1-37-E1	116s	37/235	ok CF/send c1000 p10 NONE jdk21 cj8.3.0 w0
2026-09-14 19:34:20	r1-38-E3	113s	38/235	ok PLATFORM/send c100 p50 GLOBAL_JDBC jdk25 cj9.7.0 w0
2026-09-14 19:36:11	r1-39-E2	111s	39/235	ok PLATFORM/send c100 p50 NONE jdk21 cj9.7.0 w0
2026-09-14 19:38:03	r1-40-E4	112s	40/235	ok VIRTUAL/send c100 p50 NONE jdk21 cj8.3.0 w32
2026-09-14 19:39:55	r1-41-E1	111s	41/235	ok PLATFORM/sleep c100 p50 NONE jdk21 cj8.3.0 w0
2026-09-14 19:41:47	r1-42-E3	112s	42/235	ok VIRTUAL/send c100 p50 GLOBAL_JDBC jdk21 cj9.7.0 w0
2026-09-14 19:43:44	r1-43-E2	117s	43/235	ok PLATFORM/send c1000 p50 NONE jdk25 cj8.3.0 w0
2026-09-14 19:45:36	r1-44-E4	112s	44/235	ok VIRTUAL/send c100 p50 NONE jdk21 cj8.3.0 w16
2026-09-14 19:47:32	r1-45-E2	116s	45/235	ok VIRTUAL/send c1000 p50 NONE jdk25 cj9.7.0 w0
2026-09-14 19:49:24	r1-46-E4	112s	46/235	ok VIRTUAL/send c100 p50 NONE jdk21 cj8.3.0 w2
2026-09-14 19:51:16	r1-47-E2	112s	47/235	ok VIRTUAL/send c100 p50 NONE jdk25 cj9.7.0 w0
2026-09-14 19:53:13	r2-01-E1	117s	48/235	ok CF/send c1000 p10 NONE jdk21 cj8.3.0 w0
2026-09-14 19:55:05	r2-02-E1	111s	49/235	ok PLATFORM/sleep c500 p50 NONE jdk21 cj8.3.0 w0
2026-09-14 19:57:00	r2-03-E1	115s	50/235	ok CF/send c1000 p50 NONE jdk21 cj8.3.0 w0
2026-09-14 19:58:55	r2-04-E1	115s	51/235	ok PLATFORM/send c1000 p50 NONE jdk21 cj8.3.0 w0
2026-09-14 20:00:47	r2-05-E1	112s	52/235	ok VIRTUAL/send c100 p10 NONE jdk21 cj8.3.0 w0
2026-09-14 20:02:39	r2-06-E4	112s	53/235	ok VIRTUAL/send c100 p50 NONE jdk21 cj9.7.0 w32
2026-09-14 20:04:35	r2-07-E2	116s	54/235	ok VIRTUAL/send c1000 p50 NONE jdk21 cj9.7.0 w0
2026-09-14 20:06:27	r2-08-E4	112s	55/235	ok VIRTUAL/send c100 p50 NONE jdk21 cj8.3.0 w4
2026-09-14 20:08:18	r2-09-E4	111s	56/235	ok VIRTUAL/send c100 p50 NONE jdk21 cj9.7.0 w1
2026-09-14 20:10:10	r2-10-E3	112s	57/235	ok VIRTUAL/send c100 p50 GLOBAL_JDBC jdk25 cj9.7.0 w0
2026-09-14 20:12:02	r2-11-E1	112s	58/235	ok VIRTUAL/sleep c100 p50 NONE jdk21 cj8.3.0 w0
2026-09-14 20:13:54	r2-12-E1	112s	59/235	ok VIRTUAL/sleep c2000 p50 NONE jdk21 cj8.3.0 w0
2026-09-14 20:15:45	r2-13-E2	111s	60/235	ok VIRTUAL/send c100 p50 NONE jdk25 cj8.3.0 w0
2026-09-14 20:17:37	r2-14-E1	112s	61/235	ok CF/send c100 p10 NONE jdk21 cj8.3.0 w0
2026-09-14 20:19:29	r2-15-E3	112s	62/235	ok VIRTUAL/send c100 p50 GLOBAL_JDBC jdk21 cj9.7.0 w0
2026-09-14 20:21:20	r2-16-E2	111s	63/235	ok PLATFORM/send c100 p50 NONE jdk25 cj9.7.0 w0
2026-09-14 20:23:12	r2-17-E4	112s	64/235	ok VIRTUAL/send c100 p50 NONE jdk21 cj8.3.0 w1
2026-09-14 20:25:09	r2-18-E2	117s	65/235	ok VIRTUAL/send c1000 p50 NONE jdk25 cj9.7.0 w0
2026-09-14 20:27:00	r2-19-E2	111s	66/235	ok VIRTUAL/send c100 p50 NONE jdk25 cj9.7.0 w0
2026-09-14 20:28:52	r2-20-E4	112s	67/235	ok VIRTUAL/send c100 p50 NONE jdk21 cj8.3.0 w8
2026-09-14 20:30:44	r2-21-E1	111s	68/235	ok CF/send c100 p50 NONE jdk21 cj8.3.0 w0
2026-09-14 20:32:39	r2-22-E2	115s	69/235	ok PLATFORM/send c1000 p50 NONE jdk25 cj9.7.0 w0
2026-09-14 20:34:31	r2-23-E1	112s	70/235	ok VIRTUAL/send c100 p50 NONE jdk21 cj8.3.0 w0
2026-09-14 20:36:27	r2-24-E1	116s	71/235	ok PLATFORM/send c1000 p10 NONE jdk21 cj8.3.0 w0
2026-09-14 20:38:18	r2-25-E4	111s	72/235	ok VIRTUAL/send c100 p50 NONE jdk21 cj8.3.0 w2
2026-09-14 20:40:09	r2-26-E3	110s	73/235	ok PLATFORM/send c100 p50 GLOBAL_JDBC jdk21 cj9.7.0 w0
2026-09-14 20:42:07	r2-27-E1	117s	74/235	ok VIRTUAL/send c1000 p50 NONE jdk21 cj8.3.0 w0
2026-09-14 20:43:59	r2-28-E4	112s	75/235	ok VIRTUAL/send c100 p50 NONE jdk21 cj8.3.0 w32
2026-09-14 20:45:51	r2-29-E2	112s	76/235	ok PLATFORM/send c100 p50 NONE jdk25 cj8.3.0 w0
2026-09-14 20:47:42	r2-30-E4	111s	77/235	ok VIRTUAL/send c100 p50 NONE jdk21 cj8.3.0 w16
2026-09-14 20:49:38	r2-31-E3	116s	78/235	ok VIRTUAL/send c100 p50 GLOBAL_ALL jdk25 cj9.7.0 w0
2026-09-14 20:51:28	r2-32-E2	110s	79/235	ok VIRTUAL/send c100 p50 NONE jdk21 cj9.7.0 w0
2026-09-14 20:53:19	r2-33-E1	111s	80/235	ok PLATFORM/sleep c100 p50 NONE jdk21 cj8.3.0 w0
2026-09-14 20:55:10	r2-34-E1	111s	81/235	ok PLATFORM/sleep c2000 p50 NONE jdk21 cj8.3.0 w0
2026-09-14 20:57:01	r2-35-E1	111s	82/235	ok PLATFORM/send c100 p50 NONE jdk21 cj8.3.0 w0
2026-09-14 20:58:53	r2-36-E3	112s	83/235	ok PLATFORM/send c100 p50 GLOBAL_JDBC jdk25 cj9.7.0 w0
2026-09-14 21:00:49	r2-37-E3	116s	84/235	ok PLATFORM/send c100 p50 GLOBAL_ALL jdk21 cj9.7.0 w0
2026-09-14 21:02:47	r2-38-E1	117s	85/235	ok VIRTUAL/send c1000 p10 NONE jdk21 cj8.3.0 w0
2026-09-14 21:04:39	r2-39-E1	112s	86/235	ok VIRTUAL/sleep c500 p50 NONE jdk21 cj8.3.0 w0
2026-09-14 21:06:34	r2-40-E2	115s	87/235	ok PLATFORM/send c1000 p50 NONE jdk25 cj8.3.0 w0
2026-09-14 21:08:24	r2-41-E2	110s	88/235	ok PLATFORM/send c100 p50 NONE jdk21 cj9.7.0 w0
2026-09-14 21:10:19	r2-42-E2	115s	89/235	ok VIRTUAL/send c1000 p50 NONE jdk25 cj8.3.0 w0
2026-09-14 21:12:14	r2-43-E2	115s	90/235	ok PLATFORM/send c1000 p50 NONE jdk21 cj9.7.0 w0
2026-09-14 21:14:11	r2-44-E3	116s	91/235	ok PLATFORM/send c100 p50 GLOBAL_ALL jdk25 cj9.7.0 w0
2026-09-14 21:16:01	r2-45-E4	110s	92/235	ok VIRTUAL/send c100 p50 NONE jdk21 cj9.7.0 w8
2026-09-14 21:17:52	r2-46-E1	111s	93/235	ok PLATFORM/send c100 p10 NONE jdk21 cj8.3.0 w0
2026-09-14 21:19:47	r2-47-E3	115s	94/235	ok VIRTUAL/send c100 p50 GLOBAL_ALL jdk21 cj9.7.0 w0
2026-09-14 21:21:37	r3-01-E2	110s	95/235	ok PLATFORM/send c100 p50 NONE jdk21 cj9.7.0 w0
2026-09-14 21:23:32	r3-02-E2	115s	96/235	ok VIRTUAL/send c1000 p50 NONE jdk21 cj9.7.0 w0
2026-09-14 21:25:25	r3-03-E1	113s	97/235	ok VIRTUAL/sleep c2000 p50 NONE jdk21 cj8.3.0 w0
2026-09-14 21:27:16	r3-04-E3	111s	98/235	ok VIRTUAL/send c100 p50 GLOBAL_JDBC jdk21 cj9.7.0 w0
2026-09-14 21:29:08	r3-05-E1	110s	99/235	ok CF/send c100 p50 NONE jdk21 cj8.3.0 w0
2026-09-14 21:30:59	r3-06-E2	110s	100/235	ok VIRTUAL/send c100 p50 NONE jdk25 cj9.7.0 w0
2026-09-14 21:32:49	r3-07-E1	110s	101/235	ok PLATFORM/sleep c100 p50 NONE jdk21 cj8.3.0 w0
2026-09-14 21:34:39	r3-08-E2	110s	102/235	ok PLATFORM/send c100 p50 NONE jdk25 cj9.7.0 w0
2026-09-14 21:36:31	r3-09-E2	112s	103/235	ok VIRTUAL/send c100 p50 NONE jdk21 cj9.7.0 w0
2026-09-14 21:38:23	r3-10-E1	112s	104/235	ok VIRTUAL/send c100 p50 NONE jdk21 cj8.3.0 w0
2026-09-14 21:40:14	r3-11-E4	111s	105/235	ok VIRTUAL/send c100 p50 NONE jdk21 cj8.3.0 w8
2026-09-14 21:42:06	r3-12-E3	112s	106/235	ok PLATFORM/send c100 p50 GLOBAL_JDBC jdk25 cj9.7.0 w0
2026-09-14 21:44:01	r3-13-E1	115s	107/235	ok CF/send c1000 p10 NONE jdk21 cj8.3.0 w0
2026-09-14 21:45:56	r3-14-E2	115s	108/235	ok VIRTUAL/send c1000 p50 NONE jdk25 cj8.3.0 w0
2026-09-14 21:47:52	r3-15-E1	116s	109/235	ok PLATFORM/send c1000 p50 NONE jdk21 cj8.3.0 w0
2026-09-14 21:49:42	r3-16-E4	110s	110/235	ok VIRTUAL/send c100 p50 NONE jdk21 cj9.7.0 w32
2026-09-14 21:51:32	r3-17-E1	110s	111/235	ok PLATFORM/sleep c2000 p50 NONE jdk21 cj8.3.0 w0
2026-09-14 21:53:23	r3-18-E1	111s	112/235	ok CF/send c100 p10 NONE jdk21 cj8.3.0 w0
2026-09-14 21:55:17	r3-19-E4	114s	113/235	ok VIRTUAL/send c100 p50 NONE jdk21 cj8.3.0 w32
2026-09-14 21:57:10	r3-20-E3	113s	114/235	ok VIRTUAL/send c100 p50 GLOBAL_JDBC jdk25 cj9.7.0 w0
2026-09-14 21:59:05	r3-21-E3	115s	115/235	ok PLATFORM/send c100 p50 GLOBAL_ALL jdk25 cj9.7.0 w0
2026-09-14 22:01:01	r3-22-E2	116s	116/235	ok PLATFORM/send c1000 p50 NONE jdk25 cj9.7.0 w0
2026-09-14 22:02:54	r3-23-E3	113s	117/235	ok PLATFORM/send c100 p50 GLOBAL_JDBC jdk21 cj9.7.0 w0
2026-09-14 22:04:46	r3-24-E2	111s	118/235	ok PLATFORM/send c100 p50 NONE jdk25 cj8.3.0 w0
2026-09-14 22:06:43	r3-25-E1	116s	119/235	ok VIRTUAL/send c1000 p50 NONE jdk21 cj8.3.0 w0
2026-09-14 22:08:35	r3-26-E1	112s	120/235	ok VIRTUAL/send c100 p10 NONE jdk21 cj8.3.0 w0
2026-09-14 22:10:27	r3-27-E4	112s	121/235	ok VIRTUAL/send c100 p50 NONE jdk21 cj9.7.0 w8
2026-09-14 22:12:17	r3-28-E1	110s	122/235	ok VIRTUAL/sleep c100 p50 NONE jdk21 cj8.3.0 w0
2026-09-14 22:14:09	r3-29-E4	112s	123/235	ok VIRTUAL/send c100 p50 NONE jdk21 cj8.3.0 w2
2026-09-14 22:16:03	r3-30-E1	114s	124/235	ok CF/send c1000 p50 NONE jdk21 cj8.3.0 w0
2026-09-14 22:17:55	r3-31-E4	112s	125/235	ok VIRTUAL/send c100 p50 NONE jdk21 cj8.3.0 w1
2026-09-14 22:19:46	r3-32-E1	111s	126/235	ok PLATFORM/send c100 p10 NONE jdk21 cj8.3.0 w0
2026-09-14 22:21:37	r3-33-E1	111s	127/235	ok VIRTUAL/sleep c500 p50 NONE jdk21 cj8.3.0 w0
2026-09-14 22:23:28	r3-34-E1	111s	128/235	ok PLATFORM/sleep c500 p50 NONE jdk21 cj8.3.0 w0
2026-09-14 22:25:22	r3-35-E2	114s	129/235	ok PLATFORM/send c1000 p50 NONE jdk25 cj8.3.0 w0
2026-09-14 22:27:18	r3-36-E3	116s	130/235	ok VIRTUAL/send c100 p50 GLOBAL_ALL jdk21 cj9.7.0 w0
2026-09-14 22:29:11	r3-37-E4	113s	131/235	ok VIRTUAL/send c100 p50 NONE jdk21 cj8.3.0 w4
2026-09-14 22:31:06	r3-38-E2	115s	132/235	ok PLATFORM/send c1000 p50 NONE jdk21 cj9.7.0 w0
2026-09-14 22:32:58	r3-39-E4	112s	133/235	ok VIRTUAL/send c100 p50 NONE jdk21 cj9.7.0 w1
2026-09-14 22:34:53	r3-40-E2	115s	134/235	ok VIRTUAL/send c1000 p50 NONE jdk25 cj9.7.0 w0
2026-09-14 22:36:44	r3-41-E1	110s	135/235	ok PLATFORM/send c100 p50 NONE jdk21 cj8.3.0 w0
2026-09-14 22:38:37	r3-42-E4	113s	136/235	ok VIRTUAL/send c100 p50 NONE jdk21 cj8.3.0 w16
2026-09-14 22:40:32	r3-43-E1	115s	137/235	ok PLATFORM/send c1000 p10 NONE jdk21 cj8.3.0 w0
2026-09-14 22:42:23	r3-44-E2	111s	138/235	ok VIRTUAL/send c100 p50 NONE jdk25 cj8.3.0 w0
2026-09-14 22:44:19	r3-45-E3	116s	139/235	ok VIRTUAL/send c100 p50 GLOBAL_ALL jdk25 cj9.7.0 w0
2026-09-14 22:46:17	r3-46-E1	118s	140/235	ok VIRTUAL/send c1000 p10 NONE jdk21 cj8.3.0 w0
2026-09-14 22:48:12	r3-47-E3	114s	141/235	ok PLATFORM/send c100 p50 GLOBAL_ALL jdk21 cj9.7.0 w0
2026-09-14 22:50:08	r4-01-E1	116s	142/235	ok PLATFORM/send c1000 p10 NONE jdk21 cj8.3.0 w0
2026-09-14 22:51:58	r4-02-E1	110s	143/235	ok PLATFORM/sleep c100 p50 NONE jdk21 cj8.3.0 w0
2026-09-14 22:53:54	r4-03-E1	116s	144/235	ok PLATFORM/send c1000 p50 NONE jdk21 cj8.3.0 w0
2026-09-14 22:55:46	r4-04-E2	111s	145/235	ok VIRTUAL/send c100 p50 NONE jdk21 cj9.7.0 w0
2026-09-14 22:57:37	r4-05-E3	111s	146/235	ok VIRTUAL/send c100 p50 GLOBAL_JDBC jdk21 cj9.7.0 w0
2026-09-14 22:59:27	r4-06-E2	110s	147/235	ok PLATFORM/send c100 p50 NONE jdk25 cj9.7.0 w0
2026-09-14 23:01:18	r4-07-E4	111s	148/235	ok VIRTUAL/send c100 p50 NONE jdk21 cj9.7.0 w1
2026-09-14 23:03:10	r4-08-E1	112s	149/235	ok VIRTUAL/send c100 p10 NONE jdk21 cj8.3.0 w0
2026-09-14 23:05:01	r4-09-E1	111s	150/235	ok PLATFORM/send c100 p50 NONE jdk21 cj8.3.0 w0
2026-09-14 23:06:53	r4-10-E4	112s	151/235	ok VIRTUAL/send c100 p50 NONE jdk21 cj8.3.0 w1
2026-09-14 23:08:46	r4-11-E4	113s	152/235	ok VIRTUAL/send c100 p50 NONE jdk21 cj8.3.0 w4
2026-09-14 23:10:41	r4-12-E2	115s	153/235	ok VIRTUAL/send c1000 p50 NONE jdk25 cj9.7.0 w0
2026-09-14 23:12:31	r4-13-E2	110s	154/235	ok PLATFORM/send c100 p50 NONE jdk21 cj9.7.0 w0
2026-09-14 23:14:24	r4-14-E4	113s	155/235	ok VIRTUAL/send c100 p50 NONE jdk21 cj8.3.0 w16
2026-09-14 23:16:22	r4-15-E1	118s	156/235	ok VIRTUAL/send c1000 p10 NONE jdk21 cj8.3.0 w0
2026-09-14 23:18:13	r4-16-E1	111s	157/235	ok VIRTUAL/sleep c500 p50 NONE jdk21 cj8.3.0 w0
2026-09-14 23:20:07	r4-17-E4	114s	158/235	ok VIRTUAL/send c100 p50 NONE jdk21 cj8.3.0 w32
2026-09-14 23:22:04	r4-18-E1	117s	159/235	ok CF/send c1000 p10 NONE jdk21 cj8.3.0 w0
2026-09-14 23:24:00	r4-19-E2	116s	160/235	ok PLATFORM/send c1000 p50 NONE jdk21 cj9.7.0 w0
2026-09-14 23:25:56	r4-20-E2	116s	161/235	ok VIRTUAL/send c1000 p50 NONE jdk21 cj9.7.0 w0
2026-09-14 23:27:48	r4-21-E1	112s	162/235	ok VIRTUAL/sleep c2000 p50 NONE jdk21 cj8.3.0 w0
2026-09-14 23:29:43	r4-22-E2	115s	163/235	ok VIRTUAL/send c1000 p50 NONE jdk25 cj8.3.0 w0
2026-09-14 23:31:33	r4-23-E2	110s	164/235	ok VIRTUAL/send c100 p50 NONE jdk25 cj8.3.0 w0
2026-09-14 23:33:28	r4-24-E1	115s	165/235	ok CF/send c1000 p50 NONE jdk21 cj8.3.0 w0
2026-09-14 23:35:19	r4-25-E1	111s	166/235	ok PLATFORM/send c100 p10 NONE jdk21 cj8.3.0 w0
2026-09-14 23:37:14	r4-26-E3	115s	167/235	ok PLATFORM/send c100 p50 GLOBAL_ALL jdk25 cj9.7.0 w0
2026-09-14 23:39:07	r4-27-E4	112s	168/235	ok VIRTUAL/send c100 p50 NONE jdk21 cj8.3.0 w8
2026-09-14 23:40:58	r4-28-E3	110s	169/235	ok PLATFORM/send c100 p50 GLOBAL_JDBC jdk21 cj9.7.0 w0
2026-09-14 23:42:53	r4-29-E3	114s	170/235	ok PLATFORM/send c100 p50 GLOBAL_ALL jdk21 cj9.7.0 w0
2026-09-14 23:44:43	r4-30-E1	110s	171/235	ok CF/send c100 p10 NONE jdk21 cj8.3.0 w0
2026-09-14 23:46:34	r4-31-E4	111s	172/235	ok VIRTUAL/send c100 p50 NONE jdk21 cj9.7.0 w8
2026-09-14 23:48:26	r4-32-E4	112s	173/235	ok VIRTUAL/send c100 p50 NONE jdk21 cj8.3.0 w2
2026-09-14 23:50:18	r4-33-E1	112s	174/235	ok PLATFORM/sleep c2000 p50 NONE jdk21 cj8.3.0 w0
2026-09-14 23:52:09	r4-34-E1	111s	175/235	ok PLATFORM/sleep c500 p50 NONE jdk21 cj8.3.0 w0
2026-09-14 23:54:01	r4-35-E2	112s	176/235	ok VIRTUAL/send c100 p50 NONE jdk25 cj9.7.0 w0
2026-09-14 23:55:52	r4-36-E2	111s	177/235	ok PLATFORM/send c100 p50 NONE jdk25 cj8.3.0 w0
2026-09-14 23:57:43	r4-37-E1	111s	178/235	ok VIRTUAL/sleep c100 p50 NONE jdk21 cj8.3.0 w0
2026-09-14 23:59:34	r4-38-E1	111s	179/235	ok VIRTUAL/send c100 p50 NONE jdk21 cj8.3.0 w0
2026-09-15 00:01:26	r4-39-E4	112s	180/235	ok VIRTUAL/send c100 p50 NONE jdk21 cj9.7.0 w32
2026-09-15 00:03:24	r4-40-E1	118s	181/235	ok VIRTUAL/send c1000 p50 NONE jdk21 cj8.3.0 w0
2026-09-15 00:05:21	r4-41-E3	115s	182/235	ok VIRTUAL/send c100 p50 GLOBAL_ALL jdk25 cj9.7.0 w0
2026-09-15 00:07:16	r4-42-E2	115s	183/235	ok PLATFORM/send c1000 p50 NONE jdk25 cj8.3.0 w0
2026-09-15 00:09:12	r4-43-E2	116s	184/235	ok PLATFORM/send c1000 p50 NONE jdk25 cj9.7.0 w0
2026-09-15 00:11:04	r4-44-E3	112s	185/235	ok PLATFORM/send c100 p50 GLOBAL_JDBC jdk25 cj9.7.0 w0
2026-09-15 00:12:59	r4-45-E3	115s	186/235	ok VIRTUAL/send c100 p50 GLOBAL_ALL jdk21 cj9.7.0 w0
2026-09-15 00:14:51	r4-46-E3	112s	187/235	ok VIRTUAL/send c100 p50 GLOBAL_JDBC jdk25 cj9.7.0 w0
2026-09-15 00:16:41	r4-47-E1	110s	188/235	ok CF/send c100 p50 NONE jdk21 cj8.3.0 w0
2026-09-15 00:18:36	r5-01-E2	115s	189/235	ok PLATFORM/send c1000 p50 NONE jdk21 cj9.7.0 w0
2026-09-15 00:20:28	r5-02-E1	111s	190/235	ok VIRTUAL/send c100 p10 NONE jdk21 cj8.3.0 w0
2026-09-15 00:22:23	r5-03-E2	115s	191/235	ok VIRTUAL/send c1000 p50 NONE jdk25 cj8.3.0 w0
2026-09-15 00:24:15	r5-04-E3	112s	192/235	ok PLATFORM/send c100 p50 GLOBAL_JDBC jdk21 cj9.7.0 w0
2026-09-15 00:26:05	r5-05-E4	110s	193/235	ok VIRTUAL/send c100 p50 NONE jdk21 cj9.7.0 w32
2026-09-15 00:27:59	r5-06-E1	114s	194/235	ok PLATFORM/send c1000 p50 NONE jdk21 cj8.3.0 w0
2026-09-15 00:29:50	r5-07-E1	111s	195/235	ok PLATFORM/sleep c100 p50 NONE jdk21 cj8.3.0 w0
2026-09-15 00:31:42	r5-08-E4	111s	196/235	ok VIRTUAL/send c100 p50 NONE jdk21 cj9.7.0 w8
2026-09-15 00:33:40	r5-09-E1	118s	197/235	ok VIRTUAL/send c1000 p50 NONE jdk21 cj8.3.0 w0
2026-09-15 00:35:35	r5-10-E2	115s	198/235	ok VIRTUAL/send c1000 p50 NONE jdk25 cj9.7.0 w0
2026-09-15 00:37:26	r5-11-E1	111s	199/235	ok VIRTUAL/sleep c2000 p50 NONE jdk21 cj8.3.0 w0
2026-09-15 00:39:21	r5-12-E3	115s	200/235	ok VIRTUAL/send c100 p50 GLOBAL_ALL jdk25 cj9.7.0 w0
2026-09-15 00:41:12	r5-13-E2	110s	201/235	ok PLATFORM/send c100 p50 NONE jdk25 cj8.3.0 w0
2026-09-15 00:43:02	r5-14-E1	110s	202/235	ok PLATFORM/send c100 p50 NONE jdk21 cj8.3.0 w0
2026-09-15 00:44:58	r5-15-E2	116s	203/235	ok PLATFORM/send c1000 p50 NONE jdk25 cj9.7.0 w0
2026-09-15 00:46:51	r5-16-E1	113s	204/235	ok VIRTUAL/send c100 p50 NONE jdk21 cj8.3.0 w0
2026-09-15 00:48:41	r5-17-E1	110s	205/235	ok CF/send c100 p10 NONE jdk21 cj8.3.0 w0
2026-09-15 00:50:39	r5-18-E1	118s	206/235	ok VIRTUAL/send c1000 p10 NONE jdk21 cj8.3.0 w0
2026-09-15 00:52:34	r5-19-E3	115s	207/235	ok PLATFORM/send c100 p50 GLOBAL_ALL jdk25 cj9.7.0 w0
2026-09-15 00:54:30	r5-20-E1	116s	208/235	ok PLATFORM/send c1000 p10 NONE jdk21 cj8.3.0 w0
2026-09-15 00:56:21	r5-21-E4	111s	209/235	ok VIRTUAL/send c100 p50 NONE jdk21 cj8.3.0 w1
2026-09-15 00:58:13	r5-22-E1	111s	210/235	ok PLATFORM/sleep c500 p50 NONE jdk21 cj8.3.0 w0
2026-09-15 01:00:03	r5-23-E2	110s	211/235	ok PLATFORM/send c100 p50 NONE jdk21 cj9.7.0 w0
2026-09-15 01:01:55	r5-24-E4	112s	212/235	ok VIRTUAL/send c100 p50 NONE jdk21 cj8.3.0 w8
2026-09-15 01:03:47	r5-25-E1	112s	213/235	ok PLATFORM/sleep c2000 p50 NONE jdk21 cj8.3.0 w0
2026-09-15 01:05:37	r5-26-E1	110s	214/235	ok CF/send c100 p50 NONE jdk21 cj8.3.0 w0
2026-09-15 01:07:30	r5-27-E4	111s	215/235	ok VIRTUAL/send c100 p50 NONE jdk21 cj8.3.0 w2
2026-09-15 01:09:21	r5-28-E3	111s	216/235	ok VIRTUAL/send c100 p50 GLOBAL_JDBC jdk25 cj9.7.0 w0
2026-09-15 01:11:12	r5-29-E1	111s	217/235	ok PLATFORM/send c100 p10 NONE jdk21 cj8.3.0 w0
2026-09-15 01:13:03	r5-30-E3	111s	218/235	ok VIRTUAL/send c100 p50 GLOBAL_JDBC jdk21 cj9.7.0 w0
2026-09-15 01:14:54	r5-31-E1	111s	219/235	ok VIRTUAL/sleep c500 p50 NONE jdk21 cj8.3.0 w0
2026-09-15 01:16:50	r5-32-E2	116s	220/235	ok PLATFORM/send c1000 p50 NONE jdk25 cj8.3.0 w0
2026-09-15 01:18:43	r5-33-E2	113s	221/235	ok VIRTUAL/send c100 p50 NONE jdk21 cj9.7.0 w0
2026-09-15 01:20:35	r5-34-E3	112s	222/235	ok PLATFORM/send c100 p50 GLOBAL_JDBC jdk25 cj9.7.0 w0
2026-09-15 01:22:28	r5-35-E4	113s	223/235	ok VIRTUAL/send c100 p50 NONE jdk21 cj8.3.0 w16
2026-09-15 01:24:20	r5-36-E1	112s	224/235	ok VIRTUAL/sleep c100 p50 NONE jdk21 cj8.3.0 w0
2026-09-15 01:26:12	r5-37-E2	112s	225/235	ok VIRTUAL/send c100 p50 NONE jdk25 cj8.3.0 w0
2026-09-15 01:28:08	r5-38-E3	116s	226/235	ok PLATFORM/send c100 p50 GLOBAL_ALL jdk21 cj9.7.0 w0
2026-09-15 01:30:05	r5-39-E1	116s	227/235	ok CF/send c1000 p10 NONE jdk21 cj8.3.0 w0
2026-09-15 01:32:00	r5-40-E3	115s	228/235	ok VIRTUAL/send c100 p50 GLOBAL_ALL jdk21 cj9.7.0 w0
2026-09-15 01:33:54	r5-41-E4	114s	229/235	ok VIRTUAL/send c100 p50 NONE jdk21 cj8.3.0 w32
2026-09-15 01:35:44	r5-42-E4	110s	230/235	ok VIRTUAL/send c100 p50 NONE jdk21 cj9.7.0 w1
2026-09-15 01:37:35	r5-43-E4	111s	231/235	ok VIRTUAL/send c100 p50 NONE jdk21 cj8.3.0 w4
2026-09-15 01:39:25	r5-44-E2	110s	232/235	ok VIRTUAL/send c100 p50 NONE jdk25 cj9.7.0 w0
2026-09-15 01:41:21	r5-45-E2	116s	233/235	ok VIRTUAL/send c1000 p50 NONE jdk21 cj9.7.0 w0
2026-09-15 01:43:17	r5-46-E1	116s	234/235	ok CF/send c1000 p50 NONE jdk21 cj8.3.0 w0
2026-09-15 01:45:08	r5-47-E2	111s	235/235	ok PLATFORM/send c100 p50 NONE jdk25 cj9.7.0 w0
runner 종료 2026-09-15 01:45:08
